Archive member included because of file (symbol)

/usr/local/3rdparty/altera/quartus12/nios2eds/bin/gnu/H-i686-pc-linux-gnu/bin/../lib/gcc/nios2-elf/4.1.2/../../../../nios2-elf/lib/libm.a(lib_a-sf_cos.o)
                              obj/default/VideoFunctions.o (cosf)
/usr/local/3rdparty/altera/quartus12/nios2eds/bin/gnu/H-i686-pc-linux-gnu/bin/../lib/gcc/nios2-elf/4.1.2/../../../../nios2-elf/lib/libm.a(lib_a-sf_floor.o)
                              obj/default/VideoFunctions.o (floorf)
/usr/local/3rdparty/altera/quartus12/nios2eds/bin/gnu/H-i686-pc-linux-gnu/bin/../lib/gcc/nios2-elf/4.1.2/../../../../nios2-elf/lib/libm.a(lib_a-sf_round.o)
                              obj/default/VideoFunctions.o (roundf)
/usr/local/3rdparty/altera/quartus12/nios2eds/bin/gnu/H-i686-pc-linux-gnu/bin/../lib/gcc/nios2-elf/4.1.2/../../../../nios2-elf/lib/libm.a(lib_a-sf_sin.o)
                              obj/default/VideoFunctions.o (sinf)
/usr/local/3rdparty/altera/quartus12/nios2eds/bin/gnu/H-i686-pc-linux-gnu/bin/../lib/gcc/nios2-elf/4.1.2/../../../../nios2-elf/lib/libm.a(lib_a-ef_rem_pio2.o)
                              /usr/local/3rdparty/altera/quartus12/nios2eds/bin/gnu/H-i686-pc-linux-gnu/bin/../lib/gcc/nios2-elf/4.1.2/../../../../nios2-elf/lib/libm.a(lib_a-sf_cos.o) (__ieee754_rem_pio2f)
/usr/local/3rdparty/altera/quartus12/nios2eds/bin/gnu/H-i686-pc-linux-gnu/bin/../lib/gcc/nios2-elf/4.1.2/../../../../nios2-elf/lib/libm.a(lib_a-kf_cos.o)
                              /usr/local/3rdparty/altera/quartus12/nios2eds/bin/gnu/H-i686-pc-linux-gnu/bin/../lib/gcc/nios2-elf/4.1.2/../../../../nios2-elf/lib/libm.a(lib_a-sf_cos.o) (__kernel_cosf)
/usr/local/3rdparty/altera/quartus12/nios2eds/bin/gnu/H-i686-pc-linux-gnu/bin/../lib/gcc/nios2-elf/4.1.2/../../../../nios2-elf/lib/libm.a(lib_a-kf_rem_pio2.o)
                              /usr/local/3rdparty/altera/quartus12/nios2eds/bin/gnu/H-i686-pc-linux-gnu/bin/../lib/gcc/nios2-elf/4.1.2/../../../../nios2-elf/lib/libm.a(lib_a-ef_rem_pio2.o) (__kernel_rem_pio2f)
/usr/local/3rdparty/altera/quartus12/nios2eds/bin/gnu/H-i686-pc-linux-gnu/bin/../lib/gcc/nios2-elf/4.1.2/../../../../nios2-elf/lib/libm.a(lib_a-kf_sin.o)
                              /usr/local/3rdparty/altera/quartus12/nios2eds/bin/gnu/H-i686-pc-linux-gnu/bin/../lib/gcc/nios2-elf/4.1.2/../../../../nios2-elf/lib/libm.a(lib_a-sf_cos.o) (__kernel_sinf)
/usr/local/3rdparty/altera/quartus12/nios2eds/bin/gnu/H-i686-pc-linux-gnu/bin/../lib/gcc/nios2-elf/4.1.2/../../../../nios2-elf/lib/libm.a(lib_a-sf_fabs.o)
                              /usr/local/3rdparty/altera/quartus12/nios2eds/bin/gnu/H-i686-pc-linux-gnu/bin/../lib/gcc/nios2-elf/4.1.2/../../../../nios2-elf/lib/libm.a(lib_a-ef_rem_pio2.o) (fabsf)
/usr/local/3rdparty/altera/quartus12/nios2eds/bin/gnu/H-i686-pc-linux-gnu/bin/../lib/gcc/nios2-elf/4.1.2/../../../../nios2-elf/lib/libm.a(lib_a-sf_scalbn.o)
                              /usr/local/3rdparty/altera/quartus12/nios2eds/bin/gnu/H-i686-pc-linux-gnu/bin/../lib/gcc/nios2-elf/4.1.2/../../../../nios2-elf/lib/libm.a(lib_a-kf_rem_pio2.o) (scalbnf)
/usr/local/3rdparty/altera/quartus12/nios2eds/bin/gnu/H-i686-pc-linux-gnu/bin/../lib/gcc/nios2-elf/4.1.2/../../../../nios2-elf/lib/libm.a(lib_a-sf_copysign.o)
                              /usr/local/3rdparty/altera/quartus12/nios2eds/bin/gnu/H-i686-pc-linux-gnu/bin/../lib/gcc/nios2-elf/4.1.2/../../../../nios2-elf/lib/libm.a(lib_a-sf_scalbn.o) (copysignf)
/usr/local/3rdparty/altera/quartus12/nios2eds/bin/gnu/H-i686-pc-linux-gnu/bin/../lib/gcc/nios2-elf/4.1.2/libgcc.a(_addsub_sf.o)
                              /usr/local/3rdparty/altera/quartus12/nios2eds/bin/gnu/H-i686-pc-linux-gnu/bin/../lib/gcc/nios2-elf/4.1.2/../../../../nios2-elf/lib/libm.a(lib_a-sf_cos.o) (__subsf3)
/usr/local/3rdparty/altera/quartus12/nios2eds/bin/gnu/H-i686-pc-linux-gnu/bin/../lib/gcc/nios2-elf/4.1.2/libgcc.a(_mul_sf.o)
                              /usr/local/3rdparty/altera/quartus12/nios2eds/bin/gnu/H-i686-pc-linux-gnu/bin/../lib/gcc/nios2-elf/4.1.2/../../../../nios2-elf/lib/libm.a(lib_a-ef_rem_pio2.o) (__mulsf3)
/usr/local/3rdparty/altera/quartus12/nios2eds/bin/gnu/H-i686-pc-linux-gnu/bin/../lib/gcc/nios2-elf/4.1.2/libgcc.a(_eq_sf.o)
                              /usr/local/3rdparty/altera/quartus12/nios2eds/bin/gnu/H-i686-pc-linux-gnu/bin/../lib/gcc/nios2-elf/4.1.2/../../../../nios2-elf/lib/libm.a(lib_a-ef_rem_pio2.o) (__eqsf2)
/usr/local/3rdparty/altera/quartus12/nios2eds/bin/gnu/H-i686-pc-linux-gnu/bin/../lib/gcc/nios2-elf/4.1.2/libgcc.a(_gt_sf.o)
                              obj/default/VideoFunctions.o (__gtsf2)
/usr/local/3rdparty/altera/quartus12/nios2eds/bin/gnu/H-i686-pc-linux-gnu/bin/../lib/gcc/nios2-elf/4.1.2/libgcc.a(_ge_sf.o)
                              /usr/local/3rdparty/altera/quartus12/nios2eds/bin/gnu/H-i686-pc-linux-gnu/bin/../lib/gcc/nios2-elf/4.1.2/../../../../nios2-elf/lib/libm.a(lib_a-kf_rem_pio2.o) (__gesf2)
[...]
Memory Configuration

Name             Origin             Length             Attributes
onchip_memory2_0 0x00003000         0x00000200
onchip_memory2_1 0x00004000         0x00000200
sdram_0_BEFORE_RESET 0x00800000         0x00400000
reset            0x00c00000         0x00000020
sdram_0          0x00c00020         0x003fffe0
cfi_flash_0      0x01400000         0x00400000
sram_0           0x01880000         0x00080000
*default*        0x00000000         0xffffffff

Linker script and memory map

LOAD ../Lab4_bsp//obj/HAL/src/crt0.o
LOAD obj/default/LightsFunctions.o
LOAD obj/default/Project.o
LOAD obj/default/VideoFunctions.o
LOAD /usr/local/3rdparty/altera/quartus12/nios2eds/bin/gnu/H-i686-pc-linux-gnu/bin/../lib/gcc/nios2-elf/4.1.2/../../../../nios2-elf/lib/libstdc++.a
LOAD /usr/local/3rdparty/altera/quartus12/nios2eds/bin/gnu/H-i686-pc-linux-gnu/bin/../lib/gcc/nios2-elf/4.1.2/../../../../nios2-elf/lib/libm.a
LOAD /usr/local/3rdparty/altera/quartus12/nios2eds/bin/gnu/H-i686-pc-linux-gnu/bin/../lib/gcc/nios2-elf/4.1.2/libgcc.a
START GROUP
LOAD /usr/local/3rdparty/altera/quartus12/nios2eds/bin/gnu/H-i686-pc-linux-gnu/bin/../lib/gcc/nios2-elf/4.1.2/../../../../nios2-elf/lib/libc.a
LOAD /usr/local/3rdparty/altera/quartus12/nios2eds/bin/gnu/H-i686-pc-linux-gnu/bin/../lib/gcc/nios2-elf/4.1.2/libgcc.a
LOAD ../Lab4_bsp//libhal_bsp.a
END GROUP
LOAD /usr/local/3rdparty/altera/quartus12/nios2eds/bin/gnu/H-i686-pc-linux-gnu/bin/../lib/gcc/nios2-elf/4.1.2/libgcc.a
                0x00003000                __alt_mem_onchip_memory2_0 = 0x3000
                0x00004000                __alt_mem_onchip_memory2_1 = 0x4000
                0x00800000                __alt_mem_sdram_0 = 0x800000
                0x01400000                __alt_mem_cfi_flash_0 = 0x1400000
                0x01880000                __alt_mem_sram_0 = 0x1880000

.entry          0x00c00000       0x20
 *(.entry)
 .entry         0x00c00000       0x20 ../Lab4_bsp//obj/HAL/src/crt0.o
                0x00c00000                __reset

.exceptions     0x00c00020      0x194
                0x00c00020                PROVIDE (__ram_exceptions_start, ABSOLUTE (.))
                0x00c00020                . = ALIGN (0x20)
 *(.irq)
 *(.exceptions.entry.label)
 .exceptions.entry.label
                0x00c00020        0x0 ../Lab4_bsp//libhal_bsp.a(alt_irq_entry.o)
                0x00c00020                alt_irq_entry
 .exceptions.entry.label
                0x00c00020        0x0 ../Lab4_bsp//libhal_bsp.a(alt_exception_entry.o)
                0x00c00020                alt_exception
 *(.exceptions.entry.user)
 *(.exceptions.entry)
 .exceptions.entry
                0x00c00020       0x54 ../Lab4_bsp//libhal_bsp.a(alt_exception_entry.o)
 *(.exceptions.irqtest.user)
 *(.exceptions.irqtest)
 .exceptions.irqtest
                0x00c00074       0x10 ../Lab4_bsp//libhal_bsp.a(alt_irq_entry.o)
 *(.exceptions.irqhandler.user)
 *(.exceptions.irqhandler)
 .exceptions.irqhandler
                0x00c00084        0x4 ../Lab4_bsp//libhal_bsp.a(alt_irq_entry.o)
 *(.exceptions.irqreturn.user)
 *(.exceptions.irqreturn)
 .exceptions.irqreturn
                0x00c00088        0x4 ../Lab4_bsp//libhal_bsp.a(alt_irq_entry.o)
 *(.exceptions.notirq.label)
 .exceptions.notirq.label
                0x00c0008c        0x0 ../Lab4_bsp//libhal_bsp.a(alt_irq_entry.o)
 *(.exceptions.notirq.user)
 *(.exceptions.notirq)
 .exceptions.notirq
                0x00c0008c        0x8 ../Lab4_bsp//libhal_bsp.a(alt_exception_entry.o)
 *(.exceptions.soft.user)
 *(.exceptions.soft)
 *(.exceptions.unknown.user)
 *(.exceptions.unknown)
 .exceptions.unknown
                0x00c00094        0x4 ../Lab4_bsp//libhal_bsp.a(alt_exception_entry.o)
 *(.exceptions.exit.label)
 .exceptions.exit.label
                0x00c00098        0x0 ../Lab4_bsp//libhal_bsp.a(alt_irq_entry.o)
 .exceptions.exit.label
                0x00c00098        0x0 ../Lab4_bsp//libhal_bsp.a(alt_exception_entry.o)
 *(.exceptions.exit.user)
 *(.exceptions.exit)
 .exceptions.exit
                0x00c00098       0x54 ../Lab4_bsp//libhal_bsp.a(alt_exception_entry.o)
 *(.exceptions)
 .exceptions    0x00c000ec       0xc8 ../Lab4_bsp//libhal_bsp.a(alt_irq_handler.o)
                0x00c000ec                alt_irq_handler
                0x00c001b4                PROVIDE (__ram_exceptions_end, ABSOLUTE (.))
                0x00c00020                PROVIDE (__flash_exceptions_start, LOADADDR (.exceptions))

.text           0x00c001b4    0x182f8
                0x00c001b4                PROVIDE (stext, ABSOLUTE (.))
 *(.interp)
 *(.hash)
 *(.dynsym)
 *(.dynstr)
 *(.gnu.version)
 *(.gnu.version_d)
 *(.gnu.version_r)
 *(.rel.init)
 *(.rela.init)
 *(.rel.text .rel.text.* .rel.gnu.linkonce.t.*)
 *(.rela.text .rela.text.* .rela.gnu.linkonce.t.*)
 *(.rel.fini)
 *(.rela.fini)
 *(.rel.rodata .rel.rodata.* .rel.gnu.linkonce.r.*)
 *(.rela.rodata .rela.rodata.* .rela.gnu.linkonce.r.*)
 *(.rel.data .rel.data.* .rel.gnu.linkonce.d.*)
 *(.rela.data .rela.data.* .rela.gnu.linkonce.d.*)
 *(.rel.tdata .rel.tdata.* .rel.gnu.linkonce.td.*)
 *(.rela.tdata .rela.tdata.* .rela.gnu.linkonce.td.*)
 *(.rel.tbss .rel.tbss.* .rel.gnu.linkonce.tb.*)
 *(.rela.tbss .rela.tbss.* .rela.gnu.linkonce.tb.*)
 *(.rel.ctors)
 *(.rela.ctors)
 *(.rel.dtors)
 *(.rela.dtors)
 *(.rel.got)
 *(.rela.got)
 *(.rel.sdata .rel.sdata.* .rel.gnu.linkonce.s.*)
 *(.rela.sdata .rela.sdata.* .rela.gnu.linkonce.s.*)
 *(.rel.sbss .rel.sbss.* .rel.gnu.linkonce.sb.*)
 *(.rela.sbss .rela.sbss.* .rela.gnu.linkonce.sb.*)
 *(.rel.sdata2 .rel.sdata2.* .rel.gnu.linkonce.s2.*)
 *(.rela.sdata2 .rela.sdata2.* .rela.gnu.linkonce.s2.*)
 *(.rel.sbss2 .rel.sbss2.* .rel.gnu.linkonce.sb2.*)
 *(.rela.sbss2 .rela.sbss2.* .rela.gnu.linkonce.sb2.*)
 *(.rel.bss .rel.bss.* .rel.gnu.linkonce.b.*)
 *(.rela.bss .rela.bss.* .rela.gnu.linkonce.b.*)
 *(.rel.plt)
 *(.rela.plt)
 *(.rel.dyn)
 *(.init)
 *(.plt)
 *(.text .stub .text.* .gnu.linkonce.t.*)
 .text          0x00c001b4       0x4c ../Lab4_bsp//obj/HAL/src/crt0.o
                0x00c001b4                _start
 .text          0x00c00200      0x50c obj/default/LightsFunctions.o
                0x00c00200                hexOutputGeneric
                0x00c002c4                hexOutputBlank
                0x00c002d4                hexOutputNumber
                0x00c002e8                setUp
                0x00c00308                printRandom
                0x00c00434                segmentCounter
                0x00c005a0                hexBlankAll
                0x00c00620                segmentCircle
 .text          0x00c0070c      0x144 obj/default/Project.o
                0x00c0070c                main
 .text          0x00c00850     0x1224 obj/default/VideoFunctions.o
                0x00c00850                getPixelFromArray
                0x00c00888                getColorFromArray
                0x00c008ac                toInt
                0x00c008f4                toInt8
                0x00c0093c                barrier
                0x00c00a24                bilinearInterpolation
                0x00c00c4c                printLineToScreen
                0x00c00cc0                printCharToScreen
                0x00c00d3c                clearCharBuffer
                0x00c00d60                clearScreen
                0x00c00d6c                scaleImage
                0x00c00ecc                rotateImage
                0x00c01090                drawPixel
                0x00c010a8                drawPixelFromArray
                0x00c010ec                setUpImage
                0x00c01178                displayImage
                0x00c0121c                bilinearInterpolationFP
                0x00c013f8                rotateImageFixedPoint
                0x00c01618                constantRotationFP
                0x00c017a4                constantRotation
                0x00c01948                shrinkAndResize
 .text          0x00c01a74       0xc0 /usr/local/3rdparty/altera/quartus12/nios2eds/bin/gnu/H-i686-pc-linux-gnu/bin/../lib/gcc/nios2-elf/4.1.2/../../../../nios2-elf/lib/libm.a(lib_a-sf_cos.o)
                0x00c01a74                cosf
 .text          0x00c01b34      0x114 /usr/local/3rdparty/altera/quartus12/nios2eds/bin/gnu/H-i686-pc-linux-gnu/bin/../lib/gcc/nios2-elf/4.1.2/../../../../nios2-elf/lib/libm.a(lib_a-sf_floor.o)
                0x00c01b34                floorf
 .text          0x00c01c48       0x9c /usr/local/3rdparty/altera/quartus12/nios2eds/bin/gnu/H-i686-pc-linux-gnu/bin/../lib/gcc/nios2-elf/4.1.2/../../../../nios2-elf/lib/libm.a(lib_a-sf_round.o)
                0x00c01c48                roundf
 .text          0x00c01ce4       0xc0 /usr/local/3rdparty/altera/quartus12/nios2eds/bin/gnu/H-i686-pc-linux-gnu/bin/../lib/gcc/nios2-elf/4.1.2/../../../../nios2-elf/lib/libm.a(lib_a-sf_sin.o)
                0x00c01ce4                sinf
 .text          0x00c01da4      0x53c /usr/local/3rdparty/altera/quartus12/nios2eds/bin/gnu/H-i686-pc-linux-gnu/bin/../lib/gcc/nios2-elf/4.1.2/../../../../nios2-elf/lib/libm.a(lib_a-ef_rem_pio2.o)
                0x00c01da4                __ieee754_rem_pio2f
 .text          0x00c022e0      0x2bc /usr/local/3rdparty/altera/quartus12/nios2eds/bin/gnu/H-i686-pc-linux-gnu/bin/../lib/gcc/nios2-elf/4.1.2/../../../../nios2-elf/lib/libm.a(lib_a-kf_cos.o)
                0x00c022e0                __kernel_cosf
 .text          0x00c0259c      0xa90 /usr/local/3rdparty/altera/quartus12/nios2eds/bin/gnu/H-i686-pc-linux-gnu/bin/../lib/gcc/nios2-elf/4.1.2/../../../../nios2-elf/lib/libm.a(lib_a-kf_rem_pio2.o)
                0x00c0259c                __kernel_rem_pio2f
 .text          0x00c0302c      0x1bc /usr/local/3rdparty/altera/quartus12/nios2eds/bin/gnu/H-i686-pc-linux-gnu/bin/../lib/gcc/nios2-elf/4.1.2/../../../../nios2-elf/lib/libm.a(lib_a-kf_sin.o)
                0x00c0302c                __kernel_sinf
 .text          0x00c031e8       0x10 /usr/local/3rdparty/altera/quartus12/nios2eds/bin/gnu/H-i686-pc-linux-gnu/bin/../lib/gcc/nios2-elf/4.1.2/../../../../nios2-elf/lib/libm.a(lib_a-sf_fabs.o)
                0x00c031e8                fabsf
 .text          0x00c031f8      0x14c /usr/local/3rdparty/altera/quartus12/nios2eds/bin/gnu/H-i686-pc-linux-gnu/bin/../lib/gcc/nios2-elf/4.1.2/../../../../nios2-elf/lib/libm.a(lib_a-sf_scalbn.o)
                0x00c031f8                scalbnf
 .text          0x00c03344       0x18 /usr/local/3rdparty/altera/quartus12/nios2eds/bin/gnu/H-i686-pc-linux-gnu/bin/../lib/gcc/nios2-elf/4.1.2/../../../../nios2-elf/lib/libm.a(lib_a-sf_copysign.o)
                0x00c03344                copysignf
 .text          0x00c0335c      0x2b8 /usr/local/3rdparty/altera/quartus12/nios2eds/bin/gnu/H-i686-pc-linux-gnu/bin/../lib/gcc/nios2-elf/4.1.2/libgcc.a(_addsub_sf.o)
                0x00c03540                __subsf3
                0x00c035b0                __addsf3
 .text          0x00c03614      0x1e0 /usr/local/3rdparty/altera/quartus12/nios2eds/bin/gnu/H-i686-pc-linux-gnu/bin/../lib/gcc/nios2-elf/4.1.2/libgcc.a(_mul_sf.o)
                0x00c03614                __mulsf3
 .text          0x00c037f4       0x78 /usr/local/3rdparty/altera/quartus12/nios2eds/bin/gnu/H-i686-pc-linux-gnu/bin/../lib/gcc/nios2-elf/4.1.2/libgcc.a(_eq_sf.o)
                0x00c037f4                __eqsf2
 .text          0x00c0386c       0x78 /usr/local/3rdparty/altera/quartus12/nios2eds/bin/gnu/H-i686-pc-linux-gnu/bin/../lib/gcc/nios2-elf/4.1.2/libgcc.a(_gt_sf.o)
                0x00c0386c                __gtsf2
 .text          0x00c038e4       0x78 /usr/local/3rdparty/altera/quartus12/nios2eds/bin/gnu/H-i686-pc-linux-gnu/bin/../lib/gcc/nios2-elf/4.1.2/libgcc.a(_ge_sf.o)
                0x00c038e4                __gesf2
 .text          0x00c0395c       0x78 /usr/local/3rdparty/altera/quartus12/nios2eds/bin/gnu/H-i686-pc-linux-gnu/bin/../lib/gcc/nios2-elf/4.1.2/libgcc.a(_lt_sf.o)
                0x00c0395c                __ltsf2
 .text          0x00c039d4       0x98 /usr/local/3rdparty/altera/quartus12/nios2eds/bin/gnu/H-i686-pc-linux-gnu/bin/../lib/gcc/nios2-elf/4.1.2/libgcc.a(_si_to_sf.o)
                0x00c039d4                __floatsisf
 .text          0x00c03a6c       0x94 /usr/local/3rdparty/altera/quartus12/nios2eds/bin/gnu/H-i686-pc-linux-gnu/bin/../lib/gcc/nios2-elf/4.1.2/libgcc.a(_sf_to_si.o)
                0x00c03a6c                __fixsfsi
 .text          0x00c03b00        0x0 /usr/local/3rdparty/altera/quartus12/nios2eds/bin/gnu/H-i686-pc-linux-gnu/bin/../lib/gcc/nios2-elf/4.1.2/libgcc.a(_thenan_sf.o)
 .text          0x00c03b00      0x194 /usr/local/3rdparty/altera/quartus12/nios2eds/bin/gnu/H-i686-pc-linux-gnu/bin/../lib/gcc/nios2-elf/4.1.2/libgcc.a(_usi_to_df.o)
                0x00c03b00                __floatunsidf
 .text          0x00c03c94       0x98 /usr/local/3rdparty/altera/quartus12/nios2eds/bin/gnu/H-i686-pc-linux-gnu/bin/../lib/gcc/nios2-elf/4.1.2/libgcc.a(_muldi3.o)
                0x00c03c94                __muldi3
 .text          0x00c03d2c       0x80 /usr/local/3rdparty/altera/quartus12/nios2eds/bin/gnu/H-i686-pc-linux-gnu/bin/../lib/gcc/nios2-elf/4.1.2/libgcc.a(_clzsi2.o)
                0x00c03d2c                __clzsi2
 .text          0x00c03dac      0x160 /usr/local/3rdparty/altera/quartus12/nios2eds/bin/gnu/H-i686-pc-linux-gnu/bin/../lib/gcc/nios2-elf/4.1.2/libgcc.a(_pack_sf.o)
                0x00c03dac                __pack_f
 .text          0x00c03f0c       0xc8 /usr/local/3rdparty/altera/quartus12/nios2eds/bin/gnu/H-i686-pc-linux-gnu/bin/../lib/gcc/nios2-elf/4.1.2/libgcc.a(_unpack_sf.o)
                0x00c03f0c                __unpack_f
 .text          0x00c03fd4       0xa8 /usr/local/3rdparty/altera/quartus12/nios2eds/bin/gnu/H-i686-pc-linux-gnu/bin/../lib/gcc/nios2-elf/4.1.2/libgcc.a(_fpcmp_parts_sf.o)
                0x00c03fd4                __fpcmp_parts_f
 .text          0x00c0407c      0x314 /usr/local/3rdparty/altera/quartus12/nios2eds/bin/gnu/H-i686-pc-linux-gnu/bin/../lib/gcc/nios2-elf/4.1.2/libgcc.a(_pack_df.o)
                0x00c0407c                __pack_d
 .text          0x00c04390        0x0 /usr/local/3rdparty/altera/quartus12/nios2eds/bin/gnu/H-i686-pc-linux-gnu/bin/../lib/gcc/nios2-elf/4.1.2/libgcc.a(_clz.o)
 .text          0x00c04390      0x110 /usr/local/3rdparty/altera/quartus12/nios2eds/bin/gnu/H-i686-pc-linux-gnu/bin/../lib/gcc/nios2-elf/4.1.2/../../../../nios2-elf/lib/libc.a(lib_a-fopen.o)
                0x00c04390                _fopen_r
                0x00c04484                fopen
 .text          0x00c044a0       0x60 /usr/local/3rdparty/altera/quartus12/nios2eds/bin/gnu/H-i686-pc-linux-gnu/bin/../lib/gcc/nios2-elf/4.1.2/../../../../nios2-elf/lib/libc.a(lib_a-fprintf.o)
                0x00c044a0                fprintf
                0x00c044cc                _fprintf_r
 .text          0x00c04500      0x23c /usr/local/3rdparty/altera/quartus12/nios2eds/bin/gnu/H-i686-pc-linux-gnu/bin/../lib/gcc/nios2-elf/4.1.2/../../../../nios2-elf/lib/libc.a(lib_a-fread.o)
                0x00c04500                _fread_r
                0x00c046fc                fread
 .text          0x00c0473c      0x440 /usr/local/3rdparty/altera/quartus12/nios2eds/bin/gnu/H-i686-pc-linux-gnu/bin/../lib/gcc/nios2-elf/4.1.2/../../../../nios2-elf/lib/libc.a(lib_a-freer.o)
                0x00c0473c                _malloc_trim_r
                0x00c04868                _free_r
 .text          0x00c04b7c      0x460 /usr/local/3rdparty/altera/quartus12/nios2eds/bin/gnu/H-i686-pc-linux-gnu/bin/../lib/gcc/nios2-elf/4.1.2/../../../../nios2-elf/lib/libc.a(lib_a-fseek.o)
                0x00c04b7c                _fseek_r
                0x00c04fb8                fseek
 .text          0x00c04fdc       0x74 /usr/local/3rdparty/altera/quartus12/nios2eds/bin/gnu/H-i686-pc-linux-gnu/bin/../lib/gcc/nios2-elf/4.1.2/../../../../nios2-elf/lib/libc.a(lib_a-fstatr.o)
                0x00c04fdc                _fstat_r
 .text          0x00c05050       0xdc /usr/local/3rdparty/altera/quartus12/nios2eds/bin/gnu/H-i686-pc-linux-gnu/bin/../lib/gcc/nios2-elf/4.1.2/../../../../nios2-elf/lib/libc.a(lib_a-fwrite.o)
                0x00c05050                _fwrite_r
                0x00c050ec                fwrite
 .text          0x00c0512c        0x0 /usr/local/3rdparty/altera/quartus12/nios2eds/bin/gnu/H-i686-pc-linux-gnu/bin/../lib/gcc/nios2-elf/4.1.2/../../../../nios2-elf/lib/libc.a(lib_a-impure.o)
 .text          0x00c0512c        0x0 /usr/local/3rdparty/altera/quartus12/nios2eds/bin/gnu/H-i686-pc-linux-gnu/bin/../lib/gcc/nios2-elf/4.1.2/../../../../nios2-elf/lib/libc.a(lib_a-int_errno.o)
 .text          0x00c0512c      0x194 /usr/local/3rdparty/altera/quartus12/nios2eds/bin/gnu/H-i686-pc-linux-gnu/bin/../lib/gcc/nios2-elf/4.1.2/../../../../nios2-elf/lib/libc.a(lib_a-makebuf.o)
                0x00c0512c                __smakebuf_r
 .text          0x00c052c0       0x28 /usr/local/3rdparty/altera/quartus12/nios2eds/bin/gnu/H-i686-pc-linux-gnu/bin/../lib/gcc/nios2-elf/4.1.2/../../../../nios2-elf/lib/libc.a(lib_a-malloc.o)
                0x00c052c0                free
                0x00c052d4                malloc
 .text          0x00c052e8      0x740 /usr/local/3rdparty/altera/quartus12/nios2eds/bin/gnu/H-i686-pc-linux-gnu/bin/../lib/gcc/nios2-elf/4.1.2/../../../../nios2-elf/lib/libc.a(lib_a-mallocr.o)
                0x00c052e8                _malloc_r
 .text          0x00c05a28       0xa0 /usr/local/3rdparty/altera/quartus12/nios2eds/bin/gnu/H-i686-pc-linux-gnu/bin/../lib/gcc/nios2-elf/4.1.2/../../../../nios2-elf/lib/libc.a(lib_a-memcpy.o)
                0x00c05a28                memcpy
 .text          0x00c05ac8       0x78 /usr/local/3rdparty/altera/quartus12/nios2eds/bin/gnu/H-i686-pc-linux-gnu/bin/../lib/gcc/nios2-elf/4.1.2/../../../../nios2-elf/lib/libc.a(lib_a-openr.o)
                0x00c05ac8                _open_r
 .text          0x00c05b40       0x80 /usr/local/3rdparty/altera/quartus12/nios2eds/bin/gnu/H-i686-pc-linux-gnu/bin/../lib/gcc/nios2-elf/4.1.2/../../../../nios2-elf/lib/libc.a(lib_a-perror.o)
                0x00c05b40                _perror_r
                0x00c05bac                perror
 .text          0x00c05bc0       0x78 /usr/local/3rdparty/altera/quartus12/nios2eds/bin/gnu/H-i686-pc-linux-gnu/bin/../lib/gcc/nios2-elf/4.1.2/../../../../nios2-elf/lib/libc.a(lib_a-printf.o)
                0x00c05bc0                printf
                0x00c05c04                _printf_r
 .text          0x00c05c38       0xb4 /usr/local/3rdparty/altera/quartus12/nios2eds/bin/gnu/H-i686-pc-linux-gnu/bin/../lib/gcc/nios2-elf/4.1.2/../../../../nios2-elf/lib/libc.a(lib_a-puts.o)
                0x00c05c38                _puts_r
                0x00c05cd8                puts
 .text          0x00c05cec       0x94 /usr/local/3rdparty/altera/quartus12/nios2eds/bin/gnu/H-i686-pc-linux-gnu/bin/../lib/gcc/nios2-elf/4.1.2/../../../../nios2-elf/lib/libc.a(lib_a-rand.o)
                0x00c05cec                srand
                0x00c05d08                rand
 .text          0x00c05d80      0x1e0 /usr/local/3rdparty/altera/quartus12/nios2eds/bin/gnu/H-i686-pc-linux-gnu/bin/../lib/gcc/nios2-elf/4.1.2/../../../../nios2-elf/lib/libc.a(lib_a-refill.o)
                0x00c05d80                __srefill_r
 .text          0x00c05f60       0x70 /usr/local/3rdparty/altera/quartus12/nios2eds/bin/gnu/H-i686-pc-linux-gnu/bin/../lib/gcc/nios2-elf/4.1.2/../../../../nios2-elf/lib/libc.a(lib_a-sbrkr.o)
                0x00c05f60                _sbrk_r
 .text          0x00c05fd0       0xd4 /usr/local/3rdparty/altera/quartus12/nios2eds/bin/gnu/H-i686-pc-linux-gnu/bin/../lib/gcc/nios2-elf/4.1.2/../../../../nios2-elf/lib/libc.a(lib_a-sprintf.o)
                0x00c05fd0                sprintf
                0x00c06044                _sprintf_r
 .text          0x00c060a4      0x14c /usr/local/3rdparty/altera/quartus12/nios2eds/bin/gnu/H-i686-pc-linux-gnu/bin/../lib/gcc/nios2-elf/4.1.2/../../../../nios2-elf/lib/libc.a(lib_a-stdio.o)
                0x00c060a4                __sclose
                0x00c060ac                __sseek
                0x00c06114                __swrite
                0x00c06190                __sread
 .text          0x00c061f0      0x674 /usr/local/3rdparty/altera/quartus12/nios2eds/bin/gnu/H-i686-pc-linux-gnu/bin/../lib/gcc/nios2-elf/4.1.2/../../../../nios2-elf/lib/libc.a(lib_a-strerror.o)
                0x00c061f0                strerror
 .text          0x00c06864       0x74 /usr/local/3rdparty/altera/quartus12/nios2eds/bin/gnu/H-i686-pc-linux-gnu/bin/../lib/gcc/nios2-elf/4.1.2/../../../../nios2-elf/lib/libc.a(lib_a-strlen.o)
                0x00c06864                strlen
 .text          0x00c068d8       0x5c /usr/local/3rdparty/altera/quartus12/nios2eds/bin/gnu/H-i686-pc-linux-gnu/bin/../lib/gcc/nios2-elf/4.1.2/../../../../nios2-elf/lib/libc.a(lib_a-time.o)
                0x00c068d8                time
 .text          0x00c06934        0x8 /usr/local/3rdparty/altera/quartus12/nios2eds/bin/gnu/H-i686-pc-linux-gnu/bin/../lib/gcc/nios2-elf/4.1.2/../../../../nios2-elf/lib/libc.a(lib_a-u_strerr.o)
                0x00c06934                _user_strerror
 .text          0x00c0693c     0x1f28 /usr/local/3rdparty/altera/quartus12/nios2eds/bin/gnu/H-i686-pc-linux-gnu/bin/../lib/gcc/nios2-elf/4.1.2/../../../../nios2-elf/lib/libc.a(lib_a-vfprintf.o)
                0x00c06994                ___vfprintf_internal_r
                0x00c08840                __vfprintf_internal
 .text          0x00c08864       0x78 /usr/local/3rdparty/altera/quartus12/nios2eds/bin/gnu/H-i686-pc-linux-gnu/bin/../lib/gcc/nios2-elf/4.1.2/../../../../nios2-elf/lib/libc.a(lib_a-writer.o)
                0x00c08864                _write_r
 .text          0x00c088dc      0x13c /usr/local/3rdparty/altera/quartus12/nios2eds/bin/gnu/H-i686-pc-linux-gnu/bin/../lib/gcc/nios2-elf/4.1.2/../../../../nios2-elf/lib/libc.a(lib_a-wsetup.o)
                0x00c088dc                __swsetup_r
 .text          0x00c08a18       0x70 /usr/local/3rdparty/altera/quartus12/nios2eds/bin/gnu/H-i686-pc-linux-gnu/bin/../lib/gcc/nios2-elf/4.1.2/../../../../nios2-elf/lib/libc.a(lib_a-closer.o)
                0x00c08a18                _close_r
 .text          0x00c08a88     0x17cc /usr/local/3rdparty/altera/quartus12/nios2eds/bin/gnu/H-i686-pc-linux-gnu/bin/../lib/gcc/nios2-elf/4.1.2/../../../../nios2-elf/lib/libc.a(lib_a-dtoa.o)
                0x00c08ca0                _dtoa_r
 .text          0x00c0a254      0x230 /usr/local/3rdparty/altera/quartus12/nios2eds/bin/gnu/H-i686-pc-linux-gnu/bin/../lib/gcc/nios2-elf/4.1.2/../../../../nios2-elf/lib/libc.a(lib_a-fflush.o)
                0x00c0a254                _fflush_r
                0x00c0a450                fflush
 .text          0x00c0a484      0x2c0 /usr/local/3rdparty/altera/quartus12/nios2eds/bin/gnu/H-i686-pc-linux-gnu/bin/../lib/gcc/nios2-elf/4.1.2/../../../../nios2-elf/lib/libc.a(lib_a-findfp.o)
                0x00c0a4dc                __sfp_lock_acquire
                0x00c0a4e0                __sfp_lock_release
                0x00c0a4e4                __sinit_lock_acquire
                0x00c0a4e8                __sinit_lock_release
                0x00c0a4ec                __sinit
                0x00c0a5a0                __fp_unlock_all
                0x00c0a5b8                __fp_lock_all
                0x00c0a5d0                _cleanup_r
                0x00c0a5dc                _cleanup
                0x00c0a5ec                __sfmoreglue
                0x00c0a654                __sfp
 .text          0x00c0a744       0xa0 /usr/local/3rdparty/altera/quartus12/nios2eds/bin/gnu/H-i686-pc-linux-gnu/bin/../lib/gcc/nios2-elf/4.1.2/../../../../nios2-elf/lib/libc.a(lib_a-flags.o)
                0x00c0a744                __sflags
 .text          0x00c0a7e4       0xbc /usr/local/3rdparty/altera/quartus12/nios2eds/bin/gnu/H-i686-pc-linux-gnu/bin/../lib/gcc/nios2-elf/4.1.2/../../../../nios2-elf/lib/libc.a(lib_a-fputc.o)
                0x00c0a7e4                fputc
                0x00c0a848                _fputc_r
 .text          0x00c0a8a0       0x90 /usr/local/3rdparty/altera/quartus12/nios2eds/bin/gnu/H-i686-pc-linux-gnu/bin/../lib/gcc/nios2-elf/4.1.2/../../../../nios2-elf/lib/libc.a(lib_a-fputs.o)
                0x00c0a8a0                _fputs_r
                0x00c0a914                fputs
 .text          0x00c0a930      0x49c /usr/local/3rdparty/altera/quartus12/nios2eds/bin/gnu/H-i686-pc-linux-gnu/bin/../lib/gcc/nios2-elf/4.1.2/../../../../nios2-elf/lib/libc.a(lib_a-fvwrite.o)
                0x00c0a930                __sfvwrite_r
 .text          0x00c0adcc      0x180 /usr/local/3rdparty/altera/quartus12/nios2eds/bin/gnu/H-i686-pc-linux-gnu/bin/../lib/gcc/nios2-elf/4.1.2/../../../../nios2-elf/lib/libc.a(lib_a-fwalk.o)
                0x00c0adcc                _fwalk_reent
                0x00c0ae94                _fwalk
 .text          0x00c0af4c       0x74 /usr/local/3rdparty/altera/quartus12/nios2eds/bin/gnu/H-i686-pc-linux-gnu/bin/../lib/gcc/nios2-elf/4.1.2/../../../../nios2-elf/lib/libc.a(lib_a-gettimeofdayr.o)
                0x00c0af4c                _gettimeofday_r
 .text          0x00c0afc0       0x70 /usr/local/3rdparty/altera/quartus12/nios2eds/bin/gnu/H-i686-pc-linux-gnu/bin/../lib/gcc/nios2-elf/4.1.2/../../../../nios2-elf/lib/libc.a(lib_a-isattyr.o)
                0x00c0afc0                _isatty_r
 .text          0x00c0b030       0xc4 /usr/local/3rdparty/altera/quartus12/nios2eds/bin/gnu/H-i686-pc-linux-gnu/bin/../lib/gcc/nios2-elf/4.1.2/../../../../nios2-elf/lib/libc.a(lib_a-locale.o)
                0x00c0b030                __locale_charset
                0x00c0b038                _localeconv_r
                0x00c0b044                localeconv
                0x00c0b054                _setlocale_r
                0x00c0b0d8                setlocale
 .text          0x00c0b0f4       0x78 /usr/local/3rdparty/altera/quartus12/nios2eds/bin/gnu/H-i686-pc-linux-gnu/bin/../lib/gcc/nios2-elf/4.1.2/../../../../nios2-elf/lib/libc.a(lib_a-lseekr.o)
                0x00c0b0f4                _lseek_r
 .text          0x00c0b16c       0xe4 /usr/local/3rdparty/altera/quartus12/nios2eds/bin/gnu/H-i686-pc-linux-gnu/bin/../lib/gcc/nios2-elf/4.1.2/../../../../nios2-elf/lib/libc.a(lib_a-memchr.o)
                0x00c0b16c                memchr
 .text          0x00c0b250       0xe0 /usr/local/3rdparty/altera/quartus12/nios2eds/bin/gnu/H-i686-pc-linux-gnu/bin/../lib/gcc/nios2-elf/4.1.2/../../../../nios2-elf/lib/libc.a(lib_a-memmove.o)
                0x00c0b250                memmove
 .text          0x00c0b330       0x98 /usr/local/3rdparty/altera/quartus12/nios2eds/bin/gnu/H-i686-pc-linux-gnu/bin/../lib/gcc/nios2-elf/4.1.2/../../../../nios2-elf/lib/libc.a(lib_a-memset.o)
                0x00c0b330                memset
 .text          0x00c0b3c8      0xff4 /usr/local/3rdparty/altera/quartus12/nios2eds/bin/gnu/H-i686-pc-linux-gnu/bin/../lib/gcc/nios2-elf/4.1.2/../../../../nios2-elf/lib/libc.a(lib_a-mprec.o)
                0x00c0b3c8                _Bfree
                0x00c0b3f0                __hi0bits
                0x00c0b460                __lo0bits
                0x00c0b524                __mcmp
                0x00c0b584                __ulp
                0x00c0b604                __b2d
                0x00c0b724                __ratio
                0x00c0b7d4                _mprec_log10
                0x00c0b868                __copybits
                0x00c0b8c0                __any_on
                0x00c0b948                _Balloc
                0x00c0ba04                __d2b
                0x00c0bb80                __mdiff
                0x00c0bd0c                __lshift
                0x00c0be58                __multiply
                0x00c0c040                __i2b
                0x00c0c07c                __multadd
                0x00c0c17c                __pow5mult
                0x00c0c29c                __s2b
 .text          0x00c0c3bc      0x1ec /usr/local/3rdparty/altera/quartus12/nios2eds/bin/gnu/H-i686-pc-linux-gnu/bin/../lib/gcc/nios2-elf/4.1.2/../../../../nios2-elf/lib/libc.a(lib_a-putc.o)
                0x00c0c3bc                putc
                0x00c0c4c0                _putc_r
 .text          0x00c0c5a8       0x78 /usr/local/3rdparty/altera/quartus12/nios2eds/bin/gnu/H-i686-pc-linux-gnu/bin/../lib/gcc/nios2-elf/4.1.2/../../../../nios2-elf/lib/libc.a(lib_a-readr.o)
                0x00c0c5a8                _read_r
 .text          0x00c0c620      0x5f4 /usr/local/3rdparty/altera/quartus12/nios2eds/bin/gnu/H-i686-pc-linux-gnu/bin/../lib/gcc/nios2-elf/4.1.2/../../../../nios2-elf/lib/libc.a(lib_a-reallocr.o)
                0x00c0c620                _realloc_r
 .text          0x00c0cc14       0x40 /usr/local/3rdparty/altera/quartus12/nios2eds/bin/gnu/H-i686-pc-linux-gnu/bin/../lib/gcc/nios2-elf/4.1.2/../../../../nios2-elf/lib/libc.a(lib_a-s_isinfd.o)
                0x00c0cc14                __isinfd
 .text          0x00c0cc54       0x30 /usr/local/3rdparty/altera/quartus12/nios2eds/bin/gnu/H-i686-pc-linux-gnu/bin/../lib/gcc/nios2-elf/4.1.2/../../../../nios2-elf/lib/libc.a(lib_a-s_isnand.o)
                0x00c0cc54                __isnand
 .text          0x00c0cc84       0xbc /usr/local/3rdparty/altera/quartus12/nios2eds/bin/gnu/H-i686-pc-linux-gnu/bin/../lib/gcc/nios2-elf/4.1.2/../../../../nios2-elf/lib/libc.a(lib_a-strcmp.o)
                0x00c0cc84                strcmp
 .text          0x00c0cd40      0x14c /usr/local/3rdparty/altera/quartus12/nios2eds/bin/gnu/H-i686-pc-linux-gnu/bin/../lib/gcc/nios2-elf/4.1.2/../../../../nios2-elf/lib/libc.a(lib_a-wbuf.o)
                0x00c0cd40                __swbuf_r
                0x00c0ce70                __swbuf
 .text          0x00c0ce8c       0xb4 /usr/local/3rdparty/altera/quartus12/nios2eds/bin/gnu/H-i686-pc-linux-gnu/bin/../lib/gcc/nios2-elf/4.1.2/../../../../nios2-elf/lib/libc.a(lib_a-callocr.o)
                0x00c0ce8c                _calloc_r
 .text          0x00c0cf40      0x124 /usr/local/3rdparty/altera/quartus12/nios2eds/bin/gnu/H-i686-pc-linux-gnu/bin/../lib/gcc/nios2-elf/4.1.2/../../../../nios2-elf/lib/libc.a(lib_a-fclose.o)
                0x00c0cf40                _fclose_r
                0x00c0d050                fclose
 .text          0x00c0d064      0x5dc /usr/local/3rdparty/altera/quartus12/nios2eds/bin/gnu/H-i686-pc-linux-gnu/bin/../lib/gcc/nios2-elf/4.1.2/libgcc.a(_udivdi3.o)
                0x00c0d064                __udivdi3
 .text          0x00c0d640      0x5b0 /usr/local/3rdparty/altera/quartus12/nios2eds/bin/gnu/H-i686-pc-linux-gnu/bin/../lib/gcc/nios2-elf/4.1.2/libgcc.a(_umoddi3.o)
                0x00c0d640                __umoddi3
 .text          0x00c0dbf0      0x504 /usr/local/3rdparty/altera/quartus12/nios2eds/bin/gnu/H-i686-pc-linux-gnu/bin/../lib/gcc/nios2-elf/4.1.2/libgcc.a(_addsub_df.o)
                0x00c0e000                __subdf3
                0x00c0e080                __adddf3
 .text          0x00c0e0f4      0x3c4 /usr/local/3rdparty/altera/quartus12/nios2eds/bin/gnu/H-i686-pc-linux-gnu/bin/../lib/gcc/nios2-elf/4.1.2/libgcc.a(_mul_df.o)
                0x00c0e0f4                __muldf3
 .text          0x00c0e4b8      0x258 /usr/local/3rdparty/altera/quartus12/nios2eds/bin/gnu/H-i686-pc-linux-gnu/bin/../lib/gcc/nios2-elf/4.1.2/libgcc.a(_div_df.o)
                0x00c0e4b8                __divdf3
 .text          0x00c0e710       0x88 /usr/local/3rdparty/altera/quartus12/nios2eds/bin/gnu/H-i686-pc-linux-gnu/bin/../lib/gcc/nios2-elf/4.1.2/libgcc.a(_eq_df.o)
                0x00c0e710                __eqdf2
 .text          0x00c0e798       0x88 /usr/local/3rdparty/altera/quartus12/nios2eds/bin/gnu/H-i686-pc-linux-gnu/bin/../lib/gcc/nios2-elf/4.1.2/libgcc.a(_ne_df.o)
                0x00c0e798                __nedf2
 .text          0x00c0e820       0x88 /usr/local/3rdparty/altera/quartus12/nios2eds/bin/gnu/H-i686-pc-linux-gnu/bin/../lib/gcc/nios2-elf/4.1.2/libgcc.a(_gt_df.o)
                0x00c0e820                __gtdf2
 .text          0x00c0e8a8       0x88 /usr/local/3rdparty/altera/quartus12/nios2eds/bin/gnu/H-i686-pc-linux-gnu/bin/../lib/gcc/nios2-elf/4.1.2/libgcc.a(_ge_df.o)
                0x00c0e8a8                __gedf2
 .text          0x00c0e930       0x88 /usr/local/3rdparty/altera/quartus12/nios2eds/bin/gnu/H-i686-pc-linux-gnu/bin/../lib/gcc/nios2-elf/4.1.2/libgcc.a(_lt_df.o)
                0x00c0e930                __ltdf2
 .text          0x00c0e9b8       0xf8 /usr/local/3rdparty/altera/quartus12/nios2eds/bin/gnu/H-i686-pc-linux-gnu/bin/../lib/gcc/nios2-elf/4.1.2/libgcc.a(_si_to_df.o)
                0x00c0e9b8                __floatsidf
 .text          0x00c0eab0       0xd8 /usr/local/3rdparty/altera/quartus12/nios2eds/bin/gnu/H-i686-pc-linux-gnu/bin/../lib/gcc/nios2-elf/4.1.2/libgcc.a(_df_to_si.o)
                0x00c0eab0                __fixdfsi
 .text          0x00c0eb88        0x0 /usr/local/3rdparty/altera/quartus12/nios2eds/bin/gnu/H-i686-pc-linux-gnu/bin/../lib/gcc/nios2-elf/4.1.2/libgcc.a(_thenan_df.o)
 .text          0x00c0eb88      0x14c /usr/local/3rdparty/altera/quartus12/nios2eds/bin/gnu/H-i686-pc-linux-gnu/bin/../lib/gcc/nios2-elf/4.1.2/libgcc.a(lib2-divmod.o)
                0x00c0ec04                __divsi3
                0x00c0ec64                __modsi3
                0x00c0ecc4                __udivsi3
                0x00c0eccc                __umodsi3
 .text          0x00c0ecd4      0x138 /usr/local/3rdparty/altera/quartus12/nios2eds/bin/gnu/H-i686-pc-linux-gnu/bin/../lib/gcc/nios2-elf/4.1.2/libgcc.a(_unpack_df.o)
                0x00c0ecd4                __unpack_d
 .text          0x00c0ee0c       0xc8 /usr/local/3rdparty/altera/quartus12/nios2eds/bin/gnu/H-i686-pc-linux-gnu/bin/../lib/gcc/nios2-elf/4.1.2/libgcc.a(_fpcmp_parts_df.o)
                0x00c0ee0c                __fpcmp_parts_d
 .text          0x00c0eed4      0x15c ../Lab4_bsp//libhal_bsp.a(alt_close.o)
                0x00c0eed4                close
 .text          0x00c0f030       0x2c ../Lab4_bsp//libhal_bsp.a(alt_dev.o)
 .text          0x00c0f05c        0x0 ../Lab4_bsp//libhal_bsp.a(alt_errno.o)
 .text          0x00c0f05c      0x134 ../Lab4_bsp//libhal_bsp.a(alt_fstat.o)
                0x00c0f05c                fstat
 .text          0x00c0f190      0x208 ../Lab4_bsp//libhal_bsp.a(alt_gettod.o)
                0x00c0f190                gettimeofday
 .text          0x00c0f398      0x120 ../Lab4_bsp//libhal_bsp.a(alt_isatty.o)
                0x00c0f398                isatty
 .text          0x00c0f4b8       0xec ../Lab4_bsp//libhal_bsp.a(alt_load.o)
                0x00c0f4b8                alt_load
 .text          0x00c0f5a4      0x150 ../Lab4_bsp//libhal_bsp.a(alt_lseek.o)
                0x00c0f5a4                lseek
 .text          0x00c0f6f4       0x6c ../Lab4_bsp//libhal_bsp.a(alt_main.o)
                0x00c0f6f4                alt_main
 .text          0x00c0f760       0x40 ../Lab4_bsp//libhal_bsp.a(alt_malloc_lock.o)
                0x00c0f760                __malloc_lock
                0x00c0f780                __malloc_unlock
 .text          0x00c0f7a0      0x2c4 ../Lab4_bsp//libhal_bsp.a(alt_open.o)
                0x00c0f87c                open
 .text          0x00c0fa64      0x180 ../Lab4_bsp//libhal_bsp.a(alt_read.o)
                0x00c0fa64                read
 .text          0x00c0fbe4       0x60 ../Lab4_bsp//libhal_bsp.a(alt_release_fd.o)
                0x00c0fbe4                alt_release_fd
 .text          0x00c0fc44       0xbc ../Lab4_bsp//libhal_bsp.a(alt_sbrk.o)
                0x00c0fc44                sbrk
 .text          0x00c0fd00      0x1a4 ../Lab4_bsp//libhal_bsp.a(alt_tick.o)
                0x00c0fd00                alt_alarm_stop
                0x00c0fd98                alt_tick
 .text          0x00c0fea4      0x180 ../Lab4_bsp//libhal_bsp.a(alt_write.o)
                0x00c0fea4                write
 .text          0x00c10024      0x3cc ../Lab4_bsp//libhal_bsp.a(alt_sys_init.o)
                0x00c10024                alt_irq_init
                0x00c10058                alt_sys_init
 .text          0x00c103f0      0x8d8 ../Lab4_bsp//libhal_bsp.a(altera_avalon_cfi_flash.o)
                0x00c103f0                alt_flash_cfi_init
                0x00c104c4                alt_flash_cfi_write
                0x00c10784                alt_flash_cfi_get_info
                0x00c10814                alt_flash_cfi_read
                0x00c1087c                alt_write_value_to_flash
                0x00c109e0                alt_flash_program_block
 .text          0x00c10cc8     0x1448 ../Lab4_bsp//libhal_bsp.a(altera_avalon_cfi_flash_table.o)
                0x00c10cc8                alt_read_query_entry_8bit
                0x00c10d08                alt_read_query_entry_16bit
                0x00c10d4c                alt_read_query_entry_32bit
                0x00c10d94                alt_write_flash_command_8bit_device_8bit_mode
                0x00c10dd0                alt_write_flash_command_16bit_device_8bit_mode
                0x00c10e4c                alt_write_flash_command_32bit_device_8bit_mode
                0x00c10e94                alt_write_flash_command_16bit_device_16bit_mode
                0x00c10ed8                alt_write_flash_command_32bit_device_16bit_mode
                0x00c10f20                alt_write_flash_command_32bit_device_32bit_mode
                0x00c10f68                alt_write_native_8bit
                0x00c10f9c                alt_write_native_16bit
                0x00c10fd0                alt_write_native_32bit
                0x00c11000                alt_set_flash_width_func
                0x00c111e0                alt_set_flash_algorithm_func
                0x00c11308                alt_read_cfi_table
                0x00c11888                alt_read_cfi_width
                0x00c12034                alt_check_primary_table
 .text          0x00c12110      0x148 ../Lab4_bsp//libhal_bsp.a(altera_avalon_jtag_uart_fd.o)
                0x00c12110                altera_avalon_jtag_uart_read_fd
                0x00c12168                altera_avalon_jtag_uart_write_fd
                0x00c121c0                altera_avalon_jtag_uart_close_fd
                0x00c12208                altera_avalon_jtag_uart_ioctl_fd
 .text          0x00c12258      0x40c ../Lab4_bsp//libhal_bsp.a(altera_avalon_jtag_uart_init.o)
                0x00c12258                altera_avalon_jtag_uart_init
                0x00c125f0                altera_avalon_jtag_uart_close
 .text          0x00c12664       0xf4 ../Lab4_bsp//libhal_bsp.a(altera_avalon_jtag_uart_ioctl.o)
                0x00c12664                altera_avalon_jtag_uart_ioctl
 .text          0x00c12758      0x224 ../Lab4_bsp//libhal_bsp.a(altera_avalon_jtag_uart_read.o)
                0x00c12758                altera_avalon_jtag_uart_read
 .text          0x00c1297c      0x240 ../Lab4_bsp//libhal_bsp.a(altera_avalon_jtag_uart_write.o)
                0x00c1297c                altera_avalon_jtag_uart_write
 .text          0x00c12bbc      0xee0 ../Lab4_bsp//libhal_bsp.a(altera_avalon_lcd_16207.o)
                0x00c13390                altera_avalon_lcd_16207_write
                0x00c13960                altera_avalon_lcd_16207_init
 .text          0x00c13a9c       0x58 ../Lab4_bsp//libhal_bsp.a(altera_avalon_lcd_16207_fd.o)
                0x00c13a9c                altera_avalon_lcd_16207_write_fd
 .text          0x00c13af4      0x528 ../Lab4_bsp//libhal_bsp.a(altera_avalon_mailbox.o)
                0x00c13af4                alt_avalon_mailbox_init
                0x00c13d18                altera_avalon_mailbox_open
                0x00c13d70                altera_avalon_mailbox_close
                0x00c13d90                altera_avalon_mailbox_post
                0x00c13e9c                altera_avalon_mailbox_pend
                0x00c13f44                altera_avalon_mailbox_get
 .text          0x00c1401c      0x304 ../Lab4_bsp//libhal_bsp.a(altera_avalon_mutex.o)
                0x00c14098                altera_avalon_mutex_open
                0x00c14150                altera_avalon_mutex_close
                0x00c14170                altera_avalon_mutex_lock
                0x00c141b0                altera_avalon_mutex_trylock
                0x00c141f0                altera_avalon_mutex_unlock
                0x00c1424c                altera_avalon_mutex_is_mine
                0x00c142c8                altera_avalon_mutex_first_lock
 .text          0x00c14320      0x188 ../Lab4_bsp//libhal_bsp.a(altera_avalon_performance_counter.o)
                0x00c14320                perf_get_section_time
                0x00c143d0                perf_get_total_time
                0x00c14424                perf_get_num_starts
                0x00c14464                alt_get_performance_counter_base
                0x00c14484                alt_get_cpu_freq
 .text          0x00c144a8      0xb70 ../Lab4_bsp//libhal_bsp.a(altera_ro_zipfs.o)
                0x00c1471c                check_directory_header
                0x00c14c74                alt_ro_zipfs_open
                0x00c14d0c                alt_ro_zipfs_read
                0x00c14e08                alt_ro_zipfs_seek
                0x00c14f50                alt_ro_zipfs_fstat
                0x00c14fc0                alt_ro_zipfs_check_valid
 .text          0x00c15018      0x304 ../Lab4_bsp//libhal_bsp.a(altera_up_avalon_video_character_buffer_with_dma.o)
                0x00c15018                alt_up_char_buffer_init
                0x00c1509c                alt_up_char_buffer_open_dev
                0x00c150dc                alt_up_char_buffer_draw
                0x00c151ac                alt_up_char_buffer_string
                0x00c152c0                alt_up_char_buffer_clear
 .text          0x00c1531c     0x156c ../Lab4_bsp//libhal_bsp.a(altera_up_avalon_video_pixel_buffer_dma.o)
                0x00c1531c                alt_up_pixel_buffer_dma_open_dev
                0x00c1535c                alt_up_pixel_buffer_dma_draw
                0x00c154fc                alt_up_pixel_buffer_dma_change_back_buffer_address
                0x00c15554                alt_up_pixel_buffer_dma_swap_buffers
                0x00c155ac                alt_up_pixel_buffer_dma_check_swap_buffers_status
                0x00c155e0                alt_up_pixel_buffer_dma_clear_screen
                0x00c15744                alt_up_pixel_buffer_dma_draw_box
                0x00c15c38                alt_up_pixel_buffer_dma_draw_hline
                0x00c15f88                alt_up_pixel_buffer_dma_draw_vline
                0x00c16358                alt_up_pixel_buffer_dma_draw_rectangle
                0x00c1641c                helper_plot_pixel
                0x00c164ec                alt_up_pixel_buffer_dma_draw_line
 .text          0x00c16888      0x154 ../Lab4_bsp//libhal_bsp.a(alt_alarm_start.o)
                0x00c16888                alt_alarm_start
 .text          0x00c169dc       0x78 ../Lab4_bsp//libhal_bsp.a(alt_dcache_flush.o)
                0x00c169dc                alt_dcache_flush
 .text          0x00c16a54       0x44 ../Lab4_bsp//libhal_bsp.a(alt_dcache_flush_all.o)
                0x00c16a54                alt_dcache_flush_all
 .text          0x00c16a98      0x114 ../Lab4_bsp//libhal_bsp.a(alt_dev_llist_insert.o)
                0x00c16a98                alt_dev_llist_insert
 .text          0x00c16bac       0x64 ../Lab4_bsp//libhal_bsp.a(alt_do_ctors.o)
                0x00c16bac                _do_ctors
 .text          0x00c16c10       0x64 ../Lab4_bsp//libhal_bsp.a(alt_do_dtors.o)
                0x00c16c10                _do_dtors
 .text          0x00c16c74       0x94 ../Lab4_bsp//libhal_bsp.a(alt_find_dev.o)
                0x00c16c74                alt_find_dev
 .text          0x00c16d08      0x120 ../Lab4_bsp//libhal_bsp.a(alt_find_file.o)
                0x00c16d08                alt_find_file
 .text          0x00c16e28       0xd0 ../Lab4_bsp//libhal_bsp.a(alt_flash_dev.o)
                0x00c16e28                alt_flash_open_dev
                0x00c16ea4                alt_flash_close_dev
 .text          0x00c16ef8       0x90 ../Lab4_bsp//libhal_bsp.a(alt_fs_reg.o)
                0x00c16ef8                alt_fs_reg
 .text          0x00c16f88       0xb8 ../Lab4_bsp//libhal_bsp.a(alt_get_fd.o)
                0x00c16f88                alt_get_fd
 .text          0x00c17040       0x30 ../Lab4_bsp//libhal_bsp.a(alt_icache_flush_all.o)
                0x00c17040                alt_icache_flush_all
 .text          0x00c17070      0x1d4 ../Lab4_bsp//libhal_bsp.a(alt_iic.o)
                0x00c17070                alt_ic_isr_register
                0x00c170c0                alt_ic_irq_enable
                0x00c1715c                alt_ic_irq_disable
                0x00c171fc                alt_ic_irq_enabled
 .text          0x00c17244       0xf8 ../Lab4_bsp//libhal_bsp.a(alt_iic_isr_register.o)
                0x00c17244                alt_iic_isr_register
 .text          0x00c1733c      0x13c ../Lab4_bsp//libhal_bsp.a(alt_io_redirect.o)
                0x00c17400                alt_io_redirect
 .text          0x00c17478        0x0 ../Lab4_bsp//libhal_bsp.a(alt_irq_entry.o)
 .text          0x00c17478        0x0 ../Lab4_bsp//libhal_bsp.a(alt_irq_handler.o)
 .text          0x00c17478        0x0 ../Lab4_bsp//libhal_bsp.a(alt_irq_vars.o)
 .text          0x00c17478       0x30 ../Lab4_bsp//libhal_bsp.a(alt_usleep.o)
                0x00c17478                usleep
 .text          0x00c174a8       0x20 ../Lab4_bsp//libhal_bsp.a(altera_nios2_irq.o)
                0x00c174a8                altera_nios2_irq_init
 .text          0x00c174c8      0x460 ../Lab4_bsp//libhal_bsp.a(altera_avalon_cfi_flash_amd.o)
                0x00c174c8                alt_program_amd
                0x00c17530                alt_erase_block_amd
 .text          0x00c17928      0x460 ../Lab4_bsp//libhal_bsp.a(altera_avalon_cfi_flash_intel.o)
                0x00c17928                alt_program_intel
                0x00c179ac                alt_erase_block_intel
 .text          0x00c17d88      0x12c ../Lab4_bsp//libhal_bsp.a(alt_busy_sleep.o)
                0x00c17d88                alt_busy_sleep
 .text          0x00c17eb4        0x0 ../Lab4_bsp//libhal_bsp.a(alt_exception_entry.o)
 .text          0x00c17eb4       0x90 ../Lab4_bsp//libhal_bsp.a(alt_icache_flush.o)
                0x00c17eb4                alt_icache_flush
 .text          0x00c17f44       0x14 /usr/local/3rdparty/altera/quartus12/nios2eds/bin/gnu/H-i686-pc-linux-gnu/bin/../lib/gcc/nios2-elf/4.1.2/../../../../nios2-elf/lib/libc.a(lib_a-atexit.o)
                0x00c17f44                atexit
 .text          0x00c17f58        0x0 /usr/local/3rdparty/altera/quartus12/nios2eds/bin/gnu/H-i686-pc-linux-gnu/bin/../lib/gcc/nios2-elf/4.1.2/../../../../nios2-elf/lib/libc.a(lib_a-ctype_.o)
 .text          0x00c17f58       0x38 /usr/local/3rdparty/altera/quartus12/nios2eds/bin/gnu/H-i686-pc-linux-gnu/bin/../lib/gcc/nios2-elf/4.1.2/../../../../nios2-elf/lib/libc.a(lib_a-exit.o)
                0x00c17f58                exit
 .text          0x00c17f90       0x74 /usr/local/3rdparty/altera/quartus12/nios2eds/bin/gnu/H-i686-pc-linux-gnu/bin/../lib/gcc/nios2-elf/4.1.2/../../../../nios2-elf/lib/libc.a(lib_a-memcmp.o)
                0x00c17f90                memcmp
 .text          0x00c18004       0xf0 /usr/local/3rdparty/altera/quartus12/nios2eds/bin/gnu/H-i686-pc-linux-gnu/bin/../lib/gcc/nios2-elf/4.1.2/../../../../nios2-elf/lib/libc.a(lib_a-strncmp.o)
                0x00c18004                strncmp
 .text          0x00c180f4      0x134 /usr/local/3rdparty/altera/quartus12/nios2eds/bin/gnu/H-i686-pc-linux-gnu/bin/../lib/gcc/nios2-elf/4.1.2/../../../../nios2-elf/lib/libc.a(lib_a-__atexit.o)
                0x00c180f4                __register_exitproc
 .text          0x00c18228      0x1b4 /usr/local/3rdparty/altera/quartus12/nios2eds/bin/gnu/H-i686-pc-linux-gnu/bin/../lib/gcc/nios2-elf/4.1.2/../../../../nios2-elf/lib/libc.a(lib_a-__call_atexit.o)
                0x00c1822c                __call_exitprocs
 .text          0x00c183dc       0x60 ../Lab4_bsp//libhal_bsp.a(alt_exit.o)
                0x00c1841c                _exit
 *(.gnu.warning.*)
 *(.fini)
                0x00c1843c                PROVIDE (__etext, ABSOLUTE (.))
                0x00c1843c                PROVIDE (_etext, ABSOLUTE (.))
                0x00c1843c                PROVIDE (etext, ABSOLUTE (.))
 *(.eh_frame_hdr)
                0x00c1843c                . = ALIGN (0x4)
                0x00c1843c                PROVIDE (__preinit_array_start, ABSOLUTE (.))
 *(.preinit_array)
                0x00c1843c                PROVIDE (__preinit_array_end, ABSOLUTE (.))
                0x00c1843c                PROVIDE (__init_array_start, ABSOLUTE (.))
 *(.init_array)
                0x00c1843c                PROVIDE (__init_array_end, ABSOLUTE (.))
                0x00c1843c                PROVIDE (__fini_array_start, ABSOLUTE (.))
 *(.fini_array)
                0x00c1843c                PROVIDE (__fini_array_end, ABSOLUTE (.))
 *(.eh_frame)
 .eh_frame      0x00c1843c       0x40 /usr/local/3rdparty/altera/quartus12/nios2eds/bin/gnu/H-i686-pc-linux-gnu/bin/../lib/gcc/nios2-elf/4.1.2/libgcc.a(_udivdi3.o)
 .eh_frame      0x00c1847c       0x2c /usr/local/3rdparty/altera/quartus12/nios2eds/bin/gnu/H-i686-pc-linux-gnu/bin/../lib/gcc/nios2-elf/4.1.2/libgcc.a(_umoddi3.o)
                                 0x40 (size before relaxing)
 *(.gcc_except_table)
 *(.dynamic)
                0x00c184a8                PROVIDE (__CTOR_LIST__, ABSOLUTE (.))
 *(.ctors)
 *(SORT(.ctors.*))
 .ctors.65535   0x00c184a8        0x4 /usr/local/3rdparty/altera/quartus12/nios2eds/bin/gnu/H-i686-pc-linux-gnu/bin/../lib/gcc/nios2-elf/4.1.2/../../../../nios2-elf/lib/libc.a(lib_a-__call_atexit.o)
                0x00c184ac                PROVIDE (__CTOR_END__, ABSOLUTE (.))
                0x00c184ac                PROVIDE (__DTOR_LIST__, ABSOLUTE (.))
 *(.dtors)
 *(SORT(.dtors.*))
                0x00c184ac                PROVIDE (__DTOR_END__, ABSOLUTE (.))
 *(.jcr)
                0x00c184ac                . = ALIGN (0x4)

.rodata         0x00c184ac     0x1554
                0x00c184ac                PROVIDE (__ram_rodata_start, ABSOLUTE (.))
                0x00c184ac                . = ALIGN (0x4)
 *(.rodata .rodata.* .gnu.linkonce.r.*)
 .rodata        0x00c184ac       0x28 obj/default/LightsFunctions.o
 .rodata.str1.4
                0x00c184d4      0x146 obj/default/Project.o
                                0x148 (size before relaxing)
 *fill*         0x00c1861a        0x2 00
 .rodata.str1.4
                0x00c1861c      0x172 obj/default/VideoFunctions.o
                                0x174 (size before relaxing)
 *fill*         0x00c1878e        0x2 00
 .rodata        0x00c18790      0x398 /usr/local/3rdparty/altera/quartus12/nios2eds/bin/gnu/H-i686-pc-linux-gnu/bin/../lib/gcc/nios2-elf/4.1.2/../../../../nios2-elf/lib/libm.a(lib_a-ef_rem_pio2.o)
 .rodata        0x00c18b28       0x38 /usr/local/3rdparty/altera/quartus12/nios2eds/bin/gnu/H-i686-pc-linux-gnu/bin/../lib/gcc/nios2-elf/4.1.2/../../../../nios2-elf/lib/libm.a(lib_a-kf_rem_pio2.o)
 .rodata        0x00c18b60       0x10 /usr/local/3rdparty/altera/quartus12/nios2eds/bin/gnu/H-i686-pc-linux-gnu/bin/../lib/gcc/nios2-elf/4.1.2/libgcc.a(_thenan_sf.o)
                0x00c18b60                __thenan_sf
 .rodata        0x00c18b70      0x100 /usr/local/3rdparty/altera/quartus12/nios2eds/bin/gnu/H-i686-pc-linux-gnu/bin/../lib/gcc/nios2-elf/4.1.2/libgcc.a(_clz.o)
                0x00c18b70                __clz_tab
 .rodata.str1.4
                0x00c18c70        0x2 /usr/local/3rdparty/altera/quartus12/nios2eds/bin/gnu/H-i686-pc-linux-gnu/bin/../lib/gcc/nios2-elf/4.1.2/../../../../nios2-elf/lib/libc.a(lib_a-impure.o)
                                  0x4 (size before relaxing)
 *fill*         0x00c18c72        0x2 00
 .rodata.str1.4
                0x00c18c74        0x3 /usr/local/3rdparty/altera/quartus12/nios2eds/bin/gnu/H-i686-pc-linux-gnu/bin/../lib/gcc/nios2-elf/4.1.2/../../../../nios2-elf/lib/libc.a(lib_a-perror.o)
                                  0x4 (size before relaxing)
 .rodata.str1.4
                0x00000000        0x3 /usr/local/3rdparty/altera/quartus12/nios2eds/bin/gnu/H-i686-pc-linux-gnu/bin/../lib/gcc/nios2-elf/4.1.2/../../../../nios2-elf/lib/libc.a(lib_a-puts.o)
                                  0x4 (size before relaxing)
 *fill*         0x00c18c77        0x1 00
 .rodata.str1.4
                0x00c18c78      0x7a2 /usr/local/3rdparty/altera/quartus12/nios2eds/bin/gnu/H-i686-pc-linux-gnu/bin/../lib/gcc/nios2-elf/4.1.2/../../../../nios2-elf/lib/libc.a(lib_a-strerror.o)
                                0x7a8 (size before relaxing)
 *fill*         0x00c1941a        0x2 00
 .rodata.str1.4
                0x00c1941c       0x5a /usr/local/3rdparty/altera/quartus12/nios2eds/bin/gnu/H-i686-pc-linux-gnu/bin/../lib/gcc/nios2-elf/4.1.2/../../../../nios2-elf/lib/libc.a(lib_a-vfprintf.o)
                                 0x60 (size before relaxing)
 .rodata        0x00c19476       0x20 /usr/local/3rdparty/altera/quartus12/nios2eds/bin/gnu/H-i686-pc-linux-gnu/bin/../lib/gcc/nios2-elf/4.1.2/../../../../nios2-elf/lib/libc.a(lib_a-vfprintf.o)
 *fill*         0x00c19496        0x2 00
 .rodata.str1.4
                0x00c19498       0x10 /usr/local/3rdparty/altera/quartus12/nios2eds/bin/gnu/H-i686-pc-linux-gnu/bin/../lib/gcc/nios2-elf/4.1.2/../../../../nios2-elf/lib/libc.a(lib_a-dtoa.o)
                                 0x14 (size before relaxing)
 .rodata.str1.4
                0x00c194a8        0xc /usr/local/3rdparty/altera/quartus12/nios2eds/bin/gnu/H-i686-pc-linux-gnu/bin/../lib/gcc/nios2-elf/4.1.2/../../../../nios2-elf/lib/libc.a(lib_a-locale.o)
                                 0x18 (size before relaxing)
 .rodata        0x00c194b4       0x30 /usr/local/3rdparty/altera/quartus12/nios2eds/bin/gnu/H-i686-pc-linux-gnu/bin/../lib/gcc/nios2-elf/4.1.2/../../../../nios2-elf/lib/libc.a(lib_a-locale.o)
 .rodata        0x00c194e4      0x124 /usr/local/3rdparty/altera/quartus12/nios2eds/bin/gnu/H-i686-pc-linux-gnu/bin/../lib/gcc/nios2-elf/4.1.2/../../../../nios2-elf/lib/libc.a(lib_a-mprec.o)
                0x00c194e4                __mprec_tens
                0x00c195ac                __mprec_bigtens
                0x00c195d4                __mprec_tinytens
 .rodata        0x00c19608       0x14 /usr/local/3rdparty/altera/quartus12/nios2eds/bin/gnu/H-i686-pc-linux-gnu/bin/../lib/gcc/nios2-elf/4.1.2/libgcc.a(_thenan_df.o)
                0x00c19608                __thenan_df
 .rodata        0x00c1961c        0xc ../Lab4_bsp//libhal_bsp.a(alt_dev.o)
 .rodata        0x00c19628       0x14 ../Lab4_bsp//libhal_bsp.a(alt_main.o)
 .rodata        0x00c1963c      0x124 ../Lab4_bsp//libhal_bsp.a(alt_sys_init.o)
 .rodata        0x00c19760       0x1c ../Lab4_bsp//libhal_bsp.a(altera_up_avalon_video_character_buffer_with_dma.o)
 .rodata        0x00c1977c      0x281 /usr/local/3rdparty/altera/quartus12/nios2eds/bin/gnu/H-i686-pc-linux-gnu/bin/../lib/gcc/nios2-elf/4.1.2/../../../../nios2-elf/lib/libc.a(lib_a-ctype_.o)
                0x00c1977c                _ctype_
 *(.rodata1)
                0x00c19a00                . = ALIGN (0x4)
 *fill*         0x00c199fd        0x3 00
                0x00c19a00                PROVIDE (__ram_rodata_end, ABSOLUTE (.))
                0x00c184ac                PROVIDE (__flash_rodata_start, LOADADDR (.rodata))

.rwdata         0x00c19a00     0x1dc4 load address 0x00c1b7c4
                0x00c19a00                PROVIDE (__ram_rwdata_start, ABSOLUTE (.))
                0x00c19a00                . = ALIGN (0x4)
 *(.got.plt)
 *(.got)
 *(.data1)
 *(.data .data.* .gnu.linkonce.d.*)
 .data          0x00c19a00        0x0 ../Lab4_bsp//obj/HAL/src/crt0.o
 .data          0x00c19a00        0xb obj/default/LightsFunctions.o
                0x00c19a00                sevenSegmentDisplay
 .data          0x00c19a0b        0x0 obj/default/Project.o
 .data          0x00c19a0b        0x0 obj/default/VideoFunctions.o
 .data          0x00c19a0b        0x0 /usr/local/3rdparty/altera/quartus12/nios2eds/bin/gnu/H-i686-pc-linux-gnu/bin/../lib/gcc/nios2-elf/4.1.2/../../../../nios2-elf/lib/libm.a(lib_a-sf_cos.o)
 .data          0x00c19a0b        0x0 /usr/local/3rdparty/altera/quartus12/nios2eds/bin/gnu/H-i686-pc-linux-gnu/bin/../lib/gcc/nios2-elf/4.1.2/../../../../nios2-elf/lib/libm.a(lib_a-sf_floor.o)
 .data          0x00c19a0b        0x0 /usr/local/3rdparty/altera/quartus12/nios2eds/bin/gnu/H-i686-pc-linux-gnu/bin/../lib/gcc/nios2-elf/4.1.2/../../../../nios2-elf/lib/libm.a(lib_a-sf_round.o)
 .data          0x00c19a0b        0x0 /usr/local/3rdparty/altera/quartus12/nios2eds/bin/gnu/H-i686-pc-linux-gnu/bin/../lib/gcc/nios2-elf/4.1.2/../../../../nios2-elf/lib/libm.a(lib_a-sf_sin.o)
 .data          0x00c19a0b        0x0 /usr/local/3rdparty/altera/quartus12/nios2eds/bin/gnu/H-i686-pc-linux-gnu/bin/../lib/gcc/nios2-elf/4.1.2/../../../../nios2-elf/lib/libm.a(lib_a-ef_rem_pio2.o)
 .data          0x00c19a0b        0x0 /usr/local/3rdparty/altera/quartus12/nios2eds/bin/gnu/H-i686-pc-linux-gnu/bin/../lib/gcc/nios2-elf/4.1.2/../../../../nios2-elf/lib/libm.a(lib_a-kf_cos.o)
 .data          0x00c19a0b        0x0 /usr/local/3rdparty/altera/quartus12/nios2eds/bin/gnu/H-i686-pc-linux-gnu/bin/../lib/gcc/nios2-elf/4.1.2/../../../../nios2-elf/lib/libm.a(lib_a-kf_rem_pio2.o)
 .data          0x00c19a0b        0x0 /usr/local/3rdparty/altera/quartus12/nios2eds/bin/gnu/H-i686-pc-linux-gnu/bin/../lib/gcc/nios2-elf/4.1.2/../../../../nios2-elf/lib/libm.a(lib_a-kf_sin.o)
 .data          0x00c19a0b        0x0 /usr/local/3rdparty/altera/quartus12/nios2eds/bin/gnu/H-i686-pc-linux-gnu/bin/../lib/gcc/nios2-elf/4.1.2/../../../../nios2-elf/lib/libm.a(lib_a-sf_fabs.o)
 .data          0x00c19a0b        0x0 /usr/local/3rdparty/altera/quartus12/nios2eds/bin/gnu/H-i686-pc-linux-gnu/bin/../lib/gcc/nios2-elf/4.1.2/../../../../nios2-elf/lib/libm.a(lib_a-sf_scalbn.o)
 .data          0x00c19a0b        0x0 /usr/local/3rdparty/altera/quartus12/nios2eds/bin/gnu/H-i686-pc-linux-gnu/bin/../lib/gcc/nios2-elf/4.1.2/../../../../nios2-elf/lib/libm.a(lib_a-sf_copysign.o)
 .data          0x00c19a0b        0x0 /usr/local/3rdparty/altera/quartus12/nios2eds/bin/gnu/H-i686-pc-linux-gnu/bin/../lib/gcc/nios2-elf/4.1.2/libgcc.a(_addsub_sf.o)
 .data          0x00c19a0b        0x0 /usr/local/3rdparty/altera/quartus12/nios2eds/bin/gnu/H-i686-pc-linux-gnu/bin/../lib/gcc/nios2-elf/4.1.2/libgcc.a(_mul_sf.o)
 .data          0x00c19a0b        0x0 /usr/local/3rdparty/altera/quartus12/nios2eds/bin/gnu/H-i686-pc-linux-gnu/bin/../lib/gcc/nios2-elf/4.1.2/libgcc.a(_eq_sf.o)
 .data          0x00c19a0b        0x0 /usr/local/3rdparty/altera/quartus12/nios2eds/bin/gnu/H-i686-pc-linux-gnu/bin/../lib/gcc/nios2-elf/4.1.2/libgcc.a(_gt_sf.o)
 .data          0x00c19a0b        0x0 /usr/local/3rdparty/altera/quartus12/nios2eds/bin/gnu/H-i686-pc-linux-gnu/bin/../lib/gcc/nios2-elf/4.1.2/libgcc.a(_ge_sf.o)
 .data          0x00c19a0b        0x0 /usr/local/3rdparty/altera/quartus12/nios2eds/bin/gnu/H-i686-pc-linux-gnu/bin/../lib/gcc/nios2-elf/4.1.2/libgcc.a(_lt_sf.o)
 .data          0x00c19a0b        0x0 /usr/local/3rdparty/altera/quartus12/nios2eds/bin/gnu/H-i686-pc-linux-gnu/bin/../lib/gcc/nios2-elf/4.1.2/libgcc.a(_si_to_sf.o)
 .data          0x00c19a0b        0x0 /usr/local/3rdparty/altera/quartus12/nios2eds/bin/gnu/H-i686-pc-linux-gnu/bin/../lib/gcc/nios2-elf/4.1.2/libgcc.a(_sf_to_si.o)
 .data          0x00c19a0b        0x0 /usr/local/3rdparty/altera/quartus12/nios2eds/bin/gnu/H-i686-pc-linux-gnu/bin/../lib/gcc/nios2-elf/4.1.2/libgcc.a(_thenan_sf.o)
 .data          0x00c19a0b        0x0 /usr/local/3rdparty/altera/quartus12/nios2eds/bin/gnu/H-i686-pc-linux-gnu/bin/../lib/gcc/nios2-elf/4.1.2/libgcc.a(_usi_to_df.o)
 .data          0x00c19a0b        0x0 /usr/local/3rdparty/altera/quartus12/nios2eds/bin/gnu/H-i686-pc-linux-gnu/bin/../lib/gcc/nios2-elf/4.1.2/libgcc.a(_muldi3.o)
 .data          0x00c19a0b        0x0 /usr/local/3rdparty/altera/quartus12/nios2eds/bin/gnu/H-i686-pc-linux-gnu/bin/../lib/gcc/nios2-elf/4.1.2/libgcc.a(_clzsi2.o)
 .data          0x00c19a0b        0x0 /usr/local/3rdparty/altera/quartus12/nios2eds/bin/gnu/H-i686-pc-linux-gnu/bin/../lib/gcc/nios2-elf/4.1.2/libgcc.a(_pack_sf.o)
 .data          0x00c19a0b        0x0 /usr/local/3rdparty/altera/quartus12/nios2eds/bin/gnu/H-i686-pc-linux-gnu/bin/../lib/gcc/nios2-elf/4.1.2/libgcc.a(_unpack_sf.o)
 .data          0x00c19a0b        0x0 /usr/local/3rdparty/altera/quartus12/nios2eds/bin/gnu/H-i686-pc-linux-gnu/bin/../lib/gcc/nios2-elf/4.1.2/libgcc.a(_fpcmp_parts_sf.o)
 .data          0x00c19a0b        0x0 /usr/local/3rdparty/altera/quartus12/nios2eds/bin/gnu/H-i686-pc-linux-gnu/bin/../lib/gcc/nios2-elf/4.1.2/libgcc.a(_pack_df.o)
 .data          0x00c19a0b        0x0 /usr/local/3rdparty/altera/quartus12/nios2eds/bin/gnu/H-i686-pc-linux-gnu/bin/../lib/gcc/nios2-elf/4.1.2/libgcc.a(_clz.o)
 .data          0x00c19a0b        0x0 /usr/local/3rdparty/altera/quartus12/nios2eds/bin/gnu/H-i686-pc-linux-gnu/bin/../lib/gcc/nios2-elf/4.1.2/../../../../nios2-elf/lib/libc.a(lib_a-fopen.o)
 .data          0x00c19a0b        0x0 /usr/local/3rdparty/altera/quartus12/nios2eds/bin/gnu/H-i686-pc-linux-gnu/bin/../lib/gcc/nios2-elf/4.1.2/../../../../nios2-elf/lib/libc.a(lib_a-fprintf.o)
 .data          0x00c19a0b        0x0 /usr/local/3rdparty/altera/quartus12/nios2eds/bin/gnu/H-i686-pc-linux-gnu/bin/../lib/gcc/nios2-elf/4.1.2/../../../../nios2-elf/lib/libc.a(lib_a-fread.o)
 .data          0x00c19a0b        0x0 /usr/local/3rdparty/altera/quartus12/nios2eds/bin/gnu/H-i686-pc-linux-gnu/bin/../lib/gcc/nios2-elf/4.1.2/../../../../nios2-elf/lib/libc.a(lib_a-freer.o)
 .data          0x00c19a0b        0x0 /usr/local/3rdparty/altera/quartus12/nios2eds/bin/gnu/H-i686-pc-linux-gnu/bin/../lib/gcc/nios2-elf/4.1.2/../../../../nios2-elf/lib/libc.a(lib_a-fseek.o)
 .data          0x00c19a0b        0x0 /usr/local/3rdparty/altera/quartus12/nios2eds/bin/gnu/H-i686-pc-linux-gnu/bin/../lib/gcc/nios2-elf/4.1.2/../../../../nios2-elf/lib/libc.a(lib_a-fstatr.o)
 .data          0x00c19a0b        0x0 /usr/local/3rdparty/altera/quartus12/nios2eds/bin/gnu/H-i686-pc-linux-gnu/bin/../lib/gcc/nios2-elf/4.1.2/../../../../nios2-elf/lib/libc.a(lib_a-fwrite.o)
 *fill*         0x00c19a0b        0x1 00
 .data          0x00c19a0c      0x400 /usr/local/3rdparty/altera/quartus12/nios2eds/bin/gnu/H-i686-pc-linux-gnu/bin/../lib/gcc/nios2-elf/4.1.2/../../../../nios2-elf/lib/libc.a(lib_a-impure.o)
 .data          0x00c19e0c        0x0 /usr/local/3rdparty/altera/quartus12/nios2eds/bin/gnu/H-i686-pc-linux-gnu/bin/../lib/gcc/nios2-elf/4.1.2/../../../../nios2-elf/lib/libc.a(lib_a-int_errno.o)
 .data          0x00c19e0c        0x0 /usr/local/3rdparty/altera/quartus12/nios2eds/bin/gnu/H-i686-pc-linux-gnu/bin/../lib/gcc/nios2-elf/4.1.2/../../../../nios2-elf/lib/libc.a(lib_a-makebuf.o)
 .data          0x00c19e0c        0x0 /usr/local/3rdparty/altera/quartus12/nios2eds/bin/gnu/H-i686-pc-linux-gnu/bin/../lib/gcc/nios2-elf/4.1.2/../../../../nios2-elf/lib/libc.a(lib_a-malloc.o)
 .data          0x00c19e0c      0x408 /usr/local/3rdparty/altera/quartus12/nios2eds/bin/gnu/H-i686-pc-linux-gnu/bin/../lib/gcc/nios2-elf/4.1.2/../../../../nios2-elf/lib/libc.a(lib_a-mallocr.o)
                0x00c19e0c                __malloc_av_
 .data          0x00c1a214        0x0 /usr/local/3rdparty/altera/quartus12/nios2eds/bin/gnu/H-i686-pc-linux-gnu/bin/../lib/gcc/nios2-elf/4.1.2/../../../../nios2-elf/lib/libc.a(lib_a-memcpy.o)
 .data          0x00c1a214        0x0 /usr/local/3rdparty/altera/quartus12/nios2eds/bin/gnu/H-i686-pc-linux-gnu/bin/../lib/gcc/nios2-elf/4.1.2/../../../../nios2-elf/lib/libc.a(lib_a-openr.o)
 .data          0x00c1a214        0x0 /usr/local/3rdparty/altera/quartus12/nios2eds/bin/gnu/H-i686-pc-linux-gnu/bin/../lib/gcc/nios2-elf/4.1.2/../../../../nios2-elf/lib/libc.a(lib_a-perror.o)
 .data          0x00c1a214        0x0 /usr/local/3rdparty/altera/quartus12/nios2eds/bin/gnu/H-i686-pc-linux-gnu/bin/../lib/gcc/nios2-elf/4.1.2/../../../../nios2-elf/lib/libc.a(lib_a-printf.o)
 .data          0x00c1a214        0x0 /usr/local/3rdparty/altera/quartus12/nios2eds/bin/gnu/H-i686-pc-linux-gnu/bin/../lib/gcc/nios2-elf/4.1.2/../../../../nios2-elf/lib/libc.a(lib_a-puts.o)
 .data          0x00c1a214        0x0 /usr/local/3rdparty/altera/quartus12/nios2eds/bin/gnu/H-i686-pc-linux-gnu/bin/../lib/gcc/nios2-elf/4.1.2/../../../../nios2-elf/lib/libc.a(lib_a-rand.o)
 .data          0x00c1a214        0x0 /usr/local/3rdparty/altera/quartus12/nios2eds/bin/gnu/H-i686-pc-linux-gnu/bin/../lib/gcc/nios2-elf/4.1.2/../../../../nios2-elf/lib/libc.a(lib_a-refill.o)
 .data          0x00c1a214        0x0 /usr/local/3rdparty/altera/quartus12/nios2eds/bin/gnu/H-i686-pc-linux-gnu/bin/../lib/gcc/nios2-elf/4.1.2/../../../../nios2-elf/lib/libc.a(lib_a-sbrkr.o)
 .data          0x00c1a214        0x0 /usr/local/3rdparty/altera/quartus12/nios2eds/bin/gnu/H-i686-pc-linux-gnu/bin/../lib/gcc/nios2-elf/4.1.2/../../../../nios2-elf/lib/libc.a(lib_a-sprintf.o)
 .data          0x00c1a214        0x0 /usr/local/3rdparty/altera/quartus12/nios2eds/bin/gnu/H-i686-pc-linux-gnu/bin/../lib/gcc/nios2-elf/4.1.2/../../../../nios2-elf/lib/libc.a(lib_a-stdio.o)
 .data          0x00c1a214        0x0 /usr/local/3rdparty/altera/quartus12/nios2eds/bin/gnu/H-i686-pc-linux-gnu/bin/../lib/gcc/nios2-elf/4.1.2/../../../../nios2-elf/lib/libc.a(lib_a-strerror.o)
 .data          0x00c1a214        0x0 /usr/local/3rdparty/altera/quartus12/nios2eds/bin/gnu/H-i686-pc-linux-gnu/bin/../lib/gcc/nios2-elf/4.1.2/../../../../nios2-elf/lib/libc.a(lib_a-strlen.o)
 .data          0x00c1a214        0x0 /usr/local/3rdparty/altera/quartus12/nios2eds/bin/gnu/H-i686-pc-linux-gnu/bin/../lib/gcc/nios2-elf/4.1.2/../../../../nios2-elf/lib/libc.a(lib_a-time.o)
 .data          0x00c1a214        0x0 /usr/local/3rdparty/altera/quartus12/nios2eds/bin/gnu/H-i686-pc-linux-gnu/bin/../lib/gcc/nios2-elf/4.1.2/../../../../nios2-elf/lib/libc.a(lib_a-u_strerr.o)
 .data          0x00c1a214        0x0 /usr/local/3rdparty/altera/quartus12/nios2eds/bin/gnu/H-i686-pc-linux-gnu/bin/../lib/gcc/nios2-elf/4.1.2/../../../../nios2-elf/lib/libc.a(lib_a-vfprintf.o)
 .data          0x00c1a214        0x0 /usr/local/3rdparty/altera/quartus12/nios2eds/bin/gnu/H-i686-pc-linux-gnu/bin/../lib/gcc/nios2-elf/4.1.2/../../../../nios2-elf/lib/libc.a(lib_a-writer.o)
 .data          0x00c1a214        0x0 /usr/local/3rdparty/altera/quartus12/nios2eds/bin/gnu/H-i686-pc-linux-gnu/bin/../lib/gcc/nios2-elf/4.1.2/../../../../nios2-elf/lib/libc.a(lib_a-wsetup.o)
 .data          0x00c1a214        0x0 /usr/local/3rdparty/altera/quartus12/nios2eds/bin/gnu/H-i686-pc-linux-gnu/bin/../lib/gcc/nios2-elf/4.1.2/../../../../nios2-elf/lib/libc.a(lib_a-closer.o)
 .data          0x00c1a214        0x0 /usr/local/3rdparty/altera/quartus12/nios2eds/bin/gnu/H-i686-pc-linux-gnu/bin/../lib/gcc/nios2-elf/4.1.2/../../../../nios2-elf/lib/libc.a(lib_a-dtoa.o)
 .data          0x00c1a214        0x0 /usr/local/3rdparty/altera/quartus12/nios2eds/bin/gnu/H-i686-pc-linux-gnu/bin/../lib/gcc/nios2-elf/4.1.2/../../../../nios2-elf/lib/libc.a(lib_a-fflush.o)
 .data          0x00c1a214        0x0 /usr/local/3rdparty/altera/quartus12/nios2eds/bin/gnu/H-i686-pc-linux-gnu/bin/../lib/gcc/nios2-elf/4.1.2/../../../../nios2-elf/lib/libc.a(lib_a-findfp.o)
 .data          0x00c1a214        0x0 /usr/local/3rdparty/altera/quartus12/nios2eds/bin/gnu/H-i686-pc-linux-gnu/bin/../lib/gcc/nios2-elf/4.1.2/../../../../nios2-elf/lib/libc.a(lib_a-flags.o)
 .data          0x00c1a214        0x0 /usr/local/3rdparty/altera/quartus12/nios2eds/bin/gnu/H-i686-pc-linux-gnu/bin/../lib/gcc/nios2-elf/4.1.2/../../../../nios2-elf/lib/libc.a(lib_a-fputc.o)
 .data          0x00c1a214        0x0 /usr/local/3rdparty/altera/quartus12/nios2eds/bin/gnu/H-i686-pc-linux-gnu/bin/../lib/gcc/nios2-elf/4.1.2/../../../../nios2-elf/lib/libc.a(lib_a-fputs.o)
 .data          0x00c1a214        0x0 /usr/local/3rdparty/altera/quartus12/nios2eds/bin/gnu/H-i686-pc-linux-gnu/bin/../lib/gcc/nios2-elf/4.1.2/../../../../nios2-elf/lib/libc.a(lib_a-fvwrite.o)
 .data          0x00c1a214        0x0 /usr/local/3rdparty/altera/quartus12/nios2eds/bin/gnu/H-i686-pc-linux-gnu/bin/../lib/gcc/nios2-elf/4.1.2/../../../../nios2-elf/lib/libc.a(lib_a-fwalk.o)
 .data          0x00c1a214        0x0 /usr/local/3rdparty/altera/quartus12/nios2eds/bin/gnu/H-i686-pc-linux-gnu/bin/../lib/gcc/nios2-elf/4.1.2/../../../../nios2-elf/lib/libc.a(lib_a-gettimeofdayr.o)
 .data          0x00c1a214        0x0 /usr/local/3rdparty/altera/quartus12/nios2eds/bin/gnu/H-i686-pc-linux-gnu/bin/../lib/gcc/nios2-elf/4.1.2/../../../../nios2-elf/lib/libc.a(lib_a-isattyr.o)
 .data          0x00c1a214        0xc /usr/local/3rdparty/altera/quartus12/nios2eds/bin/gnu/H-i686-pc-linux-gnu/bin/../lib/gcc/nios2-elf/4.1.2/../../../../nios2-elf/lib/libc.a(lib_a-locale.o)
                0x00c1a214                __lc_ctype
 .data          0x00c1a220        0x0 /usr/local/3rdparty/altera/quartus12/nios2eds/bin/gnu/H-i686-pc-linux-gnu/bin/../lib/gcc/nios2-elf/4.1.2/../../../../nios2-elf/lib/libc.a(lib_a-lseekr.o)
 .data          0x00c1a220        0x0 /usr/local/3rdparty/altera/quartus12/nios2eds/bin/gnu/H-i686-pc-linux-gnu/bin/../lib/gcc/nios2-elf/4.1.2/../../../../nios2-elf/lib/libc.a(lib_a-memchr.o)
 .data          0x00c1a220        0x0 /usr/local/3rdparty/altera/quartus12/nios2eds/bin/gnu/H-i686-pc-linux-gnu/bin/../lib/gcc/nios2-elf/4.1.2/../../../../nios2-elf/lib/libc.a(lib_a-memmove.o)
 .data          0x00c1a220        0x0 /usr/local/3rdparty/altera/quartus12/nios2eds/bin/gnu/H-i686-pc-linux-gnu/bin/../lib/gcc/nios2-elf/4.1.2/../../../../nios2-elf/lib/libc.a(lib_a-memset.o)
 .data          0x00c1a220        0x0 /usr/local/3rdparty/altera/quartus12/nios2eds/bin/gnu/H-i686-pc-linux-gnu/bin/../lib/gcc/nios2-elf/4.1.2/../../../../nios2-elf/lib/libc.a(lib_a-mprec.o)
 .data          0x00c1a220        0x0 /usr/local/3rdparty/altera/quartus12/nios2eds/bin/gnu/H-i686-pc-linux-gnu/bin/../lib/gcc/nios2-elf/4.1.2/../../../../nios2-elf/lib/libc.a(lib_a-putc.o)
 .data          0x00c1a220        0x0 /usr/local/3rdparty/altera/quartus12/nios2eds/bin/gnu/H-i686-pc-linux-gnu/bin/../lib/gcc/nios2-elf/4.1.2/../../../../nios2-elf/lib/libc.a(lib_a-readr.o)
 .data          0x00c1a220        0x0 /usr/local/3rdparty/altera/quartus12/nios2eds/bin/gnu/H-i686-pc-linux-gnu/bin/../lib/gcc/nios2-elf/4.1.2/../../../../nios2-elf/lib/libc.a(lib_a-reallocr.o)
 .data          0x00c1a220        0x0 /usr/local/3rdparty/altera/quartus12/nios2eds/bin/gnu/H-i686-pc-linux-gnu/bin/../lib/gcc/nios2-elf/4.1.2/../../../../nios2-elf/lib/libc.a(lib_a-s_isinfd.o)
 .data          0x00c1a220        0x0 /usr/local/3rdparty/altera/quartus12/nios2eds/bin/gnu/H-i686-pc-linux-gnu/bin/../lib/gcc/nios2-elf/4.1.2/../../../../nios2-elf/lib/libc.a(lib_a-s_isnand.o)
 .data          0x00c1a220        0x0 /usr/local/3rdparty/altera/quartus12/nios2eds/bin/gnu/H-i686-pc-linux-gnu/bin/../lib/gcc/nios2-elf/4.1.2/../../../../nios2-elf/lib/libc.a(lib_a-strcmp.o)
 .data          0x00c1a220        0x0 /usr/local/3rdparty/altera/quartus12/nios2eds/bin/gnu/H-i686-pc-linux-gnu/bin/../lib/gcc/nios2-elf/4.1.2/../../../../nios2-elf/lib/libc.a(lib_a-wbuf.o)
 .data          0x00c1a220        0x0 /usr/local/3rdparty/altera/quartus12/nios2eds/bin/gnu/H-i686-pc-linux-gnu/bin/../lib/gcc/nios2-elf/4.1.2/../../../../nios2-elf/lib/libc.a(lib_a-callocr.o)
 .data          0x00c1a220        0x0 /usr/local/3rdparty/altera/quartus12/nios2eds/bin/gnu/H-i686-pc-linux-gnu/bin/../lib/gcc/nios2-elf/4.1.2/../../../../nios2-elf/lib/libc.a(lib_a-fclose.o)
 .data          0x00c1a220        0x0 /usr/local/3rdparty/altera/quartus12/nios2eds/bin/gnu/H-i686-pc-linux-gnu/bin/../lib/gcc/nios2-elf/4.1.2/libgcc.a(_udivdi3.o)
 .data          0x00c1a220        0x0 /usr/local/3rdparty/altera/quartus12/nios2eds/bin/gnu/H-i686-pc-linux-gnu/bin/../lib/gcc/nios2-elf/4.1.2/libgcc.a(_umoddi3.o)
 .data          0x00c1a220        0x0 /usr/local/3rdparty/altera/quartus12/nios2eds/bin/gnu/H-i686-pc-linux-gnu/bin/../lib/gcc/nios2-elf/4.1.2/libgcc.a(_addsub_df.o)
 .data          0x00c1a220        0x0 /usr/local/3rdparty/altera/quartus12/nios2eds/bin/gnu/H-i686-pc-linux-gnu/bin/../lib/gcc/nios2-elf/4.1.2/libgcc.a(_mul_df.o)
 .data          0x00c1a220        0x0 /usr/local/3rdparty/altera/quartus12/nios2eds/bin/gnu/H-i686-pc-linux-gnu/bin/../lib/gcc/nios2-elf/4.1.2/libgcc.a(_div_df.o)
 .data          0x00c1a220        0x0 /usr/local/3rdparty/altera/quartus12/nios2eds/bin/gnu/H-i686-pc-linux-gnu/bin/../lib/gcc/nios2-elf/4.1.2/libgcc.a(_eq_df.o)
 .data          0x00c1a220        0x0 /usr/local/3rdparty/altera/quartus12/nios2eds/bin/gnu/H-i686-pc-linux-gnu/bin/../lib/gcc/nios2-elf/4.1.2/libgcc.a(_ne_df.o)
 .data          0x00c1a220        0x0 /usr/local/3rdparty/altera/quartus12/nios2eds/bin/gnu/H-i686-pc-linux-gnu/bin/../lib/gcc/nios2-elf/4.1.2/libgcc.a(_gt_df.o)
 .data          0x00c1a220        0x0 /usr/local/3rdparty/altera/quartus12/nios2eds/bin/gnu/H-i686-pc-linux-gnu/bin/../lib/gcc/nios2-elf/4.1.2/libgcc.a(_ge_df.o)
 .data          0x00c1a220        0x0 /usr/local/3rdparty/altera/quartus12/nios2eds/bin/gnu/H-i686-pc-linux-gnu/bin/../lib/gcc/nios2-elf/4.1.2/libgcc.a(_lt_df.o)
 .data          0x00c1a220        0x0 /usr/local/3rdparty/altera/quartus12/nios2eds/bin/gnu/H-i686-pc-linux-gnu/bin/../lib/gcc/nios2-elf/4.1.2/libgcc.a(_si_to_df.o)
 .data          0x00c1a220        0x0 /usr/local/3rdparty/altera/quartus12/nios2eds/bin/gnu/H-i686-pc-linux-gnu/bin/../lib/gcc/nios2-elf/4.1.2/libgcc.a(_df_to_si.o)
 .data          0x00c1a220        0x0 /usr/local/3rdparty/altera/quartus12/nios2eds/bin/gnu/H-i686-pc-linux-gnu/bin/../lib/gcc/nios2-elf/4.1.2/libgcc.a(_thenan_df.o)
 .data          0x00c1a220        0x0 /usr/local/3rdparty/altera/quartus12/nios2eds/bin/gnu/H-i686-pc-linux-gnu/bin/../lib/gcc/nios2-elf/4.1.2/libgcc.a(lib2-divmod.o)
 .data          0x00c1a220        0x0 /usr/local/3rdparty/altera/quartus12/nios2eds/bin/gnu/H-i686-pc-linux-gnu/bin/../lib/gcc/nios2-elf/4.1.2/libgcc.a(_unpack_df.o)
 .data          0x00c1a220        0x0 /usr/local/3rdparty/altera/quartus12/nios2eds/bin/gnu/H-i686-pc-linux-gnu/bin/../lib/gcc/nios2-elf/4.1.2/libgcc.a(_fpcmp_parts_df.o)
 .data          0x00c1a220        0x0 ../Lab4_bsp//libhal_bsp.a(alt_close.o)
 .data          0x00c1a220      0x1a8 ../Lab4_bsp//libhal_bsp.a(alt_dev.o)
                0x00c1a220                alt_dev_null
                0x00c1a248                alt_fd_list
 .data          0x00c1a3c8        0x0 ../Lab4_bsp//libhal_bsp.a(alt_errno.o)
 .data          0x00c1a3c8        0x0 ../Lab4_bsp//libhal_bsp.a(alt_fstat.o)
 .data          0x00c1a3c8        0x0 ../Lab4_bsp//libhal_bsp.a(alt_gettod.o)
 .data          0x00c1a3c8        0x0 ../Lab4_bsp//libhal_bsp.a(alt_isatty.o)
 .data          0x00c1a3c8        0x0 ../Lab4_bsp//libhal_bsp.a(alt_load.o)
 .data          0x00c1a3c8        0x0 ../Lab4_bsp//libhal_bsp.a(alt_lseek.o)
 .data          0x00c1a3c8        0x0 ../Lab4_bsp//libhal_bsp.a(alt_main.o)
 .data          0x00c1a3c8        0x0 ../Lab4_bsp//libhal_bsp.a(alt_malloc_lock.o)
 .data          0x00c1a3c8        0x0 ../Lab4_bsp//libhal_bsp.a(alt_open.o)
 .data          0x00c1a3c8        0x0 ../Lab4_bsp//libhal_bsp.a(alt_read.o)
 .data          0x00c1a3c8        0x0 ../Lab4_bsp//libhal_bsp.a(alt_release_fd.o)
 .data          0x00c1a3c8        0x0 ../Lab4_bsp//libhal_bsp.a(alt_sbrk.o)
 .data          0x00c1a3c8        0x0 ../Lab4_bsp//libhal_bsp.a(alt_tick.o)
 .data          0x00c1a3c8        0x0 ../Lab4_bsp//libhal_bsp.a(alt_write.o)
 .data          0x00c1a3c8     0x139c ../Lab4_bsp//libhal_bsp.a(alt_sys_init.o)
 .data          0x00c1b764        0x0 ../Lab4_bsp//libhal_bsp.a(altera_avalon_cfi_flash.o)
 .data          0x00c1b764        0x0 ../Lab4_bsp//libhal_bsp.a(altera_avalon_cfi_flash_table.o)
 .data          0x00c1b764        0x0 ../Lab4_bsp//libhal_bsp.a(altera_avalon_jtag_uart_fd.o)
 .data          0x00c1b764        0x0 ../Lab4_bsp//libhal_bsp.a(altera_avalon_jtag_uart_init.o)
 .data          0x00c1b764        0x0 ../Lab4_bsp//libhal_bsp.a(altera_avalon_jtag_uart_ioctl.o)
 .data          0x00c1b764        0x0 ../Lab4_bsp//libhal_bsp.a(altera_avalon_jtag_uart_read.o)
 .data          0x00c1b764        0x0 ../Lab4_bsp//libhal_bsp.a(altera_avalon_jtag_uart_write.o)
 .data          0x00c1b764        0x0 ../Lab4_bsp//libhal_bsp.a(altera_avalon_lcd_16207.o)
 .data          0x00c1b764        0x0 ../Lab4_bsp//libhal_bsp.a(altera_avalon_lcd_16207_fd.o)
 .data          0x00c1b764        0x0 ../Lab4_bsp//libhal_bsp.a(altera_avalon_mailbox.o)
 .data          0x00c1b764        0x0 ../Lab4_bsp//libhal_bsp.a(altera_avalon_mutex.o)
 .data          0x00c1b764        0x0 ../Lab4_bsp//libhal_bsp.a(altera_avalon_performance_counter.o)
 .data          0x00c1b764        0x0 ../Lab4_bsp//libhal_bsp.a(altera_ro_zipfs.o)
 .data          0x00c1b764        0x0 ../Lab4_bsp//libhal_bsp.a(altera_up_avalon_video_character_buffer_with_dma.o)
 .data          0x00c1b764        0x0 ../Lab4_bsp//libhal_bsp.a(altera_up_avalon_video_pixel_buffer_dma.o)
 .data          0x00c1b764        0x0 ../Lab4_bsp//libhal_bsp.a(alt_alarm_start.o)
 .data          0x00c1b764        0x0 ../Lab4_bsp//libhal_bsp.a(alt_dcache_flush.o)
 .data          0x00c1b764        0x0 ../Lab4_bsp//libhal_bsp.a(alt_dcache_flush_all.o)
 .data          0x00c1b764        0x0 ../Lab4_bsp//libhal_bsp.a(alt_dev_llist_insert.o)
 .data          0x00c1b764        0x0 ../Lab4_bsp//libhal_bsp.a(alt_do_ctors.o)
 .data          0x00c1b764        0x0 ../Lab4_bsp//libhal_bsp.a(alt_do_dtors.o)
 .data          0x00c1b764        0x0 ../Lab4_bsp//libhal_bsp.a(alt_find_dev.o)
 .data          0x00c1b764        0x0 ../Lab4_bsp//libhal_bsp.a(alt_find_file.o)
 .data          0x00c1b764        0x0 ../Lab4_bsp//libhal_bsp.a(alt_flash_dev.o)
 .data          0x00c1b764        0x0 ../Lab4_bsp//libhal_bsp.a(alt_fs_reg.o)
 .data          0x00c1b764        0x0 ../Lab4_bsp//libhal_bsp.a(alt_get_fd.o)
 .data          0x00c1b764        0x0 ../Lab4_bsp//libhal_bsp.a(alt_icache_flush_all.o)
 .data          0x00c1b764        0x0 ../Lab4_bsp//libhal_bsp.a(alt_iic.o)
 .data          0x00c1b764        0x0 ../Lab4_bsp//libhal_bsp.a(alt_iic_isr_register.o)
 .data          0x00c1b764        0x0 ../Lab4_bsp//libhal_bsp.a(alt_io_redirect.o)
 .data          0x00c1b764        0x0 ../Lab4_bsp//libhal_bsp.a(alt_irq_entry.o)
 .data          0x00c1b764        0x0 ../Lab4_bsp//libhal_bsp.a(alt_irq_handler.o)
 .data          0x00c1b764        0x0 ../Lab4_bsp//libhal_bsp.a(alt_irq_vars.o)
 .data          0x00c1b764        0x0 ../Lab4_bsp//libhal_bsp.a(alt_usleep.o)
 .data          0x00c1b764        0x0 ../Lab4_bsp//libhal_bsp.a(altera_nios2_irq.o)
 .data          0x00c1b764        0x0 ../Lab4_bsp//libhal_bsp.a(altera_avalon_cfi_flash_amd.o)
 .data          0x00c1b764        0x0 ../Lab4_bsp//libhal_bsp.a(altera_avalon_cfi_flash_intel.o)
 .data          0x00c1b764        0x0 ../Lab4_bsp//libhal_bsp.a(alt_busy_sleep.o)
 .data          0x00c1b764        0x0 ../Lab4_bsp//libhal_bsp.a(alt_exception_entry.o)
 .data          0x00c1b764        0x0 ../Lab4_bsp//libhal_bsp.a(alt_icache_flush.o)
 .data          0x00c1b764        0x0 /usr/local/3rdparty/altera/quartus12/nios2eds/bin/gnu/H-i686-pc-linux-gnu/bin/../lib/gcc/nios2-elf/4.1.2/../../../../nios2-elf/lib/libc.a(lib_a-atexit.o)
 .data          0x00c1b764        0x0 /usr/local/3rdparty/altera/quartus12/nios2eds/bin/gnu/H-i686-pc-linux-gnu/bin/../lib/gcc/nios2-elf/4.1.2/../../../../nios2-elf/lib/libc.a(lib_a-ctype_.o)
 .data          0x00c1b764        0x0 /usr/local/3rdparty/altera/quartus12/nios2eds/bin/gnu/H-i686-pc-linux-gnu/bin/../lib/gcc/nios2-elf/4.1.2/../../../../nios2-elf/lib/libc.a(lib_a-exit.o)
 .data          0x00c1b764        0x0 /usr/local/3rdparty/altera/quartus12/nios2eds/bin/gnu/H-i686-pc-linux-gnu/bin/../lib/gcc/nios2-elf/4.1.2/../../../../nios2-elf/lib/libc.a(lib_a-memcmp.o)
 .data          0x00c1b764        0x0 /usr/local/3rdparty/altera/quartus12/nios2eds/bin/gnu/H-i686-pc-linux-gnu/bin/../lib/gcc/nios2-elf/4.1.2/../../../../nios2-elf/lib/libc.a(lib_a-strncmp.o)
 .data          0x00c1b764        0x0 /usr/local/3rdparty/altera/quartus12/nios2eds/bin/gnu/H-i686-pc-linux-gnu/bin/../lib/gcc/nios2-elf/4.1.2/../../../../nios2-elf/lib/libc.a(lib_a-__atexit.o)
 .data          0x00c1b764        0x0 /usr/local/3rdparty/altera/quartus12/nios2eds/bin/gnu/H-i686-pc-linux-gnu/bin/../lib/gcc/nios2-elf/4.1.2/../../../../nios2-elf/lib/libc.a(lib_a-__call_atexit.o)
 .data          0x00c1b764        0x0 ../Lab4_bsp//libhal_bsp.a(alt_exit.o)
                0x00c23764                _gp = ABSOLUTE ((. + 0x8000))
                0x00c23764                PROVIDE (gp, _gp)
 *(.rwdata .rwdata.*)
 *(.sdata .sdata.* .gnu.linkonce.s.*)
 .sdata         0x00c1b764        0x8 /usr/local/3rdparty/altera/quartus12/nios2eds/bin/gnu/H-i686-pc-linux-gnu/bin/../lib/gcc/nios2-elf/4.1.2/../../../../nios2-elf/lib/libc.a(lib_a-impure.o)
                0x00c1b764                _impure_ptr
                0x00c1b768                _global_impure_ptr
 .sdata         0x00c1b76c        0x8 /usr/local/3rdparty/altera/quartus12/nios2eds/bin/gnu/H-i686-pc-linux-gnu/bin/../lib/gcc/nios2-elf/4.1.2/../../../../nios2-elf/lib/libc.a(lib_a-mallocr.o)
                0x00c1b76c                __malloc_trim_threshold
                0x00c1b770                __malloc_sbrk_base
 .sdata         0x00c1b774        0x8 /usr/local/3rdparty/altera/quartus12/nios2eds/bin/gnu/H-i686-pc-linux-gnu/bin/../lib/gcc/nios2-elf/4.1.2/../../../../nios2-elf/lib/libc.a(lib_a-locale.o)
                0x00c1b774                __mb_cur_max
 .sdata         0x00c1b77c       0x14 ../Lab4_bsp//libhal_bsp.a(alt_dev.o)
                0x00c1b77c                alt_fs_list
                0x00c1b784                alt_dev_list
                0x00c1b78c                alt_max_fd
 .sdata         0x00c1b790        0x4 ../Lab4_bsp//libhal_bsp.a(alt_errno.o)
                0x00c1b790                alt_errno
 .sdata         0x00c1b794        0x4 ../Lab4_bsp//libhal_bsp.a(alt_sbrk.o)
 .sdata         0x00c1b798        0x8 ../Lab4_bsp//libhal_bsp.a(alt_tick.o)
                0x00c1b798                alt_alarm_list
 .sdata         0x00c1b7a0        0x4 ../Lab4_bsp//libhal_bsp.a(altera_avalon_lcd_16207.o)
 .sdata         0x00c1b7a4        0x8 ../Lab4_bsp//libhal_bsp.a(altera_avalon_mailbox.o)
                0x00c1b7a4                alt_mailbox_list
 .sdata         0x00c1b7ac        0x8 ../Lab4_bsp//libhal_bsp.a(altera_avalon_mutex.o)
                0x00c1b7ac                alt_mutex_list
 .sdata         0x00c1b7b4        0x8 ../Lab4_bsp//libhal_bsp.a(alt_flash_dev.o)
                0x00c1b7b4                alt_flash_dev_list
 .sdata         0x00c1b7bc        0x4 ../Lab4_bsp//libhal_bsp.a(alt_irq_vars.o)
                0x00c1b7bc                alt_priority_mask
 .sdata         0x00c1b7c0        0x4 /usr/local/3rdparty/altera/quartus12/nios2eds/bin/gnu/H-i686-pc-linux-gnu/bin/../lib/gcc/nios2-elf/4.1.2/../../../../nios2-elf/lib/libc.a(lib_a-ctype_.o)
                0x00c1b7c0                __ctype_ptr
 *(.sdata2 .sdata2.* .gnu.linkonce.s2.*)
                0x00c1b7c4                . = ALIGN (0x4)
                0x00c1b7c4                _edata = ABSOLUTE (.)
                0x00c1b7c4                PROVIDE (edata, ABSOLUTE (.))
                0x00c1b7c4                PROVIDE (__ram_rwdata_end, ABSOLUTE (.))
                0x00c1b7c4                PROVIDE (__flash_rwdata_start, LOADADDR (.rwdata))

.bss            0x00c1d588      0x310
                0x00c1d588                __bss_start = ABSOLUTE (.)
                0x00c1d588                PROVIDE (__sbss_start, ABSOLUTE (.))
                0x00c1d588                PROVIDE (___sbss_start, ABSOLUTE (.))
 *(.dynsbss)
 *(.sbss .sbss.* .gnu.linkonce.sb.*)
 .sbss          0x00c1d588        0x8 obj/default/LightsFunctions.o
                0x00c1d588                currentSegCount
                0x00c1d58c                circleCounter
 .sbss          0x00c1d590        0xc obj/default/Project.o
                0x00c1d590                myFile
                0x00c1d594                myImage
                0x00c1d598                myPixelBuffer
 .sbss          0x00c1d59c        0x4 /usr/local/3rdparty/altera/quartus12/nios2eds/bin/gnu/H-i686-pc-linux-gnu/bin/../lib/gcc/nios2-elf/4.1.2/../../../../nios2-elf/lib/libc.a(lib_a-int_errno.o)
                0x00c1d59c                errno
 .sbss          0x00c1d5a0        0xc /usr/local/3rdparty/altera/quartus12/nios2eds/bin/gnu/H-i686-pc-linux-gnu/bin/../lib/gcc/nios2-elf/4.1.2/../../../../nios2-elf/lib/libc.a(lib_a-mallocr.o)
                0x00c1d5a0                __malloc_top_pad
                0x00c1d5a4                __malloc_max_sbrked_mem
                0x00c1d5a8                __malloc_max_total_mem
 .sbss          0x00c1d5ac        0xc /usr/local/3rdparty/altera/quartus12/nios2eds/bin/gnu/H-i686-pc-linux-gnu/bin/../lib/gcc/nios2-elf/4.1.2/../../../../nios2-elf/lib/libc.a(lib_a-locale.o)
                0x00c1d5ac                __nlocale_changed
                0x00c1d5b0                __mlocale_changed
                0x00c1d5b4                _PathLocale
 .sbss          0x00c1d5b8       0x10 ../Lab4_bsp//libhal_bsp.a(alt_gettod.o)
                0x00c1d5b8                alt_timezone
                0x00c1d5c0                alt_resettime
 .sbss          0x00c1d5c8        0xc ../Lab4_bsp//libhal_bsp.a(alt_main.o)
                0x00c1d5c8                alt_argc
                0x00c1d5cc                alt_argv
                0x00c1d5d0                alt_envp
 .sbss          0x00c1d5d4        0x8 ../Lab4_bsp//libhal_bsp.a(alt_tick.o)
                0x00c1d5d4                _alt_tick_rate
                0x00c1d5d8                _alt_nticks
 .sbss          0x00c1d5dc        0x4 ../Lab4_bsp//libhal_bsp.a(alt_irq_vars.o)
                0x00c1d5dc                alt_irq_active
 *(.sbss2 .sbss2.* .gnu.linkonce.sb2.*)
 *(.scommon)
                0x00c1d5e0                PROVIDE (__sbss_end, ABSOLUTE (.))
                0x00c1d5e0                PROVIDE (___sbss_end, ABSOLUTE (.))
 *(.dynbss)
 *(.bss .bss.* .gnu.linkonce.b.*)
 .bss           0x00c1d5e0        0x0 ../Lab4_bsp//obj/HAL/src/crt0.o
 .bss           0x00c1d5e0        0x0 obj/default/LightsFunctions.o
 .bss           0x00c1d5e0        0x0 obj/default/Project.o
 .bss           0x00c1d5e0        0x0 obj/default/VideoFunctions.o
 .bss           0x00c1d5e0        0x0 /usr/local/3rdparty/altera/quartus12/nios2eds/bin/gnu/H-i686-pc-linux-gnu/bin/../lib/gcc/nios2-elf/4.1.2/../../../../nios2-elf/lib/libm.a(lib_a-sf_cos.o)
 .bss           0x00c1d5e0        0x0 /usr/local/3rdparty/altera/quartus12/nios2eds/bin/gnu/H-i686-pc-linux-gnu/bin/../lib/gcc/nios2-elf/4.1.2/../../../../nios2-elf/lib/libm.a(lib_a-sf_floor.o)
 .bss           0x00c1d5e0        0x0 /usr/local/3rdparty/altera/quartus12/nios2eds/bin/gnu/H-i686-pc-linux-gnu/bin/../lib/gcc/nios2-elf/4.1.2/../../../../nios2-elf/lib/libm.a(lib_a-sf_round.o)
 .bss           0x00c1d5e0        0x0 /usr/local/3rdparty/altera/quartus12/nios2eds/bin/gnu/H-i686-pc-linux-gnu/bin/../lib/gcc/nios2-elf/4.1.2/../../../../nios2-elf/lib/libm.a(lib_a-sf_sin.o)
 .bss           0x00c1d5e0        0x0 /usr/local/3rdparty/altera/quartus12/nios2eds/bin/gnu/H-i686-pc-linux-gnu/bin/../lib/gcc/nios2-elf/4.1.2/../../../../nios2-elf/lib/libm.a(lib_a-ef_rem_pio2.o)
 .bss           0x00c1d5e0        0x0 /usr/local/3rdparty/altera/quartus12/nios2eds/bin/gnu/H-i686-pc-linux-gnu/bin/../lib/gcc/nios2-elf/4.1.2/../../../../nios2-elf/lib/libm.a(lib_a-kf_cos.o)
 .bss           0x00c1d5e0        0x0 /usr/local/3rdparty/altera/quartus12/nios2eds/bin/gnu/H-i686-pc-linux-gnu/bin/../lib/gcc/nios2-elf/4.1.2/../../../../nios2-elf/lib/libm.a(lib_a-kf_rem_pio2.o)
 .bss           0x00c1d5e0        0x0 /usr/local/3rdparty/altera/quartus12/nios2eds/bin/gnu/H-i686-pc-linux-gnu/bin/../lib/gcc/nios2-elf/4.1.2/../../../../nios2-elf/lib/libm.a(lib_a-kf_sin.o)
 .bss           0x00c1d5e0        0x0 /usr/local/3rdparty/altera/quartus12/nios2eds/bin/gnu/H-i686-pc-linux-gnu/bin/../lib/gcc/nios2-elf/4.1.2/../../../../nios2-elf/lib/libm.a(lib_a-sf_fabs.o)
 .bss           0x00c1d5e0        0x0 /usr/local/3rdparty/altera/quartus12/nios2eds/bin/gnu/H-i686-pc-linux-gnu/bin/../lib/gcc/nios2-elf/4.1.2/../../../../nios2-elf/lib/libm.a(lib_a-sf_scalbn.o)
 .bss           0x00c1d5e0        0x0 /usr/local/3rdparty/altera/quartus12/nios2eds/bin/gnu/H-i686-pc-linux-gnu/bin/../lib/gcc/nios2-elf/4.1.2/../../../../nios2-elf/lib/libm.a(lib_a-sf_copysign.o)
 .bss           0x00c1d5e0        0x0 /usr/local/3rdparty/altera/quartus12/nios2eds/bin/gnu/H-i686-pc-linux-gnu/bin/../lib/gcc/nios2-elf/4.1.2/libgcc.a(_addsub_sf.o)
 .bss           0x00c1d5e0        0x0 /usr/local/3rdparty/altera/quartus12/nios2eds/bin/gnu/H-i686-pc-linux-gnu/bin/../lib/gcc/nios2-elf/4.1.2/libgcc.a(_mul_sf.o)
 .bss           0x00c1d5e0        0x0 /usr/local/3rdparty/altera/quartus12/nios2eds/bin/gnu/H-i686-pc-linux-gnu/bin/../lib/gcc/nios2-elf/4.1.2/libgcc.a(_eq_sf.o)
 .bss           0x00c1d5e0        0x0 /usr/local/3rdparty/altera/quartus12/nios2eds/bin/gnu/H-i686-pc-linux-gnu/bin/../lib/gcc/nios2-elf/4.1.2/libgcc.a(_gt_sf.o)
 .bss           0x00c1d5e0        0x0 /usr/local/3rdparty/altera/quartus12/nios2eds/bin/gnu/H-i686-pc-linux-gnu/bin/../lib/gcc/nios2-elf/4.1.2/libgcc.a(_ge_sf.o)
 .bss           0x00c1d5e0        0x0 /usr/local/3rdparty/altera/quartus12/nios2eds/bin/gnu/H-i686-pc-linux-gnu/bin/../lib/gcc/nios2-elf/4.1.2/libgcc.a(_lt_sf.o)
 .bss           0x00c1d5e0        0x0 /usr/local/3rdparty/altera/quartus12/nios2eds/bin/gnu/H-i686-pc-linux-gnu/bin/../lib/gcc/nios2-elf/4.1.2/libgcc.a(_si_to_sf.o)
 .bss           0x00c1d5e0        0x0 /usr/local/3rdparty/altera/quartus12/nios2eds/bin/gnu/H-i686-pc-linux-gnu/bin/../lib/gcc/nios2-elf/4.1.2/libgcc.a(_sf_to_si.o)
 .bss           0x00c1d5e0        0x0 /usr/local/3rdparty/altera/quartus12/nios2eds/bin/gnu/H-i686-pc-linux-gnu/bin/../lib/gcc/nios2-elf/4.1.2/libgcc.a(_thenan_sf.o)
 .bss           0x00c1d5e0        0x0 /usr/local/3rdparty/altera/quartus12/nios2eds/bin/gnu/H-i686-pc-linux-gnu/bin/../lib/gcc/nios2-elf/4.1.2/libgcc.a(_usi_to_df.o)
 .bss           0x00c1d5e0        0x0 /usr/local/3rdparty/altera/quartus12/nios2eds/bin/gnu/H-i686-pc-linux-gnu/bin/../lib/gcc/nios2-elf/4.1.2/libgcc.a(_muldi3.o)
 .bss           0x00c1d5e0        0x0 /usr/local/3rdparty/altera/quartus12/nios2eds/bin/gnu/H-i686-pc-linux-gnu/bin/../lib/gcc/nios2-elf/4.1.2/libgcc.a(_clzsi2.o)
 .bss           0x00c1d5e0        0x0 /usr/local/3rdparty/altera/quartus12/nios2eds/bin/gnu/H-i686-pc-linux-gnu/bin/../lib/gcc/nios2-elf/4.1.2/libgcc.a(_pack_sf.o)
 .bss           0x00c1d5e0        0x0 /usr/local/3rdparty/altera/quartus12/nios2eds/bin/gnu/H-i686-pc-linux-gnu/bin/../lib/gcc/nios2-elf/4.1.2/libgcc.a(_unpack_sf.o)
 .bss           0x00c1d5e0        0x0 /usr/local/3rdparty/altera/quartus12/nios2eds/bin/gnu/H-i686-pc-linux-gnu/bin/../lib/gcc/nios2-elf/4.1.2/libgcc.a(_fpcmp_parts_sf.o)
 .bss           0x00c1d5e0        0x0 /usr/local/3rdparty/altera/quartus12/nios2eds/bin/gnu/H-i686-pc-linux-gnu/bin/../lib/gcc/nios2-elf/4.1.2/libgcc.a(_pack_df.o)
 .bss           0x00c1d5e0        0x0 /usr/local/3rdparty/altera/quartus12/nios2eds/bin/gnu/H-i686-pc-linux-gnu/bin/../lib/gcc/nios2-elf/4.1.2/libgcc.a(_clz.o)
 .bss           0x00c1d5e0        0x0 /usr/local/3rdparty/altera/quartus12/nios2eds/bin/gnu/H-i686-pc-linux-gnu/bin/../lib/gcc/nios2-elf/4.1.2/../../../../nios2-elf/lib/libc.a(lib_a-fopen.o)
 .bss           0x00c1d5e0        0x0 /usr/local/3rdparty/altera/quartus12/nios2eds/bin/gnu/H-i686-pc-linux-gnu/bin/../lib/gcc/nios2-elf/4.1.2/../../../../nios2-elf/lib/libc.a(lib_a-fprintf.o)
 .bss           0x00c1d5e0        0x0 /usr/local/3rdparty/altera/quartus12/nios2eds/bin/gnu/H-i686-pc-linux-gnu/bin/../lib/gcc/nios2-elf/4.1.2/../../../../nios2-elf/lib/libc.a(lib_a-fread.o)
 .bss           0x00c1d5e0        0x0 /usr/local/3rdparty/altera/quartus12/nios2eds/bin/gnu/H-i686-pc-linux-gnu/bin/../lib/gcc/nios2-elf/4.1.2/../../../../nios2-elf/lib/libc.a(lib_a-freer.o)
 .bss           0x00c1d5e0        0x0 /usr/local/3rdparty/altera/quartus12/nios2eds/bin/gnu/H-i686-pc-linux-gnu/bin/../lib/gcc/nios2-elf/4.1.2/../../../../nios2-elf/lib/libc.a(lib_a-fseek.o)
 .bss           0x00c1d5e0        0x0 /usr/local/3rdparty/altera/quartus12/nios2eds/bin/gnu/H-i686-pc-linux-gnu/bin/../lib/gcc/nios2-elf/4.1.2/../../../../nios2-elf/lib/libc.a(lib_a-fstatr.o)
 .bss           0x00c1d5e0        0x0 /usr/local/3rdparty/altera/quartus12/nios2eds/bin/gnu/H-i686-pc-linux-gnu/bin/../lib/gcc/nios2-elf/4.1.2/../../../../nios2-elf/lib/libc.a(lib_a-fwrite.o)
 .bss           0x00c1d5e0        0x0 /usr/local/3rdparty/altera/quartus12/nios2eds/bin/gnu/H-i686-pc-linux-gnu/bin/../lib/gcc/nios2-elf/4.1.2/../../../../nios2-elf/lib/libc.a(lib_a-impure.o)
 .bss           0x00c1d5e0        0x0 /usr/local/3rdparty/altera/quartus12/nios2eds/bin/gnu/H-i686-pc-linux-gnu/bin/../lib/gcc/nios2-elf/4.1.2/../../../../nios2-elf/lib/libc.a(lib_a-int_errno.o)
 .bss           0x00c1d5e0        0x0 /usr/local/3rdparty/altera/quartus12/nios2eds/bin/gnu/H-i686-pc-linux-gnu/bin/../lib/gcc/nios2-elf/4.1.2/../../../../nios2-elf/lib/libc.a(lib_a-makebuf.o)
 .bss           0x00c1d5e0        0x0 /usr/local/3rdparty/altera/quartus12/nios2eds/bin/gnu/H-i686-pc-linux-gnu/bin/../lib/gcc/nios2-elf/4.1.2/../../../../nios2-elf/lib/libc.a(lib_a-malloc.o)
 .bss           0x00c1d5e0       0x28 /usr/local/3rdparty/altera/quartus12/nios2eds/bin/gnu/H-i686-pc-linux-gnu/bin/../lib/gcc/nios2-elf/4.1.2/../../../../nios2-elf/lib/libc.a(lib_a-mallocr.o)
                0x00c1d5e0                __malloc_current_mallinfo
 .bss           0x00c1d608        0x0 /usr/local/3rdparty/altera/quartus12/nios2eds/bin/gnu/H-i686-pc-linux-gnu/bin/../lib/gcc/nios2-elf/4.1.2/../../../../nios2-elf/lib/libc.a(lib_a-memcpy.o)
 .bss           0x00c1d608        0x0 /usr/local/3rdparty/altera/quartus12/nios2eds/bin/gnu/H-i686-pc-linux-gnu/bin/../lib/gcc/nios2-elf/4.1.2/../../../../nios2-elf/lib/libc.a(lib_a-openr.o)
 .bss           0x00c1d608        0x0 /usr/local/3rdparty/altera/quartus12/nios2eds/bin/gnu/H-i686-pc-linux-gnu/bin/../lib/gcc/nios2-elf/4.1.2/../../../../nios2-elf/lib/libc.a(lib_a-perror.o)