Archive member included because of file (symbol)

/usr/local/3rdparty/altera/quartus12/nios2eds/bin/gnu/H-i686-pc-linux-gnu/bin/../lib/gcc/nios2-elf/4.1.2/../../../../nios2-elf/lib/libm.a(lib_a-sf_cos.o)
                              obj/default/VideoFunctions.o (cosf)
/usr/local/3rdparty/altera/quartus12/nios2eds/bin/gnu/H-i686-pc-linux-gnu/bin/../lib/gcc/nios2-elf/4.1.2/../../../../nios2-elf/lib/libm.a(lib_a-sf_floor.o)
                              obj/default/VideoFunctions.o (floorf)
/usr/local/3rdparty/altera/quartus12/nios2eds/bin/gnu/H-i686-pc-linux-gnu/bin/../lib/gcc/nios2-elf/4.1.2/../../../../nios2-elf/lib/libm.a(lib_a-sf_round.o)
                              obj/default/VideoFunctions.o (roundf)
/usr/local/3rdparty/altera/quartus12/nios2eds/bin/gnu/H-i686-pc-linux-gnu/bin/../lib/gcc/nios2-elf/4.1.2/../../../../nios2-elf/lib/libm.a(lib_a-sf_sin.o)
                              obj/default/VideoFunctions.o (sinf)
/usr/local/3rdparty/altera/quartus12/nios2eds/bin/gnu/H-i686-pc-linux-gnu/bin/../lib/gcc/nios2-elf/4.1.2/../../../../nios2-elf/lib/libm.a(lib_a-ef_rem_pio2.o)
                              /usr/local/3rdparty/altera/quartus12/nios2eds/bin/gnu/H-i686-pc-linux-gnu/bin/../lib/gcc/nios2-elf/4.1.2/../../../../nios2-elf/lib/libm.a(lib_a-sf_cos.o) (__ieee754_rem_pio2f)
/usr/local/3rdparty/altera/quartus12/nios2eds/bin/gnu/H-i686-pc-linux-gnu/bin/../lib/gcc/nios2-elf/4.1.2/../../../../nios2-elf/lib/libm.a(lib_a-kf_cos.o)
                              /usr/local/3rdparty/altera/quartus12/nios2eds/bin/gnu/H-i686-pc-linux-gnu/bin/../lib/gcc/nios2-elf/4.1.2/../../../../nios2-elf/lib/libm.a(lib_a-sf_cos.o) (__kernel_cosf)
/usr/local/3rdparty/altera/quartus12/nios2eds/bin/gnu/H-i686-pc-linux-gnu/bin/../lib/gcc/nios2-elf/4.1.2/../../../../nios2-elf/lib/libm.a(lib_a-kf_rem_pio2.o)
                              /usr/local/3rdparty/altera/quartus12/nios2eds/bin/gnu/H-i686-pc-linux-gnu/bin/../lib/gcc/nios2-elf/4.1.2/../../../../nios2-elf/lib/libm.a(lib_a-ef_rem_pio2.o) (__kernel_rem_pio2f)
/usr/local/3rdparty/altera/quartus12/nios2eds/bin/gnu/H-i686-pc-linux-gnu/bin/../lib/gcc/nios2-elf/4.1.2/../../../../nios2-elf/lib/libm.a(lib_a-kf_sin.o)
                              /usr/local/3rdparty/altera/quartus12/nios2eds/bin/gnu/H-i686-pc-linux-gnu/bin/../lib/gcc/nios2-elf/4.1.2/../../../../nios2-elf/lib/libm.a(lib_a-sf_cos.o) (__kernel_sinf)
/usr/local/3rdparty/altera/quartus12/nios2eds/bin/gnu/H-i686-pc-linux-gnu/bin/../lib/gcc/nios2-elf/4.1.2/../../../../nios2-elf/lib/libm.a(lib_a-sf_fabs.o)
                              /usr/local/3rdparty/altera/quartus12/nios2eds/bin/gnu/H-i686-pc-linux-gnu/bin/../lib/gcc/nios2-elf/4.1.2/../../../../nios2-elf/lib/libm.a(lib_a-ef_rem_pio2.o) (fabsf)
/usr/local/3rdparty/altera/quartus12/nios2eds/bin/gnu/H-i686-pc-linux-gnu/bin/../lib/gcc/nios2-elf/4.1.2/../../../../nios2-elf/lib/libm.a(lib_a-sf_scalbn.o)
                              /usr/local/3rdparty/altera/quartus12/nios2eds/bin/gnu/H-i686-pc-linux-gnu/bin/../lib/gcc/nios2-elf/4.1.2/../../../../nios2-elf/lib/libm.a(lib_a-kf_rem_pio2.o) (scalbnf)
/usr/local/3rdparty/altera/quartus12/nios2eds/bin/gnu/H-i686-pc-linux-gnu/bin/../lib/gcc/nios2-elf/4.1.2/../../../../nios2-elf/lib/libm.a(lib_a-sf_copysign.o)
                              /usr/local/3rdparty/altera/quartus12/nios2eds/bin/gnu/H-i686-pc-linux-gnu/bin/../lib/gcc/nios2-elf/4.1.2/../../../../nios2-elf/lib/libm.a(lib_a-sf_scalbn.o) (copysignf)
/usr/local/3rdparty/altera/quartus12/nios2eds/bin/gnu/H-i686-pc-linux-gnu/bin/../lib/gcc/nios2-elf/4.1.2/libgcc.a(_addsub_sf.o)
                              /usr/local/3rdparty/altera/quartus12/nios2eds/bin/gnu/H-i686-pc-linux-gnu/bin/../lib/gcc/nios2-elf/4.1.2/../../../../nios2-elf/lib/libm.a(lib_a-sf_cos.o) (__subsf3)
/usr/local/3rdparty/altera/quartus12/nios2eds/bin/gnu/H-i686-pc-linux-gnu/bin/../lib/gcc/nios2-elf/4.1.2/libgcc.a(_mul_sf.o)
                              /usr/local/3rdparty/altera/quartus12/nios2eds/bin/gnu/H-i686-pc-linux-gnu/bin/../lib/gcc/nios2-elf/4.1.2/../../../../nios2-elf/lib/libm.a(lib_a-ef_rem_pio2.o) (__mulsf3)
/usr/local/3rdparty/altera/quartus12/nios2eds/bin/gnu/H-i686-pc-linux-gnu/bin/../lib/gcc/nios2-elf/4.1.2/libgcc.a(_eq_sf.o)
                              /usr/local/3rdparty/altera/quartus12/nios2eds/bin/gnu/H-i686-pc-linux-gnu/bin/../lib/gcc/nios2-elf/4.1.2/../../../../nios2-elf/lib/libm.a(lib_a-ef_rem_pio2.o) (__eqsf2)
/usr/local/3rdparty/altera/quartus12/nios2eds/bin/gnu/H-i686-pc-linux-gnu/bin/../lib/gcc/nios2-elf/4.1.2/libgcc.a(_gt_sf.o)
                              obj/default/VideoFunctions.o (__gtsf2)
/usr/local/3rdparty/altera/quartus12/nios2eds/bin/gnu/H-i686-pc-linux-gnu/bin/../lib/gcc/nios2-elf/4.1.2/libgcc.a(_ge_sf.o)
                              /usr/local/3rdparty/altera/quartus12/nios2eds/bin/gnu/H-i686-pc-linux-gnu/bin/../lib/gcc/nios2-elf/4.1.2/../../../../nios2-elf/lib/libm.a(lib_a-kf_rem_pio2.o) (__gesf2)
[...]
Memory Configuration

Name             Origin             Length             Attributes
reset            0x00800000         0x00000020
sdram_0          0x00800020         0x007fffe0
cfi_flash_0      0x01400000         0x00400000
sram_0           0x01880000         0x00080000
*default*        0x00000000         0xffffffff

Linker script and memory map

LOAD ../lights_bsp//obj/HAL/src/crt0.o
LOAD obj/default/LightsFunctions.o
LOAD obj/default/Project.o
LOAD obj/default/VideoFunctions.o
LOAD /usr/local/3rdparty/altera/quartus12/nios2eds/bin/gnu/H-i686-pc-linux-gnu/bin/../lib/gcc/nios2-elf/4.1.2/../../../../nios2-elf/lib/libstdc++.a
LOAD /usr/local/3rdparty/altera/quartus12/nios2eds/bin/gnu/H-i686-pc-linux-gnu/bin/../lib/gcc/nios2-elf/4.1.2/../../../../nios2-elf/lib/libm.a
LOAD /usr/local/3rdparty/altera/quartus12/nios2eds/bin/gnu/H-i686-pc-linux-gnu/bin/../lib/gcc/nios2-elf/4.1.2/libgcc.a
START GROUP
LOAD /usr/local/3rdparty/altera/quartus12/nios2eds/bin/gnu/H-i686-pc-linux-gnu/bin/../lib/gcc/nios2-elf/4.1.2/../../../../nios2-elf/lib/libc.a
LOAD /usr/local/3rdparty/altera/quartus12/nios2eds/bin/gnu/H-i686-pc-linux-gnu/bin/../lib/gcc/nios2-elf/4.1.2/libgcc.a
LOAD ../lights_bsp//libhal_bsp.a
END GROUP
LOAD /usr/local/3rdparty/altera/quartus12/nios2eds/bin/gnu/H-i686-pc-linux-gnu/bin/../lib/gcc/nios2-elf/4.1.2/libgcc.a
                0x00800000                __alt_mem_sdram_0 = 0x800000
                0x01400000                __alt_mem_cfi_flash_0 = 0x1400000
                0x01880000                __alt_mem_sram_0 = 0x1880000

.entry          0x00800000       0x20
 *(.entry)
 .entry         0x00800000       0x20 ../lights_bsp//obj/HAL/src/crt0.o
                0x00800000                __reset

.exceptions     0x00800020      0x194
                0x00800020                PROVIDE (__ram_exceptions_start, ABSOLUTE (.))
                0x00800020                . = ALIGN (0x20)
 *(.irq)
 *(.exceptions.entry.label)
 .exceptions.entry.label
                0x00800020        0x0 ../lights_bsp//libhal_bsp.a(alt_irq_entry.o)
                0x00800020                alt_irq_entry
 .exceptions.entry.label
                0x00800020        0x0 ../lights_bsp//libhal_bsp.a(alt_exception_entry.o)
                0x00800020                alt_exception
 *(.exceptions.entry.user)
 *(.exceptions.entry)
 .exceptions.entry
                0x00800020       0x54 ../lights_bsp//libhal_bsp.a(alt_exception_entry.o)
 *(.exceptions.irqtest.user)
 *(.exceptions.irqtest)
 .exceptions.irqtest
                0x00800074       0x10 ../lights_bsp//libhal_bsp.a(alt_irq_entry.o)
 *(.exceptions.irqhandler.user)
 *(.exceptions.irqhandler)
 .exceptions.irqhandler
                0x00800084        0x4 ../lights_bsp//libhal_bsp.a(alt_irq_entry.o)
 *(.exceptions.irqreturn.user)
 *(.exceptions.irqreturn)
 .exceptions.irqreturn
                0x00800088        0x4 ../lights_bsp//libhal_bsp.a(alt_irq_entry.o)
 *(.exceptions.notirq.label)
 .exceptions.notirq.label
                0x0080008c        0x0 ../lights_bsp//libhal_bsp.a(alt_irq_entry.o)
 *(.exceptions.notirq.user)
 *(.exceptions.notirq)
 .exceptions.notirq
                0x0080008c        0x8 ../lights_bsp//libhal_bsp.a(alt_exception_entry.o)
 *(.exceptions.soft.user)
 *(.exceptions.soft)
 *(.exceptions.unknown.user)
 *(.exceptions.unknown)
 .exceptions.unknown
                0x00800094        0x4 ../lights_bsp//libhal_bsp.a(alt_exception_entry.o)
 *(.exceptions.exit.label)
 .exceptions.exit.label
                0x00800098        0x0 ../lights_bsp//libhal_bsp.a(alt_irq_entry.o)
 .exceptions.exit.label
                0x00800098        0x0 ../lights_bsp//libhal_bsp.a(alt_exception_entry.o)
 *(.exceptions.exit.user)
 *(.exceptions.exit)
 .exceptions.exit
                0x00800098       0x54 ../lights_bsp//libhal_bsp.a(alt_exception_entry.o)
 *(.exceptions)
 .exceptions    0x008000ec       0xc8 ../lights_bsp//libhal_bsp.a(alt_irq_handler.o)
                0x008000ec                alt_irq_handler
                0x008001b4                PROVIDE (__ram_exceptions_end, ABSOLUTE (.))
                0x00800020                PROVIDE (__flash_exceptions_start, LOADADDR (.exceptions))

.text           0x008001b4    0x17ca0
                0x008001b4                PROVIDE (stext, ABSOLUTE (.))
 *(.interp)
 *(.hash)
 *(.dynsym)
 *(.dynstr)
 *(.gnu.version)
 *(.gnu.version_d)
 *(.gnu.version_r)
 *(.rel.init)
 *(.rela.init)
 *(.rel.text .rel.text.* .rel.gnu.linkonce.t.*)
 *(.rela.text .rela.text.* .rela.gnu.linkonce.t.*)
 *(.rel.fini)
 *(.rela.fini)
 *(.rel.rodata .rel.rodata.* .rel.gnu.linkonce.r.*)
 *(.rela.rodata .rela.rodata.* .rela.gnu.linkonce.r.*)
 *(.rel.data .rel.data.* .rel.gnu.linkonce.d.*)
 *(.rela.data .rela.data.* .rela.gnu.linkonce.d.*)
 *(.rel.tdata .rel.tdata.* .rel.gnu.linkonce.td.*)
 *(.rela.tdata .rela.tdata.* .rela.gnu.linkonce.td.*)
 *(.rel.tbss .rel.tbss.* .rel.gnu.linkonce.tb.*)
 *(.rela.tbss .rela.tbss.* .rela.gnu.linkonce.tb.*)
 *(.rel.ctors)
 *(.rela.ctors)
 *(.rel.dtors)
 *(.rela.dtors)
 *(.rel.got)
 *(.rela.got)
 *(.rel.sdata .rel.sdata.* .rel.gnu.linkonce.s.*)
 *(.rela.sdata .rela.sdata.* .rela.gnu.linkonce.s.*)
 *(.rel.sbss .rel.sbss.* .rel.gnu.linkonce.sb.*)
 *(.rela.sbss .rela.sbss.* .rela.gnu.linkonce.sb.*)
 *(.rel.sdata2 .rel.sdata2.* .rel.gnu.linkonce.s2.*)
 *(.rela.sdata2 .rela.sdata2.* .rela.gnu.linkonce.s2.*)
 *(.rel.sbss2 .rel.sbss2.* .rel.gnu.linkonce.sb2.*)
 *(.rela.sbss2 .rela.sbss2.* .rela.gnu.linkonce.sb2.*)
 *(.rel.bss .rel.bss.* .rel.gnu.linkonce.b.*)
 *(.rela.bss .rela.bss.* .rela.gnu.linkonce.b.*)
 *(.rel.plt)
 *(.rela.plt)
 *(.rel.dyn)
 *(.init)
 *(.plt)
 *(.text .stub .text.* .gnu.linkonce.t.*)
 .text          0x008001b4       0x4c ../lights_bsp//obj/HAL/src/crt0.o
                0x008001b4                _start
 .text          0x00800200      0x3bc obj/default/LightsFunctions.o
                0x00800200                setUp
                0x00800234                hexOutputGeneric
                0x00800340                hexOutputNumber
                0x0080038c                hexOutputBlank
                0x008003c0                hexBlankAll
                0x0080040c                printRandom
                0x00800474                segmentCircle
                0x00800520                segmentCounter
 .text          0x008005bc      0x184 obj/default/Project.o
                0x008005bc                main
 .text          0x00800740     0x1550 obj/default/VideoFunctions.o
                0x00800740                setUpImage
                0x008007e8                drawPixelFromArray
                0x008008cc                getPixelFromArray
                0x00800990                getPixelFromDestArray
                0x00800a54                getColorFromArray
                0x00800ab4                drawPixel
                0x00800af8                clearScreen
                0x00800b28                clearCharBuffer
                0x00800b64                printCharToScreen
                0x00800bd8                printLineToScreen
                0x00800c44                displayImage
                0x00800cc0                rotateImage
                0x00801034                rotateImageFixedPoint
                0x00801344                constantRotation
                0x008014f0                scaleImage
                0x008016c4                shrinkAndResize
                0x00801780                bilinearInterpolation
                0x00801c34                toInt
 .text          0x00801c90       0xc0 /usr/local/3rdparty/altera/quartus12/nios2eds/bin/gnu/H-i686-pc-linux-gnu/bin/../lib/gcc/nios2-elf/4.1.2/../../../../nios2-elf/lib/libm.a(lib_a-sf_cos.o)
                0x00801c90                cosf
 .text          0x00801d50      0x114 /usr/local/3rdparty/altera/quartus12/nios2eds/bin/gnu/H-i686-pc-linux-gnu/bin/../lib/gcc/nios2-elf/4.1.2/../../../../nios2-elf/lib/libm.a(lib_a-sf_floor.o)
                0x00801d50                floorf
 .text          0x00801e64       0x9c /usr/local/3rdparty/altera/quartus12/nios2eds/bin/gnu/H-i686-pc-linux-gnu/bin/../lib/gcc/nios2-elf/4.1.2/../../../../nios2-elf/lib/libm.a(lib_a-sf_round.o)
                0x00801e64                roundf
 .text          0x00801f00       0xc0 /usr/local/3rdparty/altera/quartus12/nios2eds/bin/gnu/H-i686-pc-linux-gnu/bin/../lib/gcc/nios2-elf/4.1.2/../../../../nios2-elf/lib/libm.a(lib_a-sf_sin.o)
                0x00801f00                sinf
 .text          0x00801fc0      0x53c /usr/local/3rdparty/altera/quartus12/nios2eds/bin/gnu/H-i686-pc-linux-gnu/bin/../lib/gcc/nios2-elf/4.1.2/../../../../nios2-elf/lib/libm.a(lib_a-ef_rem_pio2.o)
                0x00801fc0                __ieee754_rem_pio2f
 .text          0x008024fc      0x2bc /usr/local/3rdparty/altera/quartus12/nios2eds/bin/gnu/H-i686-pc-linux-gnu/bin/../lib/gcc/nios2-elf/4.1.2/../../../../nios2-elf/lib/libm.a(lib_a-kf_cos.o)
                0x008024fc                __kernel_cosf
 .text          0x008027b8      0xa90 /usr/local/3rdparty/altera/quartus12/nios2eds/bin/gnu/H-i686-pc-linux-gnu/bin/../lib/gcc/nios2-elf/4.1.2/../../../../nios2-elf/lib/libm.a(lib_a-kf_rem_pio2.o)
                0x008027b8                __kernel_rem_pio2f
 .text          0x00803248      0x1bc /usr/local/3rdparty/altera/quartus12/nios2eds/bin/gnu/H-i686-pc-linux-gnu/bin/../lib/gcc/nios2-elf/4.1.2/../../../../nios2-elf/lib/libm.a(lib_a-kf_sin.o)
                0x00803248                __kernel_sinf
 .text          0x00803404       0x10 /usr/local/3rdparty/altera/quartus12/nios2eds/bin/gnu/H-i686-pc-linux-gnu/bin/../lib/gcc/nios2-elf/4.1.2/../../../../nios2-elf/lib/libm.a(lib_a-sf_fabs.o)
                0x00803404                fabsf
 .text          0x00803414      0x14c /usr/local/3rdparty/altera/quartus12/nios2eds/bin/gnu/H-i686-pc-linux-gnu/bin/../lib/gcc/nios2-elf/4.1.2/../../../../nios2-elf/lib/libm.a(lib_a-sf_scalbn.o)
                0x00803414                scalbnf
 .text          0x00803560       0x18 /usr/local/3rdparty/altera/quartus12/nios2eds/bin/gnu/H-i686-pc-linux-gnu/bin/../lib/gcc/nios2-elf/4.1.2/../../../../nios2-elf/lib/libm.a(lib_a-sf_copysign.o)
                0x00803560                copysignf
 .text          0x00803578      0x2b8 /usr/local/3rdparty/altera/quartus12/nios2eds/bin/gnu/H-i686-pc-linux-gnu/bin/../lib/gcc/nios2-elf/4.1.2/libgcc.a(_addsub_sf.o)
                0x0080375c                __subsf3
                0x008037cc                __addsf3
 .text          0x00803830      0x1e0 /usr/local/3rdparty/altera/quartus12/nios2eds/bin/gnu/H-i686-pc-linux-gnu/bin/../lib/gcc/nios2-elf/4.1.2/libgcc.a(_mul_sf.o)
                0x00803830                __mulsf3
 .text          0x00803a10       0x78 /usr/local/3rdparty/altera/quartus12/nios2eds/bin/gnu/H-i686-pc-linux-gnu/bin/../lib/gcc/nios2-elf/4.1.2/libgcc.a(_eq_sf.o)
                0x00803a10                __eqsf2
 .text          0x00803a88       0x78 /usr/local/3rdparty/altera/quartus12/nios2eds/bin/gnu/H-i686-pc-linux-gnu/bin/../lib/gcc/nios2-elf/4.1.2/libgcc.a(_gt_sf.o)
                0x00803a88                __gtsf2
 .text          0x00803b00       0x78 /usr/local/3rdparty/altera/quartus12/nios2eds/bin/gnu/H-i686-pc-linux-gnu/bin/../lib/gcc/nios2-elf/4.1.2/libgcc.a(_ge_sf.o)
                0x00803b00                __gesf2
 .text          0x00803b78       0x78 /usr/local/3rdparty/altera/quartus12/nios2eds/bin/gnu/H-i686-pc-linux-gnu/bin/../lib/gcc/nios2-elf/4.1.2/libgcc.a(_lt_sf.o)
                0x00803b78                __ltsf2
 .text          0x00803bf0       0x78 /usr/local/3rdparty/altera/quartus12/nios2eds/bin/gnu/H-i686-pc-linux-gnu/bin/../lib/gcc/nios2-elf/4.1.2/libgcc.a(_le_sf.o)
                0x00803bf0                __lesf2
 .text          0x00803c68       0x98 /usr/local/3rdparty/altera/quartus12/nios2eds/bin/gnu/H-i686-pc-linux-gnu/bin/../lib/gcc/nios2-elf/4.1.2/libgcc.a(_si_to_sf.o)
                0x00803c68                __floatsisf
 .text          0x00803d00       0x94 /usr/local/3rdparty/altera/quartus12/nios2eds/bin/gnu/H-i686-pc-linux-gnu/bin/../lib/gcc/nios2-elf/4.1.2/libgcc.a(_sf_to_si.o)
                0x00803d00                __fixsfsi
 .text          0x00803d94        0x0 /usr/local/3rdparty/altera/quartus12/nios2eds/bin/gnu/H-i686-pc-linux-gnu/bin/../lib/gcc/nios2-elf/4.1.2/libgcc.a(_thenan_sf.o)
 .text          0x00803d94      0x194 /usr/local/3rdparty/altera/quartus12/nios2eds/bin/gnu/H-i686-pc-linux-gnu/bin/../lib/gcc/nios2-elf/4.1.2/libgcc.a(_usi_to_df.o)
                0x00803d94                __floatunsidf
 .text          0x00803f28      0x14c /usr/local/3rdparty/altera/quartus12/nios2eds/bin/gnu/H-i686-pc-linux-gnu/bin/../lib/gcc/nios2-elf/4.1.2/libgcc.a(lib2-divmod.o)
                0x00803fa4                __divsi3
                0x00804004                __modsi3
                0x00804064                __udivsi3
                0x0080406c                __umodsi3
 .text          0x00804074       0x98 /usr/local/3rdparty/altera/quartus12/nios2eds/bin/gnu/H-i686-pc-linux-gnu/bin/../lib/gcc/nios2-elf/4.1.2/libgcc.a(_muldi3.o)
                0x00804074                __muldi3
 .text          0x0080410c       0x80 /usr/local/3rdparty/altera/quartus12/nios2eds/bin/gnu/H-i686-pc-linux-gnu/bin/../lib/gcc/nios2-elf/4.1.2/libgcc.a(_clzsi2.o)
                0x0080410c                __clzsi2
 .text          0x0080418c      0x160 /usr/local/3rdparty/altera/quartus12/nios2eds/bin/gnu/H-i686-pc-linux-gnu/bin/../lib/gcc/nios2-elf/4.1.2/libgcc.a(_pack_sf.o)
                0x0080418c                __pack_f
 .text          0x008042ec       0xc8 /usr/local/3rdparty/altera/quartus12/nios2eds/bin/gnu/H-i686-pc-linux-gnu/bin/../lib/gcc/nios2-elf/4.1.2/libgcc.a(_unpack_sf.o)
                0x008042ec                __unpack_f
 .text          0x008043b4       0xa8 /usr/local/3rdparty/altera/quartus12/nios2eds/bin/gnu/H-i686-pc-linux-gnu/bin/../lib/gcc/nios2-elf/4.1.2/libgcc.a(_fpcmp_parts_sf.o)
                0x008043b4                __fpcmp_parts_f
 .text          0x0080445c      0x314 /usr/local/3rdparty/altera/quartus12/nios2eds/bin/gnu/H-i686-pc-linux-gnu/bin/../lib/gcc/nios2-elf/4.1.2/libgcc.a(_pack_df.o)
                0x0080445c                __pack_d
 .text          0x00804770        0x0 /usr/local/3rdparty/altera/quartus12/nios2eds/bin/gnu/H-i686-pc-linux-gnu/bin/../lib/gcc/nios2-elf/4.1.2/libgcc.a(_clz.o)
 .text          0x00804770      0x110 /usr/local/3rdparty/altera/quartus12/nios2eds/bin/gnu/H-i686-pc-linux-gnu/bin/../lib/gcc/nios2-elf/4.1.2/../../../../nios2-elf/lib/libc.a(lib_a-fopen.o)
                0x00804770                _fopen_r
                0x00804864                fopen
 .text          0x00804880       0x60 /usr/local/3rdparty/altera/quartus12/nios2eds/bin/gnu/H-i686-pc-linux-gnu/bin/../lib/gcc/nios2-elf/4.1.2/../../../../nios2-elf/lib/libc.a(lib_a-fprintf.o)
                0x00804880                fprintf
                0x008048ac                _fprintf_r
 .text          0x008048e0      0x23c /usr/local/3rdparty/altera/quartus12/nios2eds/bin/gnu/H-i686-pc-linux-gnu/bin/../lib/gcc/nios2-elf/4.1.2/../../../../nios2-elf/lib/libc.a(lib_a-fread.o)
                0x008048e0                _fread_r
                0x00804adc                fread
 .text          0x00804b1c      0x440 /usr/local/3rdparty/altera/quartus12/nios2eds/bin/gnu/H-i686-pc-linux-gnu/bin/../lib/gcc/nios2-elf/4.1.2/../../../../nios2-elf/lib/libc.a(lib_a-freer.o)
                0x00804b1c                _malloc_trim_r
                0x00804c48                _free_r
 .text          0x00804f5c      0x460 /usr/local/3rdparty/altera/quartus12/nios2eds/bin/gnu/H-i686-pc-linux-gnu/bin/../lib/gcc/nios2-elf/4.1.2/../../../../nios2-elf/lib/libc.a(lib_a-fseek.o)
                0x00804f5c                _fseek_r
                0x00805398                fseek
 .text          0x008053bc       0x74 /usr/local/3rdparty/altera/quartus12/nios2eds/bin/gnu/H-i686-pc-linux-gnu/bin/../lib/gcc/nios2-elf/4.1.2/../../../../nios2-elf/lib/libc.a(lib_a-fstatr.o)
                0x008053bc                _fstat_r
 .text          0x00805430       0xdc /usr/local/3rdparty/altera/quartus12/nios2eds/bin/gnu/H-i686-pc-linux-gnu/bin/../lib/gcc/nios2-elf/4.1.2/../../../../nios2-elf/lib/libc.a(lib_a-fwrite.o)
                0x00805430                _fwrite_r
                0x008054cc                fwrite
 .text          0x0080550c        0x0 /usr/local/3rdparty/altera/quartus12/nios2eds/bin/gnu/H-i686-pc-linux-gnu/bin/../lib/gcc/nios2-elf/4.1.2/../../../../nios2-elf/lib/libc.a(lib_a-impure.o)
 .text          0x0080550c        0x0 /usr/local/3rdparty/altera/quartus12/nios2eds/bin/gnu/H-i686-pc-linux-gnu/bin/../lib/gcc/nios2-elf/4.1.2/../../../../nios2-elf/lib/libc.a(lib_a-int_errno.o)
 .text          0x0080550c      0x194 /usr/local/3rdparty/altera/quartus12/nios2eds/bin/gnu/H-i686-pc-linux-gnu/bin/../lib/gcc/nios2-elf/4.1.2/../../../../nios2-elf/lib/libc.a(lib_a-makebuf.o)
                0x0080550c                __smakebuf_r
 .text          0x008056a0       0x28 /usr/local/3rdparty/altera/quartus12/nios2eds/bin/gnu/H-i686-pc-linux-gnu/bin/../lib/gcc/nios2-elf/4.1.2/../../../../nios2-elf/lib/libc.a(lib_a-malloc.o)
                0x008056a0                free
                0x008056b4                malloc
 .text          0x008056c8      0x740 /usr/local/3rdparty/altera/quartus12/nios2eds/bin/gnu/H-i686-pc-linux-gnu/bin/../lib/gcc/nios2-elf/4.1.2/../../../../nios2-elf/lib/libc.a(lib_a-mallocr.o)
                0x008056c8                _malloc_r
 .text          0x00805e08       0xa0 /usr/local/3rdparty/altera/quartus12/nios2eds/bin/gnu/H-i686-pc-linux-gnu/bin/../lib/gcc/nios2-elf/4.1.2/../../../../nios2-elf/lib/libc.a(lib_a-memcpy.o)
                0x00805e08                memcpy
 .text          0x00805ea8       0x98 /usr/local/3rdparty/altera/quartus12/nios2eds/bin/gnu/H-i686-pc-linux-gnu/bin/../lib/gcc/nios2-elf/4.1.2/../../../../nios2-elf/lib/libc.a(lib_a-memset.o)
                0x00805ea8                memset
 .text          0x00805f40       0x78 /usr/local/3rdparty/altera/quartus12/nios2eds/bin/gnu/H-i686-pc-linux-gnu/bin/../lib/gcc/nios2-elf/4.1.2/../../../../nios2-elf/lib/libc.a(lib_a-openr.o)
                0x00805f40                _open_r
 .text          0x00805fb8       0x80 /usr/local/3rdparty/altera/quartus12/nios2eds/bin/gnu/H-i686-pc-linux-gnu/bin/../lib/gcc/nios2-elf/4.1.2/../../../../nios2-elf/lib/libc.a(lib_a-perror.o)
                0x00805fb8                _perror_r
                0x00806024                perror
 .text          0x00806038       0x78 /usr/local/3rdparty/altera/quartus12/nios2eds/bin/gnu/H-i686-pc-linux-gnu/bin/../lib/gcc/nios2-elf/4.1.2/../../../../nios2-elf/lib/libc.a(lib_a-printf.o)
                0x00806038                printf
                0x0080607c                _printf_r
 .text          0x008060b0       0xb4 /usr/local/3rdparty/altera/quartus12/nios2eds/bin/gnu/H-i686-pc-linux-gnu/bin/../lib/gcc/nios2-elf/4.1.2/../../../../nios2-elf/lib/libc.a(lib_a-puts.o)
                0x008060b0                _puts_r
                0x00806150                puts
 .text          0x00806164       0x94 /usr/local/3rdparty/altera/quartus12/nios2eds/bin/gnu/H-i686-pc-linux-gnu/bin/../lib/gcc/nios2-elf/4.1.2/../../../../nios2-elf/lib/libc.a(lib_a-rand.o)
                0x00806164                srand
                0x00806180                rand
 .text          0x008061f8      0x1e0 /usr/local/3rdparty/altera/quartus12/nios2eds/bin/gnu/H-i686-pc-linux-gnu/bin/../lib/gcc/nios2-elf/4.1.2/../../../../nios2-elf/lib/libc.a(lib_a-refill.o)
                0x008061f8                __srefill_r
 .text          0x008063d8       0x70 /usr/local/3rdparty/altera/quartus12/nios2eds/bin/gnu/H-i686-pc-linux-gnu/bin/../lib/gcc/nios2-elf/4.1.2/../../../../nios2-elf/lib/libc.a(lib_a-sbrkr.o)
                0x008063d8                _sbrk_r
 .text          0x00806448      0x14c /usr/local/3rdparty/altera/quartus12/nios2eds/bin/gnu/H-i686-pc-linux-gnu/bin/../lib/gcc/nios2-elf/4.1.2/../../../../nios2-elf/lib/libc.a(lib_a-stdio.o)
                0x00806448                __sclose
                0x00806450                __sseek
                0x008064b8                __swrite
                0x00806534                __sread
 .text          0x00806594      0x674 /usr/local/3rdparty/altera/quartus12/nios2eds/bin/gnu/H-i686-pc-linux-gnu/bin/../lib/gcc/nios2-elf/4.1.2/../../../../nios2-elf/lib/libc.a(lib_a-strerror.o)
                0x00806594                strerror
 .text          0x00806c08       0x74 /usr/local/3rdparty/altera/quartus12/nios2eds/bin/gnu/H-i686-pc-linux-gnu/bin/../lib/gcc/nios2-elf/4.1.2/../../../../nios2-elf/lib/libc.a(lib_a-strlen.o)
                0x00806c08                strlen
 .text          0x00806c7c       0x5c /usr/local/3rdparty/altera/quartus12/nios2eds/bin/gnu/H-i686-pc-linux-gnu/bin/../lib/gcc/nios2-elf/4.1.2/../../../../nios2-elf/lib/libc.a(lib_a-time.o)
                0x00806c7c                time
 .text          0x00806cd8        0x8 /usr/local/3rdparty/altera/quartus12/nios2eds/bin/gnu/H-i686-pc-linux-gnu/bin/../lib/gcc/nios2-elf/4.1.2/../../../../nios2-elf/lib/libc.a(lib_a-u_strerr.o)
                0x00806cd8                _user_strerror
 .text          0x00806ce0     0x1f28 /usr/local/3rdparty/altera/quartus12/nios2eds/bin/gnu/H-i686-pc-linux-gnu/bin/../lib/gcc/nios2-elf/4.1.2/../../../../nios2-elf/lib/libc.a(lib_a-vfprintf.o)
                0x00806d38                ___vfprintf_internal_r
                0x00808be4                __vfprintf_internal
 .text          0x00808c08       0x78 /usr/local/3rdparty/altera/quartus12/nios2eds/bin/gnu/H-i686-pc-linux-gnu/bin/../lib/gcc/nios2-elf/4.1.2/../../../../nios2-elf/lib/libc.a(lib_a-writer.o)
                0x00808c08                _write_r
 .text          0x00808c80      0x13c /usr/local/3rdparty/altera/quartus12/nios2eds/bin/gnu/H-i686-pc-linux-gnu/bin/../lib/gcc/nios2-elf/4.1.2/../../../../nios2-elf/lib/libc.a(lib_a-wsetup.o)
                0x00808c80                __swsetup_r
 .text          0x00808dbc       0x70 /usr/local/3rdparty/altera/quartus12/nios2eds/bin/gnu/H-i686-pc-linux-gnu/bin/../lib/gcc/nios2-elf/4.1.2/../../../../nios2-elf/lib/libc.a(lib_a-closer.o)
                0x00808dbc                _close_r
 .text          0x00808e2c     0x17cc /usr/local/3rdparty/altera/quartus12/nios2eds/bin/gnu/H-i686-pc-linux-gnu/bin/../lib/gcc/nios2-elf/4.1.2/../../../../nios2-elf/lib/libc.a(lib_a-dtoa.o)
                0x00809044                _dtoa_r
 .text          0x0080a5f8      0x230 /usr/local/3rdparty/altera/quartus12/nios2eds/bin/gnu/H-i686-pc-linux-gnu/bin/../lib/gcc/nios2-elf/4.1.2/../../../../nios2-elf/lib/libc.a(lib_a-fflush.o)
                0x0080a5f8                _fflush_r
                0x0080a7f4                fflush
 .text          0x0080a828      0x2c0 /usr/local/3rdparty/altera/quartus12/nios2eds/bin/gnu/H-i686-pc-linux-gnu/bin/../lib/gcc/nios2-elf/4.1.2/../../../../nios2-elf/lib/libc.a(lib_a-findfp.o)
                0x0080a880                __sfp_lock_acquire
                0x0080a884                __sfp_lock_release
                0x0080a888                __sinit_lock_acquire
                0x0080a88c                __sinit_lock_release
                0x0080a890                __sinit
                0x0080a944                __fp_unlock_all
                0x0080a95c                __fp_lock_all
                0x0080a974                _cleanup_r
                0x0080a980                _cleanup
                0x0080a990                __sfmoreglue
                0x0080a9f8                __sfp
 .text          0x0080aae8       0xa0 /usr/local/3rdparty/altera/quartus12/nios2eds/bin/gnu/H-i686-pc-linux-gnu/bin/../lib/gcc/nios2-elf/4.1.2/../../../../nios2-elf/lib/libc.a(lib_a-flags.o)
                0x0080aae8                __sflags
 .text          0x0080ab88       0xbc /usr/local/3rdparty/altera/quartus12/nios2eds/bin/gnu/H-i686-pc-linux-gnu/bin/../lib/gcc/nios2-elf/4.1.2/../../../../nios2-elf/lib/libc.a(lib_a-fputc.o)
                0x0080ab88                fputc
                0x0080abec                _fputc_r
 .text          0x0080ac44       0x90 /usr/local/3rdparty/altera/quartus12/nios2eds/bin/gnu/H-i686-pc-linux-gnu/bin/../lib/gcc/nios2-elf/4.1.2/../../../../nios2-elf/lib/libc.a(lib_a-fputs.o)
                0x0080ac44                _fputs_r
                0x0080acb8                fputs
 .text          0x0080acd4      0x49c /usr/local/3rdparty/altera/quartus12/nios2eds/bin/gnu/H-i686-pc-linux-gnu/bin/../lib/gcc/nios2-elf/4.1.2/../../../../nios2-elf/lib/libc.a(lib_a-fvwrite.o)
                0x0080acd4                __sfvwrite_r
 .text          0x0080b170      0x180 /usr/local/3rdparty/altera/quartus12/nios2eds/bin/gnu/H-i686-pc-linux-gnu/bin/../lib/gcc/nios2-elf/4.1.2/../../../../nios2-elf/lib/libc.a(lib_a-fwalk.o)
                0x0080b170                _fwalk_reent
                0x0080b238                _fwalk
 .text          0x0080b2f0       0x74 /usr/local/3rdparty/altera/quartus12/nios2eds/bin/gnu/H-i686-pc-linux-gnu/bin/../lib/gcc/nios2-elf/4.1.2/../../../../nios2-elf/lib/libc.a(lib_a-gettimeofdayr.o)
                0x0080b2f0                _gettimeofday_r
 .text          0x0080b364       0x70 /usr/local/3rdparty/altera/quartus12/nios2eds/bin/gnu/H-i686-pc-linux-gnu/bin/../lib/gcc/nios2-elf/4.1.2/../../../../nios2-elf/lib/libc.a(lib_a-isattyr.o)
                0x0080b364                _isatty_r
 .text          0x0080b3d4       0xc4 /usr/local/3rdparty/altera/quartus12/nios2eds/bin/gnu/H-i686-pc-linux-gnu/bin/../lib/gcc/nios2-elf/4.1.2/../../../../nios2-elf/lib/libc.a(lib_a-locale.o)
                0x0080b3d4                __locale_charset
                0x0080b3dc                _localeconv_r
                0x0080b3e8                localeconv
                0x0080b3f8                _setlocale_r
                0x0080b47c                setlocale
 .text          0x0080b498       0x78 /usr/local/3rdparty/altera/quartus12/nios2eds/bin/gnu/H-i686-pc-linux-gnu/bin/../lib/gcc/nios2-elf/4.1.2/../../../../nios2-elf/lib/libc.a(lib_a-lseekr.o)
                0x0080b498                _lseek_r
 .text          0x0080b510       0xe4 /usr/local/3rdparty/altera/quartus12/nios2eds/bin/gnu/H-i686-pc-linux-gnu/bin/../lib/gcc/nios2-elf/4.1.2/../../../../nios2-elf/lib/libc.a(lib_a-memchr.o)
                0x0080b510                memchr
 .text          0x0080b5f4       0xe0 /usr/local/3rdparty/altera/quartus12/nios2eds/bin/gnu/H-i686-pc-linux-gnu/bin/../lib/gcc/nios2-elf/4.1.2/../../../../nios2-elf/lib/libc.a(lib_a-memmove.o)
                0x0080b5f4                memmove
 .text          0x0080b6d4      0xff4 /usr/local/3rdparty/altera/quartus12/nios2eds/bin/gnu/H-i686-pc-linux-gnu/bin/../lib/gcc/nios2-elf/4.1.2/../../../../nios2-elf/lib/libc.a(lib_a-mprec.o)
                0x0080b6d4                _Bfree
                0x0080b6fc                __hi0bits
                0x0080b76c                __lo0bits
                0x0080b830                __mcmp
                0x0080b890                __ulp
                0x0080b910                __b2d
                0x0080ba30                __ratio
                0x0080bae0                _mprec_log10
                0x0080bb74                __copybits
                0x0080bbcc                __any_on
                0x0080bc54                _Balloc
                0x0080bd10                __d2b
                0x0080be8c                __mdiff
                0x0080c018                __lshift
                0x0080c164                __multiply
                0x0080c34c                __i2b
                0x0080c388                __multadd
                0x0080c488                __pow5mult
                0x0080c5a8                __s2b
 .text          0x0080c6c8      0x1ec /usr/local/3rdparty/altera/quartus12/nios2eds/bin/gnu/H-i686-pc-linux-gnu/bin/../lib/gcc/nios2-elf/4.1.2/../../../../nios2-elf/lib/libc.a(lib_a-putc.o)
                0x0080c6c8                putc
                0x0080c7cc                _putc_r
 .text          0x0080c8b4       0x78 /usr/local/3rdparty/altera/quartus12/nios2eds/bin/gnu/H-i686-pc-linux-gnu/bin/../lib/gcc/nios2-elf/4.1.2/../../../../nios2-elf/lib/libc.a(lib_a-readr.o)
                0x0080c8b4                _read_r
 .text          0x0080c92c      0x5f4 /usr/local/3rdparty/altera/quartus12/nios2eds/bin/gnu/H-i686-pc-linux-gnu/bin/../lib/gcc/nios2-elf/4.1.2/../../../../nios2-elf/lib/libc.a(lib_a-reallocr.o)
                0x0080c92c                _realloc_r
 .text          0x0080cf20       0x40 /usr/local/3rdparty/altera/quartus12/nios2eds/bin/gnu/H-i686-pc-linux-gnu/bin/../lib/gcc/nios2-elf/4.1.2/../../../../nios2-elf/lib/libc.a(lib_a-s_isinfd.o)
                0x0080cf20                __isinfd
 .text          0x0080cf60       0x30 /usr/local/3rdparty/altera/quartus12/nios2eds/bin/gnu/H-i686-pc-linux-gnu/bin/../lib/gcc/nios2-elf/4.1.2/../../../../nios2-elf/lib/libc.a(lib_a-s_isnand.o)
                0x0080cf60                __isnand
 .text          0x0080cf90       0xbc /usr/local/3rdparty/altera/quartus12/nios2eds/bin/gnu/H-i686-pc-linux-gnu/bin/../lib/gcc/nios2-elf/4.1.2/../../../../nios2-elf/lib/libc.a(lib_a-strcmp.o)
                0x0080cf90                strcmp
 .text          0x0080d04c      0x14c /usr/local/3rdparty/altera/quartus12/nios2eds/bin/gnu/H-i686-pc-linux-gnu/bin/../lib/gcc/nios2-elf/4.1.2/../../../../nios2-elf/lib/libc.a(lib_a-wbuf.o)
                0x0080d04c                __swbuf_r
                0x0080d17c                __swbuf
 .text          0x0080d198       0xb4 /usr/local/3rdparty/altera/quartus12/nios2eds/bin/gnu/H-i686-pc-linux-gnu/bin/../lib/gcc/nios2-elf/4.1.2/../../../../nios2-elf/lib/libc.a(lib_a-callocr.o)
                0x0080d198                _calloc_r
 .text          0x0080d24c      0x124 /usr/local/3rdparty/altera/quartus12/nios2eds/bin/gnu/H-i686-pc-linux-gnu/bin/../lib/gcc/nios2-elf/4.1.2/../../../../nios2-elf/lib/libc.a(lib_a-fclose.o)
                0x0080d24c                _fclose_r
                0x0080d35c                fclose
 .text          0x0080d370      0x5dc /usr/local/3rdparty/altera/quartus12/nios2eds/bin/gnu/H-i686-pc-linux-gnu/bin/../lib/gcc/nios2-elf/4.1.2/libgcc.a(_udivdi3.o)
                0x0080d370                __udivdi3
 .text          0x0080d94c      0x5b0 /usr/local/3rdparty/altera/quartus12/nios2eds/bin/gnu/H-i686-pc-linux-gnu/bin/../lib/gcc/nios2-elf/4.1.2/libgcc.a(_umoddi3.o)
                0x0080d94c                __umoddi3
 .text          0x0080defc      0x504 /usr/local/3rdparty/altera/quartus12/nios2eds/bin/gnu/H-i686-pc-linux-gnu/bin/../lib/gcc/nios2-elf/4.1.2/libgcc.a(_addsub_df.o)
                0x0080e30c                __subdf3
                0x0080e38c                __adddf3
 .text          0x0080e400      0x3c4 /usr/local/3rdparty/altera/quartus12/nios2eds/bin/gnu/H-i686-pc-linux-gnu/bin/../lib/gcc/nios2-elf/4.1.2/libgcc.a(_mul_df.o)
                0x0080e400                __muldf3
 .text          0x0080e7c4      0x258 /usr/local/3rdparty/altera/quartus12/nios2eds/bin/gnu/H-i686-pc-linux-gnu/bin/../lib/gcc/nios2-elf/4.1.2/libgcc.a(_div_df.o)
                0x0080e7c4                __divdf3
 .text          0x0080ea1c       0x88 /usr/local/3rdparty/altera/quartus12/nios2eds/bin/gnu/H-i686-pc-linux-gnu/bin/../lib/gcc/nios2-elf/4.1.2/libgcc.a(_eq_df.o)
                0x0080ea1c                __eqdf2
 .text          0x0080eaa4       0x88 /usr/local/3rdparty/altera/quartus12/nios2eds/bin/gnu/H-i686-pc-linux-gnu/bin/../lib/gcc/nios2-elf/4.1.2/libgcc.a(_ne_df.o)
                0x0080eaa4                __nedf2
 .text          0x0080eb2c       0x88 /usr/local/3rdparty/altera/quartus12/nios2eds/bin/gnu/H-i686-pc-linux-gnu/bin/../lib/gcc/nios2-elf/4.1.2/libgcc.a(_gt_df.o)
                0x0080eb2c                __gtdf2
 .text          0x0080ebb4       0x88 /usr/local/3rdparty/altera/quartus12/nios2eds/bin/gnu/H-i686-pc-linux-gnu/bin/../lib/gcc/nios2-elf/4.1.2/libgcc.a(_ge_df.o)
                0x0080ebb4                __gedf2
 .text          0x0080ec3c       0x88 /usr/local/3rdparty/altera/quartus12/nios2eds/bin/gnu/H-i686-pc-linux-gnu/bin/../lib/gcc/nios2-elf/4.1.2/libgcc.a(_lt_df.o)
                0x0080ec3c                __ltdf2
 .text          0x0080ecc4       0xf8 /usr/local/3rdparty/altera/quartus12/nios2eds/bin/gnu/H-i686-pc-linux-gnu/bin/../lib/gcc/nios2-elf/4.1.2/libgcc.a(_si_to_df.o)
                0x0080ecc4                __floatsidf
 .text          0x0080edbc       0xd8 /usr/local/3rdparty/altera/quartus12/nios2eds/bin/gnu/H-i686-pc-linux-gnu/bin/../lib/gcc/nios2-elf/4.1.2/libgcc.a(_df_to_si.o)
                0x0080edbc                __fixdfsi
 .text          0x0080ee94        0x0 /usr/local/3rdparty/altera/quartus12/nios2eds/bin/gnu/H-i686-pc-linux-gnu/bin/../lib/gcc/nios2-elf/4.1.2/libgcc.a(_thenan_df.o)
 .text          0x0080ee94      0x138 /usr/local/3rdparty/altera/quartus12/nios2eds/bin/gnu/H-i686-pc-linux-gnu/bin/../lib/gcc/nios2-elf/4.1.2/libgcc.a(_unpack_df.o)
                0x0080ee94                __unpack_d
 .text          0x0080efcc       0xc8 /usr/local/3rdparty/altera/quartus12/nios2eds/bin/gnu/H-i686-pc-linux-gnu/bin/../lib/gcc/nios2-elf/4.1.2/libgcc.a(_fpcmp_parts_df.o)
                0x0080efcc                __fpcmp_parts_d
 .text          0x0080f094      0x15c ../lights_bsp//libhal_bsp.a(alt_close.o)
                0x0080f094                close
 .text          0x0080f1f0       0x2c ../lights_bsp//libhal_bsp.a(alt_dev.o)
 .text          0x0080f21c        0x0 ../lights_bsp//libhal_bsp.a(alt_errno.o)
 .text          0x0080f21c      0x134 ../lights_bsp//libhal_bsp.a(alt_fstat.o)
                0x0080f21c                fstat
 .text          0x0080f350      0x21c ../lights_bsp//libhal_bsp.a(alt_gettod.o)
                0x0080f350                gettimeofday
 .text          0x0080f56c      0x120 ../lights_bsp//libhal_bsp.a(alt_isatty.o)
                0x0080f56c                isatty
 .text          0x0080f68c       0xec ../lights_bsp//libhal_bsp.a(alt_load.o)
                0x0080f68c                alt_load
 .text          0x0080f778      0x150 ../lights_bsp//libhal_bsp.a(alt_lseek.o)
                0x0080f778                lseek
 .text          0x0080f8c8       0x6c ../lights_bsp//libhal_bsp.a(alt_main.o)
                0x0080f8c8                alt_main
 .text          0x0080f934       0x40 ../lights_bsp//libhal_bsp.a(alt_malloc_lock.o)
                0x0080f934                __malloc_lock
                0x0080f954                __malloc_unlock
 .text          0x0080f974      0x2c4 ../lights_bsp//libhal_bsp.a(alt_open.o)
                0x0080fa50                open
 .text          0x0080fc38      0x180 ../lights_bsp//libhal_bsp.a(alt_read.o)
                0x0080fc38                read
 .text          0x0080fdb8       0x60 ../lights_bsp//libhal_bsp.a(alt_release_fd.o)
                0x0080fdb8                alt_release_fd
 .text          0x0080fe18       0xbc ../lights_bsp//libhal_bsp.a(alt_sbrk.o)
                0x0080fe18                sbrk
 .text          0x0080fed4      0x1a4 ../lights_bsp//libhal_bsp.a(alt_tick.o)
                0x0080fed4                alt_alarm_stop
                0x0080ff6c                alt_tick
 .text          0x00810078      0x180 ../lights_bsp//libhal_bsp.a(alt_write.o)
                0x00810078                write
 .text          0x008101f8      0x3b4 ../lights_bsp//libhal_bsp.a(alt_sys_init.o)
                0x008101f8                alt_irq_init
                0x0081022c                alt_sys_init
 .text          0x008105ac      0x8c8 ../lights_bsp//libhal_bsp.a(altera_avalon_cfi_flash.o)
                0x008105ac                alt_flash_cfi_init
                0x00810680                alt_flash_cfi_write
                0x00810940                alt_flash_cfi_get_info
                0x008109d0                alt_flash_cfi_read
                0x00810a38                alt_write_value_to_flash
                0x00810b9c                alt_flash_program_block
 .text          0x00810e74     0x1448 ../lights_bsp//libhal_bsp.a(altera_avalon_cfi_flash_table.o)
                0x00810e74                alt_read_query_entry_8bit
                0x00810eb4                alt_read_query_entry_16bit
                0x00810ef8                alt_read_query_entry_32bit
                0x00810f40                alt_write_flash_command_8bit_device_8bit_mode
                0x00810f7c                alt_write_flash_command_16bit_device_8bit_mode
                0x00810ff8                alt_write_flash_command_32bit_device_8bit_mode
                0x00811040                alt_write_flash_command_16bit_device_16bit_mode
                0x00811084                alt_write_flash_command_32bit_device_16bit_mode
                0x008110cc                alt_write_flash_command_32bit_device_32bit_mode
                0x00811114                alt_write_native_8bit
                0x00811148                alt_write_native_16bit
                0x0081117c                alt_write_native_32bit
                0x008111ac                alt_set_flash_width_func
                0x0081138c                alt_set_flash_algorithm_func
                0x008114b4                alt_read_cfi_table
                0x00811a34                alt_read_cfi_width
                0x008121e0                alt_check_primary_table
 .text          0x008122bc      0x148 ../lights_bsp//libhal_bsp.a(altera_avalon_jtag_uart_fd.o)
                0x008122bc                altera_avalon_jtag_uart_read_fd
                0x00812314                altera_avalon_jtag_uart_write_fd
                0x0081236c                altera_avalon_jtag_uart_close_fd
                0x008123b4                altera_avalon_jtag_uart_ioctl_fd
 .text          0x00812404      0x40c ../lights_bsp//libhal_bsp.a(altera_avalon_jtag_uart_init.o)
                0x00812404                altera_avalon_jtag_uart_init
                0x0081279c                altera_avalon_jtag_uart_close
 .text          0x00812810       0xf4 ../lights_bsp//libhal_bsp.a(altera_avalon_jtag_uart_ioctl.o)
                0x00812810                altera_avalon_jtag_uart_ioctl
 .text          0x00812904      0x224 ../lights_bsp//libhal_bsp.a(altera_avalon_jtag_uart_read.o)
                0x00812904                altera_avalon_jtag_uart_read
 .text          0x00812b28      0x240 ../lights_bsp//libhal_bsp.a(altera_avalon_jtag_uart_write.o)
                0x00812b28                altera_avalon_jtag_uart_write
 .text          0x00812d68      0xee8 ../lights_bsp//libhal_bsp.a(altera_avalon_lcd_16207.o)
                0x0081353c                altera_avalon_lcd_16207_write
                0x00813b14                altera_avalon_lcd_16207_init
 .text          0x00813c50       0x58 ../lights_bsp//libhal_bsp.a(altera_avalon_lcd_16207_fd.o)
                0x00813c50                altera_avalon_lcd_16207_write_fd
 .text          0x00813ca8      0x188 ../lights_bsp//libhal_bsp.a(altera_avalon_performance_counter.o)
                0x00813ca8                perf_get_section_time
                0x00813d58                perf_get_total_time
                0x00813dac                perf_get_num_starts
                0x00813dec                alt_get_performance_counter_base
                0x00813e0c                alt_get_cpu_freq
 .text          0x00813e30      0xb70 ../lights_bsp//libhal_bsp.a(altera_ro_zipfs.o)
                0x008140a4                check_directory_header
                0x008145fc                alt_ro_zipfs_open
                0x00814694                alt_ro_zipfs_read
                0x00814790                alt_ro_zipfs_seek
                0x008148d8                alt_ro_zipfs_fstat
                0x00814948                alt_ro_zipfs_check_valid
 .text          0x008149a0      0x304 ../lights_bsp//libhal_bsp.a(altera_up_avalon_video_character_buffer_with_dma.o)
                0x008149a0                alt_up_char_buffer_init
                0x00814a24                alt_up_char_buffer_open_dev
                0x00814a64                alt_up_char_buffer_draw
                0x00814b34                alt_up_char_buffer_string
                0x00814c48                alt_up_char_buffer_clear
 .text          0x00814ca4     0x156c ../lights_bsp//libhal_bsp.a(altera_up_avalon_video_pixel_buffer_dma.o)
                0x00814ca4                alt_up_pixel_buffer_dma_open_dev
                0x00814ce4                alt_up_pixel_buffer_dma_draw
                0x00814e84                alt_up_pixel_buffer_dma_change_back_buffer_address
                0x00814edc                alt_up_pixel_buffer_dma_swap_buffers
                0x00814f34                alt_up_pixel_buffer_dma_check_swap_buffers_status
                0x00814f68                alt_up_pixel_buffer_dma_clear_screen
                0x008150cc                alt_up_pixel_buffer_dma_draw_box
                0x008155c0                alt_up_pixel_buffer_dma_draw_hline
                0x00815910                alt_up_pixel_buffer_dma_draw_vline
                0x00815ce0                alt_up_pixel_buffer_dma_draw_rectangle
                0x00815da4                helper_plot_pixel
                0x00815e74                alt_up_pixel_buffer_dma_draw_line
 .text          0x00816210      0x154 ../lights_bsp//libhal_bsp.a(alt_alarm_start.o)
                0x00816210                alt_alarm_start
 .text          0x00816364       0x78 ../lights_bsp//libhal_bsp.a(alt_dcache_flush.o)
                0x00816364                alt_dcache_flush
 .text          0x008163dc       0x44 ../lights_bsp//libhal_bsp.a(alt_dcache_flush_all.o)
                0x008163dc                alt_dcache_flush_all
 .text          0x00816420      0x114 ../lights_bsp//libhal_bsp.a(alt_dev_llist_insert.o)
                0x00816420                alt_dev_llist_insert
 .text          0x00816534       0x64 ../lights_bsp//libhal_bsp.a(alt_do_ctors.o)
                0x00816534                _do_ctors
 .text          0x00816598       0x64 ../lights_bsp//libhal_bsp.a(alt_do_dtors.o)
                0x00816598                _do_dtors
 .text          0x008165fc       0x94 ../lights_bsp//libhal_bsp.a(alt_find_dev.o)
                0x008165fc                alt_find_dev
 .text          0x00816690      0x120 ../lights_bsp//libhal_bsp.a(alt_find_file.o)
                0x00816690                alt_find_file
 .text          0x008167b0       0xd0 ../lights_bsp//libhal_bsp.a(alt_flash_dev.o)
                0x008167b0                alt_flash_open_dev
                0x0081682c                alt_flash_close_dev
 .text          0x00816880       0x90 ../lights_bsp//libhal_bsp.a(alt_fs_reg.o)
                0x00816880                alt_fs_reg
 .text          0x00816910       0xb8 ../lights_bsp//libhal_bsp.a(alt_get_fd.o)
                0x00816910                alt_get_fd
 .text          0x008169c8       0x30 ../lights_bsp//libhal_bsp.a(alt_icache_flush_all.o)
                0x008169c8                alt_icache_flush_all
 .text          0x008169f8      0x1d4 ../lights_bsp//libhal_bsp.a(alt_iic.o)
                0x008169f8                alt_ic_isr_register
                0x00816a48                alt_ic_irq_enable
                0x00816ae4                alt_ic_irq_disable
                0x00816b84                alt_ic_irq_enabled
 .text          0x00816bcc       0xf8 ../lights_bsp//libhal_bsp.a(alt_iic_isr_register.o)
                0x00816bcc                alt_iic_isr_register
 .text          0x00816cc4      0x13c ../lights_bsp//libhal_bsp.a(alt_io_redirect.o)
                0x00816d88                alt_io_redirect
 .text          0x00816e00        0x0 ../lights_bsp//libhal_bsp.a(alt_irq_entry.o)
 .text          0x00816e00        0x0 ../lights_bsp//libhal_bsp.a(alt_irq_handler.o)
 .text          0x00816e00        0x0 ../lights_bsp//libhal_bsp.a(alt_irq_vars.o)
 .text          0x00816e00       0x30 ../lights_bsp//libhal_bsp.a(alt_usleep.o)
                0x00816e00                usleep
 .text          0x00816e30       0x20 ../lights_bsp//libhal_bsp.a(altera_nios2_irq.o)
                0x00816e30                altera_nios2_irq_init
 .text          0x00816e50      0x460 ../lights_bsp//libhal_bsp.a(altera_avalon_cfi_flash_amd.o)
                0x00816e50                alt_program_amd
                0x00816eb8                alt_erase_block_amd
 .text          0x008172b0      0x460 ../lights_bsp//libhal_bsp.a(altera_avalon_cfi_flash_intel.o)
                0x008172b0                alt_program_intel
                0x00817334                alt_erase_block_intel
 .text          0x00817710      0x14c ../lights_bsp//libhal_bsp.a(alt_busy_sleep.o)
                0x00817710                alt_busy_sleep
 .text          0x0081785c        0x0 ../lights_bsp//libhal_bsp.a(alt_exception_entry.o)
 .text          0x0081785c       0x90 ../lights_bsp//libhal_bsp.a(alt_icache_flush.o)
                0x0081785c                alt_icache_flush
 .text          0x008178ec       0x14 /usr/local/3rdparty/altera/quartus12/nios2eds/bin/gnu/H-i686-pc-linux-gnu/bin/../lib/gcc/nios2-elf/4.1.2/../../../../nios2-elf/lib/libc.a(lib_a-atexit.o)
                0x008178ec                atexit
 .text          0x00817900        0x0 /usr/local/3rdparty/altera/quartus12/nios2eds/bin/gnu/H-i686-pc-linux-gnu/bin/../lib/gcc/nios2-elf/4.1.2/../../../../nios2-elf/lib/libc.a(lib_a-ctype_.o)
 .text          0x00817900       0x38 /usr/local/3rdparty/altera/quartus12/nios2eds/bin/gnu/H-i686-pc-linux-gnu/bin/../lib/gcc/nios2-elf/4.1.2/../../../../nios2-elf/lib/libc.a(lib_a-exit.o)
                0x00817900                exit
 .text          0x00817938       0x74 /usr/local/3rdparty/altera/quartus12/nios2eds/bin/gnu/H-i686-pc-linux-gnu/bin/../lib/gcc/nios2-elf/4.1.2/../../../../nios2-elf/lib/libc.a(lib_a-memcmp.o)
                0x00817938                memcmp
 .text          0x008179ac       0xf0 /usr/local/3rdparty/altera/quartus12/nios2eds/bin/gnu/H-i686-pc-linux-gnu/bin/../lib/gcc/nios2-elf/4.1.2/../../../../nios2-elf/lib/libc.a(lib_a-strncmp.o)
                0x008179ac                strncmp
 .text          0x00817a9c      0x134 /usr/local/3rdparty/altera/quartus12/nios2eds/bin/gnu/H-i686-pc-linux-gnu/bin/../lib/gcc/nios2-elf/4.1.2/../../../../nios2-elf/lib/libc.a(lib_a-__atexit.o)
                0x00817a9c                __register_exitproc
 .text          0x00817bd0      0x1b4 /usr/local/3rdparty/altera/quartus12/nios2eds/bin/gnu/H-i686-pc-linux-gnu/bin/../lib/gcc/nios2-elf/4.1.2/../../../../nios2-elf/lib/libc.a(lib_a-__call_atexit.o)
                0x00817bd4                __call_exitprocs
 .text          0x00817d84       0x60 ../lights_bsp//libhal_bsp.a(alt_exit.o)
                0x00817dc4                _exit
 *(.gnu.warning.*)
 *(.fini)
                0x00817de4                PROVIDE (__etext, ABSOLUTE (.))
                0x00817de4                PROVIDE (_etext, ABSOLUTE (.))
                0x00817de4                PROVIDE (etext, ABSOLUTE (.))
 *(.eh_frame_hdr)
                0x00817de4                . = ALIGN (0x4)
                0x00817de4                PROVIDE (__preinit_array_start, ABSOLUTE (.))
 *(.preinit_array)
                0x00817de4                PROVIDE (__preinit_array_end, ABSOLUTE (.))
                0x00817de4                PROVIDE (__init_array_start, ABSOLUTE (.))
 *(.init_array)
                0x00817de4                PROVIDE (__init_array_end, ABSOLUTE (.))
                0x00817de4                PROVIDE (__fini_array_start, ABSOLUTE (.))
 *(.fini_array)
                0x00817de4                PROVIDE (__fini_array_end, ABSOLUTE (.))
 *(.eh_frame)
 .eh_frame      0x00817de4       0x40 /usr/local/3rdparty/altera/quartus12/nios2eds/bin/gnu/H-i686-pc-linux-gnu/bin/../lib/gcc/nios2-elf/4.1.2/libgcc.a(_udivdi3.o)
 .eh_frame      0x00817e24       0x2c /usr/local/3rdparty/altera/quartus12/nios2eds/bin/gnu/H-i686-pc-linux-gnu/bin/../lib/gcc/nios2-elf/4.1.2/libgcc.a(_umoddi3.o)
                                 0x40 (size before relaxing)
 *(.gcc_except_table)
 *(.dynamic)
                0x00817e50                PROVIDE (__CTOR_LIST__, ABSOLUTE (.))
 *(.ctors)
 *(SORT(.ctors.*))
 .ctors.65535   0x00817e50        0x4 /usr/local/3rdparty/altera/quartus12/nios2eds/bin/gnu/H-i686-pc-linux-gnu/bin/../lib/gcc/nios2-elf/4.1.2/../../../../nios2-elf/lib/libc.a(lib_a-__call_atexit.o)
                0x00817e54                PROVIDE (__CTOR_END__, ABSOLUTE (.))
                0x00817e54                PROVIDE (__DTOR_LIST__, ABSOLUTE (.))
 *(.dtors)
 *(SORT(.dtors.*))
                0x00817e54                PROVIDE (__DTOR_END__, ABSOLUTE (.))
 *(.jcr)
                0x00817e54                . = ALIGN (0x4)

.rodata         0x00817e54     0x14dc
                0x00817e54                PROVIDE (__ram_rodata_start, ABSOLUTE (.))
                0x00817e54                . = ALIGN (0x4)
 *(.rodata .rodata.* .gnu.linkonce.r.*)
 .rodata        0x00817e54       0x28 obj/default/LightsFunctions.o
 .rodata        0x00817e7c      0x148 obj/default/Project.o
 .rodata        0x00817fc4      0x164 obj/default/VideoFunctions.o
 .rodata        0x00818128      0x398 /usr/local/3rdparty/altera/quartus12/nios2eds/bin/gnu/H-i686-pc-linux-gnu/bin/../lib/gcc/nios2-elf/4.1.2/../../../../nios2-elf/lib/libm.a(lib_a-ef_rem_pio2.o)
 .rodata        0x008184c0       0x38 /usr/local/3rdparty/altera/quartus12/nios2eds/bin/gnu/H-i686-pc-linux-gnu/bin/../lib/gcc/nios2-elf/4.1.2/../../../../nios2-elf/lib/libm.a(lib_a-kf_rem_pio2.o)
 .rodata        0x008184f8       0x10 /usr/local/3rdparty/altera/quartus12/nios2eds/bin/gnu/H-i686-pc-linux-gnu/bin/../lib/gcc/nios2-elf/4.1.2/libgcc.a(_thenan_sf.o)
                0x008184f8                __thenan_sf
 .rodata        0x00818508      0x100 /usr/local/3rdparty/altera/quartus12/nios2eds/bin/gnu/H-i686-pc-linux-gnu/bin/../lib/gcc/nios2-elf/4.1.2/libgcc.a(_clz.o)
                0x00818508                __clz_tab
 .rodata.str1.4
                0x00818608        0x2 /usr/local/3rdparty/altera/quartus12/nios2eds/bin/gnu/H-i686-pc-linux-gnu/bin/../lib/gcc/nios2-elf/4.1.2/../../../../nios2-elf/lib/libc.a(lib_a-impure.o)
                                  0x4 (size before relaxing)
 *fill*         0x0081860a        0x2 00
 .rodata.str1.4
                0x0081860c        0x3 /usr/local/3rdparty/altera/quartus12/nios2eds/bin/gnu/H-i686-pc-linux-gnu/bin/../lib/gcc/nios2-elf/4.1.2/../../../../nios2-elf/lib/libc.a(lib_a-perror.o)
                                  0x4 (size before relaxing)
 *fill*         0x0081860f        0x1 00
 .rodata.str1.4
                0x00818610        0x2 /usr/local/3rdparty/altera/quartus12/nios2eds/bin/gnu/H-i686-pc-linux-gnu/bin/../lib/gcc/nios2-elf/4.1.2/../../../../nios2-elf/lib/libc.a(lib_a-puts.o)
                                  0x4 (size before relaxing)
 *fill*         0x00818612        0x2 00
 .rodata.str1.4
                0x00818614      0x7a2 /usr/local/3rdparty/altera/quartus12/nios2eds/bin/gnu/H-i686-pc-linux-gnu/bin/../lib/gcc/nios2-elf/4.1.2/../../../../nios2-elf/lib/libc.a(lib_a-strerror.o)
                                0x7a8 (size before relaxing)
 *fill*         0x00818db6        0x2 00
 .rodata.str1.4
                0x00818db8       0x5e /usr/local/3rdparty/altera/quartus12/nios2eds/bin/gnu/H-i686-pc-linux-gnu/bin/../lib/gcc/nios2-elf/4.1.2/../../../../nios2-elf/lib/libc.a(lib_a-vfprintf.o)
                                 0x60 (size before relaxing)
 .rodata        0x00818e16       0x20 /usr/local/3rdparty/altera/quartus12/nios2eds/bin/gnu/H-i686-pc-linux-gnu/bin/../lib/gcc/nios2-elf/4.1.2/../../../../nios2-elf/lib/libc.a(lib_a-vfprintf.o)
 *fill*         0x00818e36        0x2 00
 .rodata.str1.4
                0x00818e38       0x10 /usr/local/3rdparty/altera/quartus12/nios2eds/bin/gnu/H-i686-pc-linux-gnu/bin/../lib/gcc/nios2-elf/4.1.2/../../../../nios2-elf/lib/libc.a(lib_a-dtoa.o)
                                 0x14 (size before relaxing)
 .rodata.str1.4
                0x00818e48       0x10 /usr/local/3rdparty/altera/quartus12/nios2eds/bin/gnu/H-i686-pc-linux-gnu/bin/../lib/gcc/nios2-elf/4.1.2/../../../../nios2-elf/lib/libc.a(lib_a-locale.o)
                                 0x18 (size before relaxing)
 .rodata        0x00818e58       0x30 /usr/local/3rdparty/altera/quartus12/nios2eds/bin/gnu/H-i686-pc-linux-gnu/bin/../lib/gcc/nios2-elf/4.1.2/../../../../nios2-elf/lib/libc.a(lib_a-locale.o)
 .rodata        0x00818e88      0x124 /usr/local/3rdparty/altera/quartus12/nios2eds/bin/gnu/H-i686-pc-linux-gnu/bin/../lib/gcc/nios2-elf/4.1.2/../../../../nios2-elf/lib/libc.a(lib_a-mprec.o)
                0x00818e88                __mprec_tens
                0x00818f50                __mprec_bigtens
                0x00818f78                __mprec_tinytens
 .rodata        0x00818fac       0x14 /usr/local/3rdparty/altera/quartus12/nios2eds/bin/gnu/H-i686-pc-linux-gnu/bin/../lib/gcc/nios2-elf/4.1.2/libgcc.a(_thenan_df.o)
                0x00818fac                __thenan_df
 .rodata        0x00818fc0        0xc ../lights_bsp//libhal_bsp.a(alt_dev.o)
 .rodata        0x00818fcc       0x20 ../lights_bsp//libhal_bsp.a(alt_main.o)
 .rodata        0x00818fec       0xa4 ../lights_bsp//libhal_bsp.a(alt_sys_init.o)
 .rodata        0x00819090       0x1c ../lights_bsp//libhal_bsp.a(altera_up_avalon_video_character_buffer_with_dma.o)
 .rodata        0x008190ac      0x281 /usr/local/3rdparty/altera/quartus12/nios2eds/bin/gnu/H-i686-pc-linux-gnu/bin/../lib/gcc/nios2-elf/4.1.2/../../../../nios2-elf/lib/libc.a(lib_a-ctype_.o)
                0x008190ac                _ctype_
 *(.rodata1)
                0x00819330                . = ALIGN (0x4)
 *fill*         0x0081932d        0x3 00
                0x00819330                PROVIDE (__ram_rodata_end, ABSOLUTE (.))
                0x00817e54                PROVIDE (__flash_rodata_start, LOADADDR (.rodata))

.rwdata         0x00819330     0x1d3c load address 0x0081b06c
                0x00819330                PROVIDE (__ram_rwdata_start, ABSOLUTE (.))
                0x00819330                . = ALIGN (0x4)
 *(.got.plt)
 *(.got)
 *(.data1)
 *(.data .data.* .gnu.linkonce.d.*)
 .data          0x00819330        0x0 ../lights_bsp//obj/HAL/src/crt0.o
 .data          0x00819330        0xb obj/default/LightsFunctions.o
                0x00819330                sevenSegmentDisplay
 .data          0x0081933b        0x0 obj/default/Project.o
 .data          0x0081933b        0x0 obj/default/VideoFunctions.o
 .data          0x0081933b        0x0 /usr/local/3rdparty/altera/quartus12/nios2eds/bin/gnu/H-i686-pc-linux-gnu/bin/../lib/gcc/nios2-elf/4.1.2/../../../../nios2-elf/lib/libm.a(lib_a-sf_cos.o)
 .data          0x0081933b        0x0 /usr/local/3rdparty/altera/quartus12/nios2eds/bin/gnu/H-i686-pc-linux-gnu/bin/../lib/gcc/nios2-elf/4.1.2/../../../../nios2-elf/lib/libm.a(lib_a-sf_floor.o)
 .data          0x0081933b        0x0 /usr/local/3rdparty/altera/quartus12/nios2eds/bin/gnu/H-i686-pc-linux-gnu/bin/../lib/gcc/nios2-elf/4.1.2/../../../../nios2-elf/lib/libm.a(lib_a-sf_round.o)
 .data          0x0081933b        0x0 /usr/local/3rdparty/altera/quartus12/nios2eds/bin/gnu/H-i686-pc-linux-gnu/bin/../lib/gcc/nios2-elf/4.1.2/../../../../nios2-elf/lib/libm.a(lib_a-sf_sin.o)
 .data          0x0081933b        0x0 /usr/local/3rdparty/altera/quartus12/nios2eds/bin/gnu/H-i686-pc-linux-gnu/bin/../lib/gcc/nios2-elf/4.1.2/../../../../nios2-elf/lib/libm.a(lib_a-ef_rem_pio2.o)
 .data          0x0081933b        0x0 /usr/local/3rdparty/altera/quartus12/nios2eds/bin/gnu/H-i686-pc-linux-gnu/bin/../lib/gcc/nios2-elf/4.1.2/../../../../nios2-elf/lib/libm.a(lib_a-kf_cos.o)
 .data          0x0081933b        0x0 /usr/local/3rdparty/altera/quartus12/nios2eds/bin/gnu/H-i686-pc-linux-gnu/bin/../lib/gcc/nios2-elf/4.1.2/../../../../nios2-elf/lib/libm.a(lib_a-kf_rem_pio2.o)
 .data          0x0081933b        0x0 /usr/local/3rdparty/altera/quartus12/nios2eds/bin/gnu/H-i686-pc-linux-gnu/bin/../lib/gcc/nios2-elf/4.1.2/../../../../nios2-elf/lib/libm.a(lib_a-kf_sin.o)
 .data          0x0081933b        0x0 /usr/local/3rdparty/altera/quartus12/nios2eds/bin/gnu/H-i686-pc-linux-gnu/bin/../lib/gcc/nios2-elf/4.1.2/../../../../nios2-elf/lib/libm.a(lib_a-sf_fabs.o)
 .data          0x0081933b        0x0 /usr/local/3rdparty/altera/quartus12/nios2eds/bin/gnu/H-i686-pc-linux-gnu/bin/../lib/gcc/nios2-elf/4.1.2/../../../../nios2-elf/lib/libm.a(lib_a-sf_scalbn.o)
 .data          0x0081933b        0x0 /usr/local/3rdparty/altera/quartus12/nios2eds/bin/gnu/H-i686-pc-linux-gnu/bin/../lib/gcc/nios2-elf/4.1.2/../../../../nios2-elf/lib/libm.a(lib_a-sf_copysign.o)
 .data          0x0081933b        0x0 /usr/local/3rdparty/altera/quartus12/nios2eds/bin/gnu/H-i686-pc-linux-gnu/bin/../lib/gcc/nios2-elf/4.1.2/libgcc.a(_addsub_sf.o)
 .data          0x0081933b        0x0 /usr/local/3rdparty/altera/quartus12/nios2eds/bin/gnu/H-i686-pc-linux-gnu/bin/../lib/gcc/nios2-elf/4.1.2/libgcc.a(_mul_sf.o)
 .data          0x0081933b        0x0 /usr/local/3rdparty/altera/quartus12/nios2eds/bin/gnu/H-i686-pc-linux-gnu/bin/../lib/gcc/nios2-elf/4.1.2/libgcc.a(_eq_sf.o)
 .data          0x0081933b        0x0 /usr/local/3rdparty/altera/quartus12/nios2eds/bin/gnu/H-i686-pc-linux-gnu/bin/../lib/gcc/nios2-elf/4.1.2/libgcc.a(_gt_sf.o)
 .data          0x0081933b        0x0 /usr/local/3rdparty/altera/quartus12/nios2eds/bin/gnu/H-i686-pc-linux-gnu/bin/../lib/gcc/nios2-elf/4.1.2/libgcc.a(_ge_sf.o)
 .data          0x0081933b        0x0 /usr/local/3rdparty/altera/quartus12/nios2eds/bin/gnu/H-i686-pc-linux-gnu/bin/../lib/gcc/nios2-elf/4.1.2/libgcc.a(_lt_sf.o)
 .data          0x0081933b        0x0 /usr/local/3rdparty/altera/quartus12/nios2eds/bin/gnu/H-i686-pc-linux-gnu/bin/../lib/gcc/nios2-elf/4.1.2/libgcc.a(_le_sf.o)
 .data          0x0081933b        0x0 /usr/local/3rdparty/altera/quartus12/nios2eds/bin/gnu/H-i686-pc-linux-gnu/bin/../lib/gcc/nios2-elf/4.1.2/libgcc.a(_si_to_sf.o)
 .data          0x0081933b        0x0 /usr/local/3rdparty/altera/quartus12/nios2eds/bin/gnu/H-i686-pc-linux-gnu/bin/../lib/gcc/nios2-elf/4.1.2/libgcc.a(_sf_to_si.o)
 .data          0x0081933b        0x0 /usr/local/3rdparty/altera/quartus12/nios2eds/bin/gnu/H-i686-pc-linux-gnu/bin/../lib/gcc/nios2-elf/4.1.2/libgcc.a(_thenan_sf.o)
 .data          0x0081933b        0x0 /usr/local/3rdparty/altera/quartus12/nios2eds/bin/gnu/H-i686-pc-linux-gnu/bin/../lib/gcc/nios2-elf/4.1.2/libgcc.a(_usi_to_df.o)
 .data          0x0081933b        0x0 /usr/local/3rdparty/altera/quartus12/nios2eds/bin/gnu/H-i686-pc-linux-gnu/bin/../lib/gcc/nios2-elf/4.1.2/libgcc.a(lib2-divmod.o)
 .data          0x0081933b        0x0 /usr/local/3rdparty/altera/quartus12/nios2eds/bin/gnu/H-i686-pc-linux-gnu/bin/../lib/gcc/nios2-elf/4.1.2/libgcc.a(_muldi3.o)
 .data          0x0081933b        0x0 /usr/local/3rdparty/altera/quartus12/nios2eds/bin/gnu/H-i686-pc-linux-gnu/bin/../lib/gcc/nios2-elf/4.1.2/libgcc.a(_clzsi2.o)
 .data          0x0081933b        0x0 /usr/local/3rdparty/altera/quartus12/nios2eds/bin/gnu/H-i686-pc-linux-gnu/bin/../lib/gcc/nios2-elf/4.1.2/libgcc.a(_pack_sf.o)
 .data          0x0081933b        0x0 /usr/local/3rdparty/altera/quartus12/nios2eds/bin/gnu/H-i686-pc-linux-gnu/bin/../lib/gcc/nios2-elf/4.1.2/libgcc.a(_unpack_sf.o)
 .data          0x0081933b        0x0 /usr/local/3rdparty/altera/quartus12/nios2eds/bin/gnu/H-i686-pc-linux-gnu/bin/../lib/gcc/nios2-elf/4.1.2/libgcc.a(_fpcmp_parts_sf.o)
 .data          0x0081933b        0x0 /usr/local/3rdparty/altera/quartus12/nios2eds/bin/gnu/H-i686-pc-linux-gnu/bin/../lib/gcc/nios2-elf/4.1.2/libgcc.a(_pack_df.o)
 .data          0x0081933b        0x0 /usr/local/3rdparty/altera/quartus12/nios2eds/bin/gnu/H-i686-pc-linux-gnu/bin/../lib/gcc/nios2-elf/4.1.2/libgcc.a(_clz.o)
 .data          0x0081933b        0x0 /usr/local/3rdparty/altera/quartus12/nios2eds/bin/gnu/H-i686-pc-linux-gnu/bin/../lib/gcc/nios2-elf/4.1.2/../../../../nios2-elf/lib/libc.a(lib_a-fopen.o)
 .data          0x0081933b        0x0 /usr/local/3rdparty/altera/quartus12/nios2eds/bin/gnu/H-i686-pc-linux-gnu/bin/../lib/gcc/nios2-elf/4.1.2/../../../../nios2-elf/lib/libc.a(lib_a-fprintf.o)
 .data          0x0081933b        0x0 /usr/local/3rdparty/altera/quartus12/nios2eds/bin/gnu/H-i686-pc-linux-gnu/bin/../lib/gcc/nios2-elf/4.1.2/../../../../nios2-elf/lib/libc.a(lib_a-fread.o)
 .data          0x0081933b        0x0 /usr/local/3rdparty/altera/quartus12/nios2eds/bin/gnu/H-i686-pc-linux-gnu/bin/../lib/gcc/nios2-elf/4.1.2/../../../../nios2-elf/lib/libc.a(lib_a-freer.o)
 .data          0x0081933b        0x0 /usr/local/3rdparty/altera/quartus12/nios2eds/bin/gnu/H-i686-pc-linux-gnu/bin/../lib/gcc/nios2-elf/4.1.2/../../../../nios2-elf/lib/libc.a(lib_a-fseek.o)
 .data          0x0081933b        0x0 /usr/local/3rdparty/altera/quartus12/nios2eds/bin/gnu/H-i686-pc-linux-gnu/bin/../lib/gcc/nios2-elf/4.1.2/../../../../nios2-elf/lib/libc.a(lib_a-fstatr.o)
 .data          0x0081933b        0x0 /usr/local/3rdparty/altera/quartus12/nios2eds/bin/gnu/H-i686-pc-linux-gnu/bin/../lib/gcc/nios2-elf/4.1.2/../../../../nios2-elf/lib/libc.a(lib_a-fwrite.o)
 *fill*         0x0081933b        0x1 00
 .data          0x0081933c      0x400 /usr/local/3rdparty/altera/quartus12/nios2eds/bin/gnu/H-i686-pc-linux-gnu/bin/../lib/gcc/nios2-elf/4.1.2/../../../../nios2-elf/lib/libc.a(lib_a-impure.o)
 .data          0x0081973c        0x0 /usr/local/3rdparty/altera/quartus12/nios2eds/bin/gnu/H-i686-pc-linux-gnu/bin/../lib/gcc/nios2-elf/4.1.2/../../../../nios2-elf/lib/libc.a(lib_a-int_errno.o)
 .data          0x0081973c        0x0 /usr/local/3rdparty/altera/quartus12/nios2eds/bin/gnu/H-i686-pc-linux-gnu/bin/../lib/gcc/nios2-elf/4.1.2/../../../../nios2-elf/lib/libc.a(lib_a-makebuf.o)
 .data          0x0081973c        0x0 /usr/local/3rdparty/altera/quartus12/nios2eds/bin/gnu/H-i686-pc-linux-gnu/bin/../lib/gcc/nios2-elf/4.1.2/../../../../nios2-elf/lib/libc.a(lib_a-malloc.o)
 .data          0x0081973c      0x408 /usr/local/3rdparty/altera/quartus12/nios2eds/bin/gnu/H-i686-pc-linux-gnu/bin/../lib/gcc/nios2-elf/4.1.2/../../../../nios2-elf/lib/libc.a(lib_a-mallocr.o)
                0x0081973c                __malloc_av_
 .data          0x00819b44        0x0 /usr/local/3rdparty/altera/quartus12/nios2eds/bin/gnu/H-i686-pc-linux-gnu/bin/../lib/gcc/nios2-elf/4.1.2/../../../../nios2-elf/lib/libc.a(lib_a-memcpy.o)
 .data          0x00819b44        0x0 /usr/local/3rdparty/altera/quartus12/nios2eds/bin/gnu/H-i686-pc-linux-gnu/bin/../lib/gcc/nios2-elf/4.1.2/../../../../nios2-elf/lib/libc.a(lib_a-memset.o)
 .data          0x00819b44        0x0 /usr/local/3rdparty/altera/quartus12/nios2eds/bin/gnu/H-i686-pc-linux-gnu/bin/../lib/gcc/nios2-elf/4.1.2/../../../../nios2-elf/lib/libc.a(lib_a-openr.o)
 .data          0x00819b44        0x0 /usr/local/3rdparty/altera/quartus12/nios2eds/bin/gnu/H-i686-pc-linux-gnu/bin/../lib/gcc/nios2-elf/4.1.2/../../../../nios2-elf/lib/libc.a(lib_a-perror.o)
 .data          0x00819b44        0x0 /usr/local/3rdparty/altera/quartus12/nios2eds/bin/gnu/H-i686-pc-linux-gnu/bin/../lib/gcc/nios2-elf/4.1.2/../../../../nios2-elf/lib/libc.a(lib_a-printf.o)
 .data          0x00819b44        0x0 /usr/local/3rdparty/altera/quartus12/nios2eds/bin/gnu/H-i686-pc-linux-gnu/bin/../lib/gcc/nios2-elf/4.1.2/../../../../nios2-elf/lib/libc.a(lib_a-puts.o)
 .data          0x00819b44        0x0 /usr/local/3rdparty/altera/quartus12/nios2eds/bin/gnu/H-i686-pc-linux-gnu/bin/../lib/gcc/nios2-elf/4.1.2/../../../../nios2-elf/lib/libc.a(lib_a-rand.o)
 .data          0x00819b44        0x0 /usr/local/3rdparty/altera/quartus12/nios2eds/bin/gnu/H-i686-pc-linux-gnu/bin/../lib/gcc/nios2-elf/4.1.2/../../../../nios2-elf/lib/libc.a(lib_a-refill.o)
 .data          0x00819b44        0x0 /usr/local/3rdparty/altera/quartus12/nios2eds/bin/gnu/H-i686-pc-linux-gnu/bin/../lib/gcc/nios2-elf/4.1.2/../../../../nios2-elf/lib/libc.a(lib_a-sbrkr.o)
 .data          0x00819b44        0x0 /usr/local/3rdparty/altera/quartus12/nios2eds/bin/gnu/H-i686-pc-linux-gnu/bin/../lib/gcc/nios2-elf/4.1.2/../../../../nios2-elf/lib/libc.a(lib_a-stdio.o)
 .data          0x00819b44        0x0 /usr/local/3rdparty/altera/quartus12/nios2eds/bin/gnu/H-i686-pc-linux-gnu/bin/../lib/gcc/nios2-elf/4.1.2/../../../../nios2-elf/lib/libc.a(lib_a-strerror.o)
 .data          0x00819b44        0x0 /usr/local/3rdparty/altera/quartus12/nios2eds/bin/gnu/H-i686-pc-linux-gnu/bin/../lib/gcc/nios2-elf/4.1.2/../../../../nios2-elf/lib/libc.a(lib_a-strlen.o)
 .data          0x00819b44        0x0 /usr/local/3rdparty/altera/quartus12/nios2eds/bin/gnu/H-i686-pc-linux-gnu/bin/../lib/gcc/nios2-elf/4.1.2/../../../../nios2-elf/lib/libc.a(lib_a-time.o)
 .data          0x00819b44        0x0 /usr/local/3rdparty/altera/quartus12/nios2eds/bin/gnu/H-i686-pc-linux-gnu/bin/../lib/gcc/nios2-elf/4.1.2/../../../../nios2-elf/lib/libc.a(lib_a-u_strerr.o)
 .data          0x00819b44        0x0 /usr/local/3rdparty/altera/quartus12/nios2eds/bin/gnu/H-i686-pc-linux-gnu/bin/../lib/gcc/nios2-elf/4.1.2/../../../../nios2-elf/lib/libc.a(lib_a-vfprintf.o)
 .data          0x00819b44        0x0 /usr/local/3rdparty/altera/quartus12/nios2eds/bin/gnu/H-i686-pc-linux-gnu/bin/../lib/gcc/nios2-elf/4.1.2/../../../../nios2-elf/lib/libc.a(lib_a-writer.o)
 .data          0x00819b44        0x0 /usr/local/3rdparty/altera/quartus12/nios2eds/bin/gnu/H-i686-pc-linux-gnu/bin/../lib/gcc/nios2-elf/4.1.2/../../../../nios2-elf/lib/libc.a(lib_a-wsetup.o)
 .data          0x00819b44        0x0 /usr/local/3rdparty/altera/quartus12/nios2eds/bin/gnu/H-i686-pc-linux-gnu/bin/../lib/gcc/nios2-elf/4.1.2/../../../../nios2-elf/lib/libc.a(lib_a-closer.o)
 .data          0x00819b44        0x0 /usr/local/3rdparty/altera/quartus12/nios2eds/bin/gnu/H-i686-pc-linux-gnu/bin/../lib/gcc/nios2-elf/4.1.2/../../../../nios2-elf/lib/libc.a(lib_a-dtoa.o)
 .data          0x00819b44        0x0 /usr/local/3rdparty/altera/quartus12/nios2eds/bin/gnu/H-i686-pc-linux-gnu/bin/../lib/gcc/nios2-elf/4.1.2/../../../../nios2-elf/lib/libc.a(lib_a-fflush.o)
 .data          0x00819b44        0x0 /usr/local/3rdparty/altera/quartus12/nios2eds/bin/gnu/H-i686-pc-linux-gnu/bin/../lib/gcc/nios2-elf/4.1.2/../../../../nios2-elf/lib/libc.a(lib_a-findfp.o)
 .data          0x00819b44        0x0 /usr/local/3rdparty/altera/quartus12/nios2eds/bin/gnu/H-i686-pc-linux-gnu/bin/../lib/gcc/nios2-elf/4.1.2/../../../../nios2-elf/lib/libc.a(lib_a-flags.o)
 .data          0x00819b44        0x0 /usr/local/3rdparty/altera/quartus12/nios2eds/bin/gnu/H-i686-pc-linux-gnu/bin/../lib/gcc/nios2-elf/4.1.2/../../../../nios2-elf/lib/libc.a(lib_a-fputc.o)
 .data          0x00819b44        0x0 /usr/local/3rdparty/altera/quartus12/nios2eds/bin/gnu/H-i686-pc-linux-gnu/bin/../lib/gcc/nios2-elf/4.1.2/../../../../nios2-elf/lib/libc.a(lib_a-fputs.o)
 .data          0x00819b44        0x0 /usr/local/3rdparty/altera/quartus12/nios2eds/bin/gnu/H-i686-pc-linux-gnu/bin/../lib/gcc/nios2-elf/4.1.2/../../../../nios2-elf/lib/libc.a(lib_a-fvwrite.o)
 .data          0x00819b44        0x0 /usr/local/3rdparty/altera/quartus12/nios2eds/bin/gnu/H-i686-pc-linux-gnu/bin/../lib/gcc/nios2-elf/4.1.2/../../../../nios2-elf/lib/libc.a(lib_a-fwalk.o)
 .data          0x00819b44        0x0 /usr/local/3rdparty/altera/quartus12/nios2eds/bin/gnu/H-i686-pc-linux-gnu/bin/../lib/gcc/nios2-elf/4.1.2/../../../../nios2-elf/lib/libc.a(lib_a-gettimeofdayr.o)
 .data          0x00819b44        0x0 /usr/local/3rdparty/altera/quartus12/nios2eds/bin/gnu/H-i686-pc-linux-gnu/bin/../lib/gcc/nios2-elf/4.1.2/../../../../nios2-elf/lib/libc.a(lib_a-isattyr.o)
 .data          0x00819b44        0xc /usr/local/3rdparty/altera/quartus12/nios2eds/bin/gnu/H-i686-pc-linux-gnu/bin/../lib/gcc/nios2-elf/4.1.2/../../../../nios2-elf/lib/libc.a(lib_a-locale.o)
                0x00819b44                __lc_ctype
 .data          0x00819b50        0x0 /usr/local/3rdparty/altera/quartus12/nios2eds/bin/gnu/H-i686-pc-linux-gnu/bin/../lib/gcc/nios2-elf/4.1.2/../../../../nios2-elf/lib/libc.a(lib_a-lseekr.o)
 .data          0x00819b50        0x0 /usr/local/3rdparty/altera/quartus12/nios2eds/bin/gnu/H-i686-pc-linux-gnu/bin/../lib/gcc/nios2-elf/4.1.2/../../../../nios2-elf/lib/libc.a(lib_a-memchr.o)
 .data          0x00819b50        0x0 /usr/local/3rdparty/altera/quartus12/nios2eds/bin/gnu/H-i686-pc-linux-gnu/bin/../lib/gcc/nios2-elf/4.1.2/../../../../nios2-elf/lib/libc.a(lib_a-memmove.o)
 .data          0x00819b50        0x0 /usr/local/3rdparty/altera/quartus12/nios2eds/bin/gnu/H-i686-pc-linux-gnu/bin/../lib/gcc/nios2-elf/4.1.2/../../../../nios2-elf/lib/libc.a(lib_a-mprec.o)
 .data          0x00819b50        0x0 /usr/local/3rdparty/altera/quartus12/nios2eds/bin/gnu/H-i686-pc-linux-gnu/bin/../lib/gcc/nios2-elf/4.1.2/../../../../nios2-elf/lib/libc.a(lib_a-putc.o)
 .data          0x00819b50        0x0 /usr/local/3rdparty/altera/quartus12/nios2eds/bin/gnu/H-i686-pc-linux-gnu/bin/../lib/gcc/nios2-elf/4.1.2/../../../../nios2-elf/lib/libc.a(lib_a-readr.o)
 .data          0x00819b50        0x0 /usr/local/3rdparty/altera/quartus12/nios2eds/bin/gnu/H-i686-pc-linux-gnu/bin/../lib/gcc/nios2-elf/4.1.2/../../../../nios2-elf/lib/libc.a(lib_a-reallocr.o)
 .data          0x00819b50        0x0 /usr/local/3rdparty/altera/quartus12/nios2eds/bin/gnu/H-i686-pc-linux-gnu/bin/../lib/gcc/nios2-elf/4.1.2/../../../../nios2-elf/lib/libc.a(lib_a-s_isinfd.o)
 .data          0x00819b50        0x0 /usr/local/3rdparty/altera/quartus12/nios2eds/bin/gnu/H-i686-pc-linux-gnu/bin/../lib/gcc/nios2-elf/4.1.2/../../../../nios2-elf/lib/libc.a(lib_a-s_isnand.o)
 .data          0x00819b50        0x0 /usr/local/3rdparty/altera/quartus12/nios2eds/bin/gnu/H-i686-pc-linux-gnu/bin/../lib/gcc/nios2-elf/4.1.2/../../../../nios2-elf/lib/libc.a(lib_a-strcmp.o)
 .data          0x00819b50        0x0 /usr/local/3rdparty/altera/quartus12/nios2eds/bin/gnu/H-i686-pc-linux-gnu/bin/../lib/gcc/nios2-elf/4.1.2/../../../../nios2-elf/lib/libc.a(lib_a-wbuf.o)
 .data          0x00819b50        0x0 /usr/local/3rdparty/altera/quartus12/nios2eds/bin/gnu/H-i686-pc-linux-gnu/bin/../lib/gcc/nios2-elf/4.1.2/../../../../nios2-elf/lib/libc.a(lib_a-callocr.o)
 .data          0x00819b50        0x0 /usr/local/3rdparty/altera/quartus12/nios2eds/bin/gnu/H-i686-pc-linux-gnu/bin/../lib/gcc/nios2-elf/4.1.2/../../../../nios2-elf/lib/libc.a(lib_a-fclose.o)
 .data          0x00819b50        0x0 /usr/local/3rdparty/altera/quartus12/nios2eds/bin/gnu/H-i686-pc-linux-gnu/bin/../lib/gcc/nios2-elf/4.1.2/libgcc.a(_udivdi3.o)
 .data          0x00819b50        0x0 /usr/local/3rdparty/altera/quartus12/nios2eds/bin/gnu/H-i686-pc-linux-gnu/bin/../lib/gcc/nios2-elf/4.1.2/libgcc.a(_umoddi3.o)
 .data          0x00819b50        0x0 /usr/local/3rdparty/altera/quartus12/nios2eds/bin/gnu/H-i686-pc-linux-gnu/bin/../lib/gcc/nios2-elf/4.1.2/libgcc.a(_addsub_df.o)
 .data          0x00819b50        0x0 /usr/local/3rdparty/altera/quartus12/nios2eds/bin/gnu/H-i686-pc-linux-gnu/bin/../lib/gcc/nios2-elf/4.1.2/libgcc.a(_mul_df.o)
 .data          0x00819b50        0x0 /usr/local/3rdparty/altera/quartus12/nios2eds/bin/gnu/H-i686-pc-linux-gnu/bin/../lib/gcc/nios2-elf/4.1.2/libgcc.a(_div_df.o)
 .data          0x00819b50        0x0 /usr/local/3rdparty/altera/quartus12/nios2eds/bin/gnu/H-i686-pc-linux-gnu/bin/../lib/gcc/nios2-elf/4.1.2/libgcc.a(_eq_df.o)
 .data          0x00819b50        0x0 /usr/local/3rdparty/altera/quartus12/nios2eds/bin/gnu/H-i686-pc-linux-gnu/bin/../lib/gcc/nios2-elf/4.1.2/libgcc.a(_ne_df.o)
 .data          0x00819b50        0x0 /usr/local/3rdparty/altera/quartus12/nios2eds/bin/gnu/H-i686-pc-linux-gnu/bin/../lib/gcc/nios2-elf/4.1.2/libgcc.a(_gt_df.o)
 .data          0x00819b50        0x0 /usr/local/3rdparty/altera/quartus12/nios2eds/bin/gnu/H-i686-pc-linux-gnu/bin/../lib/gcc/nios2-elf/4.1.2/libgcc.a(_ge_df.o)
 .data          0x00819b50        0x0 /usr/local/3rdparty/altera/quartus12/nios2eds/bin/gnu/H-i686-pc-linux-gnu/bin/../lib/gcc/nios2-elf/4.1.2/libgcc.a(_lt_df.o)
 .data          0x00819b50        0x0 /usr/local/3rdparty/altera/quartus12/nios2eds/bin/gnu/H-i686-pc-linux-gnu/bin/../lib/gcc/nios2-elf/4.1.2/libgcc.a(_si_to_df.o)
 .data          0x00819b50        0x0 /usr/local/3rdparty/altera/quartus12/nios2eds/bin/gnu/H-i686-pc-linux-gnu/bin/../lib/gcc/nios2-elf/4.1.2/libgcc.a(_df_to_si.o)
 .data          0x00819b50        0x0 /usr/local/3rdparty/altera/quartus12/nios2eds/bin/gnu/H-i686-pc-linux-gnu/bin/../lib/gcc/nios2-elf/4.1.2/libgcc.a(_thenan_df.o)
 .data          0x00819b50        0x0 /usr/local/3rdparty/altera/quartus12/nios2eds/bin/gnu/H-i686-pc-linux-gnu/bin/../lib/gcc/nios2-elf/4.1.2/libgcc.a(_unpack_df.o)
 .data          0x00819b50        0x0 /usr/local/3rdparty/altera/quartus12/nios2eds/bin/gnu/H-i686-pc-linux-gnu/bin/../lib/gcc/nios2-elf/4.1.2/libgcc.a(_fpcmp_parts_df.o)
 .data          0x00819b50        0x0 ../lights_bsp//libhal_bsp.a(alt_close.o)
 .data          0x00819b50      0x1a8 ../lights_bsp//libhal_bsp.a(alt_dev.o)
                0x00819b50                alt_dev_null
                0x00819b78                alt_fd_list
 .data          0x00819cf8        0x0 ../lights_bsp//libhal_bsp.a(alt_errno.o)
 .data          0x00819cf8        0x0 ../lights_bsp//libhal_bsp.a(alt_fstat.o)
 .data          0x00819cf8        0x0 ../lights_bsp//libhal_bsp.a(alt_gettod.o)
 .data          0x00819cf8        0x0 ../lights_bsp//libhal_bsp.a(alt_isatty.o)
 .data          0x00819cf8        0x0 ../lights_bsp//libhal_bsp.a(alt_load.o)
 .data          0x00819cf8        0x0 ../lights_bsp//libhal_bsp.a(alt_lseek.o)
 .data          0x00819cf8        0x0 ../lights_bsp//libhal_bsp.a(alt_main.o)
 .data          0x00819cf8        0x0 ../lights_bsp//libhal_bsp.a(alt_malloc_lock.o)
 .data          0x00819cf8        0x0 ../lights_bsp//libhal_bsp.a(alt_open.o)
 .data          0x00819cf8        0x0 ../lights_bsp//libhal_bsp.a(alt_read.o)
 .data          0x00819cf8        0x0 ../lights_bsp//libhal_bsp.a(alt_release_fd.o)
 .data          0x00819cf8        0x0 ../lights_bsp//libhal_bsp.a(alt_sbrk.o)
 .data          0x00819cf8        0x0 ../lights_bsp//libhal_bsp.a(alt_tick.o)
 .data          0x00819cf8        0x0 ../lights_bsp//libhal_bsp.a(alt_write.o)
 .data          0x00819cf8     0x1324 ../lights_bsp//libhal_bsp.a(alt_sys_init.o)
 .data          0x0081b01c        0x0 ../lights_bsp//libhal_bsp.a(altera_avalon_cfi_flash.o)
 .data          0x0081b01c        0x0 ../lights_bsp//libhal_bsp.a(altera_avalon_cfi_flash_table.o)
 .data          0x0081b01c        0x0 ../lights_bsp//libhal_bsp.a(altera_avalon_jtag_uart_fd.o)
 .data          0x0081b01c        0x0 ../lights_bsp//libhal_bsp.a(altera_avalon_jtag_uart_init.o)
 .data          0x0081b01c        0x0 ../lights_bsp//libhal_bsp.a(altera_avalon_jtag_uart_ioctl.o)
 .data          0x0081b01c        0x0 ../lights_bsp//libhal_bsp.a(altera_avalon_jtag_uart_read.o)
 .data          0x0081b01c        0x0 ../lights_bsp//libhal_bsp.a(altera_avalon_jtag_uart_write.o)
 .data          0x0081b01c        0x0 ../lights_bsp//libhal_bsp.a(altera_avalon_lcd_16207.o)
 .data          0x0081b01c        0x0 ../lights_bsp//libhal_bsp.a(altera_avalon_lcd_16207_fd.o)
 .data          0x0081b01c        0x0 ../lights_bsp//libhal_bsp.a(altera_avalon_performance_counter.o)
 .data          0x0081b01c        0x0 ../lights_bsp//libhal_bsp.a(altera_ro_zipfs.o)
 .data          0x0081b01c        0x0 ../lights_bsp//libhal_bsp.a(altera_up_avalon_video_character_buffer_with_dma.o)
 .data          0x0081b01c        0x0 ../lights_bsp//libhal_bsp.a(altera_up_avalon_video_pixel_buffer_dma.o)
 .data          0x0081b01c        0x0 ../lights_bsp//libhal_bsp.a(alt_alarm_start.o)
 .data          0x0081b01c        0x0 ../lights_bsp//libhal_bsp.a(alt_dcache_flush.o)
 .data          0x0081b01c        0x0 ../lights_bsp//libhal_bsp.a(alt_dcache_flush_all.o)
 .data          0x0081b01c        0x0 ../lights_bsp//libhal_bsp.a(alt_dev_llist_insert.o)
 .data          0x0081b01c        0x0 ../lights_bsp//libhal_bsp.a(alt_do_ctors.o)
 .data          0x0081b01c        0x0 ../lights_bsp//libhal_bsp.a(alt_do_dtors.o)
 .data          0x0081b01c        0x0 ../lights_bsp//libhal_bsp.a(alt_find_dev.o)
 .data          0x0081b01c        0x0 ../lights_bsp//libhal_bsp.a(alt_find_file.o)
 .data          0x0081b01c        0x0 ../lights_bsp//libhal_bsp.a(alt_flash_dev.o)
 .data          0x0081b01c        0x0 ../lights_bsp//libhal_bsp.a(alt_fs_reg.o)
 .data          0x0081b01c        0x0 ../lights_bsp//libhal_bsp.a(alt_get_fd.o)
 .data          0x0081b01c        0x0 ../lights_bsp//libhal_bsp.a(alt_icache_flush_all.o)
 .data          0x0081b01c        0x0 ../lights_bsp//libhal_bsp.a(alt_iic.o)
 .data          0x0081b01c        0x0 ../lights_bsp//libhal_bsp.a(alt_iic_isr_register.o)
 .data          0x0081b01c        0x0 ../lights_bsp//libhal_bsp.a(alt_io_redirect.o)
 .data          0x0081b01c        0x0 ../lights_bsp//libhal_bsp.a(alt_irq_entry.o)
 .data          0x0081b01c        0x0 ../lights_bsp//libhal_bsp.a(alt_irq_handler.o)
 .data          0x0081b01c        0x0 ../lights_bsp//libhal_bsp.a(alt_irq_vars.o)
 .data          0x0081b01c        0x0 ../lights_bsp//libhal_bsp.a(alt_usleep.o)
 .data          0x0081b01c        0x0 ../lights_bsp//libhal_bsp.a(altera_nios2_irq.o)
 .data          0x0081b01c        0x0 ../lights_bsp//libhal_bsp.a(altera_avalon_cfi_flash_amd.o)
 .data          0x0081b01c        0x0 ../lights_bsp//libhal_bsp.a(altera_avalon_cfi_flash_intel.o)
 .data          0x0081b01c        0x0 ../lights_bsp//libhal_bsp.a(alt_busy_sleep.o)
 .data          0x0081b01c        0x0 ../lights_bsp//libhal_bsp.a(alt_exception_entry.o)
 .data          0x0081b01c        0x0 ../lights_bsp//libhal_bsp.a(alt_icache_flush.o)
 .data          0x0081b01c        0x0 /usr/local/3rdparty/altera/quartus12/nios2eds/bin/gnu/H-i686-pc-linux-gnu/bin/../lib/gcc/nios2-elf/4.1.2/../../../../nios2-elf/lib/libc.a(lib_a-atexit.o)
 .data          0x0081b01c        0x0 /usr/local/3rdparty/altera/quartus12/nios2eds/bin/gnu/H-i686-pc-linux-gnu/bin/../lib/gcc/nios2-elf/4.1.2/../../../../nios2-elf/lib/libc.a(lib_a-ctype_.o)
 .data          0x0081b01c        0x0 /usr/local/3rdparty/altera/quartus12/nios2eds/bin/gnu/H-i686-pc-linux-gnu/bin/../lib/gcc/nios2-elf/4.1.2/../../../../nios2-elf/lib/libc.a(lib_a-exit.o)
 .data          0x0081b01c        0x0 /usr/local/3rdparty/altera/quartus12/nios2eds/bin/gnu/H-i686-pc-linux-gnu/bin/../lib/gcc/nios2-elf/4.1.2/../../../../nios2-elf/lib/libc.a(lib_a-memcmp.o)
 .data          0x0081b01c        0x0 /usr/local/3rdparty/altera/quartus12/nios2eds/bin/gnu/H-i686-pc-linux-gnu/bin/../lib/gcc/nios2-elf/4.1.2/../../../../nios2-elf/lib/libc.a(lib_a-strncmp.o)
 .data          0x0081b01c        0x0 /usr/local/3rdparty/altera/quartus12/nios2eds/bin/gnu/H-i686-pc-linux-gnu/bin/../lib/gcc/nios2-elf/4.1.2/../../../../nios2-elf/lib/libc.a(lib_a-__atexit.o)
 .data          0x0081b01c        0x0 /usr/local/3rdparty/altera/quartus12/nios2eds/bin/gnu/H-i686-pc-linux-gnu/bin/../lib/gcc/nios2-elf/4.1.2/../../../../nios2-elf/lib/libc.a(lib_a-__call_atexit.o)
 .data          0x0081b01c        0x0 ../lights_bsp//libhal_bsp.a(alt_exit.o)
                0x0082301c                _gp = ABSOLUTE ((. + 0x8000))
                0x0082301c                PROVIDE (gp, _gp)
 *(.rwdata .rwdata.*)
 *(.sdata .sdata.* .gnu.linkonce.s.*)
 .sdata         0x0081b01c        0x8 /usr/local/3rdparty/altera/quartus12/nios2eds/bin/gnu/H-i686-pc-linux-gnu/bin/../lib/gcc/nios2-elf/4.1.2/../../../../nios2-elf/lib/libc.a(lib_a-impure.o)
                0x0081b01c                _impure_ptr
                0x0081b020                _global_impure_ptr
 .sdata         0x0081b024        0x8 /usr/local/3rdparty/altera/quartus12/nios2eds/bin/gnu/H-i686-pc-linux-gnu/bin/../lib/gcc/nios2-elf/4.1.2/../../../../nios2-elf/lib/libc.a(lib_a-mallocr.o)
                0x0081b024                __malloc_trim_threshold
                0x0081b028                __malloc_sbrk_base
 .sdata         0x0081b02c        0x8 /usr/local/3rdparty/altera/quartus12/nios2eds/bin/gnu/H-i686-pc-linux-gnu/bin/../lib/gcc/nios2-elf/4.1.2/../../../../nios2-elf/lib/libc.a(lib_a-locale.o)
                0x0081b02c                __mb_cur_max
 .sdata         0x0081b034       0x14 ../lights_bsp//libhal_bsp.a(alt_dev.o)
                0x0081b034                alt_fs_list
                0x0081b03c                alt_dev_list
                0x0081b044                alt_max_fd
 .sdata         0x0081b048        0x4 ../lights_bsp//libhal_bsp.a(alt_errno.o)
                0x0081b048                alt_errno
 .sdata         0x0081b04c        0x4 ../lights_bsp//libhal_bsp.a(alt_sbrk.o)
 .sdata         0x0081b050        0x8 ../lights_bsp//libhal_bsp.a(alt_tick.o)
                0x0081b050                alt_alarm_list
 .sdata         0x0081b058        0x4 ../lights_bsp//libhal_bsp.a(altera_avalon_lcd_16207.o)
 .sdata         0x0081b05c        0x8 ../lights_bsp//libhal_bsp.a(alt_flash_dev.o)
                0x0081b05c                alt_flash_dev_list
 .sdata         0x0081b064        0x4 ../lights_bsp//libhal_bsp.a(alt_irq_vars.o)
                0x0081b064                alt_priority_mask
 .sdata         0x0081b068        0x4 /usr/local/3rdparty/altera/quartus12/nios2eds/bin/gnu/H-i686-pc-linux-gnu/bin/../lib/gcc/nios2-elf/4.1.2/../../../../nios2-elf/lib/libc.a(lib_a-ctype_.o)
                0x0081b068                __ctype_ptr
 *(.sdata2 .sdata2.* .gnu.linkonce.s2.*)
                0x0081b06c                . = ALIGN (0x4)
                0x0081b06c                _edata = ABSOLUTE (.)
                0x0081b06c                PROVIDE (edata, ABSOLUTE (.))
                0x0081b06c                PROVIDE (__ram_rwdata_end, ABSOLUTE (.))
                0x0081b06c                PROVIDE (__flash_rwdata_start, LOADADDR (.rwdata))

.bss            0x0081cda8      0x314
                0x0081cda8                __bss_start = ABSOLUTE (.)
                0x0081cda8                PROVIDE (__sbss_start, ABSOLUTE (.))
                0x0081cda8                PROVIDE (___sbss_start, ABSOLUTE (.))
 *(.dynsbss)
 *(.sbss .sbss.* .gnu.linkonce.sb.*)
 .sbss          0x0081cda8        0x8 obj/default/LightsFunctions.o
                0x0081cda8                currentSegCount
                0x0081cdac                circleCounter
 .sbss          0x0081cdb0       0x10 obj/default/Project.o
                0x0081cdb0                myFile
                0x0081cdb4                destImage
                0x0081cdb8                myImage
                0x0081cdbc                myPixelBuffer
 .sbss          0x0081cdc0        0x4 /usr/local/3rdparty/altera/quartus12/nios2eds/bin/gnu/H-i686-pc-linux-gnu/bin/../lib/gcc/nios2-elf/4.1.2/../../../../nios2-elf/lib/libc.a(lib_a-int_errno.o)
                0x0081cdc0                errno
 .sbss          0x0081cdc4        0xc /usr/local/3rdparty/altera/quartus12/nios2eds/bin/gnu/H-i686-pc-linux-gnu/bin/../lib/gcc/nios2-elf/4.1.2/../../../../nios2-elf/lib/libc.a(lib_a-mallocr.o)
                0x0081cdc4                __malloc_top_pad
                0x0081cdc8                __malloc_max_sbrked_mem
                0x0081cdcc                __malloc_max_total_mem
 .sbss          0x0081cdd0        0xc /usr/local/3rdparty/altera/quartus12/nios2eds/bin/gnu/H-i686-pc-linux-gnu/bin/../lib/gcc/nios2-elf/4.1.2/../../../../nios2-elf/lib/libc.a(lib_a-locale.o)
                0x0081cdd0                __nlocale_changed
                0x0081cdd4                __mlocale_changed
                0x0081cdd8                _PathLocale
 .sbss          0x0081cddc       0x10 ../lights_bsp//libhal_bsp.a(alt_gettod.o)
                0x0081cddc                alt_timezone
                0x0081cde4                alt_resettime
 .sbss          0x0081cdec        0xc ../lights_bsp//libhal_bsp.a(alt_main.o)
                0x0081cdec                alt_argc
                0x0081cdf0                alt_argv
                0x0081cdf4                alt_envp
 .sbss          0x0081cdf8        0x8 ../lights_bsp//libhal_bsp.a(alt_tick.o)
                0x0081cdf8                _alt_tick_rate
                0x0081cdfc                _alt_nticks
 .sbss          0x0081ce00        0x4 ../lights_bsp//libhal_bsp.a(alt_irq_vars.o)
                0x0081ce00                alt_irq_active
 *(.sbss2 .sbss2.* .gnu.linkonce.sb2.*)
 *(.scommon)
                0x0081ce04                PROVIDE (__sbss_end, ABSOLUTE (.))
                0x0081ce04                PROVIDE (___sbss_end, ABSOLUTE (.))
 *(.dynbss)
 *(.bss .bss.* .gnu.linkonce.b.*)
 .bss           0x0081ce04        0x0 ../lights_bsp//obj/HAL/src/crt0.o
 .bss           0x0081ce04        0x0 obj/default/LightsFunctions.o
 .bss           0x0081ce04        0x0 obj/default/Project.o
 .bss           0x0081ce04        0x0 obj/default/VideoFunctions.o
 .bss           0x0081ce04        0x0 /usr/local/3rdparty/altera/quartus12/nios2eds/bin/gnu/H-i686-pc-linux-gnu/bin/../lib/gcc/nios2-elf/4.1.2/../../../../nios2-elf/lib/libm.a(lib_a-sf_cos.o)
 .bss           0x0081ce04        0x0 /usr/local/3rdparty/altera/quartus12/nios2eds/bin/gnu/H-i686-pc-linux-gnu/bin/../lib/gcc/nios2-elf/4.1.2/../../../../nios2-elf/lib/libm.a(lib_a-sf_floor.o)
 .bss           0x0081ce04        0x0 /usr/local/3rdparty/altera/quartus12/nios2eds/bin/gnu/H-i686-pc-linux-gnu/bin/../lib/gcc/nios2-elf/4.1.2/../../../../nios2-elf/lib/libm.a(lib_a-sf_round.o)
 .bss           0x0081ce04        0x0 /usr/local/3rdparty/altera/quartus12/nios2eds/bin/gnu/H-i686-pc-linux-gnu/bin/../lib/gcc/nios2-elf/4.1.2/../../../../nios2-elf/lib/libm.a(lib_a-sf_sin.o)
 .bss           0x0081ce04        0x0 /usr/local/3rdparty/altera/quartus12/nios2eds/bin/gnu/H-i686-pc-linux-gnu/bin/../lib/gcc/nios2-elf/4.1.2/../../../../nios2-elf/lib/libm.a(lib_a-ef_rem_pio2.o)
 .bss           0x0081ce04        0x0 /usr/local/3rdparty/altera/quartus12/nios2eds/bin/gnu/H-i686-pc-linux-gnu/bin/../lib/gcc/nios2-elf/4.1.2/../../../../nios2-elf/lib/libm.a(lib_a-kf_cos.o)
 .bss           0x0081ce04        0x0 /usr/local/3rdparty/altera/quartus12/nios2eds/bin/gnu/H-i686-pc-linux-gnu/bin/../lib/gcc/nios2-elf/4.1.2/../../../../nios2-elf/lib/libm.a(lib_a-kf_rem_pio2.o)
 .bss           0x0081ce04        0x0 /usr/local/3rdparty/altera/quartus12/nios2eds/bin/gnu/H-i686-pc-linux-gnu/bin/../lib/gcc/nios2-elf/4.1.2/../../../../nios2-elf/lib/libm.a(lib_a-kf_sin.o)
 .bss           0x0081ce04        0x0 /usr/local/3rdparty/altera/quartus12/nios2eds/bin/gnu/H-i686-pc-linux-gnu/bin/../lib/gcc/nios2-elf/4.1.2/../../../../nios2-elf/lib/libm.a(lib_a-sf_fabs.o)
 .bss           0x0081ce04        0x0 /usr/local/3rdparty/altera/quartus12/nios2eds/bin/gnu/H-i686-pc-linux-gnu/bin/../lib/gcc/nios2-elf/4.1.2/../../../../nios2-elf/lib/libm.a(lib_a-sf_scalbn.o)
 .bss           0x0081ce04        0x0 /usr/local/3rdparty/altera/quartus12/nios2eds/bin/gnu/H-i686-pc-linux-gnu/bin/../lib/gcc/nios2-elf/4.1.2/../../../../nios2-elf/lib/libm.a(lib_a-sf_copysign.o)
 .bss           0x0081ce04        0x0 /usr/local/3rdparty/altera/quartus12/nios2eds/bin/gnu/H-i686-pc-linux-gnu/bin/../lib/gcc/nios2-elf/4.1.2/libgcc.a(_addsub_sf.o)
 .bss           0x0081ce04        0x0 /usr/local/3rdparty/altera/quartus12/nios2eds/bin/gnu/H-i686-pc-linux-gnu/bin/../lib/gcc/nios2-elf/4.1.2/libgcc.a(_mul_sf.o)
 .bss           0x0081ce04        0x0 /usr/local/3rdparty/altera/quartus12/nios2eds/bin/gnu/H-i686-pc-linux-gnu/bin/../lib/gcc/nios2-elf/4.1.2/libgcc.a(_eq_sf.o)
 .bss           0x0081ce04        0x0 /usr/local/3rdparty/altera/quartus12/nios2eds/bin/gnu/H-i686-pc-linux-gnu/bin/../lib/gcc/nios2-elf/4.1.2/libgcc.a(_gt_sf.o)
 .bss           0x0081ce04        0x0 /usr/local/3rdparty/altera/quartus12/nios2eds/bin/gnu/H-i686-pc-linux-gnu/bin/../lib/gcc/nios2-elf/4.1.2/libgcc.a(_ge_sf.o)
 .bss           0x0081ce04        0x0 /usr/local/3rdparty/altera/quartus12/nios2eds/bin/gnu/H-i686-pc-linux-gnu/bin/../lib/gcc/nios2-elf/4.1.2/libgcc.a(_lt_sf.o)
 .bss           0x0081ce04        0x0 /usr/local/3rdparty/altera/quartus12/nios2eds/bin/gnu/H-i686-pc-linux-gnu/bin/../lib/gcc/nios2-elf/4.1.2/libgcc.a(_le_sf.o)
 .bss           0x0081ce04        0x0 /usr/local/3rdparty/altera/quartus12/nios2eds/bin/gnu/H-i686-pc-linux-gnu/bin/../lib/gcc/nios2-elf/4.1.2/libgcc.a(_si_to_sf.o)
 .bss           0x0081ce04        0x0 /usr/local/3rdparty/altera/quartus12/nios2eds/bin/gnu/H-i686-pc-linux-gnu/bin/../lib/gcc/nios2-elf/4.1.2/libgcc.a(_sf_to_si.o)
 .bss           0x0081ce04        0x0 /usr/local/3rdparty/altera/quartus12/nios2eds/bin/gnu/H-i686-pc-linux-gnu/bin/../lib/gcc/nios2-elf/4.1.2/libgcc.a(_thenan_sf.o)
 .bss           0x0081ce04        0x0 /usr/local/3rdparty/altera/quartus12/nios2eds/bin/gnu/H-i686-pc-linux-gnu/bin/../lib/gcc/nios2-elf/4.1.2/libgcc.a(_usi_to_df.o)
 .bss           0x0081ce04        0x0 /usr/local/3rdparty/altera/quartus12/nios2eds/bin/gnu/H-i686-pc-linux-gnu/bin/../lib/gcc/nios2-elf/4.1.2/libgcc.a(lib2-divmod.o)
 .bss           0x0081ce04        0x0 /usr/local/3rdparty/altera/quartus12/nios2eds/bin/gnu/H-i686-pc-linux-gnu/bin/../lib/gcc/nios2-elf/4.1.2/libgcc.a(_muldi3.o)
 .bss           0x0081ce04        0x0 /usr/local/3rdparty/altera/quartus12/nios2eds/bin/gnu/H-i686-pc-linux-gnu/bin/../lib/gcc/nios2-elf/4.1.2/libgcc.a(_clzsi2.o)
 .bss           0x0081ce04        0x0 /usr/local/3rdparty/altera/quartus12/nios2eds/bin/gnu/H-i686-pc-linux-gnu/bin/../lib/gcc/nios2-elf/4.1.2/libgcc.a(_pack_sf.o)
 .bss           0x0081ce04        0x0 /usr/local/3rdparty/altera/quartus12/nios2eds/bin/gnu/H-i686-pc-linux-gnu/bin/../lib/gcc/nios2-elf/4.1.2/libgcc.a(_unpack_sf.o)
 .bss           0x0081ce04        0x0 /usr/local/3rdparty/altera/quartus12/nios2eds/bin/gnu/H-i686-pc-linux-gnu/bin/../lib/gcc/nios2-elf/4.1.2/libgcc.a(_fpcmp_parts_sf.o)
 .bss           0x0081ce04        0x0 /usr/local/3rdparty/altera/quartus12/nios2eds/bin/gnu/H-i686-pc-linux-gnu/bin/../lib/gcc/nios2-elf/4.1.2/libgcc.a(_pack_df.o)
 .bss           0x0081ce04        0x0 /usr/local/3rdparty/altera/quartus12/nios2eds/bin/gnu/H-i686-pc-linux-gnu/bin/../lib/gcc/nios2-elf/4.1.2/libgcc.a(_clz.o)
 .bss           0x0081ce04        0x0 /usr/local/3rdparty/altera/quartus12/nios2eds/bin/gnu/H-i686-pc-linux-gnu/bin/../lib/gcc/nios2-elf/4.1.2/../../../../nios2-elf/lib/libc.a(lib_a-fopen.o)
 .bss           0x0081ce04        0x0 /usr/local/3rdparty/altera/quartus12/nios2eds/bin/gnu/H-i686-pc-linux-gnu/bin/../lib/gcc/nios2-elf/4.1.2/../../../../nios2-elf/lib/libc.a(lib_a-fprintf.o)
 .bss           0x0081ce04        0x0 /usr/local/3rdparty/altera/quartus12/nios2eds/bin/gnu/H-i686-pc-linux-gnu/bin/../lib/gcc/nios2-elf/4.1.2/../../../../nios2-elf/lib/libc.a(lib_a-fread.o)
 .bss           0x0081ce04        0x0 /usr/local/3rdparty/altera/quartus12/nios2eds/bin/gnu/H-i686-pc-linux-gnu/bin/../lib/gcc/nios2-elf/4.1.2/../../../../nios2-elf/lib/libc.a(lib_a-freer.o)
 .bss           0x0081ce04        0x0 /usr/local/3rdparty/altera/quartus12/nios2eds/bin/gnu/H-i686-pc-linux-gnu/bin/../lib/gcc/nios2-elf/4.1.2/../../../../nios2-elf/lib/libc.a(lib_a-fseek.o)
 .bss           0x0081ce04        0x0 /usr/local/3rdparty/altera/quartus12/nios2eds/bin/gnu/H-i686-pc-linux-gnu/bin/../lib/gcc/nios2-elf/4.1.2/../../../../nios2-elf/lib/libc.a(lib_a-fstatr.o)
 .bss           0x0081ce04        0x0 /usr/local/3rdparty/altera/quartus12/nios2eds/bin/gnu/H-i686-pc-linux-gnu/bin/../lib/gcc/nios2-elf/4.1.2/../../../../nios2-elf/lib/libc.a(lib_a-fwrite.o)
 .bss           0x0081ce04        0x0 /usr/local/3rdparty/altera/quartus12/nios2eds/bin/gnu/H-i686-pc-linux-gnu/bin/../lib/gcc/nios2-elf/4.1.2/../../../../nios2-elf/lib/libc.a(lib_a-impure.o)
 .bss           0x0081ce04        0x0 /usr/local/3rdparty/altera/quartus12/nios2eds/bin/gnu/H-i686-pc-linux-gnu/bin/../lib/gcc/nios2-elf/4.1.2/../../../../nios2-elf/lib/libc.a(lib_a-int_errno.o)
 .bss           0x0081ce04        0x0 /usr/local/3rdparty/altera/quartus12/nios2eds/bin/gnu/H-i686-pc-linux-gnu/bin/../lib/gcc/nios2-elf/4.1.2/../../../../nios2-elf/lib/libc.a(lib_a-makebuf.o)
 .bss           0x0081ce04        0x0 /usr/local/3rdparty/altera/quartus12/nios2eds/bin/gnu/H-i686-pc-linux-gnu/bin/../lib/gcc/nios2-elf/4.1.2/../../../../nios2-elf/lib/libc.a(lib_a-malloc.o)
 .bss           0x0081ce04       0x28 /usr/local/3rdparty/altera/quartus12/nios2eds/bin/gnu/H-i686-pc-linux-gnu/bin/../lib/gcc/nios2-elf/4.1.2/../../../../nios2-elf/lib/libc.a(lib_a-mallocr.o)
                0x0081ce04                __malloc_current_mallinfo
 .bss           0x0081ce2c        0x0 /usr/local/3rdparty/altera/quartus12/nios2eds/bin/gnu/H-i686-pc-linux-gnu/bin/../lib/gcc/nios2-elf/4.1.2/../../../../nios2-elf/lib/libc.a(lib_a-memcpy.o)
 .bss           0x0081ce2c        0x0 /usr/local/3rdparty/altera/quartus12/nios2eds/bin/gnu/H-i686-pc-linux-gnu/bin/../lib/gcc/nios2-elf/4.1.2/../../../../nios2-elf/lib/libc.a(lib_a-memset.o)
 .bss           0x0081ce2c        0x0 /usr/local/3rdparty/altera/quartus12/nios2eds/bin/gnu/H-i686-pc-linux-gnu/bin/../lib/gcc/nios2-elf/4.1.2/../../../../nios2-elf/lib/libc.a(lib_a-openr.o)
 .bss           0x0081ce2c        0x0 /usr/local/3rdparty/altera/quartus12/nios2eds/bin/gnu/H-i686-pc-linux-gnu/bin/../lib/gcc/nios2-elf/4.1.2/../../../../nios2-elf/lib/libc.a(lib_a-perror.o)
 .bss           0x0081ce2c        0x0 /usr/local/3rdparty/altera/quartus12/nios2eds/bin/gnu/H-i686-pc-linux-gnu/bin/../lib/gcc/nios2-elf/4.1.2/../../../../nios2-elf/lib/libc.a(lib_a-printf.o)
 .bss           0x0081ce2c        0x0 /usr/local/3rdparty/altera/quartus12/nios2eds/bin/gnu/H-i686-pc-linux-gnu/bin/../lib/gcc/nios2-elf/4.1.2/../../../../nios2-elf/lib/libc.a(lib_a-puts.o)
 .bss           0x0081ce2c        0x0 /usr/local/3rdparty/altera/quartus12/nios2eds/bin/gnu/H-i686-pc-linux-gnu/bin/../lib/gcc/nios2-elf/4.1.2/../../../../nios2-elf/lib/libc.a(lib_a-rand.o)
 .bss           0x0081ce2c        0x0 /usr/local/3rdparty/altera/quartus12/nios2eds/bin/gnu/H-i686-pc-linux-gnu/bin/../lib/gcc/nios2-elf/4.1.2/../../../../nios2-elf/lib/libc.a(lib_a-refill.o)
 .bss           0x0081ce2c        0x0 /usr/local/3rdparty/altera/quartus12/nios2eds/bin/gnu/H-i686-pc-linux-gnu/bin/../lib/gcc/nios2-elf/4.1.2/../../../../nios2-elf/lib/libc.a(lib_a-sbrkr.o)
 .bss           0x0081ce2c        0x0 /usr/local/3rdparty/altera/quartus12/nios2eds/bin/gnu/H-i686-pc-linux-gnu/bin/../lib/gcc/nios2-elf/4.1.2/../../../../nios2-elf/lib/libc.a(lib_a-stdio.o)
 .bss           0x0081ce2c        0x0 /usr/local/3rdparty/altera/quartus12/nios2eds/bin/gnu/H-i686-pc-linux-gnu/bin/../lib/gcc/nios2-elf/4.1.2/../../../../nios2-elf/lib/libc.a(lib_a-strerror.o)