Archive member included because of file (symbol)

/usr/local/3rdparty/altera/quartus12/nios2eds/bin/gnu/H-i686-pc-linux-gnu/bin/../lib/gcc/nios2-elf/4.1.2/../../../../nios2-elf/lib/libm.a(lib_a-sf_cos.o)
                              obj/default/VideoFunctions.o (cosf)
/usr/local/3rdparty/altera/quartus12/nios2eds/bin/gnu/H-i686-pc-linux-gnu/bin/../lib/gcc/nios2-elf/4.1.2/../../../../nios2-elf/lib/libm.a(lib_a-sf_floor.o)
                              obj/default/VideoFunctions.o (floorf)
/usr/local/3rdparty/altera/quartus12/nios2eds/bin/gnu/H-i686-pc-linux-gnu/bin/../lib/gcc/nios2-elf/4.1.2/../../../../nios2-elf/lib/libm.a(lib_a-sf_round.o)
                              obj/default/VideoFunctions.o (roundf)
/usr/local/3rdparty/altera/quartus12/nios2eds/bin/gnu/H-i686-pc-linux-gnu/bin/../lib/gcc/nios2-elf/4.1.2/../../../../nios2-elf/lib/libm.a(lib_a-sf_sin.o)
                              obj/default/VideoFunctions.o (sinf)
/usr/local/3rdparty/altera/quartus12/nios2eds/bin/gnu/H-i686-pc-linux-gnu/bin/../lib/gcc/nios2-elf/4.1.2/../../../../nios2-elf/lib/libm.a(lib_a-ef_rem_pio2.o)
                              /usr/local/3rdparty/altera/quartus12/nios2eds/bin/gnu/H-i686-pc-linux-gnu/bin/../lib/gcc/nios2-elf/4.1.2/../../../../nios2-elf/lib/libm.a(lib_a-sf_cos.o) (__ieee754_rem_pio2f)
/usr/local/3rdparty/altera/quartus12/nios2eds/bin/gnu/H-i686-pc-linux-gnu/bin/../lib/gcc/nios2-elf/4.1.2/../../../../nios2-elf/lib/libm.a(lib_a-kf_cos.o)
                              /usr/local/3rdparty/altera/quartus12/nios2eds/bin/gnu/H-i686-pc-linux-gnu/bin/../lib/gcc/nios2-elf/4.1.2/../../../../nios2-elf/lib/libm.a(lib_a-sf_cos.o) (__kernel_cosf)
/usr/local/3rdparty/altera/quartus12/nios2eds/bin/gnu/H-i686-pc-linux-gnu/bin/../lib/gcc/nios2-elf/4.1.2/../../../../nios2-elf/lib/libm.a(lib_a-kf_rem_pio2.o)
                              /usr/local/3rdparty/altera/quartus12/nios2eds/bin/gnu/H-i686-pc-linux-gnu/bin/../lib/gcc/nios2-elf/4.1.2/../../../../nios2-elf/lib/libm.a(lib_a-ef_rem_pio2.o) (__kernel_rem_pio2f)
/usr/local/3rdparty/altera/quartus12/nios2eds/bin/gnu/H-i686-pc-linux-gnu/bin/../lib/gcc/nios2-elf/4.1.2/../../../../nios2-elf/lib/libm.a(lib_a-kf_sin.o)
                              /usr/local/3rdparty/altera/quartus12/nios2eds/bin/gnu/H-i686-pc-linux-gnu/bin/../lib/gcc/nios2-elf/4.1.2/../../../../nios2-elf/lib/libm.a(lib_a-sf_cos.o) (__kernel_sinf)
/usr/local/3rdparty/altera/quartus12/nios2eds/bin/gnu/H-i686-pc-linux-gnu/bin/../lib/gcc/nios2-elf/4.1.2/../../../../nios2-elf/lib/libm.a(lib_a-sf_fabs.o)
                              /usr/local/3rdparty/altera/quartus12/nios2eds/bin/gnu/H-i686-pc-linux-gnu/bin/../lib/gcc/nios2-elf/4.1.2/../../../../nios2-elf/lib/libm.a(lib_a-ef_rem_pio2.o) (fabsf)
/usr/local/3rdparty/altera/quartus12/nios2eds/bin/gnu/H-i686-pc-linux-gnu/bin/../lib/gcc/nios2-elf/4.1.2/../../../../nios2-elf/lib/libm.a(lib_a-sf_scalbn.o)
                              /usr/local/3rdparty/altera/quartus12/nios2eds/bin/gnu/H-i686-pc-linux-gnu/bin/../lib/gcc/nios2-elf/4.1.2/../../../../nios2-elf/lib/libm.a(lib_a-kf_rem_pio2.o) (scalbnf)
/usr/local/3rdparty/altera/quartus12/nios2eds/bin/gnu/H-i686-pc-linux-gnu/bin/../lib/gcc/nios2-elf/4.1.2/../../../../nios2-elf/lib/libm.a(lib_a-sf_copysign.o)
                              /usr/local/3rdparty/altera/quartus12/nios2eds/bin/gnu/H-i686-pc-linux-gnu/bin/../lib/gcc/nios2-elf/4.1.2/../../../../nios2-elf/lib/libm.a(lib_a-sf_scalbn.o) (copysignf)
/usr/local/3rdparty/altera/quartus12/nios2eds/bin/gnu/H-i686-pc-linux-gnu/bin/../lib/gcc/nios2-elf/4.1.2/libgcc.a(_addsub_sf.o)
                              /usr/local/3rdparty/altera/quartus12/nios2eds/bin/gnu/H-i686-pc-linux-gnu/bin/../lib/gcc/nios2-elf/4.1.2/../../../../nios2-elf/lib/libm.a(lib_a-sf_cos.o) (__subsf3)
/usr/local/3rdparty/altera/quartus12/nios2eds/bin/gnu/H-i686-pc-linux-gnu/bin/../lib/gcc/nios2-elf/4.1.2/libgcc.a(_mul_sf.o)
                              /usr/local/3rdparty/altera/quartus12/nios2eds/bin/gnu/H-i686-pc-linux-gnu/bin/../lib/gcc/nios2-elf/4.1.2/../../../../nios2-elf/lib/libm.a(lib_a-ef_rem_pio2.o) (__mulsf3)
/usr/local/3rdparty/altera/quartus12/nios2eds/bin/gnu/H-i686-pc-linux-gnu/bin/../lib/gcc/nios2-elf/4.1.2/libgcc.a(_eq_sf.o)
                              /usr/local/3rdparty/altera/quartus12/nios2eds/bin/gnu/H-i686-pc-linux-gnu/bin/../lib/gcc/nios2-elf/4.1.2/../../../../nios2-elf/lib/libm.a(lib_a-ef_rem_pio2.o) (__eqsf2)
/usr/local/3rdparty/altera/quartus12/nios2eds/bin/gnu/H-i686-pc-linux-gnu/bin/../lib/gcc/nios2-elf/4.1.2/libgcc.a(_gt_sf.o)
                              obj/default/VideoFunctions.o (__gtsf2)
/usr/local/3rdparty/altera/quartus12/nios2eds/bin/gnu/H-i686-pc-linux-gnu/bin/../lib/gcc/nios2-elf/4.1.2/libgcc.a(_ge_sf.o)
                              /usr/local/3rdparty/altera/quartus12/nios2eds/bin/gnu/H-i686-pc-linux-gnu/bin/../lib/gcc/nios2-elf/4.1.2/../../../../nios2-elf/lib/libm.a(lib_a-kf_rem_pio2.o) (__gesf2)
[...]
Memory Configuration

Name             Origin             Length             Attributes
reset            0x00800000         0x00000020
sdram_0          0x00800020         0x007fffe0
cfi_flash_0      0x01400000         0x00400000
sram_0           0x01880000         0x00080000
*default*        0x00000000         0xffffffff

Linker script and memory map

LOAD ../lights_bsp//obj/HAL/src/crt0.o
LOAD obj/default/LightsFunctions.o
LOAD obj/default/Project.o
LOAD obj/default/VideoFunctions.o
LOAD /usr/local/3rdparty/altera/quartus12/nios2eds/bin/gnu/H-i686-pc-linux-gnu/bin/../lib/gcc/nios2-elf/4.1.2/../../../../nios2-elf/lib/libstdc++.a
LOAD /usr/local/3rdparty/altera/quartus12/nios2eds/bin/gnu/H-i686-pc-linux-gnu/bin/../lib/gcc/nios2-elf/4.1.2/../../../../nios2-elf/lib/libm.a
LOAD /usr/local/3rdparty/altera/quartus12/nios2eds/bin/gnu/H-i686-pc-linux-gnu/bin/../lib/gcc/nios2-elf/4.1.2/libgcc.a
START GROUP
LOAD /usr/local/3rdparty/altera/quartus12/nios2eds/bin/gnu/H-i686-pc-linux-gnu/bin/../lib/gcc/nios2-elf/4.1.2/../../../../nios2-elf/lib/libc.a
LOAD /usr/local/3rdparty/altera/quartus12/nios2eds/bin/gnu/H-i686-pc-linux-gnu/bin/../lib/gcc/nios2-elf/4.1.2/libgcc.a
LOAD ../lights_bsp//libhal_bsp.a
END GROUP
LOAD /usr/local/3rdparty/altera/quartus12/nios2eds/bin/gnu/H-i686-pc-linux-gnu/bin/../lib/gcc/nios2-elf/4.1.2/libgcc.a
                0x00800000                __alt_mem_sdram_0 = 0x800000
                0x01400000                __alt_mem_cfi_flash_0 = 0x1400000
                0x01880000                __alt_mem_sram_0 = 0x1880000

.entry          0x00800000       0x20
 *(.entry)
 .entry         0x00800000       0x20 ../lights_bsp//obj/HAL/src/crt0.o
                0x00800000                __reset

.exceptions     0x00800020      0x194
                0x00800020                PROVIDE (__ram_exceptions_start, ABSOLUTE (.))
                0x00800020                . = ALIGN (0x20)
 *(.irq)
 *(.exceptions.entry.label)
 .exceptions.entry.label
                0x00800020        0x0 ../lights_bsp//libhal_bsp.a(alt_irq_entry.o)
                0x00800020                alt_irq_entry
 .exceptions.entry.label
                0x00800020        0x0 ../lights_bsp//libhal_bsp.a(alt_exception_entry.o)
                0x00800020                alt_exception
 *(.exceptions.entry.user)
 *(.exceptions.entry)
 .exceptions.entry
                0x00800020       0x54 ../lights_bsp//libhal_bsp.a(alt_exception_entry.o)
 *(.exceptions.irqtest.user)
 *(.exceptions.irqtest)
 .exceptions.irqtest
                0x00800074       0x10 ../lights_bsp//libhal_bsp.a(alt_irq_entry.o)
 *(.exceptions.irqhandler.user)
 *(.exceptions.irqhandler)
 .exceptions.irqhandler
                0x00800084        0x4 ../lights_bsp//libhal_bsp.a(alt_irq_entry.o)
 *(.exceptions.irqreturn.user)
 *(.exceptions.irqreturn)
 .exceptions.irqreturn
                0x00800088        0x4 ../lights_bsp//libhal_bsp.a(alt_irq_entry.o)
 *(.exceptions.notirq.label)
 .exceptions.notirq.label
                0x0080008c        0x0 ../lights_bsp//libhal_bsp.a(alt_irq_entry.o)
 *(.exceptions.notirq.user)
 *(.exceptions.notirq)
 .exceptions.notirq
                0x0080008c        0x8 ../lights_bsp//libhal_bsp.a(alt_exception_entry.o)
 *(.exceptions.soft.user)
 *(.exceptions.soft)
 *(.exceptions.unknown.user)
 *(.exceptions.unknown)
 .exceptions.unknown
                0x00800094        0x4 ../lights_bsp//libhal_bsp.a(alt_exception_entry.o)
 *(.exceptions.exit.label)
 .exceptions.exit.label
                0x00800098        0x0 ../lights_bsp//libhal_bsp.a(alt_irq_entry.o)
 .exceptions.exit.label
                0x00800098        0x0 ../lights_bsp//libhal_bsp.a(alt_exception_entry.o)
 *(.exceptions.exit.user)
 *(.exceptions.exit)
 .exceptions.exit
                0x00800098       0x54 ../lights_bsp//libhal_bsp.a(alt_exception_entry.o)
 *(.exceptions)
 .exceptions    0x008000ec       0xc8 ../lights_bsp//libhal_bsp.a(alt_irq_handler.o)
                0x008000ec                alt_irq_handler
                0x008001b4                PROVIDE (__ram_exceptions_end, ABSOLUTE (.))
                0x00800020                PROVIDE (__flash_exceptions_start, LOADADDR (.exceptions))

.text           0x008001b4    0x17d4c
                0x008001b4                PROVIDE (stext, ABSOLUTE (.))
 *(.interp)
 *(.hash)
 *(.dynsym)
 *(.dynstr)
 *(.gnu.version)
 *(.gnu.version_d)
 *(.gnu.version_r)
 *(.rel.init)
 *(.rela.init)
 *(.rel.text .rel.text.* .rel.gnu.linkonce.t.*)
 *(.rela.text .rela.text.* .rela.gnu.linkonce.t.*)
 *(.rel.fini)
 *(.rela.fini)
 *(.rel.rodata .rel.rodata.* .rel.gnu.linkonce.r.*)
 *(.rela.rodata .rela.rodata.* .rela.gnu.linkonce.r.*)
 *(.rel.data .rel.data.* .rel.gnu.linkonce.d.*)
 *(.rela.data .rela.data.* .rela.gnu.linkonce.d.*)
 *(.rel.tdata .rel.tdata.* .rel.gnu.linkonce.td.*)
 *(.rela.tdata .rela.tdata.* .rela.gnu.linkonce.td.*)
 *(.rel.tbss .rel.tbss.* .rel.gnu.linkonce.tb.*)
 *(.rela.tbss .rela.tbss.* .rela.gnu.linkonce.tb.*)
 *(.rel.ctors)
 *(.rela.ctors)
 *(.rel.dtors)
 *(.rela.dtors)
 *(.rel.got)
 *(.rela.got)
 *(.rel.sdata .rel.sdata.* .rel.gnu.linkonce.s.*)
 *(.rela.sdata .rela.sdata.* .rela.gnu.linkonce.s.*)
 *(.rel.sbss .rel.sbss.* .rel.gnu.linkonce.sb.*)
 *(.rela.sbss .rela.sbss.* .rela.gnu.linkonce.sb.*)
 *(.rel.sdata2 .rel.sdata2.* .rel.gnu.linkonce.s2.*)
 *(.rela.sdata2 .rela.sdata2.* .rela.gnu.linkonce.s2.*)
 *(.rel.sbss2 .rel.sbss2.* .rel.gnu.linkonce.sb2.*)
 *(.rela.sbss2 .rela.sbss2.* .rela.gnu.linkonce.sb2.*)
 *(.rel.bss .rel.bss.* .rel.gnu.linkonce.b.*)
 *(.rela.bss .rela.bss.* .rela.gnu.linkonce.b.*)
 *(.rel.plt)
 *(.rela.plt)
 *(.rel.dyn)
 *(.init)
 *(.plt)
 *(.text .stub .text.* .gnu.linkonce.t.*)
 .text          0x008001b4       0x4c ../lights_bsp//obj/HAL/src/crt0.o
                0x008001b4                _start
 .text          0x00800200      0x3bc obj/default/LightsFunctions.o
                0x00800200                setUp
                0x00800234                hexOutputGeneric
                0x00800340                hexOutputNumber
                0x0080038c                hexOutputBlank
                0x008003c0                hexBlankAll
                0x0080040c                printRandom
                0x00800474                segmentCircle
                0x00800520                segmentCounter
 .text          0x008005bc      0x184 obj/default/Project.o
                0x008005bc                main
 .text          0x00800740     0x15fc obj/default/VideoFunctions.o
                0x00800740                setUpImage
                0x008007d8                drawPixelFromArray
                0x008008bc                getPixelFromArray
                0x00800980                getColorFromArray
                0x008009e0                drawPixel
                0x00800a24                clearScreen
                0x00800a54                clearCharBuffer
                0x00800a90                printCharToScreen
                0x00800b04                printLineToScreen
                0x00800b70                displayImage
                0x00800bec                rotateImage
                0x00800e14                rotateImageFixedPoint
                0x00801030                constantRotation
                0x008011dc                scaleImage
                0x008013b0                shrinkAndResize
                0x0080146c                bilinearInterpolationFP
                0x00801750                bilinearInterpolation
                0x00801c04                toInt
                0x00801ca0                toInt8
 .text          0x00801d3c       0xc0 /usr/local/3rdparty/altera/quartus12/nios2eds/bin/gnu/H-i686-pc-linux-gnu/bin/../lib/gcc/nios2-elf/4.1.2/../../../../nios2-elf/lib/libm.a(lib_a-sf_cos.o)
                0x00801d3c                cosf
 .text          0x00801dfc      0x114 /usr/local/3rdparty/altera/quartus12/nios2eds/bin/gnu/H-i686-pc-linux-gnu/bin/../lib/gcc/nios2-elf/4.1.2/../../../../nios2-elf/lib/libm.a(lib_a-sf_floor.o)
                0x00801dfc                floorf
 .text          0x00801f10       0x9c /usr/local/3rdparty/altera/quartus12/nios2eds/bin/gnu/H-i686-pc-linux-gnu/bin/../lib/gcc/nios2-elf/4.1.2/../../../../nios2-elf/lib/libm.a(lib_a-sf_round.o)
                0x00801f10                roundf
 .text          0x00801fac       0xc0 /usr/local/3rdparty/altera/quartus12/nios2eds/bin/gnu/H-i686-pc-linux-gnu/bin/../lib/gcc/nios2-elf/4.1.2/../../../../nios2-elf/lib/libm.a(lib_a-sf_sin.o)
                0x00801fac                sinf
 .text          0x0080206c      0x53c /usr/local/3rdparty/altera/quartus12/nios2eds/bin/gnu/H-i686-pc-linux-gnu/bin/../lib/gcc/nios2-elf/4.1.2/../../../../nios2-elf/lib/libm.a(lib_a-ef_rem_pio2.o)
                0x0080206c                __ieee754_rem_pio2f
 .text          0x008025a8      0x2bc /usr/local/3rdparty/altera/quartus12/nios2eds/bin/gnu/H-i686-pc-linux-gnu/bin/../lib/gcc/nios2-elf/4.1.2/../../../../nios2-elf/lib/libm.a(lib_a-kf_cos.o)
                0x008025a8                __kernel_cosf
 .text          0x00802864      0xa90 /usr/local/3rdparty/altera/quartus12/nios2eds/bin/gnu/H-i686-pc-linux-gnu/bin/../lib/gcc/nios2-elf/4.1.2/../../../../nios2-elf/lib/libm.a(lib_a-kf_rem_pio2.o)
                0x00802864                __kernel_rem_pio2f
 .text          0x008032f4      0x1bc /usr/local/3rdparty/altera/quartus12/nios2eds/bin/gnu/H-i686-pc-linux-gnu/bin/../lib/gcc/nios2-elf/4.1.2/../../../../nios2-elf/lib/libm.a(lib_a-kf_sin.o)
                0x008032f4                __kernel_sinf
 .text          0x008034b0       0x10 /usr/local/3rdparty/altera/quartus12/nios2eds/bin/gnu/H-i686-pc-linux-gnu/bin/../lib/gcc/nios2-elf/4.1.2/../../../../nios2-elf/lib/libm.a(lib_a-sf_fabs.o)
                0x008034b0                fabsf
 .text          0x008034c0      0x14c /usr/local/3rdparty/altera/quartus12/nios2eds/bin/gnu/H-i686-pc-linux-gnu/bin/../lib/gcc/nios2-elf/4.1.2/../../../../nios2-elf/lib/libm.a(lib_a-sf_scalbn.o)
                0x008034c0                scalbnf
 .text          0x0080360c       0x18 /usr/local/3rdparty/altera/quartus12/nios2eds/bin/gnu/H-i686-pc-linux-gnu/bin/../lib/gcc/nios2-elf/4.1.2/../../../../nios2-elf/lib/libm.a(lib_a-sf_copysign.o)
                0x0080360c                copysignf
 .text          0x00803624      0x2b8 /usr/local/3rdparty/altera/quartus12/nios2eds/bin/gnu/H-i686-pc-linux-gnu/bin/../lib/gcc/nios2-elf/4.1.2/libgcc.a(_addsub_sf.o)
                0x00803808                __subsf3
                0x00803878                __addsf3
 .text          0x008038dc      0x1e0 /usr/local/3rdparty/altera/quartus12/nios2eds/bin/gnu/H-i686-pc-linux-gnu/bin/../lib/gcc/nios2-elf/4.1.2/libgcc.a(_mul_sf.o)
                0x008038dc                __mulsf3
 .text          0x00803abc       0x78 /usr/local/3rdparty/altera/quartus12/nios2eds/bin/gnu/H-i686-pc-linux-gnu/bin/../lib/gcc/nios2-elf/4.1.2/libgcc.a(_eq_sf.o)
                0x00803abc                __eqsf2
 .text          0x00803b34       0x78 /usr/local/3rdparty/altera/quartus12/nios2eds/bin/gnu/H-i686-pc-linux-gnu/bin/../lib/gcc/nios2-elf/4.1.2/libgcc.a(_gt_sf.o)
                0x00803b34                __gtsf2
 .text          0x00803bac       0x78 /usr/local/3rdparty/altera/quartus12/nios2eds/bin/gnu/H-i686-pc-linux-gnu/bin/../lib/gcc/nios2-elf/4.1.2/libgcc.a(_ge_sf.o)
                0x00803bac                __gesf2
 .text          0x00803c24       0x78 /usr/local/3rdparty/altera/quartus12/nios2eds/bin/gnu/H-i686-pc-linux-gnu/bin/../lib/gcc/nios2-elf/4.1.2/libgcc.a(_lt_sf.o)
                0x00803c24                __ltsf2
 .text          0x00803c9c       0x78 /usr/local/3rdparty/altera/quartus12/nios2eds/bin/gnu/H-i686-pc-linux-gnu/bin/../lib/gcc/nios2-elf/4.1.2/libgcc.a(_le_sf.o)
                0x00803c9c                __lesf2
 .text          0x00803d14       0x98 /usr/local/3rdparty/altera/quartus12/nios2eds/bin/gnu/H-i686-pc-linux-gnu/bin/../lib/gcc/nios2-elf/4.1.2/libgcc.a(_si_to_sf.o)
                0x00803d14                __floatsisf
 .text          0x00803dac       0x94 /usr/local/3rdparty/altera/quartus12/nios2eds/bin/gnu/H-i686-pc-linux-gnu/bin/../lib/gcc/nios2-elf/4.1.2/libgcc.a(_sf_to_si.o)
                0x00803dac                __fixsfsi
 .text          0x00803e40        0x0 /usr/local/3rdparty/altera/quartus12/nios2eds/bin/gnu/H-i686-pc-linux-gnu/bin/../lib/gcc/nios2-elf/4.1.2/libgcc.a(_thenan_sf.o)
 .text          0x00803e40      0x194 /usr/local/3rdparty/altera/quartus12/nios2eds/bin/gnu/H-i686-pc-linux-gnu/bin/../lib/gcc/nios2-elf/4.1.2/libgcc.a(_usi_to_df.o)
                0x00803e40                __floatunsidf
 .text          0x00803fd4      0x14c /usr/local/3rdparty/altera/quartus12/nios2eds/bin/gnu/H-i686-pc-linux-gnu/bin/../lib/gcc/nios2-elf/4.1.2/libgcc.a(lib2-divmod.o)
                0x00804050                __divsi3
                0x008040b0                __modsi3
                0x00804110                __udivsi3
                0x00804118                __umodsi3
 .text          0x00804120       0x98 /usr/local/3rdparty/altera/quartus12/nios2eds/bin/gnu/H-i686-pc-linux-gnu/bin/../lib/gcc/nios2-elf/4.1.2/libgcc.a(_muldi3.o)
                0x00804120                __muldi3
 .text          0x008041b8       0x80 /usr/local/3rdparty/altera/quartus12/nios2eds/bin/gnu/H-i686-pc-linux-gnu/bin/../lib/gcc/nios2-elf/4.1.2/libgcc.a(_clzsi2.o)
                0x008041b8                __clzsi2
 .text          0x00804238      0x160 /usr/local/3rdparty/altera/quartus12/nios2eds/bin/gnu/H-i686-pc-linux-gnu/bin/../lib/gcc/nios2-elf/4.1.2/libgcc.a(_pack_sf.o)
                0x00804238                __pack_f
 .text          0x00804398       0xc8 /usr/local/3rdparty/altera/quartus12/nios2eds/bin/gnu/H-i686-pc-linux-gnu/bin/../lib/gcc/nios2-elf/4.1.2/libgcc.a(_unpack_sf.o)
                0x00804398                __unpack_f
 .text          0x00804460       0xa8 /usr/local/3rdparty/altera/quartus12/nios2eds/bin/gnu/H-i686-pc-linux-gnu/bin/../lib/gcc/nios2-elf/4.1.2/libgcc.a(_fpcmp_parts_sf.o)
                0x00804460                __fpcmp_parts_f
 .text          0x00804508      0x314 /usr/local/3rdparty/altera/quartus12/nios2eds/bin/gnu/H-i686-pc-linux-gnu/bin/../lib/gcc/nios2-elf/4.1.2/libgcc.a(_pack_df.o)
                0x00804508                __pack_d
 .text          0x0080481c        0x0 /usr/local/3rdparty/altera/quartus12/nios2eds/bin/gnu/H-i686-pc-linux-gnu/bin/../lib/gcc/nios2-elf/4.1.2/libgcc.a(_clz.o)
 .text          0x0080481c      0x110 /usr/local/3rdparty/altera/quartus12/nios2eds/bin/gnu/H-i686-pc-linux-gnu/bin/../lib/gcc/nios2-elf/4.1.2/../../../../nios2-elf/lib/libc.a(lib_a-fopen.o)
                0x0080481c                _fopen_r
                0x00804910                fopen
 .text          0x0080492c       0x60 /usr/local/3rdparty/altera/quartus12/nios2eds/bin/gnu/H-i686-pc-linux-gnu/bin/../lib/gcc/nios2-elf/4.1.2/../../../../nios2-elf/lib/libc.a(lib_a-fprintf.o)
                0x0080492c                fprintf
                0x00804958                _fprintf_r
 .text          0x0080498c      0x23c /usr/local/3rdparty/altera/quartus12/nios2eds/bin/gnu/H-i686-pc-linux-gnu/bin/../lib/gcc/nios2-elf/4.1.2/../../../../nios2-elf/lib/libc.a(lib_a-fread.o)
                0x0080498c                _fread_r
                0x00804b88                fread
 .text          0x00804bc8      0x440 /usr/local/3rdparty/altera/quartus12/nios2eds/bin/gnu/H-i686-pc-linux-gnu/bin/../lib/gcc/nios2-elf/4.1.2/../../../../nios2-elf/lib/libc.a(lib_a-freer.o)
                0x00804bc8                _malloc_trim_r
                0x00804cf4                _free_r
 .text          0x00805008      0x460 /usr/local/3rdparty/altera/quartus12/nios2eds/bin/gnu/H-i686-pc-linux-gnu/bin/../lib/gcc/nios2-elf/4.1.2/../../../../nios2-elf/lib/libc.a(lib_a-fseek.o)
                0x00805008                _fseek_r
                0x00805444                fseek
 .text          0x00805468       0x74 /usr/local/3rdparty/altera/quartus12/nios2eds/bin/gnu/H-i686-pc-linux-gnu/bin/../lib/gcc/nios2-elf/4.1.2/../../../../nios2-elf/lib/libc.a(lib_a-fstatr.o)
                0x00805468                _fstat_r
 .text          0x008054dc       0xdc /usr/local/3rdparty/altera/quartus12/nios2eds/bin/gnu/H-i686-pc-linux-gnu/bin/../lib/gcc/nios2-elf/4.1.2/../../../../nios2-elf/lib/libc.a(lib_a-fwrite.o)
                0x008054dc                _fwrite_r
                0x00805578                fwrite
 .text          0x008055b8        0x0 /usr/local/3rdparty/altera/quartus12/nios2eds/bin/gnu/H-i686-pc-linux-gnu/bin/../lib/gcc/nios2-elf/4.1.2/../../../../nios2-elf/lib/libc.a(lib_a-impure.o)
 .text          0x008055b8        0x0 /usr/local/3rdparty/altera/quartus12/nios2eds/bin/gnu/H-i686-pc-linux-gnu/bin/../lib/gcc/nios2-elf/4.1.2/../../../../nios2-elf/lib/libc.a(lib_a-int_errno.o)
 .text          0x008055b8      0x194 /usr/local/3rdparty/altera/quartus12/nios2eds/bin/gnu/H-i686-pc-linux-gnu/bin/../lib/gcc/nios2-elf/4.1.2/../../../../nios2-elf/lib/libc.a(lib_a-makebuf.o)
                0x008055b8                __smakebuf_r
 .text          0x0080574c       0x28 /usr/local/3rdparty/altera/quartus12/nios2eds/bin/gnu/H-i686-pc-linux-gnu/bin/../lib/gcc/nios2-elf/4.1.2/../../../../nios2-elf/lib/libc.a(lib_a-malloc.o)
                0x0080574c                free
                0x00805760                malloc
 .text          0x00805774      0x740 /usr/local/3rdparty/altera/quartus12/nios2eds/bin/gnu/H-i686-pc-linux-gnu/bin/../lib/gcc/nios2-elf/4.1.2/../../../../nios2-elf/lib/libc.a(lib_a-mallocr.o)
                0x00805774                _malloc_r
 .text          0x00805eb4       0xa0 /usr/local/3rdparty/altera/quartus12/nios2eds/bin/gnu/H-i686-pc-linux-gnu/bin/../lib/gcc/nios2-elf/4.1.2/../../../../nios2-elf/lib/libc.a(lib_a-memcpy.o)
                0x00805eb4                memcpy
 .text          0x00805f54       0x78 /usr/local/3rdparty/altera/quartus12/nios2eds/bin/gnu/H-i686-pc-linux-gnu/bin/../lib/gcc/nios2-elf/4.1.2/../../../../nios2-elf/lib/libc.a(lib_a-openr.o)
                0x00805f54                _open_r
 .text          0x00805fcc       0x80 /usr/local/3rdparty/altera/quartus12/nios2eds/bin/gnu/H-i686-pc-linux-gnu/bin/../lib/gcc/nios2-elf/4.1.2/../../../../nios2-elf/lib/libc.a(lib_a-perror.o)
                0x00805fcc                _perror_r
                0x00806038                perror
 .text          0x0080604c       0x78 /usr/local/3rdparty/altera/quartus12/nios2eds/bin/gnu/H-i686-pc-linux-gnu/bin/../lib/gcc/nios2-elf/4.1.2/../../../../nios2-elf/lib/libc.a(lib_a-printf.o)
                0x0080604c                printf
                0x00806090                _printf_r
 .text          0x008060c4       0xb4 /usr/local/3rdparty/altera/quartus12/nios2eds/bin/gnu/H-i686-pc-linux-gnu/bin/../lib/gcc/nios2-elf/4.1.2/../../../../nios2-elf/lib/libc.a(lib_a-puts.o)
                0x008060c4                _puts_r
                0x00806164                puts
 .text          0x00806178       0x94 /usr/local/3rdparty/altera/quartus12/nios2eds/bin/gnu/H-i686-pc-linux-gnu/bin/../lib/gcc/nios2-elf/4.1.2/../../../../nios2-elf/lib/libc.a(lib_a-rand.o)
                0x00806178                srand
                0x00806194                rand
 .text          0x0080620c      0x1e0 /usr/local/3rdparty/altera/quartus12/nios2eds/bin/gnu/H-i686-pc-linux-gnu/bin/../lib/gcc/nios2-elf/4.1.2/../../../../nios2-elf/lib/libc.a(lib_a-refill.o)
                0x0080620c                __srefill_r
 .text          0x008063ec       0x70 /usr/local/3rdparty/altera/quartus12/nios2eds/bin/gnu/H-i686-pc-linux-gnu/bin/../lib/gcc/nios2-elf/4.1.2/../../../../nios2-elf/lib/libc.a(lib_a-sbrkr.o)
                0x008063ec                _sbrk_r
 .text          0x0080645c      0x14c /usr/local/3rdparty/altera/quartus12/nios2eds/bin/gnu/H-i686-pc-linux-gnu/bin/../lib/gcc/nios2-elf/4.1.2/../../../../nios2-elf/lib/libc.a(lib_a-stdio.o)
                0x0080645c                __sclose
                0x00806464                __sseek
                0x008064cc                __swrite
                0x00806548                __sread
 .text          0x008065a8      0x674 /usr/local/3rdparty/altera/quartus12/nios2eds/bin/gnu/H-i686-pc-linux-gnu/bin/../lib/gcc/nios2-elf/4.1.2/../../../../nios2-elf/lib/libc.a(lib_a-strerror.o)
                0x008065a8                strerror
 .text          0x00806c1c       0x74 /usr/local/3rdparty/altera/quartus12/nios2eds/bin/gnu/H-i686-pc-linux-gnu/bin/../lib/gcc/nios2-elf/4.1.2/../../../../nios2-elf/lib/libc.a(lib_a-strlen.o)
                0x00806c1c                strlen
 .text          0x00806c90       0x5c /usr/local/3rdparty/altera/quartus12/nios2eds/bin/gnu/H-i686-pc-linux-gnu/bin/../lib/gcc/nios2-elf/4.1.2/../../../../nios2-elf/lib/libc.a(lib_a-time.o)
                0x00806c90                time
 .text          0x00806cec        0x8 /usr/local/3rdparty/altera/quartus12/nios2eds/bin/gnu/H-i686-pc-linux-gnu/bin/../lib/gcc/nios2-elf/4.1.2/../../../../nios2-elf/lib/libc.a(lib_a-u_strerr.o)
                0x00806cec                _user_strerror
 .text          0x00806cf4     0x1f28 /usr/local/3rdparty/altera/quartus12/nios2eds/bin/gnu/H-i686-pc-linux-gnu/bin/../lib/gcc/nios2-elf/4.1.2/../../../../nios2-elf/lib/libc.a(lib_a-vfprintf.o)
                0x00806d4c                ___vfprintf_internal_r
                0x00808bf8                __vfprintf_internal
 .text          0x00808c1c       0x78 /usr/local/3rdparty/altera/quartus12/nios2eds/bin/gnu/H-i686-pc-linux-gnu/bin/../lib/gcc/nios2-elf/4.1.2/../../../../nios2-elf/lib/libc.a(lib_a-writer.o)
                0x00808c1c                _write_r
 .text          0x00808c94      0x13c /usr/local/3rdparty/altera/quartus12/nios2eds/bin/gnu/H-i686-pc-linux-gnu/bin/../lib/gcc/nios2-elf/4.1.2/../../../../nios2-elf/lib/libc.a(lib_a-wsetup.o)
                0x00808c94                __swsetup_r
 .text          0x00808dd0       0x70 /usr/local/3rdparty/altera/quartus12/nios2eds/bin/gnu/H-i686-pc-linux-gnu/bin/../lib/gcc/nios2-elf/4.1.2/../../../../nios2-elf/lib/libc.a(lib_a-closer.o)
                0x00808dd0                _close_r
 .text          0x00808e40     0x17cc /usr/local/3rdparty/altera/quartus12/nios2eds/bin/gnu/H-i686-pc-linux-gnu/bin/../lib/gcc/nios2-elf/4.1.2/../../../../nios2-elf/lib/libc.a(lib_a-dtoa.o)
                0x00809058                _dtoa_r
 .text          0x0080a60c      0x230 /usr/local/3rdparty/altera/quartus12/nios2eds/bin/gnu/H-i686-pc-linux-gnu/bin/../lib/gcc/nios2-elf/4.1.2/../../../../nios2-elf/lib/libc.a(lib_a-fflush.o)
                0x0080a60c                _fflush_r
                0x0080a808                fflush
 .text          0x0080a83c      0x2c0 /usr/local/3rdparty/altera/quartus12/nios2eds/bin/gnu/H-i686-pc-linux-gnu/bin/../lib/gcc/nios2-elf/4.1.2/../../../../nios2-elf/lib/libc.a(lib_a-findfp.o)
                0x0080a894                __sfp_lock_acquire
                0x0080a898                __sfp_lock_release
                0x0080a89c                __sinit_lock_acquire
                0x0080a8a0                __sinit_lock_release
                0x0080a8a4                __sinit
                0x0080a958                __fp_unlock_all
                0x0080a970                __fp_lock_all
                0x0080a988                _cleanup_r
                0x0080a994                _cleanup
                0x0080a9a4                __sfmoreglue
                0x0080aa0c                __sfp
 .text          0x0080aafc       0xa0 /usr/local/3rdparty/altera/quartus12/nios2eds/bin/gnu/H-i686-pc-linux-gnu/bin/../lib/gcc/nios2-elf/4.1.2/../../../../nios2-elf/lib/libc.a(lib_a-flags.o)
                0x0080aafc                __sflags
 .text          0x0080ab9c       0xbc /usr/local/3rdparty/altera/quartus12/nios2eds/bin/gnu/H-i686-pc-linux-gnu/bin/../lib/gcc/nios2-elf/4.1.2/../../../../nios2-elf/lib/libc.a(lib_a-fputc.o)
                0x0080ab9c                fputc
                0x0080ac00                _fputc_r
 .text          0x0080ac58       0x90 /usr/local/3rdparty/altera/quartus12/nios2eds/bin/gnu/H-i686-pc-linux-gnu/bin/../lib/gcc/nios2-elf/4.1.2/../../../../nios2-elf/lib/libc.a(lib_a-fputs.o)
                0x0080ac58                _fputs_r
                0x0080accc                fputs
 .text          0x0080ace8      0x49c /usr/local/3rdparty/altera/quartus12/nios2eds/bin/gnu/H-i686-pc-linux-gnu/bin/../lib/gcc/nios2-elf/4.1.2/../../../../nios2-elf/lib/libc.a(lib_a-fvwrite.o)
                0x0080ace8                __sfvwrite_r
 .text          0x0080b184      0x180 /usr/local/3rdparty/altera/quartus12/nios2eds/bin/gnu/H-i686-pc-linux-gnu/bin/../lib/gcc/nios2-elf/4.1.2/../../../../nios2-elf/lib/libc.a(lib_a-fwalk.o)
                0x0080b184                _fwalk_reent
                0x0080b24c                _fwalk
 .text          0x0080b304       0x74 /usr/local/3rdparty/altera/quartus12/nios2eds/bin/gnu/H-i686-pc-linux-gnu/bin/../lib/gcc/nios2-elf/4.1.2/../../../../nios2-elf/lib/libc.a(lib_a-gettimeofdayr.o)
                0x0080b304                _gettimeofday_r
 .text          0x0080b378       0x70 /usr/local/3rdparty/altera/quartus12/nios2eds/bin/gnu/H-i686-pc-linux-gnu/bin/../lib/gcc/nios2-elf/4.1.2/../../../../nios2-elf/lib/libc.a(lib_a-isattyr.o)
                0x0080b378                _isatty_r
 .text          0x0080b3e8       0xc4 /usr/local/3rdparty/altera/quartus12/nios2eds/bin/gnu/H-i686-pc-linux-gnu/bin/../lib/gcc/nios2-elf/4.1.2/../../../../nios2-elf/lib/libc.a(lib_a-locale.o)
                0x0080b3e8                __locale_charset
                0x0080b3f0                _localeconv_r
                0x0080b3fc                localeconv
                0x0080b40c                _setlocale_r
                0x0080b490                setlocale
 .text          0x0080b4ac       0x78 /usr/local/3rdparty/altera/quartus12/nios2eds/bin/gnu/H-i686-pc-linux-gnu/bin/../lib/gcc/nios2-elf/4.1.2/../../../../nios2-elf/lib/libc.a(lib_a-lseekr.o)
                0x0080b4ac                _lseek_r
 .text          0x0080b524       0xe4 /usr/local/3rdparty/altera/quartus12/nios2eds/bin/gnu/H-i686-pc-linux-gnu/bin/../lib/gcc/nios2-elf/4.1.2/../../../../nios2-elf/lib/libc.a(lib_a-memchr.o)
                0x0080b524                memchr
 .text          0x0080b608       0xe0 /usr/local/3rdparty/altera/quartus12/nios2eds/bin/gnu/H-i686-pc-linux-gnu/bin/../lib/gcc/nios2-elf/4.1.2/../../../../nios2-elf/lib/libc.a(lib_a-memmove.o)
                0x0080b608                memmove
 .text          0x0080b6e8       0x98 /usr/local/3rdparty/altera/quartus12/nios2eds/bin/gnu/H-i686-pc-linux-gnu/bin/../lib/gcc/nios2-elf/4.1.2/../../../../nios2-elf/lib/libc.a(lib_a-memset.o)
                0x0080b6e8                memset
 .text          0x0080b780      0xff4 /usr/local/3rdparty/altera/quartus12/nios2eds/bin/gnu/H-i686-pc-linux-gnu/bin/../lib/gcc/nios2-elf/4.1.2/../../../../nios2-elf/lib/libc.a(lib_a-mprec.o)
                0x0080b780                _Bfree
                0x0080b7a8                __hi0bits
                0x0080b818                __lo0bits
                0x0080b8dc                __mcmp
                0x0080b93c                __ulp
                0x0080b9bc                __b2d
                0x0080badc                __ratio
                0x0080bb8c                _mprec_log10
                0x0080bc20                __copybits
                0x0080bc78                __any_on
                0x0080bd00                _Balloc
                0x0080bdbc                __d2b
                0x0080bf38                __mdiff
                0x0080c0c4                __lshift
                0x0080c210                __multiply
                0x0080c3f8                __i2b
                0x0080c434                __multadd
                0x0080c534                __pow5mult
                0x0080c654                __s2b
 .text          0x0080c774      0x1ec /usr/local/3rdparty/altera/quartus12/nios2eds/bin/gnu/H-i686-pc-linux-gnu/bin/../lib/gcc/nios2-elf/4.1.2/../../../../nios2-elf/lib/libc.a(lib_a-putc.o)
                0x0080c774                putc
                0x0080c878                _putc_r
 .text          0x0080c960       0x78 /usr/local/3rdparty/altera/quartus12/nios2eds/bin/gnu/H-i686-pc-linux-gnu/bin/../lib/gcc/nios2-elf/4.1.2/../../../../nios2-elf/lib/libc.a(lib_a-readr.o)
                0x0080c960                _read_r
 .text          0x0080c9d8      0x5f4 /usr/local/3rdparty/altera/quartus12/nios2eds/bin/gnu/H-i686-pc-linux-gnu/bin/../lib/gcc/nios2-elf/4.1.2/../../../../nios2-elf/lib/libc.a(lib_a-reallocr.o)
                0x0080c9d8                _realloc_r
 .text          0x0080cfcc       0x40 /usr/local/3rdparty/altera/quartus12/nios2eds/bin/gnu/H-i686-pc-linux-gnu/bin/../lib/gcc/nios2-elf/4.1.2/../../../../nios2-elf/lib/libc.a(lib_a-s_isinfd.o)
                0x0080cfcc                __isinfd
 .text          0x0080d00c       0x30 /usr/local/3rdparty/altera/quartus12/nios2eds/bin/gnu/H-i686-pc-linux-gnu/bin/../lib/gcc/nios2-elf/4.1.2/../../../../nios2-elf/lib/libc.a(lib_a-s_isnand.o)
                0x0080d00c                __isnand
 .text          0x0080d03c       0xbc /usr/local/3rdparty/altera/quartus12/nios2eds/bin/gnu/H-i686-pc-linux-gnu/bin/../lib/gcc/nios2-elf/4.1.2/../../../../nios2-elf/lib/libc.a(lib_a-strcmp.o)
                0x0080d03c                strcmp
 .text          0x0080d0f8      0x14c /usr/local/3rdparty/altera/quartus12/nios2eds/bin/gnu/H-i686-pc-linux-gnu/bin/../lib/gcc/nios2-elf/4.1.2/../../../../nios2-elf/lib/libc.a(lib_a-wbuf.o)
                0x0080d0f8                __swbuf_r
                0x0080d228                __swbuf
 .text          0x0080d244       0xb4 /usr/local/3rdparty/altera/quartus12/nios2eds/bin/gnu/H-i686-pc-linux-gnu/bin/../lib/gcc/nios2-elf/4.1.2/../../../../nios2-elf/lib/libc.a(lib_a-callocr.o)
                0x0080d244                _calloc_r
 .text          0x0080d2f8      0x124 /usr/local/3rdparty/altera/quartus12/nios2eds/bin/gnu/H-i686-pc-linux-gnu/bin/../lib/gcc/nios2-elf/4.1.2/../../../../nios2-elf/lib/libc.a(lib_a-fclose.o)
                0x0080d2f8                _fclose_r
                0x0080d408                fclose
 .text          0x0080d41c      0x5dc /usr/local/3rdparty/altera/quartus12/nios2eds/bin/gnu/H-i686-pc-linux-gnu/bin/../lib/gcc/nios2-elf/4.1.2/libgcc.a(_udivdi3.o)
                0x0080d41c                __udivdi3
 .text          0x0080d9f8      0x5b0 /usr/local/3rdparty/altera/quartus12/nios2eds/bin/gnu/H-i686-pc-linux-gnu/bin/../lib/gcc/nios2-elf/4.1.2/libgcc.a(_umoddi3.o)
                0x0080d9f8                __umoddi3
 .text          0x0080dfa8      0x504 /usr/local/3rdparty/altera/quartus12/nios2eds/bin/gnu/H-i686-pc-linux-gnu/bin/../lib/gcc/nios2-elf/4.1.2/libgcc.a(_addsub_df.o)
                0x0080e3b8                __subdf3
                0x0080e438                __adddf3
 .text          0x0080e4ac      0x3c4 /usr/local/3rdparty/altera/quartus12/nios2eds/bin/gnu/H-i686-pc-linux-gnu/bin/../lib/gcc/nios2-elf/4.1.2/libgcc.a(_mul_df.o)
                0x0080e4ac                __muldf3
 .text          0x0080e870      0x258 /usr/local/3rdparty/altera/quartus12/nios2eds/bin/gnu/H-i686-pc-linux-gnu/bin/../lib/gcc/nios2-elf/4.1.2/libgcc.a(_div_df.o)
                0x0080e870                __divdf3
 .text          0x0080eac8       0x88 /usr/local/3rdparty/altera/quartus12/nios2eds/bin/gnu/H-i686-pc-linux-gnu/bin/../lib/gcc/nios2-elf/4.1.2/libgcc.a(_eq_df.o)
                0x0080eac8                __eqdf2
 .text          0x0080eb50       0x88 /usr/local/3rdparty/altera/quartus12/nios2eds/bin/gnu/H-i686-pc-linux-gnu/bin/../lib/gcc/nios2-elf/4.1.2/libgcc.a(_ne_df.o)
                0x0080eb50                __nedf2
 .text          0x0080ebd8       0x88 /usr/local/3rdparty/altera/quartus12/nios2eds/bin/gnu/H-i686-pc-linux-gnu/bin/../lib/gcc/nios2-elf/4.1.2/libgcc.a(_gt_df.o)
                0x0080ebd8                __gtdf2
 .text          0x0080ec60       0x88 /usr/local/3rdparty/altera/quartus12/nios2eds/bin/gnu/H-i686-pc-linux-gnu/bin/../lib/gcc/nios2-elf/4.1.2/libgcc.a(_ge_df.o)
                0x0080ec60                __gedf2
 .text          0x0080ece8       0x88 /usr/local/3rdparty/altera/quartus12/nios2eds/bin/gnu/H-i686-pc-linux-gnu/bin/../lib/gcc/nios2-elf/4.1.2/libgcc.a(_lt_df.o)
                0x0080ece8                __ltdf2
 .text          0x0080ed70       0xf8 /usr/local/3rdparty/altera/quartus12/nios2eds/bin/gnu/H-i686-pc-linux-gnu/bin/../lib/gcc/nios2-elf/4.1.2/libgcc.a(_si_to_df.o)
                0x0080ed70                __floatsidf
 .text          0x0080ee68       0xd8 /usr/local/3rdparty/altera/quartus12/nios2eds/bin/gnu/H-i686-pc-linux-gnu/bin/../lib/gcc/nios2-elf/4.1.2/libgcc.a(_df_to_si.o)
                0x0080ee68                __fixdfsi
 .text          0x0080ef40        0x0 /usr/local/3rdparty/altera/quartus12/nios2eds/bin/gnu/H-i686-pc-linux-gnu/bin/../lib/gcc/nios2-elf/4.1.2/libgcc.a(_thenan_df.o)
 .text          0x0080ef40      0x138 /usr/local/3rdparty/altera/quartus12/nios2eds/bin/gnu/H-i686-pc-linux-gnu/bin/../lib/gcc/nios2-elf/4.1.2/libgcc.a(_unpack_df.o)
                0x0080ef40                __unpack_d
 .text          0x0080f078       0xc8 /usr/local/3rdparty/altera/quartus12/nios2eds/bin/gnu/H-i686-pc-linux-gnu/bin/../lib/gcc/nios2-elf/4.1.2/libgcc.a(_fpcmp_parts_df.o)
                0x0080f078                __fpcmp_parts_d
 .text          0x0080f140      0x15c ../lights_bsp//libhal_bsp.a(alt_close.o)
                0x0080f140                close
 .text          0x0080f29c       0x2c ../lights_bsp//libhal_bsp.a(alt_dev.o)
 .text          0x0080f2c8        0x0 ../lights_bsp//libhal_bsp.a(alt_errno.o)
 .text          0x0080f2c8      0x134 ../lights_bsp//libhal_bsp.a(alt_fstat.o)
                0x0080f2c8                fstat
 .text          0x0080f3fc      0x21c ../lights_bsp//libhal_bsp.a(alt_gettod.o)
                0x0080f3fc                gettimeofday
 .text          0x0080f618      0x120 ../lights_bsp//libhal_bsp.a(alt_isatty.o)
                0x0080f618                isatty
 .text          0x0080f738       0xec ../lights_bsp//libhal_bsp.a(alt_load.o)
                0x0080f738                alt_load
 .text          0x0080f824      0x150 ../lights_bsp//libhal_bsp.a(alt_lseek.o)
                0x0080f824                lseek
 .text          0x0080f974       0x6c ../lights_bsp//libhal_bsp.a(alt_main.o)
                0x0080f974                alt_main
 .text          0x0080f9e0       0x40 ../lights_bsp//libhal_bsp.a(alt_malloc_lock.o)
                0x0080f9e0                __malloc_lock
                0x0080fa00                __malloc_unlock
 .text          0x0080fa20      0x2c4 ../lights_bsp//libhal_bsp.a(alt_open.o)
                0x0080fafc                open
 .text          0x0080fce4      0x180 ../lights_bsp//libhal_bsp.a(alt_read.o)
                0x0080fce4                read
 .text          0x0080fe64       0x60 ../lights_bsp//libhal_bsp.a(alt_release_fd.o)
                0x0080fe64                alt_release_fd
 .text          0x0080fec4       0xbc ../lights_bsp//libhal_bsp.a(alt_sbrk.o)
                0x0080fec4                sbrk
 .text          0x0080ff80      0x1a4 ../lights_bsp//libhal_bsp.a(alt_tick.o)
                0x0080ff80                alt_alarm_stop
                0x00810018                alt_tick
 .text          0x00810124      0x180 ../lights_bsp//libhal_bsp.a(alt_write.o)
                0x00810124                write
 .text          0x008102a4      0x3b4 ../lights_bsp//libhal_bsp.a(alt_sys_init.o)
                0x008102a4                alt_irq_init
                0x008102d8                alt_sys_init
 .text          0x00810658      0x8c8 ../lights_bsp//libhal_bsp.a(altera_avalon_cfi_flash.o)
                0x00810658                alt_flash_cfi_init
                0x0081072c                alt_flash_cfi_write
                0x008109ec                alt_flash_cfi_get_info
                0x00810a7c                alt_flash_cfi_read
                0x00810ae4                alt_write_value_to_flash
                0x00810c48                alt_flash_program_block
 .text          0x00810f20     0x1448 ../lights_bsp//libhal_bsp.a(altera_avalon_cfi_flash_table.o)
                0x00810f20                alt_read_query_entry_8bit
                0x00810f60                alt_read_query_entry_16bit
                0x00810fa4                alt_read_query_entry_32bit
                0x00810fec                alt_write_flash_command_8bit_device_8bit_mode
                0x00811028                alt_write_flash_command_16bit_device_8bit_mode
                0x008110a4                alt_write_flash_command_32bit_device_8bit_mode
                0x008110ec                alt_write_flash_command_16bit_device_16bit_mode
                0x00811130                alt_write_flash_command_32bit_device_16bit_mode
                0x00811178                alt_write_flash_command_32bit_device_32bit_mode
                0x008111c0                alt_write_native_8bit
                0x008111f4                alt_write_native_16bit
                0x00811228                alt_write_native_32bit
                0x00811258                alt_set_flash_width_func
                0x00811438                alt_set_flash_algorithm_func
                0x00811560                alt_read_cfi_table
                0x00811ae0                alt_read_cfi_width
                0x0081228c                alt_check_primary_table
 .text          0x00812368      0x148 ../lights_bsp//libhal_bsp.a(altera_avalon_jtag_uart_fd.o)
                0x00812368                altera_avalon_jtag_uart_read_fd
                0x008123c0                altera_avalon_jtag_uart_write_fd
                0x00812418                altera_avalon_jtag_uart_close_fd
                0x00812460                altera_avalon_jtag_uart_ioctl_fd
 .text          0x008124b0      0x40c ../lights_bsp//libhal_bsp.a(altera_avalon_jtag_uart_init.o)
                0x008124b0                altera_avalon_jtag_uart_init
                0x00812848                altera_avalon_jtag_uart_close
 .text          0x008128bc       0xf4 ../lights_bsp//libhal_bsp.a(altera_avalon_jtag_uart_ioctl.o)
                0x008128bc                altera_avalon_jtag_uart_ioctl
 .text          0x008129b0      0x224 ../lights_bsp//libhal_bsp.a(altera_avalon_jtag_uart_read.o)
                0x008129b0                altera_avalon_jtag_uart_read
 .text          0x00812bd4      0x240 ../lights_bsp//libhal_bsp.a(altera_avalon_jtag_uart_write.o)
                0x00812bd4                altera_avalon_jtag_uart_write
 .text          0x00812e14      0xee8 ../lights_bsp//libhal_bsp.a(altera_avalon_lcd_16207.o)
                0x008135e8                altera_avalon_lcd_16207_write
                0x00813bc0                altera_avalon_lcd_16207_init
 .text          0x00813cfc       0x58 ../lights_bsp//libhal_bsp.a(altera_avalon_lcd_16207_fd.o)
                0x00813cfc                altera_avalon_lcd_16207_write_fd
 .text          0x00813d54      0x188 ../lights_bsp//libhal_bsp.a(altera_avalon_performance_counter.o)
                0x00813d54                perf_get_section_time
                0x00813e04                perf_get_total_time
                0x00813e58                perf_get_num_starts
                0x00813e98                alt_get_performance_counter_base
                0x00813eb8                alt_get_cpu_freq
 .text          0x00813edc      0xb70 ../lights_bsp//libhal_bsp.a(altera_ro_zipfs.o)
                0x00814150                check_directory_header
                0x008146a8                alt_ro_zipfs_open
                0x00814740                alt_ro_zipfs_read
                0x0081483c                alt_ro_zipfs_seek
                0x00814984                alt_ro_zipfs_fstat
                0x008149f4                alt_ro_zipfs_check_valid
 .text          0x00814a4c      0x304 ../lights_bsp//libhal_bsp.a(altera_up_avalon_video_character_buffer_with_dma.o)
                0x00814a4c                alt_up_char_buffer_init
                0x00814ad0                alt_up_char_buffer_open_dev
                0x00814b10                alt_up_char_buffer_draw
                0x00814be0                alt_up_char_buffer_string
                0x00814cf4                alt_up_char_buffer_clear
 .text          0x00814d50     0x156c ../lights_bsp//libhal_bsp.a(altera_up_avalon_video_pixel_buffer_dma.o)
                0x00814d50                alt_up_pixel_buffer_dma_open_dev
                0x00814d90                alt_up_pixel_buffer_dma_draw
                0x00814f30                alt_up_pixel_buffer_dma_change_back_buffer_address
                0x00814f88                alt_up_pixel_buffer_dma_swap_buffers
                0x00814fe0                alt_up_pixel_buffer_dma_check_swap_buffers_status
                0x00815014                alt_up_pixel_buffer_dma_clear_screen
                0x00815178                alt_up_pixel_buffer_dma_draw_box
                0x0081566c                alt_up_pixel_buffer_dma_draw_hline
                0x008159bc                alt_up_pixel_buffer_dma_draw_vline
                0x00815d8c                alt_up_pixel_buffer_dma_draw_rectangle
                0x00815e50                helper_plot_pixel
                0x00815f20                alt_up_pixel_buffer_dma_draw_line
 .text          0x008162bc      0x154 ../lights_bsp//libhal_bsp.a(alt_alarm_start.o)
                0x008162bc                alt_alarm_start
 .text          0x00816410       0x78 ../lights_bsp//libhal_bsp.a(alt_dcache_flush.o)
                0x00816410                alt_dcache_flush
 .text          0x00816488       0x44 ../lights_bsp//libhal_bsp.a(alt_dcache_flush_all.o)
                0x00816488                alt_dcache_flush_all
 .text          0x008164cc      0x114 ../lights_bsp//libhal_bsp.a(alt_dev_llist_insert.o)
                0x008164cc                alt_dev_llist_insert
 .text          0x008165e0       0x64 ../lights_bsp//libhal_bsp.a(alt_do_ctors.o)
                0x008165e0                _do_ctors
 .text          0x00816644       0x64 ../lights_bsp//libhal_bsp.a(alt_do_dtors.o)
                0x00816644                _do_dtors
 .text          0x008166a8       0x94 ../lights_bsp//libhal_bsp.a(alt_find_dev.o)
                0x008166a8                alt_find_dev
 .text          0x0081673c      0x120 ../lights_bsp//libhal_bsp.a(alt_find_file.o)
                0x0081673c                alt_find_file
 .text          0x0081685c       0xd0 ../lights_bsp//libhal_bsp.a(alt_flash_dev.o)
                0x0081685c                alt_flash_open_dev
                0x008168d8                alt_flash_close_dev
 .text          0x0081692c       0x90 ../lights_bsp//libhal_bsp.a(alt_fs_reg.o)
                0x0081692c                alt_fs_reg
 .text          0x008169bc       0xb8 ../lights_bsp//libhal_bsp.a(alt_get_fd.o)
                0x008169bc                alt_get_fd
 .text          0x00816a74       0x30 ../lights_bsp//libhal_bsp.a(alt_icache_flush_all.o)
                0x00816a74                alt_icache_flush_all
 .text          0x00816aa4      0x1d4 ../lights_bsp//libhal_bsp.a(alt_iic.o)
                0x00816aa4                alt_ic_isr_register
                0x00816af4                alt_ic_irq_enable
                0x00816b90                alt_ic_irq_disable
                0x00816c30                alt_ic_irq_enabled
 .text          0x00816c78       0xf8 ../lights_bsp//libhal_bsp.a(alt_iic_isr_register.o)
                0x00816c78                alt_iic_isr_register
 .text          0x00816d70      0x13c ../lights_bsp//libhal_bsp.a(alt_io_redirect.o)
                0x00816e34                alt_io_redirect
 .text          0x00816eac        0x0 ../lights_bsp//libhal_bsp.a(alt_irq_entry.o)
 .text          0x00816eac        0x0 ../lights_bsp//libhal_bsp.a(alt_irq_handler.o)
 .text          0x00816eac        0x0 ../lights_bsp//libhal_bsp.a(alt_irq_vars.o)
 .text          0x00816eac       0x30 ../lights_bsp//libhal_bsp.a(alt_usleep.o)
                0x00816eac                usleep
 .text          0x00816edc       0x20 ../lights_bsp//libhal_bsp.a(altera_nios2_irq.o)
                0x00816edc                altera_nios2_irq_init
 .text          0x00816efc      0x460 ../lights_bsp//libhal_bsp.a(altera_avalon_cfi_flash_amd.o)
                0x00816efc                alt_program_amd
                0x00816f64                alt_erase_block_amd
 .text          0x0081735c      0x460 ../lights_bsp//libhal_bsp.a(altera_avalon_cfi_flash_intel.o)
                0x0081735c                alt_program_intel
                0x008173e0                alt_erase_block_intel
 .text          0x008177bc      0x14c ../lights_bsp//libhal_bsp.a(alt_busy_sleep.o)
                0x008177bc                alt_busy_sleep
 .text          0x00817908        0x0 ../lights_bsp//libhal_bsp.a(alt_exception_entry.o)
 .text          0x00817908       0x90 ../lights_bsp//libhal_bsp.a(alt_icache_flush.o)
                0x00817908                alt_icache_flush
 .text          0x00817998       0x14 /usr/local/3rdparty/altera/quartus12/nios2eds/bin/gnu/H-i686-pc-linux-gnu/bin/../lib/gcc/nios2-elf/4.1.2/../../../../nios2-elf/lib/libc.a(lib_a-atexit.o)
                0x00817998                atexit
 .text          0x008179ac        0x0 /usr/local/3rdparty/altera/quartus12/nios2eds/bin/gnu/H-i686-pc-linux-gnu/bin/../lib/gcc/nios2-elf/4.1.2/../../../../nios2-elf/lib/libc.a(lib_a-ctype_.o)
 .text          0x008179ac       0x38 /usr/local/3rdparty/altera/quartus12/nios2eds/bin/gnu/H-i686-pc-linux-gnu/bin/../lib/gcc/nios2-elf/4.1.2/../../../../nios2-elf/lib/libc.a(lib_a-exit.o)
                0x008179ac                exit
 .text          0x008179e4       0x74 /usr/local/3rdparty/altera/quartus12/nios2eds/bin/gnu/H-i686-pc-linux-gnu/bin/../lib/gcc/nios2-elf/4.1.2/../../../../nios2-elf/lib/libc.a(lib_a-memcmp.o)
                0x008179e4                memcmp
 .text          0x00817a58       0xf0 /usr/local/3rdparty/altera/quartus12/nios2eds/bin/gnu/H-i686-pc-linux-gnu/bin/../lib/gcc/nios2-elf/4.1.2/../../../../nios2-elf/lib/libc.a(lib_a-strncmp.o)
                0x00817a58                strncmp
 .text          0x00817b48      0x134 /usr/local/3rdparty/altera/quartus12/nios2eds/bin/gnu/H-i686-pc-linux-gnu/bin/../lib/gcc/nios2-elf/4.1.2/../../../../nios2-elf/lib/libc.a(lib_a-__atexit.o)
                0x00817b48                __register_exitproc
 .text          0x00817c7c      0x1b4 /usr/local/3rdparty/altera/quartus12/nios2eds/bin/gnu/H-i686-pc-linux-gnu/bin/../lib/gcc/nios2-elf/4.1.2/../../../../nios2-elf/lib/libc.a(lib_a-__call_atexit.o)
                0x00817c80                __call_exitprocs
 .text          0x00817e30       0x60 ../lights_bsp//libhal_bsp.a(alt_exit.o)
                0x00817e70                _exit
 *(.gnu.warning.*)
 *(.fini)
                0x00817e90                PROVIDE (__etext, ABSOLUTE (.))
                0x00817e90                PROVIDE (_etext, ABSOLUTE (.))
                0x00817e90                PROVIDE (etext, ABSOLUTE (.))
 *(.eh_frame_hdr)
                0x00817e90                . = ALIGN (0x4)
                0x00817e90                PROVIDE (__preinit_array_start, ABSOLUTE (.))
 *(.preinit_array)
                0x00817e90                PROVIDE (__preinit_array_end, ABSOLUTE (.))
                0x00817e90                PROVIDE (__init_array_start, ABSOLUTE (.))
 *(.init_array)
                0x00817e90                PROVIDE (__init_array_end, ABSOLUTE (.))
                0x00817e90                PROVIDE (__fini_array_start, ABSOLUTE (.))
 *(.fini_array)
                0x00817e90                PROVIDE (__fini_array_end, ABSOLUTE (.))
 *(.eh_frame)
 .eh_frame      0x00817e90       0x40 /usr/local/3rdparty/altera/quartus12/nios2eds/bin/gnu/H-i686-pc-linux-gnu/bin/../lib/gcc/nios2-elf/4.1.2/libgcc.a(_udivdi3.o)
 .eh_frame      0x00817ed0       0x2c /usr/local/3rdparty/altera/quartus12/nios2eds/bin/gnu/H-i686-pc-linux-gnu/bin/../lib/gcc/nios2-elf/4.1.2/libgcc.a(_umoddi3.o)
                                 0x40 (size before relaxing)
 *(.gcc_except_table)
 *(.dynamic)
                0x00817efc                PROVIDE (__CTOR_LIST__, ABSOLUTE (.))
 *(.ctors)
 *(SORT(.ctors.*))
 .ctors.65535   0x00817efc        0x4 /usr/local/3rdparty/altera/quartus12/nios2eds/bin/gnu/H-i686-pc-linux-gnu/bin/../lib/gcc/nios2-elf/4.1.2/../../../../nios2-elf/lib/libc.a(lib_a-__call_atexit.o)
                0x00817f00                PROVIDE (__CTOR_END__, ABSOLUTE (.))
                0x00817f00                PROVIDE (__DTOR_LIST__, ABSOLUTE (.))
 *(.dtors)
 *(SORT(.dtors.*))
                0x00817f00                PROVIDE (__DTOR_END__, ABSOLUTE (.))
 *(.jcr)
                0x00817f00                . = ALIGN (0x4)

.rodata         0x00817f00     0x14dc
                0x00817f00                PROVIDE (__ram_rodata_start, ABSOLUTE (.))
                0x00817f00                . = ALIGN (0x4)
 *(.rodata .rodata.* .gnu.linkonce.r.*)
 .rodata        0x00817f00       0x28 obj/default/LightsFunctions.o
 .rodata        0x00817f28      0x148 obj/default/Project.o
 .rodata        0x00818070      0x164 obj/default/VideoFunctions.o
 .rodata        0x008181d4      0x398 /usr/local/3rdparty/altera/quartus12/nios2eds/bin/gnu/H-i686-pc-linux-gnu/bin/../lib/gcc/nios2-elf/4.1.2/../../../../nios2-elf/lib/libm.a(lib_a-ef_rem_pio2.o)
 .rodata        0x0081856c       0x38 /usr/local/3rdparty/altera/quartus12/nios2eds/bin/gnu/H-i686-pc-linux-gnu/bin/../lib/gcc/nios2-elf/4.1.2/../../../../nios2-elf/lib/libm.a(lib_a-kf_rem_pio2.o)
 .rodata        0x008185a4       0x10 /usr/local/3rdparty/altera/quartus12/nios2eds/bin/gnu/H-i686-pc-linux-gnu/bin/../lib/gcc/nios2-elf/4.1.2/libgcc.a(_thenan_sf.o)
                0x008185a4                __thenan_sf
 .rodata        0x008185b4      0x100 /usr/local/3rdparty/altera/quartus12/nios2eds/bin/gnu/H-i686-pc-linux-gnu/bin/../lib/gcc/nios2-elf/4.1.2/libgcc.a(_clz.o)
                0x008185b4                __clz_tab
 .rodata.str1.4
                0x008186b4        0x2 /usr/local/3rdparty/altera/quartus12/nios2eds/bin/gnu/H-i686-pc-linux-gnu/bin/../lib/gcc/nios2-elf/4.1.2/../../../../nios2-elf/lib/libc.a(lib_a-impure.o)
                                  0x4 (size before relaxing)
 *fill*         0x008186b6        0x2 00
 .rodata.str1.4
                0x008186b8        0x3 /usr/local/3rdparty/altera/quartus12/nios2eds/bin/gnu/H-i686-pc-linux-gnu/bin/../lib/gcc/nios2-elf/4.1.2/../../../../nios2-elf/lib/libc.a(lib_a-perror.o)
                                  0x4 (size before relaxing)
 *fill*         0x008186bb        0x1 00
 .rodata.str1.4
                0x008186bc        0x2 /usr/local/3rdparty/altera/quartus12/nios2eds/bin/gnu/H-i686-pc-linux-gnu/bin/../lib/gcc/nios2-elf/4.1.2/../../../../nios2-elf/lib/libc.a(lib_a-puts.o)
                                  0x4 (size before relaxing)
 *fill*         0x008186be        0x2 00
 .rodata.str1.4
                0x008186c0      0x7a2 /usr/local/3rdparty/altera/quartus12/nios2eds/bin/gnu/H-i686-pc-linux-gnu/bin/../lib/gcc/nios2-elf/4.1.2/../../../../nios2-elf/lib/libc.a(lib_a-strerror.o)
                                0x7a8 (size before relaxing)
 *fill*         0x00818e62        0x2 00
 .rodata.str1.4
                0x00818e64       0x5e /usr/local/3rdparty/altera/quartus12/nios2eds/bin/gnu/H-i686-pc-linux-gnu/bin/../lib/gcc/nios2-elf/4.1.2/../../../../nios2-elf/lib/libc.a(lib_a-vfprintf.o)
                                 0x60 (size before relaxing)
 .rodata        0x00818ec2       0x20 /usr/local/3rdparty/altera/quartus12/nios2eds/bin/gnu/H-i686-pc-linux-gnu/bin/../lib/gcc/nios2-elf/4.1.2/../../../../nios2-elf/lib/libc.a(lib_a-vfprintf.o)
 *fill*         0x00818ee2        0x2 00
 .rodata.str1.4
                0x00818ee4       0x10 /usr/local/3rdparty/altera/quartus12/nios2eds/bin/gnu/H-i686-pc-linux-gnu/bin/../lib/gcc/nios2-elf/4.1.2/../../../../nios2-elf/lib/libc.a(lib_a-dtoa.o)
                                 0x14 (size before relaxing)
 .rodata.str1.4
                0x00818ef4       0x10 /usr/local/3rdparty/altera/quartus12/nios2eds/bin/gnu/H-i686-pc-linux-gnu/bin/../lib/gcc/nios2-elf/4.1.2/../../../../nios2-elf/lib/libc.a(lib_a-locale.o)
                                 0x18 (size before relaxing)
 .rodata        0x00818f04       0x30 /usr/local/3rdparty/altera/quartus12/nios2eds/bin/gnu/H-i686-pc-linux-gnu/bin/../lib/gcc/nios2-elf/4.1.2/../../../../nios2-elf/lib/libc.a(lib_a-locale.o)
 .rodata        0x00818f34      0x124 /usr/local/3rdparty/altera/quartus12/nios2eds/bin/gnu/H-i686-pc-linux-gnu/bin/../lib/gcc/nios2-elf/4.1.2/../../../../nios2-elf/lib/libc.a(lib_a-mprec.o)
                0x00818f34                __mprec_tens
                0x00818ffc                __mprec_bigtens
                0x00819024                __mprec_tinytens
 .rodata        0x00819058       0x14 /usr/local/3rdparty/altera/quartus12/nios2eds/bin/gnu/H-i686-pc-linux-gnu/bin/../lib/gcc/nios2-elf/4.1.2/libgcc.a(_thenan_df.o)
                0x00819058                __thenan_df
 .rodata        0x0081906c        0xc ../lights_bsp//libhal_bsp.a(alt_dev.o)
 .rodata        0x00819078       0x20 ../lights_bsp//libhal_bsp.a(alt_main.o)
 .rodata        0x00819098       0xa4 ../lights_bsp//libhal_bsp.a(alt_sys_init.o)
 .rodata        0x0081913c       0x1c ../lights_bsp//libhal_bsp.a(altera_up_avalon_video_character_buffer_with_dma.o)
 .rodata        0x00819158      0x281 /usr/local/3rdparty/altera/quartus12/nios2eds/bin/gnu/H-i686-pc-linux-gnu/bin/../lib/gcc/nios2-elf/4.1.2/../../../../nios2-elf/lib/libc.a(lib_a-ctype_.o)
                0x00819158                _ctype_
 *(.rodata1)
                0x008193dc                . = ALIGN (0x4)
 *fill*         0x008193d9        0x3 00
                0x008193dc                PROVIDE (__ram_rodata_end, ABSOLUTE (.))
                0x00817f00                PROVIDE (__flash_rodata_start, LOADADDR (.rodata))

.rwdata         0x008193dc     0x1d3c load address 0x0081b118
                0x008193dc                PROVIDE (__ram_rwdata_start, ABSOLUTE (.))
                0x008193dc                . = ALIGN (0x4)
 *(.got.plt)
 *(.got)
 *(.data1)
 *(.data .data.* .gnu.linkonce.d.*)
 .data          0x008193dc        0x0 ../lights_bsp//obj/HAL/src/crt0.o
 .data          0x008193dc        0xb obj/default/LightsFunctions.o
                0x008193dc                sevenSegmentDisplay
 .data          0x008193e7        0x0 obj/default/Project.o
 .data          0x008193e7        0x0 obj/default/VideoFunctions.o
 .data          0x008193e7        0x0 /usr/local/3rdparty/altera/quartus12/nios2eds/bin/gnu/H-i686-pc-linux-gnu/bin/../lib/gcc/nios2-elf/4.1.2/../../../../nios2-elf/lib/libm.a(lib_a-sf_cos.o)
 .data          0x008193e7        0x0 /usr/local/3rdparty/altera/quartus12/nios2eds/bin/gnu/H-i686-pc-linux-gnu/bin/../lib/gcc/nios2-elf/4.1.2/../../../../nios2-elf/lib/libm.a(lib_a-sf_floor.o)
 .data          0x008193e7        0x0 /usr/local/3rdparty/altera/quartus12/nios2eds/bin/gnu/H-i686-pc-linux-gnu/bin/../lib/gcc/nios2-elf/4.1.2/../../../../nios2-elf/lib/libm.a(lib_a-sf_round.o)
 .data          0x008193e7        0x0 /usr/local/3rdparty/altera/quartus12/nios2eds/bin/gnu/H-i686-pc-linux-gnu/bin/../lib/gcc/nios2-elf/4.1.2/../../../../nios2-elf/lib/libm.a(lib_a-sf_sin.o)
 .data          0x008193e7        0x0 /usr/local/3rdparty/altera/quartus12/nios2eds/bin/gnu/H-i686-pc-linux-gnu/bin/../lib/gcc/nios2-elf/4.1.2/../../../../nios2-elf/lib/libm.a(lib_a-ef_rem_pio2.o)
 .data          0x008193e7        0x0 /usr/local/3rdparty/altera/quartus12/nios2eds/bin/gnu/H-i686-pc-linux-gnu/bin/../lib/gcc/nios2-elf/4.1.2/../../../../nios2-elf/lib/libm.a(lib_a-kf_cos.o)
 .data          0x008193e7        0x0 /usr/local/3rdparty/altera/quartus12/nios2eds/bin/gnu/H-i686-pc-linux-gnu/bin/../lib/gcc/nios2-elf/4.1.2/../../../../nios2-elf/lib/libm.a(lib_a-kf_rem_pio2.o)
 .data          0x008193e7        0x0 /usr/local/3rdparty/altera/quartus12/nios2eds/bin/gnu/H-i686-pc-linux-gnu/bin/../lib/gcc/nios2-elf/4.1.2/../../../../nios2-elf/lib/libm.a(lib_a-kf_sin.o)
 .data          0x008193e7        0x0 /usr/local/3rdparty/altera/quartus12/nios2eds/bin/gnu/H-i686-pc-linux-gnu/bin/../lib/gcc/nios2-elf/4.1.2/../../../../nios2-elf/lib/libm.a(lib_a-sf_fabs.o)
 .data          0x008193e7        0x0 /usr/local/3rdparty/altera/quartus12/nios2eds/bin/gnu/H-i686-pc-linux-gnu/bin/../lib/gcc/nios2-elf/4.1.2/../../../../nios2-elf/lib/libm.a(lib_a-sf_scalbn.o)
 .data          0x008193e7        0x0 /usr/local/3rdparty/altera/quartus12/nios2eds/bin/gnu/H-i686-pc-linux-gnu/bin/../lib/gcc/nios2-elf/4.1.2/../../../../nios2-elf/lib/libm.a(lib_a-sf_copysign.o)
 .data          0x008193e7        0x0 /usr/local/3rdparty/altera/quartus12/nios2eds/bin/gnu/H-i686-pc-linux-gnu/bin/../lib/gcc/nios2-elf/4.1.2/libgcc.a(_addsub_sf.o)
 .data          0x008193e7        0x0 /usr/local/3rdparty/altera/quartus12/nios2eds/bin/gnu/H-i686-pc-linux-gnu/bin/../lib/gcc/nios2-elf/4.1.2/libgcc.a(_mul_sf.o)
 .data          0x008193e7        0x0 /usr/local/3rdparty/altera/quartus12/nios2eds/bin/gnu/H-i686-pc-linux-gnu/bin/../lib/gcc/nios2-elf/4.1.2/libgcc.a(_eq_sf.o)
 .data          0x008193e7        0x0 /usr/local/3rdparty/altera/quartus12/nios2eds/bin/gnu/H-i686-pc-linux-gnu/bin/../lib/gcc/nios2-elf/4.1.2/libgcc.a(_gt_sf.o)
 .data          0x008193e7        0x0 /usr/local/3rdparty/altera/quartus12/nios2eds/bin/gnu/H-i686-pc-linux-gnu/bin/../lib/gcc/nios2-elf/4.1.2/libgcc.a(_ge_sf.o)
 .data          0x008193e7        0x0 /usr/local/3rdparty/altera/quartus12/nios2eds/bin/gnu/H-i686-pc-linux-gnu/bin/../lib/gcc/nios2-elf/4.1.2/libgcc.a(_lt_sf.o)
 .data          0x008193e7        0x0 /usr/local/3rdparty/altera/quartus12/nios2eds/bin/gnu/H-i686-pc-linux-gnu/bin/../lib/gcc/nios2-elf/4.1.2/libgcc.a(_le_sf.o)
 .data          0x008193e7        0x0 /usr/local/3rdparty/altera/quartus12/nios2eds/bin/gnu/H-i686-pc-linux-gnu/bin/../lib/gcc/nios2-elf/4.1.2/libgcc.a(_si_to_sf.o)
 .data          0x008193e7        0x0 /usr/local/3rdparty/altera/quartus12/nios2eds/bin/gnu/H-i686-pc-linux-gnu/bin/../lib/gcc/nios2-elf/4.1.2/libgcc.a(_sf_to_si.o)
 .data          0x008193e7        0x0 /usr/local/3rdparty/altera/quartus12/nios2eds/bin/gnu/H-i686-pc-linux-gnu/bin/../lib/gcc/nios2-elf/4.1.2/libgcc.a(_thenan_sf.o)
 .data          0x008193e7        0x0 /usr/local/3rdparty/altera/quartus12/nios2eds/bin/gnu/H-i686-pc-linux-gnu/bin/../lib/gcc/nios2-elf/4.1.2/libgcc.a(_usi_to_df.o)
 .data          0x008193e7        0x0 /usr/local/3rdparty/altera/quartus12/nios2eds/bin/gnu/H-i686-pc-linux-gnu/bin/../lib/gcc/nios2-elf/4.1.2/libgcc.a(lib2-divmod.o)
 .data          0x008193e7        0x0 /usr/local/3rdparty/altera/quartus12/nios2eds/bin/gnu/H-i686-pc-linux-gnu/bin/../lib/gcc/nios2-elf/4.1.2/libgcc.a(_muldi3.o)
 .data          0x008193e7        0x0 /usr/local/3rdparty/altera/quartus12/nios2eds/bin/gnu/H-i686-pc-linux-gnu/bin/../lib/gcc/nios2-elf/4.1.2/libgcc.a(_clzsi2.o)
 .data          0x008193e7        0x0 /usr/local/3rdparty/altera/quartus12/nios2eds/bin/gnu/H-i686-pc-linux-gnu/bin/../lib/gcc/nios2-elf/4.1.2/libgcc.a(_pack_sf.o)
 .data          0x008193e7        0x0 /usr/local/3rdparty/altera/quartus12/nios2eds/bin/gnu/H-i686-pc-linux-gnu/bin/../lib/gcc/nios2-elf/4.1.2/libgcc.a(_unpack_sf.o)
 .data          0x008193e7        0x0 /usr/local/3rdparty/altera/quartus12/nios2eds/bin/gnu/H-i686-pc-linux-gnu/bin/../lib/gcc/nios2-elf/4.1.2/libgcc.a(_fpcmp_parts_sf.o)
 .data          0x008193e7        0x0 /usr/local/3rdparty/altera/quartus12/nios2eds/bin/gnu/H-i686-pc-linux-gnu/bin/../lib/gcc/nios2-elf/4.1.2/libgcc.a(_pack_df.o)
 .data          0x008193e7        0x0 /usr/local/3rdparty/altera/quartus12/nios2eds/bin/gnu/H-i686-pc-linux-gnu/bin/../lib/gcc/nios2-elf/4.1.2/libgcc.a(_clz.o)
 .data          0x008193e7        0x0 /usr/local/3rdparty/altera/quartus12/nios2eds/bin/gnu/H-i686-pc-linux-gnu/bin/../lib/gcc/nios2-elf/4.1.2/../../../../nios2-elf/lib/libc.a(lib_a-fopen.o)
 .data          0x008193e7        0x0 /usr/local/3rdparty/altera/quartus12/nios2eds/bin/gnu/H-i686-pc-linux-gnu/bin/../lib/gcc/nios2-elf/4.1.2/../../../../nios2-elf/lib/libc.a(lib_a-fprintf.o)
 .data          0x008193e7        0x0 /usr/local/3rdparty/altera/quartus12/nios2eds/bin/gnu/H-i686-pc-linux-gnu/bin/../lib/gcc/nios2-elf/4.1.2/../../../../nios2-elf/lib/libc.a(lib_a-fread.o)
 .data          0x008193e7        0x0 /usr/local/3rdparty/altera/quartus12/nios2eds/bin/gnu/H-i686-pc-linux-gnu/bin/../lib/gcc/nios2-elf/4.1.2/../../../../nios2-elf/lib/libc.a(lib_a-freer.o)
 .data          0x008193e7        0x0 /usr/local/3rdparty/altera/quartus12/nios2eds/bin/gnu/H-i686-pc-linux-gnu/bin/../lib/gcc/nios2-elf/4.1.2/../../../../nios2-elf/lib/libc.a(lib_a-fseek.o)
 .data          0x008193e7        0x0 /usr/local/3rdparty/altera/quartus12/nios2eds/bin/gnu/H-i686-pc-linux-gnu/bin/../lib/gcc/nios2-elf/4.1.2/../../../../nios2-elf/lib/libc.a(lib_a-fstatr.o)
 .data          0x008193e7        0x0 /usr/local/3rdparty/altera/quartus12/nios2eds/bin/gnu/H-i686-pc-linux-gnu/bin/../lib/gcc/nios2-elf/4.1.2/../../../../nios2-elf/lib/libc.a(lib_a-fwrite.o)
 *fill*         0x008193e7        0x1 00
 .data          0x008193e8      0x400 /usr/local/3rdparty/altera/quartus12/nios2eds/bin/gnu/H-i686-pc-linux-gnu/bin/../lib/gcc/nios2-elf/4.1.2/../../../../nios2-elf/lib/libc.a(lib_a-impure.o)
 .data          0x008197e8        0x0 /usr/local/3rdparty/altera/quartus12/nios2eds/bin/gnu/H-i686-pc-linux-gnu/bin/../lib/gcc/nios2-elf/4.1.2/../../../../nios2-elf/lib/libc.a(lib_a-int_errno.o)
 .data          0x008197e8        0x0 /usr/local/3rdparty/altera/quartus12/nios2eds/bin/gnu/H-i686-pc-linux-gnu/bin/../lib/gcc/nios2-elf/4.1.2/../../../../nios2-elf/lib/libc.a(lib_a-makebuf.o)
 .data          0x008197e8        0x0 /usr/local/3rdparty/altera/quartus12/nios2eds/bin/gnu/H-i686-pc-linux-gnu/bin/../lib/gcc/nios2-elf/4.1.2/../../../../nios2-elf/lib/libc.a(lib_a-malloc.o)
 .data          0x008197e8      0x408 /usr/local/3rdparty/altera/quartus12/nios2eds/bin/gnu/H-i686-pc-linux-gnu/bin/../lib/gcc/nios2-elf/4.1.2/../../../../nios2-elf/lib/libc.a(lib_a-mallocr.o)
                0x008197e8                __malloc_av_
 .data          0x00819bf0        0x0 /usr/local/3rdparty/altera/quartus12/nios2eds/bin/gnu/H-i686-pc-linux-gnu/bin/../lib/gcc/nios2-elf/4.1.2/../../../../nios2-elf/lib/libc.a(lib_a-memcpy.o)
 .data          0x00819bf0        0x0 /usr/local/3rdparty/altera/quartus12/nios2eds/bin/gnu/H-i686-pc-linux-gnu/bin/../lib/gcc/nios2-elf/4.1.2/../../../../nios2-elf/lib/libc.a(lib_a-openr.o)
 .data          0x00819bf0        0x0 /usr/local/3rdparty/altera/quartus12/nios2eds/bin/gnu/H-i686-pc-linux-gnu/bin/../lib/gcc/nios2-elf/4.1.2/../../../../nios2-elf/lib/libc.a(lib_a-perror.o)
 .data          0x00819bf0        0x0 /usr/local/3rdparty/altera/quartus12/nios2eds/bin/gnu/H-i686-pc-linux-gnu/bin/../lib/gcc/nios2-elf/4.1.2/../../../../nios2-elf/lib/libc.a(lib_a-printf.o)
 .data          0x00819bf0        0x0 /usr/local/3rdparty/altera/quartus12/nios2eds/bin/gnu/H-i686-pc-linux-gnu/bin/../lib/gcc/nios2-elf/4.1.2/../../../../nios2-elf/lib/libc.a(lib_a-puts.o)
 .data          0x00819bf0        0x0 /usr/local/3rdparty/altera/quartus12/nios2eds/bin/gnu/H-i686-pc-linux-gnu/bin/../lib/gcc/nios2-elf/4.1.2/../../../../nios2-elf/lib/libc.a(lib_a-rand.o)
 .data          0x00819bf0        0x0 /usr/local/3rdparty/altera/quartus12/nios2eds/bin/gnu/H-i686-pc-linux-gnu/bin/../lib/gcc/nios2-elf/4.1.2/../../../../nios2-elf/lib/libc.a(lib_a-refill.o)
 .data          0x00819bf0        0x0 /usr/local/3rdparty/altera/quartus12/nios2eds/bin/gnu/H-i686-pc-linux-gnu/bin/../lib/gcc/nios2-elf/4.1.2/../../../../nios2-elf/lib/libc.a(lib_a-sbrkr.o)
 .data          0x00819bf0        0x0 /usr/local/3rdparty/altera/quartus12/nios2eds/bin/gnu/H-i686-pc-linux-gnu/bin/../lib/gcc/nios2-elf/4.1.2/../../../../nios2-elf/lib/libc.a(lib_a-stdio.o)
 .data          0x00819bf0        0x0 /usr/local/3rdparty/altera/quartus12/nios2eds/bin/gnu/H-i686-pc-linux-gnu/bin/../lib/gcc/nios2-elf/4.1.2/../../../../nios2-elf/lib/libc.a(lib_a-strerror.o)
 .data          0x00819bf0        0x0 /usr/local/3rdparty/altera/quartus12/nios2eds/bin/gnu/H-i686-pc-linux-gnu/bin/../lib/gcc/nios2-elf/4.1.2/../../../../nios2-elf/lib/libc.a(lib_a-strlen.o)
 .data          0x00819bf0        0x0 /usr/local/3rdparty/altera/quartus12/nios2eds/bin/gnu/H-i686-pc-linux-gnu/bin/../lib/gcc/nios2-elf/4.1.2/../../../../nios2-elf/lib/libc.a(lib_a-time.o)
 .data          0x00819bf0        0x0 /usr/local/3rdparty/altera/quartus12/nios2eds/bin/gnu/H-i686-pc-linux-gnu/bin/../lib/gcc/nios2-elf/4.1.2/../../../../nios2-elf/lib/libc.a(lib_a-u_strerr.o)
 .data          0x00819bf0        0x0 /usr/local/3rdparty/altera/quartus12/nios2eds/bin/gnu/H-i686-pc-linux-gnu/bin/../lib/gcc/nios2-elf/4.1.2/../../../../nios2-elf/lib/libc.a(lib_a-vfprintf.o)
 .data          0x00819bf0        0x0 /usr/local/3rdparty/altera/quartus12/nios2eds/bin/gnu/H-i686-pc-linux-gnu/bin/../lib/gcc/nios2-elf/4.1.2/../../../../nios2-elf/lib/libc.a(lib_a-writer.o)
 .data          0x00819bf0        0x0 /usr/local/3rdparty/altera/quartus12/nios2eds/bin/gnu/H-i686-pc-linux-gnu/bin/../lib/gcc/nios2-elf/4.1.2/../../../../nios2-elf/lib/libc.a(lib_a-wsetup.o)
 .data          0x00819bf0        0x0 /usr/local/3rdparty/altera/quartus12/nios2eds/bin/gnu/H-i686-pc-linux-gnu/bin/../lib/gcc/nios2-elf/4.1.2/../../../../nios2-elf/lib/libc.a(lib_a-closer.o)
 .data          0x00819bf0        0x0 /usr/local/3rdparty/altera/quartus12/nios2eds/bin/gnu/H-i686-pc-linux-gnu/bin/../lib/gcc/nios2-elf/4.1.2/../../../../nios2-elf/lib/libc.a(lib_a-dtoa.o)
 .data          0x00819bf0        0x0 /usr/local/3rdparty/altera/quartus12/nios2eds/bin/gnu/H-i686-pc-linux-gnu/bin/../lib/gcc/nios2-elf/4.1.2/../../../../nios2-elf/lib/libc.a(lib_a-fflush.o)
 .data          0x00819bf0        0x0 /usr/local/3rdparty/altera/quartus12/nios2eds/bin/gnu/H-i686-pc-linux-gnu/bin/../lib/gcc/nios2-elf/4.1.2/../../../../nios2-elf/lib/libc.a(lib_a-findfp.o)
 .data          0x00819bf0        0x0 /usr/local/3rdparty/altera/quartus12/nios2eds/bin/gnu/H-i686-pc-linux-gnu/bin/../lib/gcc/nios2-elf/4.1.2/../../../../nios2-elf/lib/libc.a(lib_a-flags.o)
 .data          0x00819bf0        0x0 /usr/local/3rdparty/altera/quartus12/nios2eds/bin/gnu/H-i686-pc-linux-gnu/bin/../lib/gcc/nios2-elf/4.1.2/../../../../nios2-elf/lib/libc.a(lib_a-fputc.o)
 .data          0x00819bf0        0x0 /usr/local/3rdparty/altera/quartus12/nios2eds/bin/gnu/H-i686-pc-linux-gnu/bin/../lib/gcc/nios2-elf/4.1.2/../../../../nios2-elf/lib/libc.a(lib_a-fputs.o)
 .data          0x00819bf0        0x0 /usr/local/3rdparty/altera/quartus12/nios2eds/bin/gnu/H-i686-pc-linux-gnu/bin/../lib/gcc/nios2-elf/4.1.2/../../../../nios2-elf/lib/libc.a(lib_a-fvwrite.o)
 .data          0x00819bf0        0x0 /usr/local/3rdparty/altera/quartus12/nios2eds/bin/gnu/H-i686-pc-linux-gnu/bin/../lib/gcc/nios2-elf/4.1.2/../../../../nios2-elf/lib/libc.a(lib_a-fwalk.o)
 .data          0x00819bf0        0x0 /usr/local/3rdparty/altera/quartus12/nios2eds/bin/gnu/H-i686-pc-linux-gnu/bin/../lib/gcc/nios2-elf/4.1.2/../../../../nios2-elf/lib/libc.a(lib_a-gettimeofdayr.o)
 .data          0x00819bf0        0x0 /usr/local/3rdparty/altera/quartus12/nios2eds/bin/gnu/H-i686-pc-linux-gnu/bin/../lib/gcc/nios2-elf/4.1.2/../../../../nios2-elf/lib/libc.a(lib_a-isattyr.o)
 .data          0x00819bf0        0xc /usr/local/3rdparty/altera/quartus12/nios2eds/bin/gnu/H-i686-pc-linux-gnu/bin/../lib/gcc/nios2-elf/4.1.2/../../../../nios2-elf/lib/libc.a(lib_a-locale.o)
                0x00819bf0                __lc_ctype
 .data          0x00819bfc        0x0 /usr/local/3rdparty/altera/quartus12/nios2eds/bin/gnu/H-i686-pc-linux-gnu/bin/../lib/gcc/nios2-elf/4.1.2/../../../../nios2-elf/lib/libc.a(lib_a-lseekr.o)
 .data          0x00819bfc        0x0 /usr/local/3rdparty/altera/quartus12/nios2eds/bin/gnu/H-i686-pc-linux-gnu/bin/../lib/gcc/nios2-elf/4.1.2/../../../../nios2-elf/lib/libc.a(lib_a-memchr.o)
 .data          0x00819bfc        0x0 /usr/local/3rdparty/altera/quartus12/nios2eds/bin/gnu/H-i686-pc-linux-gnu/bin/../lib/gcc/nios2-elf/4.1.2/../../../../nios2-elf/lib/libc.a(lib_a-memmove.o)
 .data          0x00819bfc        0x0 /usr/local/3rdparty/altera/quartus12/nios2eds/bin/gnu/H-i686-pc-linux-gnu/bin/../lib/gcc/nios2-elf/4.1.2/../../../../nios2-elf/lib/libc.a(lib_a-memset.o)
 .data          0x00819bfc        0x0 /usr/local/3rdparty/altera/quartus12/nios2eds/bin/gnu/H-i686-pc-linux-gnu/bin/../lib/gcc/nios2-elf/4.1.2/../../../../nios2-elf/lib/libc.a(lib_a-mprec.o)
 .data          0x00819bfc        0x0 /usr/local/3rdparty/altera/quartus12/nios2eds/bin/gnu/H-i686-pc-linux-gnu/bin/../lib/gcc/nios2-elf/4.1.2/../../../../nios2-elf/lib/libc.a(lib_a-putc.o)
 .data          0x00819bfc        0x0 /usr/local/3rdparty/altera/quartus12/nios2eds/bin/gnu/H-i686-pc-linux-gnu/bin/../lib/gcc/nios2-elf/4.1.2/../../../../nios2-elf/lib/libc.a(lib_a-readr.o)
 .data          0x00819bfc        0x0 /usr/local/3rdparty/altera/quartus12/nios2eds/bin/gnu/H-i686-pc-linux-gnu/bin/../lib/gcc/nios2-elf/4.1.2/../../../../nios2-elf/lib/libc.a(lib_a-reallocr.o)
 .data          0x00819bfc        0x0 /usr/local/3rdparty/altera/quartus12/nios2eds/bin/gnu/H-i686-pc-linux-gnu/bin/../lib/gcc/nios2-elf/4.1.2/../../../../nios2-elf/lib/libc.a(lib_a-s_isinfd.o)
 .data          0x00819bfc        0x0 /usr/local/3rdparty/altera/quartus12/nios2eds/bin/gnu/H-i686-pc-linux-gnu/bin/../lib/gcc/nios2-elf/4.1.2/../../../../nios2-elf/lib/libc.a(lib_a-s_isnand.o)
 .data          0x00819bfc        0x0 /usr/local/3rdparty/altera/quartus12/nios2eds/bin/gnu/H-i686-pc-linux-gnu/bin/../lib/gcc/nios2-elf/4.1.2/../../../../nios2-elf/lib/libc.a(lib_a-strcmp.o)
 .data          0x00819bfc        0x0 /usr/local/3rdparty/altera/quartus12/nios2eds/bin/gnu/H-i686-pc-linux-gnu/bin/../lib/gcc/nios2-elf/4.1.2/../../../../nios2-elf/lib/libc.a(lib_a-wbuf.o)
 .data          0x00819bfc        0x0 /usr/local/3rdparty/altera/quartus12/nios2eds/bin/gnu/H-i686-pc-linux-gnu/bin/../lib/gcc/nios2-elf/4.1.2/../../../../nios2-elf/lib/libc.a(lib_a-callocr.o)
 .data          0x00819bfc        0x0 /usr/local/3rdparty/altera/quartus12/nios2eds/bin/gnu/H-i686-pc-linux-gnu/bin/../lib/gcc/nios2-elf/4.1.2/../../../../nios2-elf/lib/libc.a(lib_a-fclose.o)
 .data          0x00819bfc        0x0 /usr/local/3rdparty/altera/quartus12/nios2eds/bin/gnu/H-i686-pc-linux-gnu/bin/../lib/gcc/nios2-elf/4.1.2/libgcc.a(_udivdi3.o)
 .data          0x00819bfc        0x0 /usr/local/3rdparty/altera/quartus12/nios2eds/bin/gnu/H-i686-pc-linux-gnu/bin/../lib/gcc/nios2-elf/4.1.2/libgcc.a(_umoddi3.o)
 .data          0x00819bfc        0x0 /usr/local/3rdparty/altera/quartus12/nios2eds/bin/gnu/H-i686-pc-linux-gnu/bin/../lib/gcc/nios2-elf/4.1.2/libgcc.a(_addsub_df.o)
 .data          0x00819bfc        0x0 /usr/local/3rdparty/altera/quartus12/nios2eds/bin/gnu/H-i686-pc-linux-gnu/bin/../lib/gcc/nios2-elf/4.1.2/libgcc.a(_mul_df.o)
 .data          0x00819bfc        0x0 /usr/local/3rdparty/altera/quartus12/nios2eds/bin/gnu/H-i686-pc-linux-gnu/bin/../lib/gcc/nios2-elf/4.1.2/libgcc.a(_div_df.o)
 .data          0x00819bfc        0x0 /usr/local/3rdparty/altera/quartus12/nios2eds/bin/gnu/H-i686-pc-linux-gnu/bin/../lib/gcc/nios2-elf/4.1.2/libgcc.a(_eq_df.o)
 .data          0x00819bfc        0x0 /usr/local/3rdparty/altera/quartus12/nios2eds/bin/gnu/H-i686-pc-linux-gnu/bin/../lib/gcc/nios2-elf/4.1.2/libgcc.a(_ne_df.o)
 .data          0x00819bfc        0x0 /usr/local/3rdparty/altera/quartus12/nios2eds/bin/gnu/H-i686-pc-linux-gnu/bin/../lib/gcc/nios2-elf/4.1.2/libgcc.a(_gt_df.o)
 .data          0x00819bfc        0x0 /usr/local/3rdparty/altera/quartus12/nios2eds/bin/gnu/H-i686-pc-linux-gnu/bin/../lib/gcc/nios2-elf/4.1.2/libgcc.a(_ge_df.o)
 .data          0x00819bfc        0x0 /usr/local/3rdparty/altera/quartus12/nios2eds/bin/gnu/H-i686-pc-linux-gnu/bin/../lib/gcc/nios2-elf/4.1.2/libgcc.a(_lt_df.o)
 .data          0x00819bfc        0x0 /usr/local/3rdparty/altera/quartus12/nios2eds/bin/gnu/H-i686-pc-linux-gnu/bin/../lib/gcc/nios2-elf/4.1.2/libgcc.a(_si_to_df.o)
 .data          0x00819bfc        0x0 /usr/local/3rdparty/altera/quartus12/nios2eds/bin/gnu/H-i686-pc-linux-gnu/bin/../lib/gcc/nios2-elf/4.1.2/libgcc.a(_df_to_si.o)
 .data          0x00819bfc        0x0 /usr/local/3rdparty/altera/quartus12/nios2eds/bin/gnu/H-i686-pc-linux-gnu/bin/../lib/gcc/nios2-elf/4.1.2/libgcc.a(_thenan_df.o)
 .data          0x00819bfc        0x0 /usr/local/3rdparty/altera/quartus12/nios2eds/bin/gnu/H-i686-pc-linux-gnu/bin/../lib/gcc/nios2-elf/4.1.2/libgcc.a(_unpack_df.o)
 .data          0x00819bfc        0x0 /usr/local/3rdparty/altera/quartus12/nios2eds/bin/gnu/H-i686-pc-linux-gnu/bin/../lib/gcc/nios2-elf/4.1.2/libgcc.a(_fpcmp_parts_df.o)
 .data          0x00819bfc        0x0 ../lights_bsp//libhal_bsp.a(alt_close.o)
 .data          0x00819bfc      0x1a8 ../lights_bsp//libhal_bsp.a(alt_dev.o)
                0x00819bfc                alt_dev_null
                0x00819c24                alt_fd_list
 .data          0x00819da4        0x0 ../lights_bsp//libhal_bsp.a(alt_errno.o)
 .data          0x00819da4        0x0 ../lights_bsp//libhal_bsp.a(alt_fstat.o)
 .data          0x00819da4        0x0 ../lights_bsp//libhal_bsp.a(alt_gettod.o)
 .data          0x00819da4        0x0 ../lights_bsp//libhal_bsp.a(alt_isatty.o)
 .data          0x00819da4        0x0 ../lights_bsp//libhal_bsp.a(alt_load.o)
 .data          0x00819da4        0x0 ../lights_bsp//libhal_bsp.a(alt_lseek.o)
 .data          0x00819da4        0x0 ../lights_bsp//libhal_bsp.a(alt_main.o)
 .data          0x00819da4        0x0 ../lights_bsp//libhal_bsp.a(alt_malloc_lock.o)
 .data          0x00819da4        0x0 ../lights_bsp//libhal_bsp.a(alt_open.o)
 .data          0x00819da4        0x0 ../lights_bsp//libhal_bsp.a(alt_read.o)
 .data          0x00819da4        0x0 ../lights_bsp//libhal_bsp.a(alt_release_fd.o)
 .data          0x00819da4        0x0 ../lights_bsp//libhal_bsp.a(alt_sbrk.o)
 .data          0x00819da4        0x0 ../lights_bsp//libhal_bsp.a(alt_tick.o)
 .data          0x00819da4        0x0 ../lights_bsp//libhal_bsp.a(alt_write.o)
 .data          0x00819da4     0x1324 ../lights_bsp//libhal_bsp.a(alt_sys_init.o)
 .data          0x0081b0c8        0x0 ../lights_bsp//libhal_bsp.a(altera_avalon_cfi_flash.o)
 .data          0x0081b0c8        0x0 ../lights_bsp//libhal_bsp.a(altera_avalon_cfi_flash_table.o)
 .data          0x0081b0c8        0x0 ../lights_bsp//libhal_bsp.a(altera_avalon_jtag_uart_fd.o)
 .data          0x0081b0c8        0x0 ../lights_bsp//libhal_bsp.a(altera_avalon_jtag_uart_init.o)
 .data          0x0081b0c8        0x0 ../lights_bsp//libhal_bsp.a(altera_avalon_jtag_uart_ioctl.o)
 .data          0x0081b0c8        0x0 ../lights_bsp//libhal_bsp.a(altera_avalon_jtag_uart_read.o)
 .data          0x0081b0c8        0x0 ../lights_bsp//libhal_bsp.a(altera_avalon_jtag_uart_write.o)
 .data          0x0081b0c8        0x0 ../lights_bsp//libhal_bsp.a(altera_avalon_lcd_16207.o)
 .data          0x0081b0c8        0x0 ../lights_bsp//libhal_bsp.a(altera_avalon_lcd_16207_fd.o)
 .data          0x0081b0c8        0x0 ../lights_bsp//libhal_bsp.a(altera_avalon_performance_counter.o)
 .data          0x0081b0c8        0x0 ../lights_bsp//libhal_bsp.a(altera_ro_zipfs.o)
 .data          0x0081b0c8        0x0 ../lights_bsp//libhal_bsp.a(altera_up_avalon_video_character_buffer_with_dma.o)
 .data          0x0081b0c8        0x0 ../lights_bsp//libhal_bsp.a(altera_up_avalon_video_pixel_buffer_dma.o)
 .data          0x0081b0c8        0x0 ../lights_bsp//libhal_bsp.a(alt_alarm_start.o)
 .data          0x0081b0c8        0x0 ../lights_bsp//libhal_bsp.a(alt_dcache_flush.o)
 .data          0x0081b0c8        0x0 ../lights_bsp//libhal_bsp.a(alt_dcache_flush_all.o)
 .data          0x0081b0c8        0x0 ../lights_bsp//libhal_bsp.a(alt_dev_llist_insert.o)
 .data          0x0081b0c8        0x0 ../lights_bsp//libhal_bsp.a(alt_do_ctors.o)
 .data          0x0081b0c8        0x0 ../lights_bsp//libhal_bsp.a(alt_do_dtors.o)
 .data          0x0081b0c8        0x0 ../lights_bsp//libhal_bsp.a(alt_find_dev.o)
 .data          0x0081b0c8        0x0 ../lights_bsp//libhal_bsp.a(alt_find_file.o)
 .data          0x0081b0c8        0x0 ../lights_bsp//libhal_bsp.a(alt_flash_dev.o)
 .data          0x0081b0c8        0x0 ../lights_bsp//libhal_bsp.a(alt_fs_reg.o)
 .data          0x0081b0c8        0x0 ../lights_bsp//libhal_bsp.a(alt_get_fd.o)
 .data          0x0081b0c8        0x0 ../lights_bsp//libhal_bsp.a(alt_icache_flush_all.o)
 .data          0x0081b0c8        0x0 ../lights_bsp//libhal_bsp.a(alt_iic.o)
 .data          0x0081b0c8        0x0 ../lights_bsp//libhal_bsp.a(alt_iic_isr_register.o)
 .data          0x0081b0c8        0x0 ../lights_bsp//libhal_bsp.a(alt_io_redirect.o)
 .data          0x0081b0c8        0x0 ../lights_bsp//libhal_bsp.a(alt_irq_entry.o)
 .data          0x0081b0c8        0x0 ../lights_bsp//libhal_bsp.a(alt_irq_handler.o)
 .data          0x0081b0c8        0x0 ../lights_bsp//libhal_bsp.a(alt_irq_vars.o)
 .data          0x0081b0c8        0x0 ../lights_bsp//libhal_bsp.a(alt_usleep.o)
 .data          0x0081b0c8        0x0 ../lights_bsp//libhal_bsp.a(altera_nios2_irq.o)
 .data          0x0081b0c8        0x0 ../lights_bsp//libhal_bsp.a(altera_avalon_cfi_flash_amd.o)
 .data          0x0081b0c8        0x0 ../lights_bsp//libhal_bsp.a(altera_avalon_cfi_flash_intel.o)
 .data          0x0081b0c8        0x0 ../lights_bsp//libhal_bsp.a(alt_busy_sleep.o)
 .data          0x0081b0c8        0x0 ../lights_bsp//libhal_bsp.a(alt_exception_entry.o)
 .data          0x0081b0c8        0x0 ../lights_bsp//libhal_bsp.a(alt_icache_flush.o)
 .data          0x0081b0c8        0x0 /usr/local/3rdparty/altera/quartus12/nios2eds/bin/gnu/H-i686-pc-linux-gnu/bin/../lib/gcc/nios2-elf/4.1.2/../../../../nios2-elf/lib/libc.a(lib_a-atexit.o)
 .data          0x0081b0c8        0x0 /usr/local/3rdparty/altera/quartus12/nios2eds/bin/gnu/H-i686-pc-linux-gnu/bin/../lib/gcc/nios2-elf/4.1.2/../../../../nios2-elf/lib/libc.a(lib_a-ctype_.o)
 .data          0x0081b0c8        0x0 /usr/local/3rdparty/altera/quartus12/nios2eds/bin/gnu/H-i686-pc-linux-gnu/bin/../lib/gcc/nios2-elf/4.1.2/../../../../nios2-elf/lib/libc.a(lib_a-exit.o)
 .data          0x0081b0c8        0x0 /usr/local/3rdparty/altera/quartus12/nios2eds/bin/gnu/H-i686-pc-linux-gnu/bin/../lib/gcc/nios2-elf/4.1.2/../../../../nios2-elf/lib/libc.a(lib_a-memcmp.o)
 .data          0x0081b0c8        0x0 /usr/local/3rdparty/altera/quartus12/nios2eds/bin/gnu/H-i686-pc-linux-gnu/bin/../lib/gcc/nios2-elf/4.1.2/../../../../nios2-elf/lib/libc.a(lib_a-strncmp.o)
 .data          0x0081b0c8        0x0 /usr/local/3rdparty/altera/quartus12/nios2eds/bin/gnu/H-i686-pc-linux-gnu/bin/../lib/gcc/nios2-elf/4.1.2/../../../../nios2-elf/lib/libc.a(lib_a-__atexit.o)
 .data          0x0081b0c8        0x0 /usr/local/3rdparty/altera/quartus12/nios2eds/bin/gnu/H-i686-pc-linux-gnu/bin/../lib/gcc/nios2-elf/4.1.2/../../../../nios2-elf/lib/libc.a(lib_a-__call_atexit.o)
 .data          0x0081b0c8        0x0 ../lights_bsp//libhal_bsp.a(alt_exit.o)
                0x008230c8                _gp = ABSOLUTE ((. + 0x8000))
                0x008230c8                PROVIDE (gp, _gp)
 *(.rwdata .rwdata.*)
 *(.sdata .sdata.* .gnu.linkonce.s.*)
 .sdata         0x0081b0c8        0x8 /usr/local/3rdparty/altera/quartus12/nios2eds/bin/gnu/H-i686-pc-linux-gnu/bin/../lib/gcc/nios2-elf/4.1.2/../../../../nios2-elf/lib/libc.a(lib_a-impure.o)
                0x0081b0c8                _impure_ptr
                0x0081b0cc                _global_impure_ptr
 .sdata         0x0081b0d0        0x8 /usr/local/3rdparty/altera/quartus12/nios2eds/bin/gnu/H-i686-pc-linux-gnu/bin/../lib/gcc/nios2-elf/4.1.2/../../../../nios2-elf/lib/libc.a(lib_a-mallocr.o)
                0x0081b0d0                __malloc_trim_threshold
                0x0081b0d4                __malloc_sbrk_base
 .sdata         0x0081b0d8        0x8 /usr/local/3rdparty/altera/quartus12/nios2eds/bin/gnu/H-i686-pc-linux-gnu/bin/../lib/gcc/nios2-elf/4.1.2/../../../../nios2-elf/lib/libc.a(lib_a-locale.o)
                0x0081b0d8                __mb_cur_max
 .sdata         0x0081b0e0       0x14 ../lights_bsp//libhal_bsp.a(alt_dev.o)
                0x0081b0e0                alt_fs_list
                0x0081b0e8                alt_dev_list
                0x0081b0f0                alt_max_fd
 .sdata         0x0081b0f4        0x4 ../lights_bsp//libhal_bsp.a(alt_errno.o)
                0x0081b0f4                alt_errno
 .sdata         0x0081b0f8        0x4 ../lights_bsp//libhal_bsp.a(alt_sbrk.o)
 .sdata         0x0081b0fc        0x8 ../lights_bsp//libhal_bsp.a(alt_tick.o)
                0x0081b0fc                alt_alarm_list
 .sdata         0x0081b104        0x4 ../lights_bsp//libhal_bsp.a(altera_avalon_lcd_16207.o)
 .sdata         0x0081b108        0x8 ../lights_bsp//libhal_bsp.a(alt_flash_dev.o)
                0x0081b108                alt_flash_dev_list
 .sdata         0x0081b110        0x4 ../lights_bsp//libhal_bsp.a(alt_irq_vars.o)
                0x0081b110                alt_priority_mask
 .sdata         0x0081b114        0x4 /usr/local/3rdparty/altera/quartus12/nios2eds/bin/gnu/H-i686-pc-linux-gnu/bin/../lib/gcc/nios2-elf/4.1.2/../../../../nios2-elf/lib/libc.a(lib_a-ctype_.o)
                0x0081b114                __ctype_ptr
 *(.sdata2 .sdata2.* .gnu.linkonce.s2.*)
                0x0081b118                . = ALIGN (0x4)
                0x0081b118                _edata = ABSOLUTE (.)
                0x0081b118                PROVIDE (edata, ABSOLUTE (.))
                0x0081b118                PROVIDE (__ram_rwdata_end, ABSOLUTE (.))
                0x0081b118                PROVIDE (__flash_rwdata_start, LOADADDR (.rwdata))

.bss            0x0081ce54      0x310
                0x0081ce54                __bss_start = ABSOLUTE (.)
                0x0081ce54                PROVIDE (__sbss_start, ABSOLUTE (.))
                0x0081ce54                PROVIDE (___sbss_start, ABSOLUTE (.))
 *(.dynsbss)
 *(.sbss .sbss.* .gnu.linkonce.sb.*)
 .sbss          0x0081ce54        0x8 obj/default/LightsFunctions.o
                0x0081ce54                currentSegCount
                0x0081ce58                circleCounter
 .sbss          0x0081ce5c        0xc obj/default/Project.o
                0x0081ce5c                myFile
                0x0081ce60                myImage
                0x0081ce64                myPixelBuffer
 .sbss          0x0081ce68        0x4 /usr/local/3rdparty/altera/quartus12/nios2eds/bin/gnu/H-i686-pc-linux-gnu/bin/../lib/gcc/nios2-elf/4.1.2/../../../../nios2-elf/lib/libc.a(lib_a-int_errno.o)
                0x0081ce68                errno
 .sbss          0x0081ce6c        0xc /usr/local/3rdparty/altera/quartus12/nios2eds/bin/gnu/H-i686-pc-linux-gnu/bin/../lib/gcc/nios2-elf/4.1.2/../../../../nios2-elf/lib/libc.a(lib_a-mallocr.o)
                0x0081ce6c                __malloc_top_pad
                0x0081ce70                __malloc_max_sbrked_mem
                0x0081ce74                __malloc_max_total_mem
 .sbss          0x0081ce78        0xc /usr/local/3rdparty/altera/quartus12/nios2eds/bin/gnu/H-i686-pc-linux-gnu/bin/../lib/gcc/nios2-elf/4.1.2/../../../../nios2-elf/lib/libc.a(lib_a-locale.o)
                0x0081ce78                __nlocale_changed
                0x0081ce7c                __mlocale_changed
                0x0081ce80                _PathLocale
 .sbss          0x0081ce84       0x10 ../lights_bsp//libhal_bsp.a(alt_gettod.o)
                0x0081ce84                alt_timezone
                0x0081ce8c                alt_resettime
 .sbss          0x0081ce94        0xc ../lights_bsp//libhal_bsp.a(alt_main.o)
                0x0081ce94                alt_argc
                0x0081ce98                alt_argv
                0x0081ce9c                alt_envp
 .sbss          0x0081cea0        0x8 ../lights_bsp//libhal_bsp.a(alt_tick.o)
                0x0081cea0                _alt_tick_rate
                0x0081cea4                _alt_nticks
 .sbss          0x0081cea8        0x4 ../lights_bsp//libhal_bsp.a(alt_irq_vars.o)
                0x0081cea8                alt_irq_active
 *(.sbss2 .sbss2.* .gnu.linkonce.sb2.*)
 *(.scommon)
                0x0081ceac                PROVIDE (__sbss_end, ABSOLUTE (.))
                0x0081ceac                PROVIDE (___sbss_end, ABSOLUTE (.))
 *(.dynbss)
 *(.bss .bss.* .gnu.linkonce.b.*)
 .bss           0x0081ceac        0x0 ../lights_bsp//obj/HAL/src/crt0.o
 .bss           0x0081ceac        0x0 obj/default/LightsFunctions.o
 .bss           0x0081ceac        0x0 obj/default/Project.o
 .bss           0x0081ceac        0x0 obj/default/VideoFunctions.o
 .bss           0x0081ceac        0x0 /usr/local/3rdparty/altera/quartus12/nios2eds/bin/gnu/H-i686-pc-linux-gnu/bin/../lib/gcc/nios2-elf/4.1.2/../../../../nios2-elf/lib/libm.a(lib_a-sf_cos.o)
 .bss           0x0081ceac        0x0 /usr/local/3rdparty/altera/quartus12/nios2eds/bin/gnu/H-i686-pc-linux-gnu/bin/../lib/gcc/nios2-elf/4.1.2/../../../../nios2-elf/lib/libm.a(lib_a-sf_floor.o)
 .bss           0x0081ceac        0x0 /usr/local/3rdparty/altera/quartus12/nios2eds/bin/gnu/H-i686-pc-linux-gnu/bin/../lib/gcc/nios2-elf/4.1.2/../../../../nios2-elf/lib/libm.a(lib_a-sf_round.o)
 .bss           0x0081ceac        0x0 /usr/local/3rdparty/altera/quartus12/nios2eds/bin/gnu/H-i686-pc-linux-gnu/bin/../lib/gcc/nios2-elf/4.1.2/../../../../nios2-elf/lib/libm.a(lib_a-sf_sin.o)
 .bss           0x0081ceac        0x0 /usr/local/3rdparty/altera/quartus12/nios2eds/bin/gnu/H-i686-pc-linux-gnu/bin/../lib/gcc/nios2-elf/4.1.2/../../../../nios2-elf/lib/libm.a(lib_a-ef_rem_pio2.o)
 .bss           0x0081ceac        0x0 /usr/local/3rdparty/altera/quartus12/nios2eds/bin/gnu/H-i686-pc-linux-gnu/bin/../lib/gcc/nios2-elf/4.1.2/../../../../nios2-elf/lib/libm.a(lib_a-kf_cos.o)
 .bss           0x0081ceac        0x0 /usr/local/3rdparty/altera/quartus12/nios2eds/bin/gnu/H-i686-pc-linux-gnu/bin/../lib/gcc/nios2-elf/4.1.2/../../../../nios2-elf/lib/libm.a(lib_a-kf_rem_pio2.o)
 .bss           0x0081ceac        0x0 /usr/local/3rdparty/altera/quartus12/nios2eds/bin/gnu/H-i686-pc-linux-gnu/bin/../lib/gcc/nios2-elf/4.1.2/../../../../nios2-elf/lib/libm.a(lib_a-kf_sin.o)
 .bss           0x0081ceac        0x0 /usr/local/3rdparty/altera/quartus12/nios2eds/bin/gnu/H-i686-pc-linux-gnu/bin/../lib/gcc/nios2-elf/4.1.2/../../../../nios2-elf/lib/libm.a(lib_a-sf_fabs.o)
 .bss           0x0081ceac        0x0 /usr/local/3rdparty/altera/quartus12/nios2eds/bin/gnu/H-i686-pc-linux-gnu/bin/../lib/gcc/nios2-elf/4.1.2/../../../../nios2-elf/lib/libm.a(lib_a-sf_scalbn.o)
 .bss           0x0081ceac        0x0 /usr/local/3rdparty/altera/quartus12/nios2eds/bin/gnu/H-i686-pc-linux-gnu/bin/../lib/gcc/nios2-elf/4.1.2/../../../../nios2-elf/lib/libm.a(lib_a-sf_copysign.o)
 .bss           0x0081ceac        0x0 /usr/local/3rdparty/altera/quartus12/nios2eds/bin/gnu/H-i686-pc-linux-gnu/bin/../lib/gcc/nios2-elf/4.1.2/libgcc.a(_addsub_sf.o)
 .bss           0x0081ceac        0x0 /usr/local/3rdparty/altera/quartus12/nios2eds/bin/gnu/H-i686-pc-linux-gnu/bin/../lib/gcc/nios2-elf/4.1.2/libgcc.a(_mul_sf.o)
 .bss           0x0081ceac        0x0 /usr/local/3rdparty/altera/quartus12/nios2eds/bin/gnu/H-i686-pc-linux-gnu/bin/../lib/gcc/nios2-elf/4.1.2/libgcc.a(_eq_sf.o)
 .bss           0x0081ceac        0x0 /usr/local/3rdparty/altera/quartus12/nios2eds/bin/gnu/H-i686-pc-linux-gnu/bin/../lib/gcc/nios2-elf/4.1.2/libgcc.a(_gt_sf.o)
 .bss           0x0081ceac        0x0 /usr/local/3rdparty/altera/quartus12/nios2eds/bin/gnu/H-i686-pc-linux-gnu/bin/../lib/gcc/nios2-elf/4.1.2/libgcc.a(_ge_sf.o)
 .bss           0x0081ceac        0x0 /usr/local/3rdparty/altera/quartus12/nios2eds/bin/gnu/H-i686-pc-linux-gnu/bin/../lib/gcc/nios2-elf/4.1.2/libgcc.a(_lt_sf.o)
 .bss           0x0081ceac        0x0 /usr/local/3rdparty/altera/quartus12/nios2eds/bin/gnu/H-i686-pc-linux-gnu/bin/../lib/gcc/nios2-elf/4.1.2/libgcc.a(_le_sf.o)
 .bss           0x0081ceac        0x0 /usr/local/3rdparty/altera/quartus12/nios2eds/bin/gnu/H-i686-pc-linux-gnu/bin/../lib/gcc/nios2-elf/4.1.2/libgcc.a(_si_to_sf.o)
 .bss           0x0081ceac        0x0 /usr/local/3rdparty/altera/quartus12/nios2eds/bin/gnu/H-i686-pc-linux-gnu/bin/../lib/gcc/nios2-elf/4.1.2/libgcc.a(_sf_to_si.o)
 .bss           0x0081ceac        0x0 /usr/local/3rdparty/altera/quartus12/nios2eds/bin/gnu/H-i686-pc-linux-gnu/bin/../lib/gcc/nios2-elf/4.1.2/libgcc.a(_thenan_sf.o)
 .bss           0x0081ceac        0x0 /usr/local/3rdparty/altera/quartus12/nios2eds/bin/gnu/H-i686-pc-linux-gnu/bin/../lib/gcc/nios2-elf/4.1.2/libgcc.a(_usi_to_df.o)
 .bss           0x0081ceac        0x0 /usr/local/3rdparty/altera/quartus12/nios2eds/bin/gnu/H-i686-pc-linux-gnu/bin/../lib/gcc/nios2-elf/4.1.2/libgcc.a(lib2-divmod.o)
 .bss           0x0081ceac        0x0 /usr/local/3rdparty/altera/quartus12/nios2eds/bin/gnu/H-i686-pc-linux-gnu/bin/../lib/gcc/nios2-elf/4.1.2/libgcc.a(_muldi3.o)
 .bss           0x0081ceac        0x0 /usr/local/3rdparty/altera/quartus12/nios2eds/bin/gnu/H-i686-pc-linux-gnu/bin/../lib/gcc/nios2-elf/4.1.2/libgcc.a(_clzsi2.o)
 .bss           0x0081ceac        0x0 /usr/local/3rdparty/altera/quartus12/nios2eds/bin/gnu/H-i686-pc-linux-gnu/bin/../lib/gcc/nios2-elf/4.1.2/libgcc.a(_pack_sf.o)
 .bss           0x0081ceac        0x0 /usr/local/3rdparty/altera/quartus12/nios2eds/bin/gnu/H-i686-pc-linux-gnu/bin/../lib/gcc/nios2-elf/4.1.2/libgcc.a(_unpack_sf.o)
 .bss           0x0081ceac        0x0 /usr/local/3rdparty/altera/quartus12/nios2eds/bin/gnu/H-i686-pc-linux-gnu/bin/../lib/gcc/nios2-elf/4.1.2/libgcc.a(_fpcmp_parts_sf.o)
 .bss           0x0081ceac        0x0 /usr/local/3rdparty/altera/quartus12/nios2eds/bin/gnu/H-i686-pc-linux-gnu/bin/../lib/gcc/nios2-elf/4.1.2/libgcc.a(_pack_df.o)
 .bss           0x0081ceac        0x0 /usr/local/3rdparty/altera/quartus12/nios2eds/bin/gnu/H-i686-pc-linux-gnu/bin/../lib/gcc/nios2-elf/4.1.2/libgcc.a(_clz.o)
 .bss           0x0081ceac        0x0 /usr/local/3rdparty/altera/quartus12/nios2eds/bin/gnu/H-i686-pc-linux-gnu/bin/../lib/gcc/nios2-elf/4.1.2/../../../../nios2-elf/lib/libc.a(lib_a-fopen.o)
 .bss           0x0081ceac        0x0 /usr/local/3rdparty/altera/quartus12/nios2eds/bin/gnu/H-i686-pc-linux-gnu/bin/../lib/gcc/nios2-elf/4.1.2/../../../../nios2-elf/lib/libc.a(lib_a-fprintf.o)
 .bss           0x0081ceac        0x0 /usr/local/3rdparty/altera/quartus12/nios2eds/bin/gnu/H-i686-pc-linux-gnu/bin/../lib/gcc/nios2-elf/4.1.2/../../../../nios2-elf/lib/libc.a(lib_a-fread.o)
 .bss           0x0081ceac        0x0 /usr/local/3rdparty/altera/quartus12/nios2eds/bin/gnu/H-i686-pc-linux-gnu/bin/../lib/gcc/nios2-elf/4.1.2/../../../../nios2-elf/lib/libc.a(lib_a-freer.o)
 .bss           0x0081ceac        0x0 /usr/local/3rdparty/altera/quartus12/nios2eds/bin/gnu/H-i686-pc-linux-gnu/bin/../lib/gcc/nios2-elf/4.1.2/../../../../nios2-elf/lib/libc.a(lib_a-fseek.o)
 .bss           0x0081ceac        0x0 /usr/local/3rdparty/altera/quartus12/nios2eds/bin/gnu/H-i686-pc-linux-gnu/bin/../lib/gcc/nios2-elf/4.1.2/../../../../nios2-elf/lib/libc.a(lib_a-fstatr.o)
 .bss           0x0081ceac        0x0 /usr/local/3rdparty/altera/quartus12/nios2eds/bin/gnu/H-i686-pc-linux-gnu/bin/../lib/gcc/nios2-elf/4.1.2/../../../../nios2-elf/lib/libc.a(lib_a-fwrite.o)
 .bss           0x0081ceac        0x0 /usr/local/3rdparty/altera/quartus12/nios2eds/bin/gnu/H-i686-pc-linux-gnu/bin/../lib/gcc/nios2-elf/4.1.2/../../../../nios2-elf/lib/libc.a(lib_a-impure.o)
 .bss           0x0081ceac        0x0 /usr/local/3rdparty/altera/quartus12/nios2eds/bin/gnu/H-i686-pc-linux-gnu/bin/../lib/gcc/nios2-elf/4.1.2/../../../../nios2-elf/lib/libc.a(lib_a-int_errno.o)
 .bss           0x0081ceac        0x0 /usr/local/3rdparty/altera/quartus12/nios2eds/bin/gnu/H-i686-pc-linux-gnu/bin/../lib/gcc/nios2-elf/4.1.2/../../../../nios2-elf/lib/libc.a(lib_a-makebuf.o)
 .bss           0x0081ceac        0x0 /usr/local/3rdparty/altera/quartus12/nios2eds/bin/gnu/H-i686-pc-linux-gnu/bin/../lib/gcc/nios2-elf/4.1.2/../../../../nios2-elf/lib/libc.a(lib_a-malloc.o)
 .bss           0x0081ceac       0x28 /usr/local/3rdparty/altera/quartus12/nios2eds/bin/gnu/H-i686-pc-linux-gnu/bin/../lib/gcc/nios2-elf/4.1.2/../../../../nios2-elf/lib/libc.a(lib_a-mallocr.o)
                0x0081ceac                __malloc_current_mallinfo
 .bss           0x0081ced4        0x0 /usr/local/3rdparty/altera/quartus12/nios2eds/bin/gnu/H-i686-pc-linux-gnu/bin/../lib/gcc/nios2-elf/4.1.2/../../../../nios2-elf/lib/libc.a(lib_a-memcpy.o)
 .bss           0x0081ced4        0x0 /usr/local/3rdparty/altera/quartus12/nios2eds/bin/gnu/H-i686-pc-linux-gnu/bin/../lib/gcc/nios2-elf/4.1.2/../../../../nios2-elf/lib/libc.a(lib_a-openr.o)
 .bss           0x0081ced4        0x0 /usr/local/3rdparty/altera/quartus12/nios2eds/bin/gnu/H-i686-pc-linux-gnu/bin/../lib/gcc/nios2-elf/4.1.2/../../../../nios2-elf/lib/libc.a(lib_a-perror.o)
 .bss           0x0081ced4        0x0 /usr/local/3rdparty/altera/quartus12/nios2eds/bin/gnu/H-i686-pc-linux-gnu/bin/../lib/gcc/nios2-elf/4.1.2/../../../../nios2-elf/lib/libc.a(lib_a-printf.o)
 .bss           0x0081ced4        0x0 /usr/local/3rdparty/altera/quartus12/nios2eds/bin/gnu/H-i686-pc-linux-gnu/bin/../lib/gcc/nios2-elf/4.1.2/../../../../nios2-elf/lib/libc.a(lib_a-puts.o)
 .bss           0x0081ced4        0x0 /usr/local/3rdparty/altera/quartus12/nios2eds/bin/gnu/H-i686-pc-linux-gnu/bin/../lib/gcc/nios2-elf/4.1.2/../../../../nios2-elf/lib/libc.a(lib_a-rand.o)
 .bss           0x0081ced4        0x0 /usr/local/3rdparty/altera/quartus12/nios2eds/bin/gnu/H-i686-pc-linux-gnu/bin/../lib/gcc/nios2-elf/4.1.2/../../../../nios2-elf/lib/libc.a(lib_a-refill.o)
 .bss           0x0081ced4        0x0 /usr/local/3rdparty/altera/quartus12/nios2eds/bin/gnu/H-i686-pc-linux-gnu/bin/../lib/gcc/nios2-elf/4.1.2/../../../../nios2-elf/lib/libc.a(lib_a-sbrkr.o)
 .bss           0x0081ced4        0x0 /usr/local/3rdparty/altera/quartus12/nios2eds/bin/gnu/H-i686-pc-linux-gnu/bin/../lib/gcc/nios2-elf/4.1.2/../../../../nios2-elf/lib/libc.a(lib_a-stdio.o)
 .bss           0x0081ced4        0x0 /usr/local/3rdparty/altera/quartus12/nios2eds/bin/gnu/H-i686-pc-linux-gnu/bin/../lib/gcc/nios2-elf/4.1.2/../../../../nios2-elf/lib/libc.a(lib_a-strerror.o)
 .bss           0x0081ced4        0x0 /usr/local/3rdparty/altera/quartus12/nios2eds/bin/gnu/H-i686-pc-linux-gnu/bin/../lib/gcc/nios2-elf/4.1.2/../../../../nios2-elf/lib/libc.a(lib_a-strlen.o)