Archive member included because of file (symbol)

/usr/local/3rdparty/altera/quartus12/nios2eds/bin/gnu/H-i686-pc-linux-gnu/bin/../lib/gcc/nios2-elf/4.1.2/../../../../nios2-elf/lib/libm.a(lib_a-wf_pow.o)
                              obj/default/Fractal.o (powf)
/usr/local/3rdparty/altera/quartus12/nios2eds/bin/gnu/H-i686-pc-linux-gnu/bin/../lib/gcc/nios2-elf/4.1.2/../../../../nios2-elf/lib/libm.a(lib_a-ef_pow.o)
                              /usr/local/3rdparty/altera/quartus12/nios2eds/bin/gnu/H-i686-pc-linux-gnu/bin/../lib/gcc/nios2-elf/4.1.2/../../../../nios2-elf/lib/libm.a(lib_a-wf_pow.o) (__ieee754_powf)
/usr/local/3rdparty/altera/quartus12/nios2eds/bin/gnu/H-i686-pc-linux-gnu/bin/../lib/gcc/nios2-elf/4.1.2/../../../../nios2-elf/lib/libm.a(lib_a-ef_sqrt.o)
                              /usr/local/3rdparty/altera/quartus12/nios2eds/bin/gnu/H-i686-pc-linux-gnu/bin/../lib/gcc/nios2-elf/4.1.2/../../../../nios2-elf/lib/libm.a(lib_a-ef_pow.o) (__ieee754_sqrtf)
/usr/local/3rdparty/altera/quartus12/nios2eds/bin/gnu/H-i686-pc-linux-gnu/bin/../lib/gcc/nios2-elf/4.1.2/../../../../nios2-elf/lib/libm.a(lib_a-s_lib_ver.o)
                              /usr/local/3rdparty/altera/quartus12/nios2eds/bin/gnu/H-i686-pc-linux-gnu/bin/../lib/gcc/nios2-elf/4.1.2/../../../../nios2-elf/lib/libm.a(lib_a-wf_pow.o) (__fdlib_version)
/usr/local/3rdparty/altera/quartus12/nios2eds/bin/gnu/H-i686-pc-linux-gnu/bin/../lib/gcc/nios2-elf/4.1.2/../../../../nios2-elf/lib/libm.a(lib_a-s_matherr.o)
                              /usr/local/3rdparty/altera/quartus12/nios2eds/bin/gnu/H-i686-pc-linux-gnu/bin/../lib/gcc/nios2-elf/4.1.2/../../../../nios2-elf/lib/libm.a(lib_a-wf_pow.o) (matherr)
/usr/local/3rdparty/altera/quartus12/nios2eds/bin/gnu/H-i686-pc-linux-gnu/bin/../lib/gcc/nios2-elf/4.1.2/../../../../nios2-elf/lib/libm.a(lib_a-s_rint.o)
                              /usr/local/3rdparty/altera/quartus12/nios2eds/bin/gnu/H-i686-pc-linux-gnu/bin/../lib/gcc/nios2-elf/4.1.2/../../../../nios2-elf/lib/libm.a(lib_a-wf_pow.o) (rint)
/usr/local/3rdparty/altera/quartus12/nios2eds/bin/gnu/H-i686-pc-linux-gnu/bin/../lib/gcc/nios2-elf/4.1.2/../../../../nios2-elf/lib/libm.a(lib_a-sf_fabs.o)
                              /usr/local/3rdparty/altera/quartus12/nios2eds/bin/gnu/H-i686-pc-linux-gnu/bin/../lib/gcc/nios2-elf/4.1.2/../../../../nios2-elf/lib/libm.a(lib_a-ef_pow.o) (fabsf)
/usr/local/3rdparty/altera/quartus12/nios2eds/bin/gnu/H-i686-pc-linux-gnu/bin/../lib/gcc/nios2-elf/4.1.2/../../../../nios2-elf/lib/libm.a(lib_a-sf_finite.o)
                              /usr/local/3rdparty/altera/quartus12/nios2eds/bin/gnu/H-i686-pc-linux-gnu/bin/../lib/gcc/nios2-elf/4.1.2/../../../../nios2-elf/lib/libm.a(lib_a-wf_pow.o) (finitef)
/usr/local/3rdparty/altera/quartus12/nios2eds/bin/gnu/H-i686-pc-linux-gnu/bin/../lib/gcc/nios2-elf/4.1.2/../../../../nios2-elf/lib/libm.a(lib_a-sf_isnan.o)
                              /usr/local/3rdparty/altera/quartus12/nios2eds/bin/gnu/H-i686-pc-linux-gnu/bin/../lib/gcc/nios2-elf/4.1.2/../../../../nios2-elf/lib/libm.a(lib_a-wf_pow.o) (isnanf)
/usr/local/3rdparty/altera/quartus12/nios2eds/bin/gnu/H-i686-pc-linux-gnu/bin/../lib/gcc/nios2-elf/4.1.2/../../../../nios2-elf/lib/libm.a(lib_a-sf_nan.o)
                              /usr/local/3rdparty/altera/quartus12/nios2eds/bin/gnu/H-i686-pc-linux-gnu/bin/../lib/gcc/nios2-elf/4.1.2/../../../../nios2-elf/lib/libm.a(lib_a-ef_pow.o) (nanf)
/usr/local/3rdparty/altera/quartus12/nios2eds/bin/gnu/H-i686-pc-linux-gnu/bin/../lib/gcc/nios2-elf/4.1.2/../../../../nios2-elf/lib/libm.a(lib_a-sf_scalbn.o)
                              /usr/local/3rdparty/altera/quartus12/nios2eds/bin/gnu/H-i686-pc-linux-gnu/bin/../lib/gcc/nios2-elf/4.1.2/../../../../nios2-elf/lib/libm.a(lib_a-ef_pow.o) (scalbnf)
/usr/local/3rdparty/altera/quartus12/nios2eds/bin/gnu/H-i686-pc-linux-gnu/bin/../lib/gcc/nios2-elf/4.1.2/../../../../nios2-elf/lib/libm.a(lib_a-sf_copysign.o)
                              /usr/local/3rdparty/altera/quartus12/nios2eds/bin/gnu/H-i686-pc-linux-gnu/bin/../lib/gcc/nios2-elf/4.1.2/../../../../nios2-elf/lib/libm.a(lib_a-sf_scalbn.o) (copysignf)
/usr/local/3rdparty/altera/quartus12/nios2eds/bin/gnu/H-i686-pc-linux-gnu/bin/../lib/gcc/nios2-elf/4.1.2/libgcc.a(_addsub_sf.o)
                              /usr/local/3rdparty/altera/quartus12/nios2eds/bin/gnu/H-i686-pc-linux-gnu/bin/../lib/gcc/nios2-elf/4.1.2/../../../../nios2-elf/lib/libm.a(lib_a-ef_pow.o) (__subsf3)
/usr/local/3rdparty/altera/quartus12/nios2eds/bin/gnu/H-i686-pc-linux-gnu/bin/../lib/gcc/nios2-elf/4.1.2/libgcc.a(_mul_sf.o)
                              /usr/local/3rdparty/altera/quartus12/nios2eds/bin/gnu/H-i686-pc-linux-gnu/bin/../lib/gcc/nios2-elf/4.1.2/../../../../nios2-elf/lib/libm.a(lib_a-wf_pow.o) (__mulsf3)
/usr/local/3rdparty/altera/quartus12/nios2eds/bin/gnu/H-i686-pc-linux-gnu/bin/../lib/gcc/nios2-elf/4.1.2/libgcc.a(_div_sf.o)
                              obj/default/Fractal.o (__divsf3)
[...]
Memory Configuration

Name             Origin             Length             Attributes
onchip_memory2_0 0x00003000         0x00000200
onchip_memory2_1 0x00004000         0x00000200
onchip_memory2_2 0x00006000         0x00000200
onchip_memory2_3 0x00007000         0x00000200
reset            0x00800000         0x00000020
sdram_0          0x00800020         0x001fffe0
sram_0           0x01880000         0x00080000
*default*        0x00000000         0xffffffff

Linker script and memory map

LOAD ../lights_bsp//obj/HAL/src/crt0.o
LOAD obj/default/Fractal.o
LOAD obj/default/Project.o
LOAD /usr/local/3rdparty/altera/quartus12/nios2eds/bin/gnu/H-i686-pc-linux-gnu/bin/../lib/gcc/nios2-elf/4.1.2/../../../../nios2-elf/lib/libstdc++.a
LOAD /usr/local/3rdparty/altera/quartus12/nios2eds/bin/gnu/H-i686-pc-linux-gnu/bin/../lib/gcc/nios2-elf/4.1.2/../../../../nios2-elf/lib/libm.a
LOAD /usr/local/3rdparty/altera/quartus12/nios2eds/bin/gnu/H-i686-pc-linux-gnu/bin/../lib/gcc/nios2-elf/4.1.2/libgcc.a
START GROUP
LOAD /usr/local/3rdparty/altera/quartus12/nios2eds/bin/gnu/H-i686-pc-linux-gnu/bin/../lib/gcc/nios2-elf/4.1.2/../../../../nios2-elf/lib/libc.a
LOAD /usr/local/3rdparty/altera/quartus12/nios2eds/bin/gnu/H-i686-pc-linux-gnu/bin/../lib/gcc/nios2-elf/4.1.2/libgcc.a
LOAD ../lights_bsp//libhal_bsp.a
END GROUP
LOAD /usr/local/3rdparty/altera/quartus12/nios2eds/bin/gnu/H-i686-pc-linux-gnu/bin/../lib/gcc/nios2-elf/4.1.2/libgcc.a
                0x00003000                __alt_mem_onchip_memory2_0 = 0x3000
                0x00004000                __alt_mem_onchip_memory2_1 = 0x4000
                0x00006000                __alt_mem_onchip_memory2_2 = 0x6000
                0x00007000                __alt_mem_onchip_memory2_3 = 0x7000
                0x00800000                __alt_mem_sdram_0 = 0x800000
                0x01880000                __alt_mem_sram_0 = 0x1880000

.entry          0x00800000       0x20
 *(.entry)
 .entry         0x00800000       0x20 ../lights_bsp//obj/HAL/src/crt0.o
                0x00800000                __reset

.exceptions     0x00800020      0x194
                0x00800020                PROVIDE (__ram_exceptions_start, ABSOLUTE (.))
                0x00800020                . = ALIGN (0x20)
 *(.irq)
 *(.exceptions.entry.label)
 .exceptions.entry.label
                0x00800020        0x0 ../lights_bsp//libhal_bsp.a(alt_irq_entry.o)
                0x00800020                alt_irq_entry
 .exceptions.entry.label
                0x00800020        0x0 ../lights_bsp//libhal_bsp.a(alt_exception_entry.o)
                0x00800020                alt_exception
 *(.exceptions.entry.user)
 *(.exceptions.entry)
 .exceptions.entry
                0x00800020       0x54 ../lights_bsp//libhal_bsp.a(alt_exception_entry.o)
 *(.exceptions.irqtest.user)
 *(.exceptions.irqtest)
 .exceptions.irqtest
                0x00800074       0x10 ../lights_bsp//libhal_bsp.a(alt_irq_entry.o)
 *(.exceptions.irqhandler.user)
 *(.exceptions.irqhandler)
 .exceptions.irqhandler
                0x00800084        0x4 ../lights_bsp//libhal_bsp.a(alt_irq_entry.o)
 *(.exceptions.irqreturn.user)
 *(.exceptions.irqreturn)
 .exceptions.irqreturn
                0x00800088        0x4 ../lights_bsp//libhal_bsp.a(alt_irq_entry.o)
 *(.exceptions.notirq.label)
 .exceptions.notirq.label
                0x0080008c        0x0 ../lights_bsp//libhal_bsp.a(alt_irq_entry.o)
 *(.exceptions.notirq.user)
 *(.exceptions.notirq)
 .exceptions.notirq
                0x0080008c        0x8 ../lights_bsp//libhal_bsp.a(alt_exception_entry.o)
 *(.exceptions.soft.user)
 *(.exceptions.soft)
 *(.exceptions.unknown.user)
 *(.exceptions.unknown)
 .exceptions.unknown
                0x00800094        0x4 ../lights_bsp//libhal_bsp.a(alt_exception_entry.o)
 *(.exceptions.exit.label)
 .exceptions.exit.label
                0x00800098        0x0 ../lights_bsp//libhal_bsp.a(alt_irq_entry.o)
 .exceptions.exit.label
                0x00800098        0x0 ../lights_bsp//libhal_bsp.a(alt_exception_entry.o)
 *(.exceptions.exit.user)
 *(.exceptions.exit)
 .exceptions.exit
                0x00800098       0x54 ../lights_bsp//libhal_bsp.a(alt_exception_entry.o)
 *(.exceptions)
 .exceptions    0x008000ec       0xc8 ../lights_bsp//libhal_bsp.a(alt_irq_handler.o)
                0x008000ec                alt_irq_handler
                0x008001b4                PROVIDE (__ram_exceptions_end, ABSOLUTE (.))
                0x00800020                PROVIDE (__flash_exceptions_start, LOADADDR (.exceptions))

.text           0x008001b4    0x1164c
                0x008001b4                PROVIDE (stext, ABSOLUTE (.))
 *(.interp)
 *(.hash)
 *(.dynsym)
 *(.dynstr)
 *(.gnu.version)
 *(.gnu.version_d)
 *(.gnu.version_r)
 *(.rel.init)
 *(.rela.init)
 *(.rel.text .rel.text.* .rel.gnu.linkonce.t.*)
 *(.rela.text .rela.text.* .rela.gnu.linkonce.t.*)
 *(.rel.fini)
 *(.rela.fini)
 *(.rel.rodata .rel.rodata.* .rel.gnu.linkonce.r.*)
 *(.rela.rodata .rela.rodata.* .rela.gnu.linkonce.r.*)
 *(.rel.data .rel.data.* .rel.gnu.linkonce.d.*)
 *(.rela.data .rela.data.* .rela.gnu.linkonce.d.*)
 *(.rel.tdata .rel.tdata.* .rel.gnu.linkonce.td.*)
 *(.rela.tdata .rela.tdata.* .rela.gnu.linkonce.td.*)
 *(.rel.tbss .rel.tbss.* .rel.gnu.linkonce.tb.*)
 *(.rela.tbss .rela.tbss.* .rela.gnu.linkonce.tb.*)
 *(.rel.ctors)
 *(.rela.ctors)
 *(.rel.dtors)
 *(.rela.dtors)
 *(.rel.got)
 *(.rela.got)
 *(.rel.sdata .rel.sdata.* .rel.gnu.linkonce.s.*)
 *(.rela.sdata .rela.sdata.* .rela.gnu.linkonce.s.*)
 *(.rel.sbss .rel.sbss.* .rel.gnu.linkonce.sb.*)
 *(.rela.sbss .rela.sbss.* .rela.gnu.linkonce.sb.*)
 *(.rel.sdata2 .rel.sdata2.* .rel.gnu.linkonce.s2.*)
 *(.rela.sdata2 .rela.sdata2.* .rela.gnu.linkonce.s2.*)
 *(.rel.sbss2 .rel.sbss2.* .rel.gnu.linkonce.sb2.*)
 *(.rela.sbss2 .rela.sbss2.* .rela.gnu.linkonce.sb2.*)
 *(.rel.bss .rel.bss.* .rel.gnu.linkonce.b.*)
 *(.rela.bss .rela.bss.* .rela.gnu.linkonce.b.*)
 *(.rel.plt)
 *(.rela.plt)
 *(.rel.dyn)
 *(.init)
 *(.plt)
 *(.text .stub .text.* .gnu.linkonce.t.*)
 .text          0x008001b4       0x4c ../lights_bsp//obj/HAL/src/crt0.o
                0x008001b4                _start
 .text          0x00800200      0x580 obj/default/Fractal.o
                0x00800200                genColor
                0x0080026c                clearScreen
                0x00800278                mandelbrot
                0x00800350                barrier
                0x008004c8                setup
                0x008004f8                drawFrame
 .text          0x00800780       0x78 obj/default/Project.o
                0x00800780                main
 .text          0x008007f8      0x458 /usr/local/3rdparty/altera/quartus12/nios2eds/bin/gnu/H-i686-pc-linux-gnu/bin/../lib/gcc/nios2-elf/4.1.2/../../../../nios2-elf/lib/libm.a(lib_a-wf_pow.o)
                0x008007f8                powf
 .text          0x00800c50      0xb14 /usr/local/3rdparty/altera/quartus12/nios2eds/bin/gnu/H-i686-pc-linux-gnu/bin/../lib/gcc/nios2-elf/4.1.2/../../../../nios2-elf/lib/libm.a(lib_a-ef_pow.o)
                0x00800c50                __ieee754_powf
 .text          0x00801764      0x16c /usr/local/3rdparty/altera/quartus12/nios2eds/bin/gnu/H-i686-pc-linux-gnu/bin/../lib/gcc/nios2-elf/4.1.2/../../../../nios2-elf/lib/libm.a(lib_a-ef_sqrt.o)
                0x00801764                __ieee754_sqrtf
 .text          0x008018d0        0x0 /usr/local/3rdparty/altera/quartus12/nios2eds/bin/gnu/H-i686-pc-linux-gnu/bin/../lib/gcc/nios2-elf/4.1.2/../../../../nios2-elf/lib/libm.a(lib_a-s_lib_ver.o)
 .text          0x008018d0        0x8 /usr/local/3rdparty/altera/quartus12/nios2eds/bin/gnu/H-i686-pc-linux-gnu/bin/../lib/gcc/nios2-elf/4.1.2/../../../../nios2-elf/lib/libm.a(lib_a-s_matherr.o)
                0x008018d0                matherr
 .text          0x008018d8      0x210 /usr/local/3rdparty/altera/quartus12/nios2eds/bin/gnu/H-i686-pc-linux-gnu/bin/../lib/gcc/nios2-elf/4.1.2/../../../../nios2-elf/lib/libm.a(lib_a-s_rint.o)
                0x008018d8                rint
 .text          0x00801ae8       0x10 /usr/local/3rdparty/altera/quartus12/nios2eds/bin/gnu/H-i686-pc-linux-gnu/bin/../lib/gcc/nios2-elf/4.1.2/../../../../nios2-elf/lib/libm.a(lib_a-sf_fabs.o)
                0x00801ae8                fabsf
 .text          0x00801af8       0x1c /usr/local/3rdparty/altera/quartus12/nios2eds/bin/gnu/H-i686-pc-linux-gnu/bin/../lib/gcc/nios2-elf/4.1.2/../../../../nios2-elf/lib/libm.a(lib_a-sf_finite.o)
                0x00801af8                finitef
 .text          0x00801b14       0x18 /usr/local/3rdparty/altera/quartus12/nios2eds/bin/gnu/H-i686-pc-linux-gnu/bin/../lib/gcc/nios2-elf/4.1.2/../../../../nios2-elf/lib/libm.a(lib_a-sf_isnan.o)
                0x00801b14                isnanf
 .text          0x00801b2c        0x8 /usr/local/3rdparty/altera/quartus12/nios2eds/bin/gnu/H-i686-pc-linux-gnu/bin/../lib/gcc/nios2-elf/4.1.2/../../../../nios2-elf/lib/libm.a(lib_a-sf_nan.o)
                0x00801b2c                nanf
 .text          0x00801b34      0x14c /usr/local/3rdparty/altera/quartus12/nios2eds/bin/gnu/H-i686-pc-linux-gnu/bin/../lib/gcc/nios2-elf/4.1.2/../../../../nios2-elf/lib/libm.a(lib_a-sf_scalbn.o)
                0x00801b34                scalbnf
 .text          0x00801c80       0x18 /usr/local/3rdparty/altera/quartus12/nios2eds/bin/gnu/H-i686-pc-linux-gnu/bin/../lib/gcc/nios2-elf/4.1.2/../../../../nios2-elf/lib/libm.a(lib_a-sf_copysign.o)
                0x00801c80                copysignf
 .text          0x00801c98      0x2b8 /usr/local/3rdparty/altera/quartus12/nios2eds/bin/gnu/H-i686-pc-linux-gnu/bin/../lib/gcc/nios2-elf/4.1.2/libgcc.a(_addsub_sf.o)
                0x00801e7c                __subsf3
                0x00801eec                __addsf3
 .text          0x00801f50      0x1e0 /usr/local/3rdparty/altera/quartus12/nios2eds/bin/gnu/H-i686-pc-linux-gnu/bin/../lib/gcc/nios2-elf/4.1.2/libgcc.a(_mul_sf.o)
                0x00801f50                __mulsf3
 .text          0x00802130      0x174 /usr/local/3rdparty/altera/quartus12/nios2eds/bin/gnu/H-i686-pc-linux-gnu/bin/../lib/gcc/nios2-elf/4.1.2/libgcc.a(_div_sf.o)
                0x00802130                __divsf3
 .text          0x008022a4       0x78 /usr/local/3rdparty/altera/quartus12/nios2eds/bin/gnu/H-i686-pc-linux-gnu/bin/../lib/gcc/nios2-elf/4.1.2/libgcc.a(_eq_sf.o)
                0x008022a4                __eqsf2
 .text          0x0080231c       0x78 /usr/local/3rdparty/altera/quartus12/nios2eds/bin/gnu/H-i686-pc-linux-gnu/bin/../lib/gcc/nios2-elf/4.1.2/libgcc.a(_gt_sf.o)
                0x0080231c                __gtsf2
 .text          0x00802394       0x78 /usr/local/3rdparty/altera/quartus12/nios2eds/bin/gnu/H-i686-pc-linux-gnu/bin/../lib/gcc/nios2-elf/4.1.2/libgcc.a(_lt_sf.o)
                0x00802394                __ltsf2
 .text          0x0080240c       0x78 /usr/local/3rdparty/altera/quartus12/nios2eds/bin/gnu/H-i686-pc-linux-gnu/bin/../lib/gcc/nios2-elf/4.1.2/libgcc.a(_le_sf.o)
                0x0080240c                __lesf2
 .text          0x00802484       0x98 /usr/local/3rdparty/altera/quartus12/nios2eds/bin/gnu/H-i686-pc-linux-gnu/bin/../lib/gcc/nios2-elf/4.1.2/libgcc.a(_si_to_sf.o)
                0x00802484                __floatsisf
 .text          0x0080251c       0x54 /usr/local/3rdparty/altera/quartus12/nios2eds/bin/gnu/H-i686-pc-linux-gnu/bin/../lib/gcc/nios2-elf/4.1.2/libgcc.a(_sf_to_df.o)
                0x0080251c                __extendsfdf2
 .text          0x00802570        0x0 /usr/local/3rdparty/altera/quartus12/nios2eds/bin/gnu/H-i686-pc-linux-gnu/bin/../lib/gcc/nios2-elf/4.1.2/libgcc.a(_thenan_sf.o)
 .text          0x00802570      0x504 /usr/local/3rdparty/altera/quartus12/nios2eds/bin/gnu/H-i686-pc-linux-gnu/bin/../lib/gcc/nios2-elf/4.1.2/libgcc.a(_addsub_df.o)
                0x00802980                __subdf3
                0x00802a00                __adddf3
 .text          0x00802a74      0x258 /usr/local/3rdparty/altera/quartus12/nios2eds/bin/gnu/H-i686-pc-linux-gnu/bin/../lib/gcc/nios2-elf/4.1.2/libgcc.a(_div_df.o)
                0x00802a74                __divdf3
 .text          0x00802ccc       0x88 /usr/local/3rdparty/altera/quartus12/nios2eds/bin/gnu/H-i686-pc-linux-gnu/bin/../lib/gcc/nios2-elf/4.1.2/libgcc.a(_ne_df.o)
                0x00802ccc                __nedf2
 .text          0x00802d54       0x38 /usr/local/3rdparty/altera/quartus12/nios2eds/bin/gnu/H-i686-pc-linux-gnu/bin/../lib/gcc/nios2-elf/4.1.2/libgcc.a(_make_df.o)
                0x00802d54                __make_dp
 .text          0x00802d8c       0x74 /usr/local/3rdparty/altera/quartus12/nios2eds/bin/gnu/H-i686-pc-linux-gnu/bin/../lib/gcc/nios2-elf/4.1.2/libgcc.a(_df_to_sf.o)
                0x00802d8c                __truncdfsf2
 .text          0x00802e00        0x0 /usr/local/3rdparty/altera/quartus12/nios2eds/bin/gnu/H-i686-pc-linux-gnu/bin/../lib/gcc/nios2-elf/4.1.2/libgcc.a(_thenan_df.o)
 .text          0x00802e00       0x98 /usr/local/3rdparty/altera/quartus12/nios2eds/bin/gnu/H-i686-pc-linux-gnu/bin/../lib/gcc/nios2-elf/4.1.2/libgcc.a(_muldi3.o)
                0x00802e00                __muldi3
 .text          0x00802e98       0x80 /usr/local/3rdparty/altera/quartus12/nios2eds/bin/gnu/H-i686-pc-linux-gnu/bin/../lib/gcc/nios2-elf/4.1.2/libgcc.a(_clzsi2.o)
                0x00802e98                __clzsi2
 .text          0x00802f18      0x160 /usr/local/3rdparty/altera/quartus12/nios2eds/bin/gnu/H-i686-pc-linux-gnu/bin/../lib/gcc/nios2-elf/4.1.2/libgcc.a(_pack_sf.o)
                0x00802f18                __pack_f
 .text          0x00803078       0xc8 /usr/local/3rdparty/altera/quartus12/nios2eds/bin/gnu/H-i686-pc-linux-gnu/bin/../lib/gcc/nios2-elf/4.1.2/libgcc.a(_unpack_sf.o)
                0x00803078                __unpack_f
 .text          0x00803140       0xa8 /usr/local/3rdparty/altera/quartus12/nios2eds/bin/gnu/H-i686-pc-linux-gnu/bin/../lib/gcc/nios2-elf/4.1.2/libgcc.a(_fpcmp_parts_sf.o)
                0x00803140                __fpcmp_parts_f
 .text          0x008031e8       0x2c /usr/local/3rdparty/altera/quartus12/nios2eds/bin/gnu/H-i686-pc-linux-gnu/bin/../lib/gcc/nios2-elf/4.1.2/libgcc.a(_make_sf.o)
                0x008031e8                __make_fp
 .text          0x00803214      0x314 /usr/local/3rdparty/altera/quartus12/nios2eds/bin/gnu/H-i686-pc-linux-gnu/bin/../lib/gcc/nios2-elf/4.1.2/libgcc.a(_pack_df.o)
                0x00803214                __pack_d
 .text          0x00803528      0x138 /usr/local/3rdparty/altera/quartus12/nios2eds/bin/gnu/H-i686-pc-linux-gnu/bin/../lib/gcc/nios2-elf/4.1.2/libgcc.a(_unpack_df.o)
                0x00803528                __unpack_d
 .text          0x00803660       0xc8 /usr/local/3rdparty/altera/quartus12/nios2eds/bin/gnu/H-i686-pc-linux-gnu/bin/../lib/gcc/nios2-elf/4.1.2/libgcc.a(_fpcmp_parts_df.o)
                0x00803660                __fpcmp_parts_d
 .text          0x00803728        0x0 /usr/local/3rdparty/altera/quartus12/nios2eds/bin/gnu/H-i686-pc-linux-gnu/bin/../lib/gcc/nios2-elf/4.1.2/libgcc.a(_clz.o)
 .text          0x00803728       0x10 /usr/local/3rdparty/altera/quartus12/nios2eds/bin/gnu/H-i686-pc-linux-gnu/bin/../lib/gcc/nios2-elf/4.1.2/../../../../nios2-elf/lib/libc.a(lib_a-errno.o)
                0x00803728                __errno
 .text          0x00803738        0x0 /usr/local/3rdparty/altera/quartus12/nios2eds/bin/gnu/H-i686-pc-linux-gnu/bin/../lib/gcc/nios2-elf/4.1.2/../../../../nios2-elf/lib/libc.a(lib_a-impure.o)
 .text          0x00803738       0x78 /usr/local/3rdparty/altera/quartus12/nios2eds/bin/gnu/H-i686-pc-linux-gnu/bin/../lib/gcc/nios2-elf/4.1.2/../../../../nios2-elf/lib/libc.a(lib_a-printf.o)
                0x00803738                printf
                0x0080377c                _printf_r
 .text          0x008037b0       0xb4 /usr/local/3rdparty/altera/quartus12/nios2eds/bin/gnu/H-i686-pc-linux-gnu/bin/../lib/gcc/nios2-elf/4.1.2/../../../../nios2-elf/lib/libc.a(lib_a-puts.o)
                0x008037b0                _puts_r
                0x00803850                puts
 .text          0x00803864       0xd4 /usr/local/3rdparty/altera/quartus12/nios2eds/bin/gnu/H-i686-pc-linux-gnu/bin/../lib/gcc/nios2-elf/4.1.2/../../../../nios2-elf/lib/libc.a(lib_a-sprintf.o)
                0x00803864                sprintf
                0x008038d8                _sprintf_r
 .text          0x00803938       0x74 /usr/local/3rdparty/altera/quartus12/nios2eds/bin/gnu/H-i686-pc-linux-gnu/bin/../lib/gcc/nios2-elf/4.1.2/../../../../nios2-elf/lib/libc.a(lib_a-strlen.o)
                0x00803938                strlen
 .text          0x008039ac     0x1f28 /usr/local/3rdparty/altera/quartus12/nios2eds/bin/gnu/H-i686-pc-linux-gnu/bin/../lib/gcc/nios2-elf/4.1.2/../../../../nios2-elf/lib/libc.a(lib_a-vfprintf.o)
                0x00803a04                ___vfprintf_internal_r
                0x008058b0                __vfprintf_internal
 .text          0x008058d4      0x13c /usr/local/3rdparty/altera/quartus12/nios2eds/bin/gnu/H-i686-pc-linux-gnu/bin/../lib/gcc/nios2-elf/4.1.2/../../../../nios2-elf/lib/libc.a(lib_a-wsetup.o)
                0x008058d4                __swsetup_r
 .text          0x00805a10     0x17cc /usr/local/3rdparty/altera/quartus12/nios2eds/bin/gnu/H-i686-pc-linux-gnu/bin/../lib/gcc/nios2-elf/4.1.2/../../../../nios2-elf/lib/libc.a(lib_a-dtoa.o)
                0x00805c28                _dtoa_r
 .text          0x008071dc      0x230 /usr/local/3rdparty/altera/quartus12/nios2eds/bin/gnu/H-i686-pc-linux-gnu/bin/../lib/gcc/nios2-elf/4.1.2/../../../../nios2-elf/lib/libc.a(lib_a-fflush.o)
                0x008071dc                _fflush_r
                0x008073d8                fflush
 .text          0x0080740c      0x2c0 /usr/local/3rdparty/altera/quartus12/nios2eds/bin/gnu/H-i686-pc-linux-gnu/bin/../lib/gcc/nios2-elf/4.1.2/../../../../nios2-elf/lib/libc.a(lib_a-findfp.o)
                0x00807464                __sfp_lock_acquire
                0x00807468                __sfp_lock_release
                0x0080746c                __sinit_lock_acquire
                0x00807470                __sinit_lock_release
                0x00807474                __sinit
                0x00807528                __fp_unlock_all
                0x00807540                __fp_lock_all
                0x00807558                _cleanup_r
                0x00807564                _cleanup
                0x00807574                __sfmoreglue
                0x008075dc                __sfp
 .text          0x008076cc      0x440 /usr/local/3rdparty/altera/quartus12/nios2eds/bin/gnu/H-i686-pc-linux-gnu/bin/../lib/gcc/nios2-elf/4.1.2/../../../../nios2-elf/lib/libc.a(lib_a-freer.o)
                0x008076cc                _malloc_trim_r
                0x008077f8                _free_r
 .text          0x00807b0c      0x49c /usr/local/3rdparty/altera/quartus12/nios2eds/bin/gnu/H-i686-pc-linux-gnu/bin/../lib/gcc/nios2-elf/4.1.2/../../../../nios2-elf/lib/libc.a(lib_a-fvwrite.o)
                0x00807b0c                __sfvwrite_r
 .text          0x00807fa8      0x180 /usr/local/3rdparty/altera/quartus12/nios2eds/bin/gnu/H-i686-pc-linux-gnu/bin/../lib/gcc/nios2-elf/4.1.2/../../../../nios2-elf/lib/libc.a(lib_a-fwalk.o)
                0x00807fa8                _fwalk_reent
                0x00808070                _fwalk
 .text          0x00808128       0xc4 /usr/local/3rdparty/altera/quartus12/nios2eds/bin/gnu/H-i686-pc-linux-gnu/bin/../lib/gcc/nios2-elf/4.1.2/../../../../nios2-elf/lib/libc.a(lib_a-locale.o)
                0x00808128                __locale_charset
                0x00808130                _localeconv_r
                0x0080813c                localeconv
                0x0080814c                _setlocale_r
                0x008081d0                setlocale
 .text          0x008081ec      0x194 /usr/local/3rdparty/altera/quartus12/nios2eds/bin/gnu/H-i686-pc-linux-gnu/bin/../lib/gcc/nios2-elf/4.1.2/../../../../nios2-elf/lib/libc.a(lib_a-makebuf.o)
                0x008081ec                __smakebuf_r
 .text          0x00808380      0x740 /usr/local/3rdparty/altera/quartus12/nios2eds/bin/gnu/H-i686-pc-linux-gnu/bin/../lib/gcc/nios2-elf/4.1.2/../../../../nios2-elf/lib/libc.a(lib_a-mallocr.o)
                0x00808380                _malloc_r
 .text          0x00808ac0       0xe4 /usr/local/3rdparty/altera/quartus12/nios2eds/bin/gnu/H-i686-pc-linux-gnu/bin/../lib/gcc/nios2-elf/4.1.2/../../../../nios2-elf/lib/libc.a(lib_a-memchr.o)
                0x00808ac0                memchr
 .text          0x00808ba4       0xa0 /usr/local/3rdparty/altera/quartus12/nios2eds/bin/gnu/H-i686-pc-linux-gnu/bin/../lib/gcc/nios2-elf/4.1.2/../../../../nios2-elf/lib/libc.a(lib_a-memcpy.o)
                0x00808ba4                memcpy
 .text          0x00808c44       0xe0 /usr/local/3rdparty/altera/quartus12/nios2eds/bin/gnu/H-i686-pc-linux-gnu/bin/../lib/gcc/nios2-elf/4.1.2/../../../../nios2-elf/lib/libc.a(lib_a-memmove.o)
                0x00808c44                memmove
 .text          0x00808d24       0x98 /usr/local/3rdparty/altera/quartus12/nios2eds/bin/gnu/H-i686-pc-linux-gnu/bin/../lib/gcc/nios2-elf/4.1.2/../../../../nios2-elf/lib/libc.a(lib_a-memset.o)
                0x00808d24                memset
 .text          0x00808dbc      0xff4 /usr/local/3rdparty/altera/quartus12/nios2eds/bin/gnu/H-i686-pc-linux-gnu/bin/../lib/gcc/nios2-elf/4.1.2/../../../../nios2-elf/lib/libc.a(lib_a-mprec.o)
                0x00808dbc                _Bfree
                0x00808de4                __hi0bits
                0x00808e54                __lo0bits
                0x00808f18                __mcmp
                0x00808f78                __ulp
                0x00808ff8                __b2d
                0x00809118                __ratio
                0x008091c8                _mprec_log10
                0x0080925c                __copybits
                0x008092b4                __any_on
                0x0080933c                _Balloc
                0x008093f8                __d2b
                0x00809574                __mdiff
                0x00809700                __lshift
                0x0080984c                __multiply
                0x00809a34                __i2b
                0x00809a70                __multadd
                0x00809b70                __pow5mult
                0x00809c90                __s2b
 .text          0x00809db0      0x5f4 /usr/local/3rdparty/altera/quartus12/nios2eds/bin/gnu/H-i686-pc-linux-gnu/bin/../lib/gcc/nios2-elf/4.1.2/../../../../nios2-elf/lib/libc.a(lib_a-reallocr.o)
                0x00809db0                _realloc_r
 .text          0x0080a3a4       0x40 /usr/local/3rdparty/altera/quartus12/nios2eds/bin/gnu/H-i686-pc-linux-gnu/bin/../lib/gcc/nios2-elf/4.1.2/../../../../nios2-elf/lib/libc.a(lib_a-s_isinfd.o)
                0x0080a3a4                __isinfd
 .text          0x0080a3e4       0x30 /usr/local/3rdparty/altera/quartus12/nios2eds/bin/gnu/H-i686-pc-linux-gnu/bin/../lib/gcc/nios2-elf/4.1.2/../../../../nios2-elf/lib/libc.a(lib_a-s_isnand.o)
                0x0080a3e4                __isnand
 .text          0x0080a414       0x70 /usr/local/3rdparty/altera/quartus12/nios2eds/bin/gnu/H-i686-pc-linux-gnu/bin/../lib/gcc/nios2-elf/4.1.2/../../../../nios2-elf/lib/libc.a(lib_a-sbrkr.o)
                0x0080a414                _sbrk_r
 .text          0x0080a484      0x14c /usr/local/3rdparty/altera/quartus12/nios2eds/bin/gnu/H-i686-pc-linux-gnu/bin/../lib/gcc/nios2-elf/4.1.2/../../../../nios2-elf/lib/libc.a(lib_a-stdio.o)
                0x0080a484                __sclose
                0x0080a48c                __sseek
                0x0080a4f4                __swrite
                0x0080a570                __sread
 .text          0x0080a5d0       0xbc /usr/local/3rdparty/altera/quartus12/nios2eds/bin/gnu/H-i686-pc-linux-gnu/bin/../lib/gcc/nios2-elf/4.1.2/../../../../nios2-elf/lib/libc.a(lib_a-strcmp.o)
                0x0080a5d0                strcmp
 .text          0x0080a68c       0x78 /usr/local/3rdparty/altera/quartus12/nios2eds/bin/gnu/H-i686-pc-linux-gnu/bin/../lib/gcc/nios2-elf/4.1.2/../../../../nios2-elf/lib/libc.a(lib_a-writer.o)
                0x0080a68c                _write_r
 .text          0x0080a704       0xb4 /usr/local/3rdparty/altera/quartus12/nios2eds/bin/gnu/H-i686-pc-linux-gnu/bin/../lib/gcc/nios2-elf/4.1.2/../../../../nios2-elf/lib/libc.a(lib_a-callocr.o)
                0x0080a704                _calloc_r
 .text          0x0080a7b8       0x70 /usr/local/3rdparty/altera/quartus12/nios2eds/bin/gnu/H-i686-pc-linux-gnu/bin/../lib/gcc/nios2-elf/4.1.2/../../../../nios2-elf/lib/libc.a(lib_a-closer.o)
                0x0080a7b8                _close_r
 .text          0x0080a828      0x124 /usr/local/3rdparty/altera/quartus12/nios2eds/bin/gnu/H-i686-pc-linux-gnu/bin/../lib/gcc/nios2-elf/4.1.2/../../../../nios2-elf/lib/libc.a(lib_a-fclose.o)
                0x0080a828                _fclose_r
                0x0080a938                fclose
 .text          0x0080a94c       0x74 /usr/local/3rdparty/altera/quartus12/nios2eds/bin/gnu/H-i686-pc-linux-gnu/bin/../lib/gcc/nios2-elf/4.1.2/../../../../nios2-elf/lib/libc.a(lib_a-fstatr.o)
                0x0080a94c                _fstat_r
 .text          0x0080a9c0        0x0 /usr/local/3rdparty/altera/quartus12/nios2eds/bin/gnu/H-i686-pc-linux-gnu/bin/../lib/gcc/nios2-elf/4.1.2/../../../../nios2-elf/lib/libc.a(lib_a-int_errno.o)
 .text          0x0080a9c0       0x70 /usr/local/3rdparty/altera/quartus12/nios2eds/bin/gnu/H-i686-pc-linux-gnu/bin/../lib/gcc/nios2-elf/4.1.2/../../../../nios2-elf/lib/libc.a(lib_a-isattyr.o)
                0x0080a9c0                _isatty_r
 .text          0x0080aa30       0x78 /usr/local/3rdparty/altera/quartus12/nios2eds/bin/gnu/H-i686-pc-linux-gnu/bin/../lib/gcc/nios2-elf/4.1.2/../../../../nios2-elf/lib/libc.a(lib_a-lseekr.o)
                0x0080aa30                _lseek_r
 .text          0x0080aaa8       0x78 /usr/local/3rdparty/altera/quartus12/nios2eds/bin/gnu/H-i686-pc-linux-gnu/bin/../lib/gcc/nios2-elf/4.1.2/../../../../nios2-elf/lib/libc.a(lib_a-readr.o)
                0x0080aaa8                _read_r
 .text          0x0080ab20      0x5dc /usr/local/3rdparty/altera/quartus12/nios2eds/bin/gnu/H-i686-pc-linux-gnu/bin/../lib/gcc/nios2-elf/4.1.2/libgcc.a(_udivdi3.o)
                0x0080ab20                __udivdi3
 .text          0x0080b0fc      0x5b0 /usr/local/3rdparty/altera/quartus12/nios2eds/bin/gnu/H-i686-pc-linux-gnu/bin/../lib/gcc/nios2-elf/4.1.2/libgcc.a(_umoddi3.o)
                0x0080b0fc                __umoddi3
 .text          0x0080b6ac      0x3c4 /usr/local/3rdparty/altera/quartus12/nios2eds/bin/gnu/H-i686-pc-linux-gnu/bin/../lib/gcc/nios2-elf/4.1.2/libgcc.a(_mul_df.o)
                0x0080b6ac                __muldf3
 .text          0x0080ba70       0x88 /usr/local/3rdparty/altera/quartus12/nios2eds/bin/gnu/H-i686-pc-linux-gnu/bin/../lib/gcc/nios2-elf/4.1.2/libgcc.a(_eq_df.o)
                0x0080ba70                __eqdf2
 .text          0x0080baf8       0x88 /usr/local/3rdparty/altera/quartus12/nios2eds/bin/gnu/H-i686-pc-linux-gnu/bin/../lib/gcc/nios2-elf/4.1.2/libgcc.a(_gt_df.o)
                0x0080baf8                __gtdf2
 .text          0x0080bb80       0x88 /usr/local/3rdparty/altera/quartus12/nios2eds/bin/gnu/H-i686-pc-linux-gnu/bin/../lib/gcc/nios2-elf/4.1.2/libgcc.a(_ge_df.o)
                0x0080bb80                __gedf2
 .text          0x0080bc08       0x88 /usr/local/3rdparty/altera/quartus12/nios2eds/bin/gnu/H-i686-pc-linux-gnu/bin/../lib/gcc/nios2-elf/4.1.2/libgcc.a(_lt_df.o)
                0x0080bc08                __ltdf2
 .text          0x0080bc90       0xf8 /usr/local/3rdparty/altera/quartus12/nios2eds/bin/gnu/H-i686-pc-linux-gnu/bin/../lib/gcc/nios2-elf/4.1.2/libgcc.a(_si_to_df.o)
                0x0080bc90                __floatsidf
 .text          0x0080bd88       0xd8 /usr/local/3rdparty/altera/quartus12/nios2eds/bin/gnu/H-i686-pc-linux-gnu/bin/../lib/gcc/nios2-elf/4.1.2/libgcc.a(_df_to_si.o)
                0x0080bd88                __fixdfsi
 .text          0x0080be60      0x194 /usr/local/3rdparty/altera/quartus12/nios2eds/bin/gnu/H-i686-pc-linux-gnu/bin/../lib/gcc/nios2-elf/4.1.2/libgcc.a(_usi_to_df.o)
                0x0080be60                __floatunsidf
 .text          0x0080bff4      0x14c /usr/local/3rdparty/altera/quartus12/nios2eds/bin/gnu/H-i686-pc-linux-gnu/bin/../lib/gcc/nios2-elf/4.1.2/libgcc.a(lib2-divmod.o)
                0x0080c070                __divsi3
                0x0080c0d0                __modsi3
                0x0080c130                __udivsi3
                0x0080c138                __umodsi3
 .text          0x0080c140      0x15c ../lights_bsp//libhal_bsp.a(alt_close.o)
                0x0080c140                close
 .text          0x0080c29c       0x2c ../lights_bsp//libhal_bsp.a(alt_dev.o)
 .text          0x0080c2c8        0x0 ../lights_bsp//libhal_bsp.a(alt_errno.o)
 .text          0x0080c2c8      0x134 ../lights_bsp//libhal_bsp.a(alt_fstat.o)
                0x0080c2c8                fstat
 .text          0x0080c3fc      0x120 ../lights_bsp//libhal_bsp.a(alt_isatty.o)
                0x0080c3fc                isatty
 .text          0x0080c51c       0xec ../lights_bsp//libhal_bsp.a(alt_load.o)
                0x0080c51c                alt_load
 .text          0x0080c608      0x150 ../lights_bsp//libhal_bsp.a(alt_lseek.o)
                0x0080c608                lseek
 .text          0x0080c758       0x6c ../lights_bsp//libhal_bsp.a(alt_main.o)
                0x0080c758                alt_main
 .text          0x0080c7c4       0x40 ../lights_bsp//libhal_bsp.a(alt_malloc_lock.o)
                0x0080c7c4                __malloc_lock
                0x0080c7e4                __malloc_unlock
 .text          0x0080c804      0x180 ../lights_bsp//libhal_bsp.a(alt_read.o)
                0x0080c804                read
 .text          0x0080c984       0x60 ../lights_bsp//libhal_bsp.a(alt_release_fd.o)
                0x0080c984                alt_release_fd
 .text          0x0080c9e4       0xbc ../lights_bsp//libhal_bsp.a(alt_sbrk.o)
                0x0080c9e4                sbrk
 .text          0x0080caa0      0x180 ../lights_bsp//libhal_bsp.a(alt_write.o)
                0x0080caa0                write
 .text          0x0080cc20      0x304 ../lights_bsp//libhal_bsp.a(alt_sys_init.o)
                0x0080cc20                alt_irq_init
                0x0080cc54                alt_sys_init
 .text          0x0080cf24      0x148 ../lights_bsp//libhal_bsp.a(altera_avalon_jtag_uart_fd.o)
                0x0080cf24                altera_avalon_jtag_uart_read_fd
                0x0080cf7c                altera_avalon_jtag_uart_write_fd
                0x0080cfd4                altera_avalon_jtag_uart_close_fd
                0x0080d01c                altera_avalon_jtag_uart_ioctl_fd
 .text          0x0080d06c      0x40c ../lights_bsp//libhal_bsp.a(altera_avalon_jtag_uart_init.o)
                0x0080d06c                altera_avalon_jtag_uart_init
                0x0080d404                altera_avalon_jtag_uart_close
 .text          0x0080d478       0xf4 ../lights_bsp//libhal_bsp.a(altera_avalon_jtag_uart_ioctl.o)
                0x0080d478                altera_avalon_jtag_uart_ioctl
 .text          0x0080d56c      0x224 ../lights_bsp//libhal_bsp.a(altera_avalon_jtag_uart_read.o)
                0x0080d56c                altera_avalon_jtag_uart_read
 .text          0x0080d790      0x240 ../lights_bsp//libhal_bsp.a(altera_avalon_jtag_uart_write.o)
                0x0080d790                altera_avalon_jtag_uart_write
 .text          0x0080d9d0      0x528 ../lights_bsp//libhal_bsp.a(altera_avalon_mailbox.o)
                0x0080d9d0                alt_avalon_mailbox_init
                0x0080dbf4                altera_avalon_mailbox_open
                0x0080dc4c                altera_avalon_mailbox_close
                0x0080dc6c                altera_avalon_mailbox_post
                0x0080dd78                altera_avalon_mailbox_pend
                0x0080de20                altera_avalon_mailbox_get
 .text          0x0080def8      0x304 ../lights_bsp//libhal_bsp.a(altera_avalon_mutex.o)
                0x0080df74                altera_avalon_mutex_open
                0x0080e02c                altera_avalon_mutex_close
                0x0080e04c                altera_avalon_mutex_lock
                0x0080e08c                altera_avalon_mutex_trylock
                0x0080e0cc                altera_avalon_mutex_unlock
                0x0080e128                altera_avalon_mutex_is_mine
                0x0080e1a4                altera_avalon_mutex_first_lock
 .text          0x0080e1fc      0xb70 ../lights_bsp//libhal_bsp.a(altera_ro_zipfs.o)
                0x0080e470                check_directory_header
                0x0080e9c8                alt_ro_zipfs_open
                0x0080ea60                alt_ro_zipfs_read
                0x0080eb5c                alt_ro_zipfs_seek
                0x0080eca4                alt_ro_zipfs_fstat
                0x0080ed14                alt_ro_zipfs_check_valid
 .text          0x0080ed6c     0x156c ../lights_bsp//libhal_bsp.a(altera_up_avalon_video_pixel_buffer_dma.o)
                0x0080ed6c                alt_up_pixel_buffer_dma_open_dev
                0x0080edac                alt_up_pixel_buffer_dma_draw
                0x0080ef4c                alt_up_pixel_buffer_dma_change_back_buffer_address
                0x0080efa4                alt_up_pixel_buffer_dma_swap_buffers
                0x0080effc                alt_up_pixel_buffer_dma_check_swap_buffers_status
                0x0080f030                alt_up_pixel_buffer_dma_clear_screen
                0x0080f194                alt_up_pixel_buffer_dma_draw_box
                0x0080f688                alt_up_pixel_buffer_dma_draw_hline
                0x0080f9d8                alt_up_pixel_buffer_dma_draw_vline
                0x0080fda8                alt_up_pixel_buffer_dma_draw_rectangle
                0x0080fe6c                helper_plot_pixel
                0x0080ff3c                alt_up_pixel_buffer_dma_draw_line
 .text          0x008102d8      0x154 ../lights_bsp//libhal_bsp.a(alt_alarm_start.o)
                0x008102d8                alt_alarm_start
 .text          0x0081042c       0x44 ../lights_bsp//libhal_bsp.a(alt_dcache_flush_all.o)
                0x0081042c                alt_dcache_flush_all
 .text          0x00810470      0x114 ../lights_bsp//libhal_bsp.a(alt_dev_llist_insert.o)
                0x00810470                alt_dev_llist_insert
 .text          0x00810584       0x64 ../lights_bsp//libhal_bsp.a(alt_do_ctors.o)
                0x00810584                _do_ctors
 .text          0x008105e8       0x64 ../lights_bsp//libhal_bsp.a(alt_do_dtors.o)
                0x008105e8                _do_dtors
 .text          0x0081064c       0x94 ../lights_bsp//libhal_bsp.a(alt_find_dev.o)
                0x0081064c                alt_find_dev
 .text          0x008106e0       0x90 ../lights_bsp//libhal_bsp.a(alt_fs_reg.o)
                0x008106e0                alt_fs_reg
 .text          0x00810770       0x30 ../lights_bsp//libhal_bsp.a(alt_icache_flush_all.o)
                0x00810770                alt_icache_flush_all
 .text          0x008107a0      0x1d4 ../lights_bsp//libhal_bsp.a(alt_iic.o)
                0x008107a0                alt_ic_isr_register
                0x008107f0                alt_ic_irq_enable
                0x0081088c                alt_ic_irq_disable
                0x0081092c                alt_ic_irq_enabled
 .text          0x00810974       0xf8 ../lights_bsp//libhal_bsp.a(alt_iic_isr_register.o)
                0x00810974                alt_iic_isr_register
 .text          0x00810a6c      0x13c ../lights_bsp//libhal_bsp.a(alt_io_redirect.o)
                0x00810b30                alt_io_redirect
 .text          0x00810ba8        0x0 ../lights_bsp//libhal_bsp.a(alt_irq_entry.o)
 .text          0x00810ba8        0x0 ../lights_bsp//libhal_bsp.a(alt_irq_handler.o)
 .text          0x00810ba8        0x0 ../lights_bsp//libhal_bsp.a(alt_irq_vars.o)
 .text          0x00810ba8      0x2c4 ../lights_bsp//libhal_bsp.a(alt_open.o)
                0x00810c84                open
 .text          0x00810e6c      0x1a4 ../lights_bsp//libhal_bsp.a(alt_tick.o)
                0x00810e6c                alt_alarm_stop
                0x00810f04                alt_tick
 .text          0x00811010       0x20 ../lights_bsp//libhal_bsp.a(altera_nios2_irq.o)
                0x00811010                altera_nios2_irq_init
 .text          0x00811030        0x0 ../lights_bsp//libhal_bsp.a(alt_exception_entry.o)
 .text          0x00811030      0x120 ../lights_bsp//libhal_bsp.a(alt_find_file.o)
                0x00811030                alt_find_file
 .text          0x00811150       0xb8 ../lights_bsp//libhal_bsp.a(alt_get_fd.o)
                0x00811150                alt_get_fd
 .text          0x00811208       0x90 ../lights_bsp//libhal_bsp.a(alt_icache_flush.o)
                0x00811208                alt_icache_flush
 .text          0x00811298       0x14 /usr/local/3rdparty/altera/quartus12/nios2eds/bin/gnu/H-i686-pc-linux-gnu/bin/../lib/gcc/nios2-elf/4.1.2/../../../../nios2-elf/lib/libc.a(lib_a-atexit.o)
                0x00811298                atexit
 .text          0x008112ac       0x38 /usr/local/3rdparty/altera/quartus12/nios2eds/bin/gnu/H-i686-pc-linux-gnu/bin/../lib/gcc/nios2-elf/4.1.2/../../../../nios2-elf/lib/libc.a(lib_a-exit.o)
                0x008112ac                exit
 .text          0x008112e4       0x74 /usr/local/3rdparty/altera/quartus12/nios2eds/bin/gnu/H-i686-pc-linux-gnu/bin/../lib/gcc/nios2-elf/4.1.2/../../../../nios2-elf/lib/libc.a(lib_a-memcmp.o)
                0x008112e4                memcmp
 .text          0x00811358       0xf0 /usr/local/3rdparty/altera/quartus12/nios2eds/bin/gnu/H-i686-pc-linux-gnu/bin/../lib/gcc/nios2-elf/4.1.2/../../../../nios2-elf/lib/libc.a(lib_a-strncmp.o)
                0x00811358                strncmp
 .text          0x00811448      0x134 /usr/local/3rdparty/altera/quartus12/nios2eds/bin/gnu/H-i686-pc-linux-gnu/bin/../lib/gcc/nios2-elf/4.1.2/../../../../nios2-elf/lib/libc.a(lib_a-__atexit.o)
                0x00811448                __register_exitproc
 .text          0x0081157c      0x1b4 /usr/local/3rdparty/altera/quartus12/nios2eds/bin/gnu/H-i686-pc-linux-gnu/bin/../lib/gcc/nios2-elf/4.1.2/../../../../nios2-elf/lib/libc.a(lib_a-__call_atexit.o)
                0x00811580                __call_exitprocs
 .text          0x00811730       0x60 ../lights_bsp//libhal_bsp.a(alt_exit.o)
                0x00811770                _exit
 *(.gnu.warning.*)
 *(.fini)
                0x00811790                PROVIDE (__etext, ABSOLUTE (.))
                0x00811790                PROVIDE (_etext, ABSOLUTE (.))
                0x00811790                PROVIDE (etext, ABSOLUTE (.))
 *(.eh_frame_hdr)
                0x00811790                . = ALIGN (0x4)
                0x00811790                PROVIDE (__preinit_array_start, ABSOLUTE (.))
 *(.preinit_array)
                0x00811790                PROVIDE (__preinit_array_end, ABSOLUTE (.))
                0x00811790                PROVIDE (__init_array_start, ABSOLUTE (.))
 *(.init_array)
                0x00811790                PROVIDE (__init_array_end, ABSOLUTE (.))
                0x00811790                PROVIDE (__fini_array_start, ABSOLUTE (.))
 *(.fini_array)
                0x00811790                PROVIDE (__fini_array_end, ABSOLUTE (.))
 *(.eh_frame)
 .eh_frame      0x00811790       0x40 /usr/local/3rdparty/altera/quartus12/nios2eds/bin/gnu/H-i686-pc-linux-gnu/bin/../lib/gcc/nios2-elf/4.1.2/libgcc.a(_udivdi3.o)
 .eh_frame      0x008117d0       0x2c /usr/local/3rdparty/altera/quartus12/nios2eds/bin/gnu/H-i686-pc-linux-gnu/bin/../lib/gcc/nios2-elf/4.1.2/libgcc.a(_umoddi3.o)
                                 0x40 (size before relaxing)
 *(.gcc_except_table)
 *(.dynamic)
                0x008117fc                PROVIDE (__CTOR_LIST__, ABSOLUTE (.))
 *(.ctors)
 *(SORT(.ctors.*))
 .ctors.65535   0x008117fc        0x4 /usr/local/3rdparty/altera/quartus12/nios2eds/bin/gnu/H-i686-pc-linux-gnu/bin/../lib/gcc/nios2-elf/4.1.2/../../../../nios2-elf/lib/libc.a(lib_a-__call_atexit.o)
                0x00811800                PROVIDE (__CTOR_END__, ABSOLUTE (.))
                0x00811800                PROVIDE (__DTOR_LIST__, ABSOLUTE (.))
 *(.dtors)
 *(SORT(.dtors.*))
                0x00811800                PROVIDE (__DTOR_END__, ABSOLUTE (.))
 *(.jcr)
                0x00811800                . = ALIGN (0x4)

.rodata         0x00811800      0x4e8
                0x00811800                PROVIDE (__ram_rodata_start, ABSOLUTE (.))
                0x00811800                . = ALIGN (0x4)
 *(.rodata .rodata.* .gnu.linkonce.r.*)
 .rodata.str1.4
                0x00811800       0x2e obj/default/Fractal.o
                                 0x30 (size before relaxing)
 *fill*         0x0081182e        0x2 00
 .rodata.str1.4
                0x00811830       0x24 obj/default/Project.o
 .rodata.str1.4
                0x00811854        0x5 /usr/local/3rdparty/altera/quartus12/nios2eds/bin/gnu/H-i686-pc-linux-gnu/bin/../lib/gcc/nios2-elf/4.1.2/../../../../nios2-elf/lib/libm.a(lib_a-wf_pow.o)
                                  0x8 (size before relaxing)
 .rodata.str1.4
                0x00000000        0x5 /usr/local/3rdparty/altera/quartus12/nios2eds/bin/gnu/H-i686-pc-linux-gnu/bin/../lib/gcc/nios2-elf/4.1.2/../../../../nios2-elf/lib/libm.a(lib_a-ef_pow.o)
                                  0x4 (size before relaxing)
 *fill*         0x00811859        0x3 00
 .rodata        0x0081185c       0x10 /usr/local/3rdparty/altera/quartus12/nios2eds/bin/gnu/H-i686-pc-linux-gnu/bin/../lib/gcc/nios2-elf/4.1.2/../../../../nios2-elf/lib/libm.a(lib_a-s_rint.o)
 .rodata        0x0081186c       0x10 /usr/local/3rdparty/altera/quartus12/nios2eds/bin/gnu/H-i686-pc-linux-gnu/bin/../lib/gcc/nios2-elf/4.1.2/libgcc.a(_thenan_sf.o)
                0x0081186c                __thenan_sf
 .rodata        0x0081187c       0x14 /usr/local/3rdparty/altera/quartus12/nios2eds/bin/gnu/H-i686-pc-linux-gnu/bin/../lib/gcc/nios2-elf/4.1.2/libgcc.a(_thenan_df.o)
                0x0081187c                __thenan_df
 .rodata        0x00811890      0x100 /usr/local/3rdparty/altera/quartus12/nios2eds/bin/gnu/H-i686-pc-linux-gnu/bin/../lib/gcc/nios2-elf/4.1.2/libgcc.a(_clz.o)
                0x00811890                __clz_tab
 .rodata.str1.4
                0x00811990        0x2 /usr/local/3rdparty/altera/quartus12/nios2eds/bin/gnu/H-i686-pc-linux-gnu/bin/../lib/gcc/nios2-elf/4.1.2/../../../../nios2-elf/lib/libc.a(lib_a-impure.o)
                                  0x4 (size before relaxing)
 *fill*         0x00811992        0x2 00
 .rodata.str1.4
                0x00811994        0x2 /usr/local/3rdparty/altera/quartus12/nios2eds/bin/gnu/H-i686-pc-linux-gnu/bin/../lib/gcc/nios2-elf/4.1.2/../../../../nios2-elf/lib/libc.a(lib_a-puts.o)
                                  0x4 (size before relaxing)
 *fill*         0x00811996        0x2 00
 .rodata.str1.4
                0x00811998       0x5a /usr/local/3rdparty/altera/quartus12/nios2eds/bin/gnu/H-i686-pc-linux-gnu/bin/../lib/gcc/nios2-elf/4.1.2/../../../../nios2-elf/lib/libc.a(lib_a-vfprintf.o)
                                 0x60 (size before relaxing)
 .rodata        0x008119f2       0x20 /usr/local/3rdparty/altera/quartus12/nios2eds/bin/gnu/H-i686-pc-linux-gnu/bin/../lib/gcc/nios2-elf/4.1.2/../../../../nios2-elf/lib/libc.a(lib_a-vfprintf.o)
 *fill*         0x00811a12        0x2 00
 .rodata.str1.4
                0x00811a14       0x10 /usr/local/3rdparty/altera/quartus12/nios2eds/bin/gnu/H-i686-pc-linux-gnu/bin/../lib/gcc/nios2-elf/4.1.2/../../../../nios2-elf/lib/libc.a(lib_a-dtoa.o)
                                 0x14 (size before relaxing)
 .rodata.str1.4
                0x00811a24        0xc /usr/local/3rdparty/altera/quartus12/nios2eds/bin/gnu/H-i686-pc-linux-gnu/bin/../lib/gcc/nios2-elf/4.1.2/../../../../nios2-elf/lib/libc.a(lib_a-locale.o)
                                 0x18 (size before relaxing)
 .rodata        0x00811a30       0x30 /usr/local/3rdparty/altera/quartus12/nios2eds/bin/gnu/H-i686-pc-linux-gnu/bin/../lib/gcc/nios2-elf/4.1.2/../../../../nios2-elf/lib/libc.a(lib_a-locale.o)
 .rodata        0x00811a60      0x124 /usr/local/3rdparty/altera/quartus12/nios2eds/bin/gnu/H-i686-pc-linux-gnu/bin/../lib/gcc/nios2-elf/4.1.2/../../../../nios2-elf/lib/libc.a(lib_a-mprec.o)
                0x00811a60                __mprec_tens
                0x00811b28                __mprec_bigtens
                0x00811b50                __mprec_tinytens
 .rodata        0x00811b84        0xc ../lights_bsp//libhal_bsp.a(alt_dev.o)
 .rodata        0x00811b90       0x14 ../lights_bsp//libhal_bsp.a(alt_main.o)
 .rodata        0x00811ba4      0x144 ../lights_bsp//libhal_bsp.a(alt_sys_init.o)
 *(.rodata1)
                0x00811ce8                . = ALIGN (0x4)
                0x00811ce8                PROVIDE (__ram_rodata_end, ABSOLUTE (.))
                0x00811800                PROVIDE (__flash_rodata_start, LOADADDR (.rodata))

.rwdata         0x00811ce8     0x1c04 load address 0x008138ec
                0x00811ce8                PROVIDE (__ram_rwdata_start, ABSOLUTE (.))
                0x00811ce8                . = ALIGN (0x4)
 *(.got.plt)
 *(.got)
 *(.data1)
 *(.data .data.* .gnu.linkonce.d.*)
 .data          0x00811ce8        0x0 ../lights_bsp//obj/HAL/src/crt0.o
 .data          0x00811ce8        0x0 obj/default/Fractal.o
 .data          0x00811ce8        0x0 obj/default/Project.o
 .data          0x00811ce8        0x0 /usr/local/3rdparty/altera/quartus12/nios2eds/bin/gnu/H-i686-pc-linux-gnu/bin/../lib/gcc/nios2-elf/4.1.2/../../../../nios2-elf/lib/libm.a(lib_a-wf_pow.o)
 .data          0x00811ce8        0x0 /usr/local/3rdparty/altera/quartus12/nios2eds/bin/gnu/H-i686-pc-linux-gnu/bin/../lib/gcc/nios2-elf/4.1.2/../../../../nios2-elf/lib/libm.a(lib_a-ef_pow.o)
 .data          0x00811ce8        0x0 /usr/local/3rdparty/altera/quartus12/nios2eds/bin/gnu/H-i686-pc-linux-gnu/bin/../lib/gcc/nios2-elf/4.1.2/../../../../nios2-elf/lib/libm.a(lib_a-ef_sqrt.o)
 .data          0x00811ce8        0x0 /usr/local/3rdparty/altera/quartus12/nios2eds/bin/gnu/H-i686-pc-linux-gnu/bin/../lib/gcc/nios2-elf/4.1.2/../../../../nios2-elf/lib/libm.a(lib_a-s_lib_ver.o)
 .data          0x00811ce8        0x0 /usr/local/3rdparty/altera/quartus12/nios2eds/bin/gnu/H-i686-pc-linux-gnu/bin/../lib/gcc/nios2-elf/4.1.2/../../../../nios2-elf/lib/libm.a(lib_a-s_matherr.o)
 .data          0x00811ce8        0x0 /usr/local/3rdparty/altera/quartus12/nios2eds/bin/gnu/H-i686-pc-linux-gnu/bin/../lib/gcc/nios2-elf/4.1.2/../../../../nios2-elf/lib/libm.a(lib_a-s_rint.o)
 .data          0x00811ce8        0x0 /usr/local/3rdparty/altera/quartus12/nios2eds/bin/gnu/H-i686-pc-linux-gnu/bin/../lib/gcc/nios2-elf/4.1.2/../../../../nios2-elf/lib/libm.a(lib_a-sf_fabs.o)
 .data          0x00811ce8        0x0 /usr/local/3rdparty/altera/quartus12/nios2eds/bin/gnu/H-i686-pc-linux-gnu/bin/../lib/gcc/nios2-elf/4.1.2/../../../../nios2-elf/lib/libm.a(lib_a-sf_finite.o)
 .data          0x00811ce8        0x0 /usr/local/3rdparty/altera/quartus12/nios2eds/bin/gnu/H-i686-pc-linux-gnu/bin/../lib/gcc/nios2-elf/4.1.2/../../../../nios2-elf/lib/libm.a(lib_a-sf_isnan.o)
 .data          0x00811ce8        0x0 /usr/local/3rdparty/altera/quartus12/nios2eds/bin/gnu/H-i686-pc-linux-gnu/bin/../lib/gcc/nios2-elf/4.1.2/../../../../nios2-elf/lib/libm.a(lib_a-sf_nan.o)
 .data          0x00811ce8        0x0 /usr/local/3rdparty/altera/quartus12/nios2eds/bin/gnu/H-i686-pc-linux-gnu/bin/../lib/gcc/nios2-elf/4.1.2/../../../../nios2-elf/lib/libm.a(lib_a-sf_scalbn.o)
 .data          0x00811ce8        0x0 /usr/local/3rdparty/altera/quartus12/nios2eds/bin/gnu/H-i686-pc-linux-gnu/bin/../lib/gcc/nios2-elf/4.1.2/../../../../nios2-elf/lib/libm.a(lib_a-sf_copysign.o)
 .data          0x00811ce8        0x0 /usr/local/3rdparty/altera/quartus12/nios2eds/bin/gnu/H-i686-pc-linux-gnu/bin/../lib/gcc/nios2-elf/4.1.2/libgcc.a(_addsub_sf.o)
 .data          0x00811ce8        0x0 /usr/local/3rdparty/altera/quartus12/nios2eds/bin/gnu/H-i686-pc-linux-gnu/bin/../lib/gcc/nios2-elf/4.1.2/libgcc.a(_mul_sf.o)
 .data          0x00811ce8        0x0 /usr/local/3rdparty/altera/quartus12/nios2eds/bin/gnu/H-i686-pc-linux-gnu/bin/../lib/gcc/nios2-elf/4.1.2/libgcc.a(_div_sf.o)
 .data          0x00811ce8        0x0 /usr/local/3rdparty/altera/quartus12/nios2eds/bin/gnu/H-i686-pc-linux-gnu/bin/../lib/gcc/nios2-elf/4.1.2/libgcc.a(_eq_sf.o)
 .data          0x00811ce8        0x0 /usr/local/3rdparty/altera/quartus12/nios2eds/bin/gnu/H-i686-pc-linux-gnu/bin/../lib/gcc/nios2-elf/4.1.2/libgcc.a(_gt_sf.o)
 .data          0x00811ce8        0x0 /usr/local/3rdparty/altera/quartus12/nios2eds/bin/gnu/H-i686-pc-linux-gnu/bin/../lib/gcc/nios2-elf/4.1.2/libgcc.a(_lt_sf.o)
 .data          0x00811ce8        0x0 /usr/local/3rdparty/altera/quartus12/nios2eds/bin/gnu/H-i686-pc-linux-gnu/bin/../lib/gcc/nios2-elf/4.1.2/libgcc.a(_le_sf.o)
 .data          0x00811ce8        0x0 /usr/local/3rdparty/altera/quartus12/nios2eds/bin/gnu/H-i686-pc-linux-gnu/bin/../lib/gcc/nios2-elf/4.1.2/libgcc.a(_si_to_sf.o)
 .data          0x00811ce8        0x0 /usr/local/3rdparty/altera/quartus12/nios2eds/bin/gnu/H-i686-pc-linux-gnu/bin/../lib/gcc/nios2-elf/4.1.2/libgcc.a(_sf_to_df.o)
 .data          0x00811ce8        0x0 /usr/local/3rdparty/altera/quartus12/nios2eds/bin/gnu/H-i686-pc-linux-gnu/bin/../lib/gcc/nios2-elf/4.1.2/libgcc.a(_thenan_sf.o)
 .data          0x00811ce8        0x0 /usr/local/3rdparty/altera/quartus12/nios2eds/bin/gnu/H-i686-pc-linux-gnu/bin/../lib/gcc/nios2-elf/4.1.2/libgcc.a(_addsub_df.o)
 .data          0x00811ce8        0x0 /usr/local/3rdparty/altera/quartus12/nios2eds/bin/gnu/H-i686-pc-linux-gnu/bin/../lib/gcc/nios2-elf/4.1.2/libgcc.a(_div_df.o)
 .data          0x00811ce8        0x0 /usr/local/3rdparty/altera/quartus12/nios2eds/bin/gnu/H-i686-pc-linux-gnu/bin/../lib/gcc/nios2-elf/4.1.2/libgcc.a(_ne_df.o)
 .data          0x00811ce8        0x0 /usr/local/3rdparty/altera/quartus12/nios2eds/bin/gnu/H-i686-pc-linux-gnu/bin/../lib/gcc/nios2-elf/4.1.2/libgcc.a(_make_df.o)
 .data          0x00811ce8        0x0 /usr/local/3rdparty/altera/quartus12/nios2eds/bin/gnu/H-i686-pc-linux-gnu/bin/../lib/gcc/nios2-elf/4.1.2/libgcc.a(_df_to_sf.o)
 .data          0x00811ce8        0x0 /usr/local/3rdparty/altera/quartus12/nios2eds/bin/gnu/H-i686-pc-linux-gnu/bin/../lib/gcc/nios2-elf/4.1.2/libgcc.a(_thenan_df.o)
 .data          0x00811ce8        0x0 /usr/local/3rdparty/altera/quartus12/nios2eds/bin/gnu/H-i686-pc-linux-gnu/bin/../lib/gcc/nios2-elf/4.1.2/libgcc.a(_muldi3.o)
 .data          0x00811ce8        0x0 /usr/local/3rdparty/altera/quartus12/nios2eds/bin/gnu/H-i686-pc-linux-gnu/bin/../lib/gcc/nios2-elf/4.1.2/libgcc.a(_clzsi2.o)
 .data          0x00811ce8        0x0 /usr/local/3rdparty/altera/quartus12/nios2eds/bin/gnu/H-i686-pc-linux-gnu/bin/../lib/gcc/nios2-elf/4.1.2/libgcc.a(_pack_sf.o)
 .data          0x00811ce8        0x0 /usr/local/3rdparty/altera/quartus12/nios2eds/bin/gnu/H-i686-pc-linux-gnu/bin/../lib/gcc/nios2-elf/4.1.2/libgcc.a(_unpack_sf.o)
 .data          0x00811ce8        0x0 /usr/local/3rdparty/altera/quartus12/nios2eds/bin/gnu/H-i686-pc-linux-gnu/bin/../lib/gcc/nios2-elf/4.1.2/libgcc.a(_fpcmp_parts_sf.o)
 .data          0x00811ce8        0x0 /usr/local/3rdparty/altera/quartus12/nios2eds/bin/gnu/H-i686-pc-linux-gnu/bin/../lib/gcc/nios2-elf/4.1.2/libgcc.a(_make_sf.o)
 .data          0x00811ce8        0x0 /usr/local/3rdparty/altera/quartus12/nios2eds/bin/gnu/H-i686-pc-linux-gnu/bin/../lib/gcc/nios2-elf/4.1.2/libgcc.a(_pack_df.o)
 .data          0x00811ce8        0x0 /usr/local/3rdparty/altera/quartus12/nios2eds/bin/gnu/H-i686-pc-linux-gnu/bin/../lib/gcc/nios2-elf/4.1.2/libgcc.a(_unpack_df.o)
 .data          0x00811ce8        0x0 /usr/local/3rdparty/altera/quartus12/nios2eds/bin/gnu/H-i686-pc-linux-gnu/bin/../lib/gcc/nios2-elf/4.1.2/libgcc.a(_fpcmp_parts_df.o)
 .data          0x00811ce8        0x0 /usr/local/3rdparty/altera/quartus12/nios2eds/bin/gnu/H-i686-pc-linux-gnu/bin/../lib/gcc/nios2-elf/4.1.2/libgcc.a(_clz.o)
 .data          0x00811ce8        0x0 /usr/local/3rdparty/altera/quartus12/nios2eds/bin/gnu/H-i686-pc-linux-gnu/bin/../lib/gcc/nios2-elf/4.1.2/../../../../nios2-elf/lib/libc.a(lib_a-errno.o)
 .data          0x00811ce8      0x400 /usr/local/3rdparty/altera/quartus12/nios2eds/bin/gnu/H-i686-pc-linux-gnu/bin/../lib/gcc/nios2-elf/4.1.2/../../../../nios2-elf/lib/libc.a(lib_a-impure.o)
 .data          0x008120e8        0x0 /usr/local/3rdparty/altera/quartus12/nios2eds/bin/gnu/H-i686-pc-linux-gnu/bin/../lib/gcc/nios2-elf/4.1.2/../../../../nios2-elf/lib/libc.a(lib_a-printf.o)
 .data          0x008120e8        0x0 /usr/local/3rdparty/altera/quartus12/nios2eds/bin/gnu/H-i686-pc-linux-gnu/bin/../lib/gcc/nios2-elf/4.1.2/../../../../nios2-elf/lib/libc.a(lib_a-puts.o)
 .data          0x008120e8        0x0 /usr/local/3rdparty/altera/quartus12/nios2eds/bin/gnu/H-i686-pc-linux-gnu/bin/../lib/gcc/nios2-elf/4.1.2/../../../../nios2-elf/lib/libc.a(lib_a-sprintf.o)
 .data          0x008120e8        0x0 /usr/local/3rdparty/altera/quartus12/nios2eds/bin/gnu/H-i686-pc-linux-gnu/bin/../lib/gcc/nios2-elf/4.1.2/../../../../nios2-elf/lib/libc.a(lib_a-strlen.o)
 .data          0x008120e8        0x0 /usr/local/3rdparty/altera/quartus12/nios2eds/bin/gnu/H-i686-pc-linux-gnu/bin/../lib/gcc/nios2-elf/4.1.2/../../../../nios2-elf/lib/libc.a(lib_a-vfprintf.o)
 .data          0x008120e8        0x0 /usr/local/3rdparty/altera/quartus12/nios2eds/bin/gnu/H-i686-pc-linux-gnu/bin/../lib/gcc/nios2-elf/4.1.2/../../../../nios2-elf/lib/libc.a(lib_a-wsetup.o)
 .data          0x008120e8        0x0 /usr/local/3rdparty/altera/quartus12/nios2eds/bin/gnu/H-i686-pc-linux-gnu/bin/../lib/gcc/nios2-elf/4.1.2/../../../../nios2-elf/lib/libc.a(lib_a-dtoa.o)
 .data          0x008120e8        0x0 /usr/local/3rdparty/altera/quartus12/nios2eds/bin/gnu/H-i686-pc-linux-gnu/bin/../lib/gcc/nios2-elf/4.1.2/../../../../nios2-elf/lib/libc.a(lib_a-fflush.o)
 .data          0x008120e8        0x0 /usr/local/3rdparty/altera/quartus12/nios2eds/bin/gnu/H-i686-pc-linux-gnu/bin/../lib/gcc/nios2-elf/4.1.2/../../../../nios2-elf/lib/libc.a(lib_a-findfp.o)
 .data          0x008120e8        0x0 /usr/local/3rdparty/altera/quartus12/nios2eds/bin/gnu/H-i686-pc-linux-gnu/bin/../lib/gcc/nios2-elf/4.1.2/../../../../nios2-elf/lib/libc.a(lib_a-freer.o)
 .data          0x008120e8        0x0 /usr/local/3rdparty/altera/quartus12/nios2eds/bin/gnu/H-i686-pc-linux-gnu/bin/../lib/gcc/nios2-elf/4.1.2/../../../../nios2-elf/lib/libc.a(lib_a-fvwrite.o)
 .data          0x008120e8        0x0 /usr/local/3rdparty/altera/quartus12/nios2eds/bin/gnu/H-i686-pc-linux-gnu/bin/../lib/gcc/nios2-elf/4.1.2/../../../../nios2-elf/lib/libc.a(lib_a-fwalk.o)
 .data          0x008120e8        0xc /usr/local/3rdparty/altera/quartus12/nios2eds/bin/gnu/H-i686-pc-linux-gnu/bin/../lib/gcc/nios2-elf/4.1.2/../../../../nios2-elf/lib/libc.a(lib_a-locale.o)
                0x008120e8                __lc_ctype
 .data          0x008120f4        0x0 /usr/local/3rdparty/altera/quartus12/nios2eds/bin/gnu/H-i686-pc-linux-gnu/bin/../lib/gcc/nios2-elf/4.1.2/../../../../nios2-elf/lib/libc.a(lib_a-makebuf.o)
 .data          0x008120f4      0x408 /usr/local/3rdparty/altera/quartus12/nios2eds/bin/gnu/H-i686-pc-linux-gnu/bin/../lib/gcc/nios2-elf/4.1.2/../../../../nios2-elf/lib/libc.a(lib_a-mallocr.o)
                0x008120f4                __malloc_av_
 .data          0x008124fc        0x0 /usr/local/3rdparty/altera/quartus12/nios2eds/bin/gnu/H-i686-pc-linux-gnu/bin/../lib/gcc/nios2-elf/4.1.2/../../../../nios2-elf/lib/libc.a(lib_a-memchr.o)
 .data          0x008124fc        0x0 /usr/local/3rdparty/altera/quartus12/nios2eds/bin/gnu/H-i686-pc-linux-gnu/bin/../lib/gcc/nios2-elf/4.1.2/../../../../nios2-elf/lib/libc.a(lib_a-memcpy.o)
 .data          0x008124fc        0x0 /usr/local/3rdparty/altera/quartus12/nios2eds/bin/gnu/H-i686-pc-linux-gnu/bin/../lib/gcc/nios2-elf/4.1.2/../../../../nios2-elf/lib/libc.a(lib_a-memmove.o)
 .data          0x008124fc        0x0 /usr/local/3rdparty/altera/quartus12/nios2eds/bin/gnu/H-i686-pc-linux-gnu/bin/../lib/gcc/nios2-elf/4.1.2/../../../../nios2-elf/lib/libc.a(lib_a-memset.o)
 .data          0x008124fc        0x0 /usr/local/3rdparty/altera/quartus12/nios2eds/bin/gnu/H-i686-pc-linux-gnu/bin/../lib/gcc/nios2-elf/4.1.2/../../../../nios2-elf/lib/libc.a(lib_a-mprec.o)
 .data          0x008124fc        0x0 /usr/local/3rdparty/altera/quartus12/nios2eds/bin/gnu/H-i686-pc-linux-gnu/bin/../lib/gcc/nios2-elf/4.1.2/../../../../nios2-elf/lib/libc.a(lib_a-reallocr.o)
 .data          0x008124fc        0x0 /usr/local/3rdparty/altera/quartus12/nios2eds/bin/gnu/H-i686-pc-linux-gnu/bin/../lib/gcc/nios2-elf/4.1.2/../../../../nios2-elf/lib/libc.a(lib_a-s_isinfd.o)
 .data          0x008124fc        0x0 /usr/local/3rdparty/altera/quartus12/nios2eds/bin/gnu/H-i686-pc-linux-gnu/bin/../lib/gcc/nios2-elf/4.1.2/../../../../nios2-elf/lib/libc.a(lib_a-s_isnand.o)
 .data          0x008124fc        0x0 /usr/local/3rdparty/altera/quartus12/nios2eds/bin/gnu/H-i686-pc-linux-gnu/bin/../lib/gcc/nios2-elf/4.1.2/../../../../nios2-elf/lib/libc.a(lib_a-sbrkr.o)
 .data          0x008124fc        0x0 /usr/local/3rdparty/altera/quartus12/nios2eds/bin/gnu/H-i686-pc-linux-gnu/bin/../lib/gcc/nios2-elf/4.1.2/../../../../nios2-elf/lib/libc.a(lib_a-stdio.o)
 .data          0x008124fc        0x0 /usr/local/3rdparty/altera/quartus12/nios2eds/bin/gnu/H-i686-pc-linux-gnu/bin/../lib/gcc/nios2-elf/4.1.2/../../../../nios2-elf/lib/libc.a(lib_a-strcmp.o)
 .data          0x008124fc        0x0 /usr/local/3rdparty/altera/quartus12/nios2eds/bin/gnu/H-i686-pc-linux-gnu/bin/../lib/gcc/nios2-elf/4.1.2/../../../../nios2-elf/lib/libc.a(lib_a-writer.o)
 .data          0x008124fc        0x0 /usr/local/3rdparty/altera/quartus12/nios2eds/bin/gnu/H-i686-pc-linux-gnu/bin/../lib/gcc/nios2-elf/4.1.2/../../../../nios2-elf/lib/libc.a(lib_a-callocr.o)
 .data          0x008124fc        0x0 /usr/local/3rdparty/altera/quartus12/nios2eds/bin/gnu/H-i686-pc-linux-gnu/bin/../lib/gcc/nios2-elf/4.1.2/../../../../nios2-elf/lib/libc.a(lib_a-closer.o)
 .data          0x008124fc        0x0 /usr/local/3rdparty/altera/quartus12/nios2eds/bin/gnu/H-i686-pc-linux-gnu/bin/../lib/gcc/nios2-elf/4.1.2/../../../../nios2-elf/lib/libc.a(lib_a-fclose.o)
 .data          0x008124fc        0x0 /usr/local/3rdparty/altera/quartus12/nios2eds/bin/gnu/H-i686-pc-linux-gnu/bin/../lib/gcc/nios2-elf/4.1.2/../../../../nios2-elf/lib/libc.a(lib_a-fstatr.o)
 .data          0x008124fc        0x0 /usr/local/3rdparty/altera/quartus12/nios2eds/bin/gnu/H-i686-pc-linux-gnu/bin/../lib/gcc/nios2-elf/4.1.2/../../../../nios2-elf/lib/libc.a(lib_a-int_errno.o)
 .data          0x008124fc        0x0 /usr/local/3rdparty/altera/quartus12/nios2eds/bin/gnu/H-i686-pc-linux-gnu/bin/../lib/gcc/nios2-elf/4.1.2/../../../../nios2-elf/lib/libc.a(lib_a-isattyr.o)
 .data          0x008124fc        0x0 /usr/local/3rdparty/altera/quartus12/nios2eds/bin/gnu/H-i686-pc-linux-gnu/bin/../lib/gcc/nios2-elf/4.1.2/../../../../nios2-elf/lib/libc.a(lib_a-lseekr.o)
 .data          0x008124fc        0x0 /usr/local/3rdparty/altera/quartus12/nios2eds/bin/gnu/H-i686-pc-linux-gnu/bin/../lib/gcc/nios2-elf/4.1.2/../../../../nios2-elf/lib/libc.a(lib_a-readr.o)
 .data          0x008124fc        0x0 /usr/local/3rdparty/altera/quartus12/nios2eds/bin/gnu/H-i686-pc-linux-gnu/bin/../lib/gcc/nios2-elf/4.1.2/libgcc.a(_udivdi3.o)
 .data          0x008124fc        0x0 /usr/local/3rdparty/altera/quartus12/nios2eds/bin/gnu/H-i686-pc-linux-gnu/bin/../lib/gcc/nios2-elf/4.1.2/libgcc.a(_umoddi3.o)
 .data          0x008124fc        0x0 /usr/local/3rdparty/altera/quartus12/nios2eds/bin/gnu/H-i686-pc-linux-gnu/bin/../lib/gcc/nios2-elf/4.1.2/libgcc.a(_mul_df.o)
 .data          0x008124fc        0x0 /usr/local/3rdparty/altera/quartus12/nios2eds/bin/gnu/H-i686-pc-linux-gnu/bin/../lib/gcc/nios2-elf/4.1.2/libgcc.a(_eq_df.o)
 .data          0x008124fc        0x0 /usr/local/3rdparty/altera/quartus12/nios2eds/bin/gnu/H-i686-pc-linux-gnu/bin/../lib/gcc/nios2-elf/4.1.2/libgcc.a(_gt_df.o)
 .data          0x008124fc        0x0 /usr/local/3rdparty/altera/quartus12/nios2eds/bin/gnu/H-i686-pc-linux-gnu/bin/../lib/gcc/nios2-elf/4.1.2/libgcc.a(_ge_df.o)
 .data          0x008124fc        0x0 /usr/local/3rdparty/altera/quartus12/nios2eds/bin/gnu/H-i686-pc-linux-gnu/bin/../lib/gcc/nios2-elf/4.1.2/libgcc.a(_lt_df.o)
 .data          0x008124fc        0x0 /usr/local/3rdparty/altera/quartus12/nios2eds/bin/gnu/H-i686-pc-linux-gnu/bin/../lib/gcc/nios2-elf/4.1.2/libgcc.a(_si_to_df.o)
 .data          0x008124fc        0x0 /usr/local/3rdparty/altera/quartus12/nios2eds/bin/gnu/H-i686-pc-linux-gnu/bin/../lib/gcc/nios2-elf/4.1.2/libgcc.a(_df_to_si.o)
 .data          0x008124fc        0x0 /usr/local/3rdparty/altera/quartus12/nios2eds/bin/gnu/H-i686-pc-linux-gnu/bin/../lib/gcc/nios2-elf/4.1.2/libgcc.a(_usi_to_df.o)
 .data          0x008124fc        0x0 /usr/local/3rdparty/altera/quartus12/nios2eds/bin/gnu/H-i686-pc-linux-gnu/bin/../lib/gcc/nios2-elf/4.1.2/libgcc.a(lib2-divmod.o)
 .data          0x008124fc        0x0 ../lights_bsp//libhal_bsp.a(alt_close.o)
 .data          0x008124fc      0x1a8 ../lights_bsp//libhal_bsp.a(alt_dev.o)
                0x008124fc                alt_dev_null
                0x00812524                alt_fd_list
 .data          0x008126a4        0x0 ../lights_bsp//libhal_bsp.a(alt_errno.o)
 .data          0x008126a4        0x0 ../lights_bsp//libhal_bsp.a(alt_fstat.o)
 .data          0x008126a4        0x0 ../lights_bsp//libhal_bsp.a(alt_isatty.o)
 .data          0x008126a4        0x0 ../lights_bsp//libhal_bsp.a(alt_load.o)
 .data          0x008126a4        0x0 ../lights_bsp//libhal_bsp.a(alt_lseek.o)
 .data          0x008126a4        0x0 ../lights_bsp//libhal_bsp.a(alt_main.o)
 .data          0x008126a4        0x0 ../lights_bsp//libhal_bsp.a(alt_malloc_lock.o)
 .data          0x008126a4        0x0 ../lights_bsp//libhal_bsp.a(alt_read.o)
 .data          0x008126a4        0x0 ../lights_bsp//libhal_bsp.a(alt_release_fd.o)
 .data          0x008126a4        0x0 ../lights_bsp//libhal_bsp.a(alt_sbrk.o)
 .data          0x008126a4        0x0 ../lights_bsp//libhal_bsp.a(alt_write.o)
 .data          0x008126a4     0x11d4 ../lights_bsp//libhal_bsp.a(alt_sys_init.o)
 .data          0x00813878        0x0 ../lights_bsp//libhal_bsp.a(altera_avalon_jtag_uart_fd.o)
 .data          0x00813878        0x0 ../lights_bsp//libhal_bsp.a(altera_avalon_jtag_uart_init.o)
 .data          0x00813878        0x0 ../lights_bsp//libhal_bsp.a(altera_avalon_jtag_uart_ioctl.o)
 .data          0x00813878        0x0 ../lights_bsp//libhal_bsp.a(altera_avalon_jtag_uart_read.o)
 .data          0x00813878        0x0 ../lights_bsp//libhal_bsp.a(altera_avalon_jtag_uart_write.o)
 .data          0x00813878        0x0 ../lights_bsp//libhal_bsp.a(altera_avalon_mailbox.o)
 .data          0x00813878        0x0 ../lights_bsp//libhal_bsp.a(altera_avalon_mutex.o)
 .data          0x00813878        0x0 ../lights_bsp//libhal_bsp.a(altera_ro_zipfs.o)
 .data          0x00813878        0x0 ../lights_bsp//libhal_bsp.a(altera_up_avalon_video_pixel_buffer_dma.o)
 .data          0x00813878        0x0 ../lights_bsp//libhal_bsp.a(alt_alarm_start.o)
 .data          0x00813878        0x0 ../lights_bsp//libhal_bsp.a(alt_dcache_flush_all.o)
 .data          0x00813878        0x0 ../lights_bsp//libhal_bsp.a(alt_dev_llist_insert.o)
 .data          0x00813878        0x0 ../lights_bsp//libhal_bsp.a(alt_do_ctors.o)
 .data          0x00813878        0x0 ../lights_bsp//libhal_bsp.a(alt_do_dtors.o)
 .data          0x00813878        0x0 ../lights_bsp//libhal_bsp.a(alt_find_dev.o)
 .data          0x00813878        0x0 ../lights_bsp//libhal_bsp.a(alt_fs_reg.o)
 .data          0x00813878        0x0 ../lights_bsp//libhal_bsp.a(alt_icache_flush_all.o)
 .data          0x00813878        0x0 ../lights_bsp//libhal_bsp.a(alt_iic.o)
 .data          0x00813878        0x0 ../lights_bsp//libhal_bsp.a(alt_iic_isr_register.o)
 .data          0x00813878        0x0 ../lights_bsp//libhal_bsp.a(alt_io_redirect.o)
 .data          0x00813878        0x0 ../lights_bsp//libhal_bsp.a(alt_irq_entry.o)
 .data          0x00813878        0x0 ../lights_bsp//libhal_bsp.a(alt_irq_handler.o)
 .data          0x00813878        0x0 ../lights_bsp//libhal_bsp.a(alt_irq_vars.o)
 .data          0x00813878        0x0 ../lights_bsp//libhal_bsp.a(alt_open.o)
 .data          0x00813878        0x0 ../lights_bsp//libhal_bsp.a(alt_tick.o)
 .data          0x00813878        0x0 ../lights_bsp//libhal_bsp.a(altera_nios2_irq.o)
 .data          0x00813878        0x0 ../lights_bsp//libhal_bsp.a(alt_exception_entry.o)
 .data          0x00813878        0x0 ../lights_bsp//libhal_bsp.a(alt_find_file.o)
 .data          0x00813878        0x0 ../lights_bsp//libhal_bsp.a(alt_get_fd.o)
 .data          0x00813878        0x0 ../lights_bsp//libhal_bsp.a(alt_icache_flush.o)
 .data          0x00813878        0x0 /usr/local/3rdparty/altera/quartus12/nios2eds/bin/gnu/H-i686-pc-linux-gnu/bin/../lib/gcc/nios2-elf/4.1.2/../../../../nios2-elf/lib/libc.a(lib_a-atexit.o)
 .data          0x00813878        0x0 /usr/local/3rdparty/altera/quartus12/nios2eds/bin/gnu/H-i686-pc-linux-gnu/bin/../lib/gcc/nios2-elf/4.1.2/../../../../nios2-elf/lib/libc.a(lib_a-exit.o)
 .data          0x00813878        0x0 /usr/local/3rdparty/altera/quartus12/nios2eds/bin/gnu/H-i686-pc-linux-gnu/bin/../lib/gcc/nios2-elf/4.1.2/../../../../nios2-elf/lib/libc.a(lib_a-memcmp.o)
 .data          0x00813878        0x0 /usr/local/3rdparty/altera/quartus12/nios2eds/bin/gnu/H-i686-pc-linux-gnu/bin/../lib/gcc/nios2-elf/4.1.2/../../../../nios2-elf/lib/libc.a(lib_a-strncmp.o)
 .data          0x00813878        0x0 /usr/local/3rdparty/altera/quartus12/nios2eds/bin/gnu/H-i686-pc-linux-gnu/bin/../lib/gcc/nios2-elf/4.1.2/../../../../nios2-elf/lib/libc.a(lib_a-__atexit.o)
 .data          0x00813878        0x0 /usr/local/3rdparty/altera/quartus12/nios2eds/bin/gnu/H-i686-pc-linux-gnu/bin/../lib/gcc/nios2-elf/4.1.2/../../../../nios2-elf/lib/libc.a(lib_a-__call_atexit.o)
 .data          0x00813878        0x0 ../lights_bsp//libhal_bsp.a(alt_exit.o)
                0x0081b878                _gp = ABSOLUTE ((. + 0x8000))
                0x0081b878                PROVIDE (gp, _gp)
 *(.rwdata .rwdata.*)
 *(.sdata .sdata.* .gnu.linkonce.s.*)
 .sdata         0x00813878        0x8 obj/default/Fractal.o
                0x00813878                targetX
                0x0081387c                targetY
 .sdata         0x00813880       0x18 /usr/local/3rdparty/altera/quartus12/nios2eds/bin/gnu/H-i686-pc-linux-gnu/bin/../lib/gcc/nios2-elf/4.1.2/../../../../nios2-elf/lib/libm.a(lib_a-ef_pow.o)
 .sdata         0x00813898        0x4 /usr/local/3rdparty/altera/quartus12/nios2eds/bin/gnu/H-i686-pc-linux-gnu/bin/../lib/gcc/nios2-elf/4.1.2/../../../../nios2-elf/lib/libm.a(lib_a-s_lib_ver.o)
                0x00813898                __fdlib_version
 .sdata         0x0081389c        0x8 /usr/local/3rdparty/altera/quartus12/nios2eds/bin/gnu/H-i686-pc-linux-gnu/bin/../lib/gcc/nios2-elf/4.1.2/../../../../nios2-elf/lib/libc.a(lib_a-impure.o)
                0x0081389c                _impure_ptr
                0x008138a0                _global_impure_ptr
 .sdata         0x008138a4        0x8 /usr/local/3rdparty/altera/quartus12/nios2eds/bin/gnu/H-i686-pc-linux-gnu/bin/../lib/gcc/nios2-elf/4.1.2/../../../../nios2-elf/lib/libc.a(lib_a-locale.o)
                0x008138a4                __mb_cur_max
 .sdata         0x008138ac        0x8 /usr/local/3rdparty/altera/quartus12/nios2eds/bin/gnu/H-i686-pc-linux-gnu/bin/../lib/gcc/nios2-elf/4.1.2/../../../../nios2-elf/lib/libc.a(lib_a-mallocr.o)
                0x008138ac                __malloc_trim_threshold
                0x008138b0                __malloc_sbrk_base
 .sdata         0x008138b4       0x14 ../lights_bsp//libhal_bsp.a(alt_dev.o)
                0x008138b4                alt_fs_list
                0x008138bc                alt_dev_list
                0x008138c4                alt_max_fd
 .sdata         0x008138c8        0x4 ../lights_bsp//libhal_bsp.a(alt_errno.o)
                0x008138c8                alt_errno
 .sdata         0x008138cc        0x4 ../lights_bsp//libhal_bsp.a(alt_sbrk.o)
 .sdata         0x008138d0        0x8 ../lights_bsp//libhal_bsp.a(altera_avalon_mailbox.o)
                0x008138d0                alt_mailbox_list
 .sdata         0x008138d8        0x8 ../lights_bsp//libhal_bsp.a(altera_avalon_mutex.o)
                0x008138d8                alt_mutex_list
 .sdata         0x008138e0        0x4 ../lights_bsp//libhal_bsp.a(alt_irq_vars.o)
                0x008138e0                alt_priority_mask
 .sdata         0x008138e4        0x8 ../lights_bsp//libhal_bsp.a(alt_tick.o)
                0x008138e4                alt_alarm_list
 *(.sdata2 .sdata2.* .gnu.linkonce.s2.*)
                0x008138ec                . = ALIGN (0x4)
                0x008138ec                _edata = ABSOLUTE (.)
                0x008138ec                PROVIDE (edata, ABSOLUTE (.))
                0x008138ec                PROVIDE (__ram_rwdata_end, ABSOLUTE (.))
                0x008138ec                PROVIDE (__flash_rwdata_start, LOADADDR (.rwdata))

.bss            0x008154f0      0x2f0
                0x008154f0                __bss_start = ABSOLUTE (.)
                0x008154f0                PROVIDE (__sbss_start, ABSOLUTE (.))
                0x008154f0                PROVIDE (___sbss_start, ABSOLUTE (.))
 *(.dynsbss)
 *(.sbss .sbss.* .gnu.linkonce.sb.*)
 .sbss          0x008154f0        0x4 obj/default/Fractal.o
                0x008154f0                myPixelBuffer
 .sbss          0x008154f4        0xc /usr/local/3rdparty/altera/quartus12/nios2eds/bin/gnu/H-i686-pc-linux-gnu/bin/../lib/gcc/nios2-elf/4.1.2/../../../../nios2-elf/lib/libc.a(lib_a-locale.o)
                0x008154f4                __nlocale_changed
                0x008154f8                __mlocale_changed
                0x008154fc                _PathLocale
 .sbss          0x00815500        0xc /usr/local/3rdparty/altera/quartus12/nios2eds/bin/gnu/H-i686-pc-linux-gnu/bin/../lib/gcc/nios2-elf/4.1.2/../../../../nios2-elf/lib/libc.a(lib_a-mallocr.o)
                0x00815500                __malloc_top_pad
                0x00815504                __malloc_max_sbrked_mem
                0x00815508                __malloc_max_total_mem
 .sbss          0x0081550c        0x4 /usr/local/3rdparty/altera/quartus12/nios2eds/bin/gnu/H-i686-pc-linux-gnu/bin/../lib/gcc/nios2-elf/4.1.2/../../../../nios2-elf/lib/libc.a(lib_a-int_errno.o)
                0x0081550c                errno
 .sbss          0x00815510        0xc ../lights_bsp//libhal_bsp.a(alt_main.o)
                0x00815510                alt_argc
                0x00815514                alt_argv
                0x00815518                alt_envp
 .sbss          0x0081551c        0x4 ../lights_bsp//libhal_bsp.a(alt_irq_vars.o)
                0x0081551c                alt_irq_active
 .sbss          0x00815520        0x8 ../lights_bsp//libhal_bsp.a(alt_tick.o)
                0x00815520                _alt_tick_rate
                0x00815524                _alt_nticks
 *(.sbss2 .sbss2.* .gnu.linkonce.sb2.*)
 *(.scommon)
                0x00815528                PROVIDE (__sbss_end, ABSOLUTE (.))
                0x00815528                PROVIDE (___sbss_end, ABSOLUTE (.))
 *(.dynbss)
 *(.bss .bss.* .gnu.linkonce.b.*)
 .bss           0x00815528        0x0 ../lights_bsp//obj/HAL/src/crt0.o
 .bss           0x00815528        0x0 obj/default/Fractal.o
 .bss           0x00815528        0x0 obj/default/Project.o
 .bss           0x00815528        0x0 /usr/local/3rdparty/altera/quartus12/nios2eds/bin/gnu/H-i686-pc-linux-gnu/bin/../lib/gcc/nios2-elf/4.1.2/../../../../nios2-elf/lib/libm.a(lib_a-wf_pow.o)
 .bss           0x00815528        0x0 /usr/local/3rdparty/altera/quartus12/nios2eds/bin/gnu/H-i686-pc-linux-gnu/bin/../lib/gcc/nios2-elf/4.1.2/../../../../nios2-elf/lib/libm.a(lib_a-ef_pow.o)
 .bss           0x00815528        0x0 /usr/local/3rdparty/altera/quartus12/nios2eds/bin/gnu/H-i686-pc-linux-gnu/bin/../lib/gcc/nios2-elf/4.1.2/../../../../nios2-elf/lib/libm.a(lib_a-ef_sqrt.o)
 .bss           0x00815528        0x0 /usr/local/3rdparty/altera/quartus12/nios2eds/bin/gnu/H-i686-pc-linux-gnu/bin/../lib/gcc/nios2-elf/4.1.2/../../../../nios2-elf/lib/libm.a(lib_a-s_lib_ver.o)
 .bss           0x00815528        0x0 /usr/local/3rdparty/altera/quartus12/nios2eds/bin/gnu/H-i686-pc-linux-gnu/bin/../lib/gcc/nios2-elf/4.1.2/../../../../nios2-elf/lib/libm.a(lib_a-s_matherr.o)
 .bss           0x00815528        0x0 /usr/local/3rdparty/altera/quartus12/nios2eds/bin/gnu/H-i686-pc-linux-gnu/bin/../lib/gcc/nios2-elf/4.1.2/../../../../nios2-elf/lib/libm.a(lib_a-s_rint.o)
 .bss           0x00815528        0x0 /usr/local/3rdparty/altera/quartus12/nios2eds/bin/gnu/H-i686-pc-linux-gnu/bin/../lib/gcc/nios2-elf/4.1.2/../../../../nios2-elf/lib/libm.a(lib_a-sf_fabs.o)
 .bss           0x00815528        0x0 /usr/local/3rdparty/altera/quartus12/nios2eds/bin/gnu/H-i686-pc-linux-gnu/bin/../lib/gcc/nios2-elf/4.1.2/../../../../nios2-elf/lib/libm.a(lib_a-sf_finite.o)
 .bss           0x00815528        0x0 /usr/local/3rdparty/altera/quartus12/nios2eds/bin/gnu/H-i686-pc-linux-gnu/bin/../lib/gcc/nios2-elf/4.1.2/../../../../nios2-elf/lib/libm.a(lib_a-sf_isnan.o)
 .bss           0x00815528        0x0 /usr/local/3rdparty/altera/quartus12/nios2eds/bin/gnu/H-i686-pc-linux-gnu/bin/../lib/gcc/nios2-elf/4.1.2/../../../../nios2-elf/lib/libm.a(lib_a-sf_nan.o)
 .bss           0x00815528        0x0 /usr/local/3rdparty/altera/quartus12/nios2eds/bin/gnu/H-i686-pc-linux-gnu/bin/../lib/gcc/nios2-elf/4.1.2/../../../../nios2-elf/lib/libm.a(lib_a-sf_scalbn.o)
 .bss           0x00815528        0x0 /usr/local/3rdparty/altera/quartus12/nios2eds/bin/gnu/H-i686-pc-linux-gnu/bin/../lib/gcc/nios2-elf/4.1.2/../../../../nios2-elf/lib/libm.a(lib_a-sf_copysign.o)
 .bss           0x00815528        0x0 /usr/local/3rdparty/altera/quartus12/nios2eds/bin/gnu/H-i686-pc-linux-gnu/bin/../lib/gcc/nios2-elf/4.1.2/libgcc.a(_addsub_sf.o)
 .bss           0x00815528        0x0 /usr/local/3rdparty/altera/quartus12/nios2eds/bin/gnu/H-i686-pc-linux-gnu/bin/../lib/gcc/nios2-elf/4.1.2/libgcc.a(_mul_sf.o)
 .bss           0x00815528        0x0 /usr/local/3rdparty/altera/quartus12/nios2eds/bin/gnu/H-i686-pc-linux-gnu/bin/../lib/gcc/nios2-elf/4.1.2/libgcc.a(_div_sf.o)
 .bss           0x00815528        0x0 /usr/local/3rdparty/altera/quartus12/nios2eds/bin/gnu/H-i686-pc-linux-gnu/bin/../lib/gcc/nios2-elf/4.1.2/libgcc.a(_eq_sf.o)
 .bss           0x00815528        0x0 /usr/local/3rdparty/altera/quartus12/nios2eds/bin/gnu/H-i686-pc-linux-gnu/bin/../lib/gcc/nios2-elf/4.1.2/libgcc.a(_gt_sf.o)
 .bss           0x00815528        0x0 /usr/local/3rdparty/altera/quartus12/nios2eds/bin/gnu/H-i686-pc-linux-gnu/bin/../lib/gcc/nios2-elf/4.1.2/libgcc.a(_lt_sf.o)
 .bss           0x00815528        0x0 /usr/local/3rdparty/altera/quartus12/nios2eds/bin/gnu/H-i686-pc-linux-gnu/bin/../lib/gcc/nios2-elf/4.1.2/libgcc.a(_le_sf.o)
 .bss           0x00815528        0x0 /usr/local/3rdparty/altera/quartus12/nios2eds/bin/gnu/H-i686-pc-linux-gnu/bin/../lib/gcc/nios2-elf/4.1.2/libgcc.a(_si_to_sf.o)
 .bss           0x00815528        0x0 /usr/local/3rdparty/altera/quartus12/nios2eds/bin/gnu/H-i686-pc-linux-gnu/bin/../lib/gcc/nios2-elf/4.1.2/libgcc.a(_sf_to_df.o)
 .bss           0x00815528        0x0 /usr/local/3rdparty/altera/quartus12/nios2eds/bin/gnu/H-i686-pc-linux-gnu/bin/../lib/gcc/nios2-elf/4.1.2/libgcc.a(_thenan_sf.o)
 .bss           0x00815528        0x0 /usr/local/3rdparty/altera/quartus12/nios2eds/bin/gnu/H-i686-pc-linux-gnu/bin/../lib/gcc/nios2-elf/4.1.2/libgcc.a(_addsub_df.o)
 .bss           0x00815528        0x0 /usr/local/3rdparty/altera/quartus12/nios2eds/bin/gnu/H-i686-pc-linux-gnu/bin/../lib/gcc/nios2-elf/4.1.2/libgcc.a(_div_df.o)
 .bss           0x00815528        0x0 /usr/local/3rdparty/altera/quartus12/nios2eds/bin/gnu/H-i686-pc-linux-gnu/bin/../lib/gcc/nios2-elf/4.1.2/libgcc.a(_ne_df.o)
 .bss           0x00815528        0x0 /usr/local/3rdparty/altera/quartus12/nios2eds/bin/gnu/H-i686-pc-linux-gnu/bin/../lib/gcc/nios2-elf/4.1.2/libgcc.a(_make_df.o)
 .bss           0x00815528        0x0 /usr/local/3rdparty/altera/quartus12/nios2eds/bin/gnu/H-i686-pc-linux-gnu/bin/../lib/gcc/nios2-elf/4.1.2/libgcc.a(_df_to_sf.o)
 .bss           0x00815528        0x0 /usr/local/3rdparty/altera/quartus12/nios2eds/bin/gnu/H-i686-pc-linux-gnu/bin/../lib/gcc/nios2-elf/4.1.2/libgcc.a(_thenan_df.o)
 .bss           0x00815528        0x0 /usr/local/3rdparty/altera/quartus12/nios2eds/bin/gnu/H-i686-pc-linux-gnu/bin/../lib/gcc/nios2-elf/4.1.2/libgcc.a(_muldi3.o)
 .bss           0x00815528        0x0 /usr/local/3rdparty/altera/quartus12/nios2eds/bin/gnu/H-i686-pc-linux-gnu/bin/../lib/gcc/nios2-elf/4.1.2/libgcc.a(_clzsi2.o)
 .bss           0x00815528        0x0 /usr/local/3rdparty/altera/quartus12/nios2eds/bin/gnu/H-i686-pc-linux-gnu/bin/../lib/gcc/nios2-elf/4.1.2/libgcc.a(_pack_sf.o)
 .bss           0x00815528        0x0 /usr/local/3rdparty/altera/quartus12/nios2eds/bin/gnu/H-i686-pc-linux-gnu/bin/../lib/gcc/nios2-elf/4.1.2/libgcc.a(_unpack_sf.o)
 .bss           0x00815528        0x0 /usr/local/3rdparty/altera/quartus12/nios2eds/bin/gnu/H-i686-pc-linux-gnu/bin/../lib/gcc/nios2-elf/4.1.2/libgcc.a(_fpcmp_parts_sf.o)
 .bss           0x00815528        0x0 /usr/local/3rdparty/altera/quartus12/nios2eds/bin/gnu/H-i686-pc-linux-gnu/bin/../lib/gcc/nios2-elf/4.1.2/libgcc.a(_make_sf.o)
 .bss           0x00815528        0x0 /usr/local/3rdparty/altera/quartus12/nios2eds/bin/gnu/H-i686-pc-linux-gnu/bin/../lib/gcc/nios2-elf/4.1.2/libgcc.a(_pack_df.o)
 .bss           0x00815528        0x0 /usr/local/3rdparty/altera/quartus12/nios2eds/bin/gnu/H-i686-pc-linux-gnu/bin/../lib/gcc/nios2-elf/4.1.2/libgcc.a(_unpack_df.o)
 .bss           0x00815528        0x0 /usr/local/3rdparty/altera/quartus12/nios2eds/bin/gnu/H-i686-pc-linux-gnu/bin/../lib/gcc/nios2-elf/4.1.2/libgcc.a(_fpcmp_parts_df.o)
 .bss           0x00815528        0x0 /usr/local/3rdparty/altera/quartus12/nios2eds/bin/gnu/H-i686-pc-linux-gnu/bin/../lib/gcc/nios2-elf/4.1.2/libgcc.a(_clz.o)
 .bss           0x00815528        0x0 /usr/local/3rdparty/altera/quartus12/nios2eds/bin/gnu/H-i686-pc-linux-gnu/bin/../lib/gcc/nios2-elf/4.1.2/../../../../nios2-elf/lib/libc.a(lib_a-errno.o)
 .bss           0x00815528        0x0 /usr/local/3rdparty/altera/quartus12/nios2eds/bin/gnu/H-i686-pc-linux-gnu/bin/../lib/gcc/nios2-elf/4.1.2/../../../../nios2-elf/lib/libc.a(lib_a-impure.o)
 .bss           0x00815528        0x0 /usr/local/3rdparty/altera/quartus12/nios2eds/bin/gnu/H-i686-pc-linux-gnu/bin/../lib/gcc/nios2-elf/4.1.2/../../../../nios2-elf/lib/libc.a(lib_a-printf.o)
 .bss           0x00815528        0x0 /usr/local/3rdparty/altera/quartus12/nios2eds/bin/gnu/H-i686-pc-linux-gnu/bin/../lib/gcc/nios2-elf/4.1.2/../../../../nios2-elf/lib/libc.a(lib_a-puts.o)
 .bss           0x00815528        0x0 /usr/local/3rdparty/altera/quartus12/nios2eds/bin/gnu/H-i686-pc-linux-gnu/bin/../lib/gcc/nios2-elf/4.1.2/../../../../nios2-elf/lib/libc.a(lib_a-sprintf.o)
 .bss           0x00815528        0x0 /usr/local/3rdparty/altera/quartus12/nios2eds/bin/gnu/H-i686-pc-linux-gnu/bin/../lib/gcc/nios2-elf/4.1.2/../../../../nios2-elf/lib/libc.a(lib_a-strlen.o)
 .bss           0x00815528        0x0 /usr/local/3rdparty/altera/quartus12/nios2eds/bin/gnu/H-i686-pc-linux-gnu/bin/../lib/gcc/nios2-elf/4.1.2/../../../../nios2-elf/lib/libc.a(lib_a-vfprintf.o)
 .bss           0x00815528        0x0 /usr/local/3rdparty/altera/quartus12/nios2eds/bin/gnu/H-i686-pc-linux-gnu/bin/../lib/gcc/nios2-elf/4.1.2/../../../../nios2-elf/lib/libc.a(lib_a-wsetup.o)
 .bss           0x00815528        0x0 /usr/local/3rdparty/altera/quartus12/nios2eds/bin/gnu/H-i686-pc-linux-gnu/bin/../lib/gcc/nios2-elf/4.1.2/../../../../nios2-elf/lib/libc.a(lib_a-dtoa.o)
 .bss           0x00815528        0x0 /usr/local/3rdparty/altera/quartus12/nios2eds/bin/gnu/H-i686-pc-linux-gnu/bin/../lib/gcc/nios2-elf/4.1.2/../../../../nios2-elf/lib/libc.a(lib_a-fflush.o)
 .bss           0x00815528        0x0 /usr/local/3rdparty/altera/quartus12/nios2eds/bin/gnu/H-i686-pc-linux-gnu/bin/../lib/gcc/nios2-elf/4.1.2/../../../../nios2-elf/lib/libc.a(lib_a-findfp.o)
 .bss           0x00815528        0x0 /usr/local/3rdparty/altera/quartus12/nios2eds/bin/gnu/H-i686-pc-linux-gnu/bin/../lib/gcc/nios2-elf/4.1.2/../../../../nios2-elf/lib/libc.a(lib_a-freer.o)
 .bss           0x00815528        0x0 /usr/local/3rdparty/altera/quartus12/nios2eds/bin/gnu/H-i686-pc-linux-gnu/bin/../lib/gcc/nios2-elf/4.1.2/../../../../nios2-elf/lib/libc.a(lib_a-fvwrite.o)
 .bss           0x00815528        0x0 /usr/local/3rdparty/altera/quartus12/nios2eds/bin/gnu/H-i686-pc-linux-gnu/bin/../lib/gcc/nios2-elf/4.1.2/../../../../nios2-elf/lib/libc.a(lib_a-fwalk.o)
 .bss           0x00815528        0x0 /usr/local/3rdparty/altera/quartus12/nios2eds/bin/gnu/H-i686-pc-linux-gnu/bin/../lib/gcc/nios2-elf/4.1.2/../../../../nios2-elf/lib/libc.a(lib_a-locale.o)
 .bss           0x00815528        0x0 /usr/local/3rdparty/altera/quartus12/nios2eds/bin/gnu/H-i686-pc-linux-gnu/bin/../lib/gcc/nios2-elf/4.1.2/../../../../nios2-elf/lib/libc.a(lib_a-makebuf.o)
 .bss           0x00815528       0x28 /usr/local/3rdparty/altera/quartus12/nios2eds/bin/gnu/H-i686-pc-linux-gnu/bin/../lib/gcc/nios2-elf/4.1.2/../../../../nios2-elf/lib/libc.a(lib_a-mallocr.o)
                0x00815528                __malloc_current_mallinfo
 .bss           0x00815550        0x0 /usr/local/3rdparty/altera/quartus12/nios2eds/bin/gnu/H-i686-pc-linux-gnu/bin/../lib/gcc/nios2-elf/4.1.2/../../../../nios2-elf/lib/libc.a(lib_a-memchr.o)
 .bss           0x00815550        0x0 /usr/local/3rdparty/altera/quartus12/nios2eds/bin/gnu/H-i686-pc-linux-gnu/bin/../lib/gcc/nios2-elf/4.1.2/../../../../nios2-elf/lib/libc.a(lib_a-memcpy.o)
 .bss           0x00815550        0x0 /usr/local/3rdparty/altera/quartus12/nios2eds/bin/gnu/H-i686-pc-linux-gnu/bin/../lib/gcc/nios2-elf/4.1.2/../../../../nios2-elf/lib/libc.a(lib_a-memmove.o)
 .bss           0x00815550        0x0 /usr/local/3rdparty/altera/quartus12/nios2eds/bin/gnu/H-i686-pc-linux-gnu/bin/../lib/gcc/nios2-elf/4.1.2/../../../../nios2-elf/lib/libc.a(lib_a-memset.o)
 .bss           0x00815550        0x0 /usr/local/3rdparty/altera/quartus12/nios2eds/bin/gnu/H-i686-pc-linux-gnu/bin/../lib/gcc/nios2-elf/4.1.2/../../../../nios2-elf/lib/libc.a(lib_a-mprec.o)
 .bss           0x00815550        0x0 /usr/local/3rdparty/altera/quartus12/nios2eds/bin/gnu/H-i686-pc-linux-gnu/bin/../lib/gcc/nios2-elf/4.1.2/../../../../nios2-elf/lib/libc.a(lib_a-reallocr.o)
 .bss           0x00815550        0x0 /usr/local/3rdparty/altera/quartus12/nios2eds/bin/gnu/H-i686-pc-linux-gnu/bin/../lib/gcc/nios2-elf/4.1.2/../../../../nios2-elf/lib/libc.a(lib_a-s_isinfd.o)
 .bss           0x00815550        0x0 /usr/local/3rdparty/altera/quartus12/nios2eds/bin/gnu/H-i686-pc-linux-gnu/bin/../lib/gcc/nios2-elf/4.1.2/../../../../nios2-elf/lib/libc.a(lib_a-s_isnand.o)
 .bss           0x00815550        0x0 /usr/local/3rdparty/altera/quartus12/nios2eds/bin/gnu/H-i686-pc-linux-gnu/bin/../lib/gcc/nios2-elf/4.1.2/../../../../nios2-elf/lib/libc.a(lib_a-sbrkr.o)
 .bss           0x00815550        0x0 /usr/local/3rdparty/altera/quartus12/nios2eds/bin/gnu/H-i686-pc-linux-gnu/bin/../lib/gcc/nios2-elf/4.1.2/../../../../nios2-elf/lib/libc.a(lib_a-stdio.o)
 .bss           0x00815550        0x0 /usr/local/3rdparty/altera/quartus12/nios2eds/bin/gnu/H-i686-pc-linux-gnu/bin/../lib/gcc/nios2-elf/4.1.2/../../../../nios2-elf/lib/libc.a(lib_a-strcmp.o)
 .bss           0x00815550        0x0 /usr/local/3rdparty/altera/quartus12/nios2eds/bin/gnu/H-i686-pc-linux-gnu/bin/../lib/gcc/nios2-elf/4.1.2/../../../../nios2-elf/lib/libc.a(lib_a-writer.o)
 .bss           0x00815550        0x0 /usr/local/3rdparty/altera/quartus12/nios2eds/bin/gnu/H-i686-pc-linux-gnu/bin/../lib/gcc/nios2-elf/4.1.2/../../../../nios2-elf/lib/libc.a(lib_a-callocr.o)
 .bss           0x00815550        0x0 /usr/local/3rdparty/altera/quartus12/nios2eds/bin/gnu/H-i686-pc-linux-gnu/bin/../lib/gcc/nios2-elf/4.1.2/../../../../nios2-elf/lib/libc.a(lib_a-closer.o)
 .bss           0x00815550        0x0 /usr/local/3rdparty/altera/quartus12/nios2eds/bin/gnu/H-i686-pc-linux-gnu/bin/../lib/gcc/nios2-elf/4.1.2/../../../../nios2-elf/lib/libc.a(lib_a-fclose.o)
 .bss           0x00815550        0x0 /usr/local/3rdparty/altera/quartus12/nios2eds/bin/gnu/H-i686-pc-linux-gnu/bin/../lib/gcc/nios2-elf/4.1.2/../../../../nios2-elf/lib/libc.a(lib_a-fstatr.o)
 .bss           0x00815550        0x0 /usr/local/3rdparty/altera/quartus12/nios2eds/bin/gnu/H-i686-pc-linux-gnu/bin/../lib/gcc/nios2-elf/4.1.2/../../../../nios2-elf/lib/libc.a(lib_a-int_errno.o)
 .bss           0x00815550        0x0 /usr/local/3rdparty/altera/quartus12/nios2eds/bin/gnu/H-i686-pc-linux-gnu/bin/../lib/gcc/nios2-elf/4.1.2/../../../../nios2-elf/lib/libc.a(lib_a-isattyr.o)
 .bss           0x00815550        0x0 /usr/local/3rdparty/altera/quartus12/nios2eds/bin/gnu/H-i686-pc-linux-gnu/bin/../lib/gcc/nios2-elf/4.1.2/../../../../nios2-elf/lib/libc.a(lib_a-lseekr.o)
 .bss           0x00815550        0x0 /usr/local/3rdparty/altera/quartus12/nios2eds/bin/gnu/H-i686-pc-linux-gnu/bin/../lib/gcc/nios2-elf/4.1.2/../../../../nios2-elf/lib/libc.a(lib_a-readr.o)
 .bss           0x00815550        0x0 /usr/local/3rdparty/altera/quartus12/nios2eds/bin/gnu/H-i686-pc-linux-gnu/bin/../lib/gcc/nios2-elf/4.1.2/libgcc.a(_udivdi3.o)
 .bss           0x00815550        0x0 /usr/local/3rdparty/altera/quartus12/nios2eds/bin/gnu/H-i686-pc-linux-gnu/bin/../lib/gcc/nios2-elf/4.1.2/libgcc.a(_umoddi3.o)
 .bss           0x00815550        0x0 /usr/local/3rdparty/altera/quartus12/nios2eds/bin/gnu/H-i686-pc-linux-gnu/bin/../lib/gcc/nios2-elf/4.1.2/libgcc.a(_mul_df.o)
 .bss           0x00815550        0x0 /usr/local/3rdparty/altera/quartus12/nios2eds/bin/gnu/H-i686-pc-linux-gnu/bin/../lib/gcc/nios2-elf/4.1.2/libgcc.a(_eq_df.o)
 .bss           0x00815550        0x0 /usr/local/3rdparty/altera/quartus12/nios2eds/bin/gnu/H-i686-pc-linux-gnu/bin/../lib/gcc/nios2-elf/4.1.2/libgcc.a(_gt_df.o)
 .bss           0x00815550        0x0 /usr/local/3rdparty/altera/quartus12/nios2eds/bin/gnu/H-i686-pc-linux-gnu/bin/../lib/gcc/nios2-elf/4.1.2/libgcc.a(_ge_df.o)
 .bss           0x00815550        0x0 /usr/local/3rdparty/altera/quartus12/nios2eds/bin/gnu/H-i686-pc-linux-gnu/bin/../lib/gcc/nios2-elf/4.1.2/libgcc.a(_lt_df.o)
 .bss           0x00815550        0x0 /usr/local/3rdparty/altera/quartus12/nios2eds/bin/gnu/H-i686-pc-linux-gnu/bin/../lib/gcc/nios2-elf/4.1.2/libgcc.a(_si_to_df.o)
 .bss           0x00815550        0x0 /usr/local/3rdparty/altera/quartus12/nios2eds/bin/gnu/H-i686-pc-linux-gnu/bin/../lib/gcc/nios2-elf/4.1.2/libgcc.a(_df_to_si.o)
 .bss           0x00815550        0x0 /usr/local/3rdparty/altera/quartus12/nios2eds/bin/gnu/H-i686-pc-linux-gnu/bin/../lib/gcc/nios2-elf/4.1.2/libgcc.a(_usi_to_df.o)
 .bss           0x00815550        0x0 /usr/local/3rdparty/altera/quartus12/nios2eds/bin/gnu/H-i686-pc-linux-gnu/bin/../lib/gcc/nios2-elf/4.1.2/libgcc.a(lib2-divmod.o)
 .bss           0x00815550        0x0 ../lights_bsp//libhal_bsp.a(alt_close.o)
 .bss           0x00815550        0x0 ../lights_bsp//libhal_bsp.a(alt_dev.o)
 .bss           0x00815550        0x0 ../lights_bsp//libhal_bsp.a(alt_errno.o)
 .bss           0x00815550        0x0 ../lights_bsp//libhal_bsp.a(alt_fstat.o)
 .bss           0x00815550        0x0 ../lights_bsp//libhal_bsp.a(alt_isatty.o)
 .bss           0x00815550        0x0 ../lights_bsp//libhal_bsp.a(alt_load.o)
 .bss           0x00815550        0x0 ../lights_bsp//libhal_bsp.a(alt_lseek.o)
 .bss           0x00815550        0x0 ../lights_bsp//libhal_bsp.a(alt_main.o)
 .bss           0x00815550        0x0 ../lights_bsp//libhal_bsp.a(alt_malloc_lock.o)
 .bss           0x00815550        0x0 ../lights_bsp//libhal_bsp.a(alt_read.o)
 .bss           0x00815550        0x0 ../lights_bsp//libhal_bsp.a(alt_release_fd.o)
 .bss           0x00815550        0x0 ../lights_bsp//libhal_bsp.a(alt_sbrk.o)
 .bss           0x00815550        0x0 ../lights_bsp//libhal_bsp.a(alt_write.o)
 .bss           0x00815550        0x0 ../lights_bsp//libhal_bsp.a(alt_sys_init.o)
 .bss           0x00815550        0x0 ../lights_bsp//libhal_bsp.a(altera_avalon_jtag_uart_fd.o)
 .bss           0x00815550        0x0 ../lights_bsp//libhal_bsp.a(altera_avalon_jtag_uart_init.o)
 .bss           0x00815550        0x0 ../lights_bsp//libhal_bsp.a(altera_avalon_jtag_uart_ioctl.o)
 .bss           0x00815550        0x0 ../lights_bsp//libhal_bsp.a(altera_avalon_jtag_uart_read.o)
 .bss           0x00815550        0x0 ../lights_bsp//libhal_bsp.a(altera_avalon_jtag_uart_write.o)
 .bss           0x00815550        0x0 ../lights_bsp//libhal_bsp.a(altera_avalon_mailbox.o)
 .bss           0x00815550        0x0 ../lights_bsp//libhal_bsp.a(altera_avalon_mutex.o)
 .bss           0x00815550        0x0 ../lights_bsp//libhal_bsp.a(altera_ro_zipfs.o)
 .bss           0x00815550        0x0 ../lights_bsp//libhal_bsp.a(altera_up_avalon_video_pixel_buffer_dma.o)
 .bss           0x00815550        0x0 ../lights_bsp//libhal_bsp.a(alt_alarm_start.o)
 .bss           0x00815550        0x0 ../lights_bsp//libhal_bsp.a(alt_dcache_flush_all.o)
 .bss           0x00815550        0x0 ../lights_bsp//libhal_bsp.a(alt_dev_llist_insert.o)
 .bss           0x00815550        0x0 ../lights_bsp//libhal_bsp.a(alt_do_ctors.o)
 .bss           0x00815550        0x0 ../lights_bsp//libhal_bsp.a(alt_do_dtors.o)
 .bss           0x00815550        0x0 ../lights_bsp//libhal_bsp.a(alt_find_dev.o)
 .bss           0x00815550        0x0 ../lights_bsp//libhal_bsp.a(alt_fs_reg.o)
 .bss           0x00815550        0x0 ../lights_bsp//libhal_bsp.a(alt_icache_flush_all.o)
 .bss           0x00815550        0x0 ../lights_bsp//libhal_bsp.a(alt_iic.o)
 .bss           0x00815550        0x0 ../lights_bsp//libhal_bsp.a(alt_iic_isr_register.o)
 .bss           0x00815550        0x0 ../lights_bsp//libhal_bsp.a(alt_io_redirect.o)
 .bss           0x00815550        0x0 ../lights_bsp//libhal_bsp.a(alt_irq_entry.o)
 .bss           0x00815550        0x0 ../lights_bsp//libhal_bsp.a(alt_irq_handler.o)
 .bss           0x00815550        0x0 ../lights_bsp//libhal_bsp.a(alt_irq_vars.o)
 .bss           0x00815550        0x0 ../lights_bsp//libhal_bsp.a(alt_open.o)
 .bss           0x00815550        0x0 ../lights_bsp//libhal_bsp.a(alt_tick.o)
 .bss           0x00815550        0x0 ../lights_bsp//libhal_bsp.a(altera_nios2_irq.o)
 .bss           0x00815550        0x0 ../lights_bsp//libhal_bsp.a(alt_exception_entry.o)
 .bss           0x00815550        0x0 ../lights_bsp//libhal_bsp.a(alt_find_file.o)
 .bss           0x00815550        0x0 ../lights_bsp//libhal_bsp.a(alt_get_fd.o)
 .bss           0x00815550        0x0 ../lights_bsp//libhal_bsp.a(alt_icache_flush.o)
 .bss           0x00815550        0x0 /usr/local/3rdparty/altera/quartus12/nios2eds/bin/gnu/H-i686-pc-linux-gnu/bin/../lib/gcc/nios2-elf/4.1.2/../../../../nios2-elf/lib/libc.a(lib_a-atexit.o)
 .bss           0x00815550        0x0 /usr/local/3rdparty/altera/quartus12/nios2eds/bin/gnu/H-i686-pc-linux-gnu/bin/../lib/gcc/nios2-elf/4.1.2/../../../../nios2-elf/lib/libc.a(lib_a-exit.o)
 .bss           0x00815550        0x0 /usr/local/3rdparty/altera/quartus12/nios2eds/bin/gnu/H-i686-pc-linux-gnu/bin/../lib/gcc/nios2-elf/4.1.2/../../../../nios2-elf/lib/libc.a(lib_a-memcmp.o)
 .bss           0x00815550        0x0 /usr/local/3rdparty/altera/quartus12/nios2eds/bin/gnu/H-i686-pc-linux-gnu/bin/../lib/gcc/nios2-elf/4.1.2/../../../../nios2-elf/lib/libc.a(lib_a-strncmp.o)
 .bss           0x00815550        0x0 /usr/local/3rdparty/altera/quartus12/nios2eds/bin/gnu/H-i686-pc-linux-gnu/bin/../lib/gcc/nios2-elf/4.1.2/../../../../nios2-elf/lib/libc.a(lib_a-__atexit.o)
 .bss           0x00815550        0x0 /usr/local/3rdparty/altera/quartus12/nios2eds/bin/gnu/H-i686-pc-linux-gnu/bin/../lib/gcc/nios2-elf/4.1.2/../../../../nios2-elf/lib/libc.a(lib_a-__call_atexit.o)
 .bss           0x00815550        0x0 ../lights_bsp//libhal_bsp.a(alt_exit.o)
 *(COMMON)
 COMMON         0x00815550      0x100 ../lights_bsp//libhal_bsp.a(alt_irq_handler.o)
                0x00815550                alt_irq
 COMMON         0x00815650      0x190 /usr/local/3rdparty/altera/quartus12/nios2eds/bin/gnu/H-i686-pc-linux-gnu/bin/../lib/gcc/nios2-elf/4.1.2/../../../../nios2-elf/lib/libc.a(lib_a-atexit.o)
                0x00815650                _atexit0
                0x008157e0                . = ALIGN (0x4)
                0x008157e0                __bss_end = ABSOLUTE (.)

.onchip_memory2_0
                0x00003000        0x0 load address 0x008157e0
                0x00003000                PROVIDE (_alt_partition_onchip_memory2_0_start, ABSOLUTE (.))
 *(.onchip_memory2_0. onchip_memory2_0.*)
                0x00003000                . = ALIGN (0x4)
                0x00003000                PROVIDE (_alt_partition_onchip_memory2_0_end, ABSOLUTE (.))
                0x008157e0                PROVIDE (_alt_partition_onchip_memory2_0_load_addr, LOADADDR (.onchip_memory2_0))

.onchip_memory2_1
                0x00004000        0x0 load address 0x008157e0
                0x00004000                PROVIDE (_alt_partition_onchip_memory2_1_start, ABSOLUTE (.))
 *(.onchip_memory2_1. onchip_memory2_1.*)
                0x00004000                . = ALIGN (0x4)
                0x00004000                PROVIDE (_alt_partition_onchip_memory2_1_end, ABSOLUTE (.))
                0x008157e0                PROVIDE (_alt_partition_onchip_memory2_1_load_addr, LOADADDR (.onchip_memory2_1))

.onchip_memory2_2
                0x00006000        0x0 load address 0x008157e0
                0x00006000                PROVIDE (_alt_partition_onchip_memory2_2_start, ABSOLUTE (.))
 *(.onchip_memory2_2. onchip_memory2_2.*)
                0x00006000                . = ALIGN (0x4)
                0x00006000                PROVIDE (_alt_partition_onchip_memory2_2_end, ABSOLUTE (.))
                0x008157e0                PROVIDE (_alt_partition_onchip_memory2_2_load_addr, LOADADDR (.onchip_memory2_2))

.onchip_memory2_3
                0x00007000        0x0 load address 0x008157e0
                0x00007000                PROVIDE (_alt_partition_onchip_memory2_3_start, ABSOLUTE (.))