Archive member included because of file (symbol)

/usr/local/3rdparty/altera/quartus12/nios2eds/bin/gnu/H-i686-pc-linux-gnu/bin/../lib/gcc/nios2-elf/4.1.2/../../../../nios2-elf/lib/libm.a(lib_a-sf_cos.o)
                              obj/default/VideoFunctions.o (cosf)
/usr/local/3rdparty/altera/quartus12/nios2eds/bin/gnu/H-i686-pc-linux-gnu/bin/../lib/gcc/nios2-elf/4.1.2/../../../../nios2-elf/lib/libm.a(lib_a-sf_round.o)
                              obj/default/VideoFunctions.o (roundf)
/usr/local/3rdparty/altera/quartus12/nios2eds/bin/gnu/H-i686-pc-linux-gnu/bin/../lib/gcc/nios2-elf/4.1.2/../../../../nios2-elf/lib/libm.a(lib_a-sf_sin.o)
                              obj/default/VideoFunctions.o (sinf)
/usr/local/3rdparty/altera/quartus12/nios2eds/bin/gnu/H-i686-pc-linux-gnu/bin/../lib/gcc/nios2-elf/4.1.2/../../../../nios2-elf/lib/libm.a(lib_a-ef_rem_pio2.o)
                              /usr/local/3rdparty/altera/quartus12/nios2eds/bin/gnu/H-i686-pc-linux-gnu/bin/../lib/gcc/nios2-elf/4.1.2/../../../../nios2-elf/lib/libm.a(lib_a-sf_cos.o) (__ieee754_rem_pio2f)
/usr/local/3rdparty/altera/quartus12/nios2eds/bin/gnu/H-i686-pc-linux-gnu/bin/../lib/gcc/nios2-elf/4.1.2/../../../../nios2-elf/lib/libm.a(lib_a-kf_cos.o)
                              /usr/local/3rdparty/altera/quartus12/nios2eds/bin/gnu/H-i686-pc-linux-gnu/bin/../lib/gcc/nios2-elf/4.1.2/../../../../nios2-elf/lib/libm.a(lib_a-sf_cos.o) (__kernel_cosf)
/usr/local/3rdparty/altera/quartus12/nios2eds/bin/gnu/H-i686-pc-linux-gnu/bin/../lib/gcc/nios2-elf/4.1.2/../../../../nios2-elf/lib/libm.a(lib_a-kf_rem_pio2.o)
                              /usr/local/3rdparty/altera/quartus12/nios2eds/bin/gnu/H-i686-pc-linux-gnu/bin/../lib/gcc/nios2-elf/4.1.2/../../../../nios2-elf/lib/libm.a(lib_a-ef_rem_pio2.o) (__kernel_rem_pio2f)
/usr/local/3rdparty/altera/quartus12/nios2eds/bin/gnu/H-i686-pc-linux-gnu/bin/../lib/gcc/nios2-elf/4.1.2/../../../../nios2-elf/lib/libm.a(lib_a-kf_sin.o)
                              /usr/local/3rdparty/altera/quartus12/nios2eds/bin/gnu/H-i686-pc-linux-gnu/bin/../lib/gcc/nios2-elf/4.1.2/../../../../nios2-elf/lib/libm.a(lib_a-sf_cos.o) (__kernel_sinf)
/usr/local/3rdparty/altera/quartus12/nios2eds/bin/gnu/H-i686-pc-linux-gnu/bin/../lib/gcc/nios2-elf/4.1.2/../../../../nios2-elf/lib/libm.a(lib_a-sf_fabs.o)
                              /usr/local/3rdparty/altera/quartus12/nios2eds/bin/gnu/H-i686-pc-linux-gnu/bin/../lib/gcc/nios2-elf/4.1.2/../../../../nios2-elf/lib/libm.a(lib_a-ef_rem_pio2.o) (fabsf)
/usr/local/3rdparty/altera/quartus12/nios2eds/bin/gnu/H-i686-pc-linux-gnu/bin/../lib/gcc/nios2-elf/4.1.2/../../../../nios2-elf/lib/libm.a(lib_a-sf_floor.o)
                              /usr/local/3rdparty/altera/quartus12/nios2eds/bin/gnu/H-i686-pc-linux-gnu/bin/../lib/gcc/nios2-elf/4.1.2/../../../../nios2-elf/lib/libm.a(lib_a-kf_rem_pio2.o) (floorf)
/usr/local/3rdparty/altera/quartus12/nios2eds/bin/gnu/H-i686-pc-linux-gnu/bin/../lib/gcc/nios2-elf/4.1.2/../../../../nios2-elf/lib/libm.a(lib_a-sf_scalbn.o)
                              /usr/local/3rdparty/altera/quartus12/nios2eds/bin/gnu/H-i686-pc-linux-gnu/bin/../lib/gcc/nios2-elf/4.1.2/../../../../nios2-elf/lib/libm.a(lib_a-kf_rem_pio2.o) (scalbnf)
/usr/local/3rdparty/altera/quartus12/nios2eds/bin/gnu/H-i686-pc-linux-gnu/bin/../lib/gcc/nios2-elf/4.1.2/../../../../nios2-elf/lib/libm.a(lib_a-sf_copysign.o)
                              /usr/local/3rdparty/altera/quartus12/nios2eds/bin/gnu/H-i686-pc-linux-gnu/bin/../lib/gcc/nios2-elf/4.1.2/../../../../nios2-elf/lib/libm.a(lib_a-sf_scalbn.o) (copysignf)
/usr/local/3rdparty/altera/quartus12/nios2eds/bin/gnu/H-i686-pc-linux-gnu/bin/../lib/gcc/nios2-elf/4.1.2/libgcc.a(_addsub_sf.o)
                              /usr/local/3rdparty/altera/quartus12/nios2eds/bin/gnu/H-i686-pc-linux-gnu/bin/../lib/gcc/nios2-elf/4.1.2/../../../../nios2-elf/lib/libm.a(lib_a-sf_cos.o) (__subsf3)
/usr/local/3rdparty/altera/quartus12/nios2eds/bin/gnu/H-i686-pc-linux-gnu/bin/../lib/gcc/nios2-elf/4.1.2/libgcc.a(_mul_sf.o)
                              /usr/local/3rdparty/altera/quartus12/nios2eds/bin/gnu/H-i686-pc-linux-gnu/bin/../lib/gcc/nios2-elf/4.1.2/../../../../nios2-elf/lib/libm.a(lib_a-ef_rem_pio2.o) (__mulsf3)
/usr/local/3rdparty/altera/quartus12/nios2eds/bin/gnu/H-i686-pc-linux-gnu/bin/../lib/gcc/nios2-elf/4.1.2/libgcc.a(_eq_sf.o)
                              /usr/local/3rdparty/altera/quartus12/nios2eds/bin/gnu/H-i686-pc-linux-gnu/bin/../lib/gcc/nios2-elf/4.1.2/../../../../nios2-elf/lib/libm.a(lib_a-ef_rem_pio2.o) (__eqsf2)
/usr/local/3rdparty/altera/quartus12/nios2eds/bin/gnu/H-i686-pc-linux-gnu/bin/../lib/gcc/nios2-elf/4.1.2/libgcc.a(_gt_sf.o)
                              obj/default/VideoFunctions.o (__gtsf2)
/usr/local/3rdparty/altera/quartus12/nios2eds/bin/gnu/H-i686-pc-linux-gnu/bin/../lib/gcc/nios2-elf/4.1.2/libgcc.a(_ge_sf.o)
[...]
Memory Configuration

Name             Origin             Length             Attributes
reset            0x00800000         0x00000020
sdram_0          0x00800020         0x007fffe0
cfi_flash_0      0x01400000         0x00400000
sram_0           0x01880000         0x00080000
*default*        0x00000000         0xffffffff

Linker script and memory map

LOAD ../lights_bsp//obj/HAL/src/crt0.o
LOAD obj/default/LightsFunctions.o
LOAD obj/default/Project.o
LOAD obj/default/VideoFunctions.o
LOAD /usr/local/3rdparty/altera/quartus12/nios2eds/bin/gnu/H-i686-pc-linux-gnu/bin/../lib/gcc/nios2-elf/4.1.2/../../../../nios2-elf/lib/libstdc++.a
LOAD /usr/local/3rdparty/altera/quartus12/nios2eds/bin/gnu/H-i686-pc-linux-gnu/bin/../lib/gcc/nios2-elf/4.1.2/../../../../nios2-elf/lib/libm.a
LOAD /usr/local/3rdparty/altera/quartus12/nios2eds/bin/gnu/H-i686-pc-linux-gnu/bin/../lib/gcc/nios2-elf/4.1.2/libgcc.a
START GROUP
LOAD /usr/local/3rdparty/altera/quartus12/nios2eds/bin/gnu/H-i686-pc-linux-gnu/bin/../lib/gcc/nios2-elf/4.1.2/../../../../nios2-elf/lib/libc.a
LOAD /usr/local/3rdparty/altera/quartus12/nios2eds/bin/gnu/H-i686-pc-linux-gnu/bin/../lib/gcc/nios2-elf/4.1.2/libgcc.a
LOAD ../lights_bsp//libhal_bsp.a
END GROUP
LOAD /usr/local/3rdparty/altera/quartus12/nios2eds/bin/gnu/H-i686-pc-linux-gnu/bin/../lib/gcc/nios2-elf/4.1.2/libgcc.a
                0x00800000                __alt_mem_sdram_0 = 0x800000
                0x01400000                __alt_mem_cfi_flash_0 = 0x1400000
                0x01880000                __alt_mem_sram_0 = 0x1880000

.entry          0x00800000       0x20
 *(.entry)
 .entry         0x00800000       0x20 ../lights_bsp//obj/HAL/src/crt0.o
                0x00800000                __reset

.exceptions     0x00800020      0x194
                0x00800020                PROVIDE (__ram_exceptions_start, ABSOLUTE (.))
                0x00800020                . = ALIGN (0x20)
 *(.irq)
 *(.exceptions.entry.label)
 .exceptions.entry.label
                0x00800020        0x0 ../lights_bsp//libhal_bsp.a(alt_irq_entry.o)
                0x00800020                alt_irq_entry
 .exceptions.entry.label
                0x00800020        0x0 ../lights_bsp//libhal_bsp.a(alt_exception_entry.o)
                0x00800020                alt_exception
 *(.exceptions.entry.user)
 *(.exceptions.entry)
 .exceptions.entry
                0x00800020       0x54 ../lights_bsp//libhal_bsp.a(alt_exception_entry.o)
 *(.exceptions.irqtest.user)
 *(.exceptions.irqtest)
 .exceptions.irqtest
                0x00800074       0x10 ../lights_bsp//libhal_bsp.a(alt_irq_entry.o)
 *(.exceptions.irqhandler.user)
 *(.exceptions.irqhandler)
 .exceptions.irqhandler
                0x00800084        0x4 ../lights_bsp//libhal_bsp.a(alt_irq_entry.o)
 *(.exceptions.irqreturn.user)
 *(.exceptions.irqreturn)
 .exceptions.irqreturn
                0x00800088        0x4 ../lights_bsp//libhal_bsp.a(alt_irq_entry.o)
 *(.exceptions.notirq.label)
 .exceptions.notirq.label
                0x0080008c        0x0 ../lights_bsp//libhal_bsp.a(alt_irq_entry.o)
 *(.exceptions.notirq.user)
 *(.exceptions.notirq)
 .exceptions.notirq
                0x0080008c        0x8 ../lights_bsp//libhal_bsp.a(alt_exception_entry.o)
 *(.exceptions.soft.user)
 *(.exceptions.soft)
 *(.exceptions.unknown.user)
 *(.exceptions.unknown)
 .exceptions.unknown
                0x00800094        0x4 ../lights_bsp//libhal_bsp.a(alt_exception_entry.o)
 *(.exceptions.exit.label)
 .exceptions.exit.label
                0x00800098        0x0 ../lights_bsp//libhal_bsp.a(alt_irq_entry.o)
 .exceptions.exit.label
                0x00800098        0x0 ../lights_bsp//libhal_bsp.a(alt_exception_entry.o)
 *(.exceptions.exit.user)
 *(.exceptions.exit)
 .exceptions.exit
                0x00800098       0x54 ../lights_bsp//libhal_bsp.a(alt_exception_entry.o)
 *(.exceptions)
 .exceptions    0x008000ec       0xc8 ../lights_bsp//libhal_bsp.a(alt_irq_handler.o)
                0x008000ec                alt_irq_handler
                0x008001b4                PROVIDE (__ram_exceptions_end, ABSOLUTE (.))
                0x00800020                PROVIDE (__flash_exceptions_start, LOADADDR (.exceptions))

.text           0x008001b4    0x106e8
                0x008001b4                PROVIDE (stext, ABSOLUTE (.))
 *(.interp)
 *(.hash)
 *(.dynsym)
 *(.dynstr)
 *(.gnu.version)
 *(.gnu.version_d)
 *(.gnu.version_r)
 *(.rel.init)
 *(.rela.init)
 *(.rel.text .rel.text.* .rel.gnu.linkonce.t.*)
 *(.rela.text .rela.text.* .rela.gnu.linkonce.t.*)
 *(.rel.fini)
 *(.rela.fini)
 *(.rel.rodata .rel.rodata.* .rel.gnu.linkonce.r.*)
 *(.rela.rodata .rela.rodata.* .rela.gnu.linkonce.r.*)
 *(.rel.data .rel.data.* .rel.gnu.linkonce.d.*)
 *(.rela.data .rela.data.* .rela.gnu.linkonce.d.*)
 *(.rel.tdata .rel.tdata.* .rel.gnu.linkonce.td.*)
 *(.rela.tdata .rela.tdata.* .rela.gnu.linkonce.td.*)
 *(.rel.tbss .rel.tbss.* .rel.gnu.linkonce.tb.*)
 *(.rela.tbss .rela.tbss.* .rela.gnu.linkonce.tb.*)
 *(.rel.ctors)
 *(.rela.ctors)
 *(.rel.dtors)
 *(.rela.dtors)
 *(.rel.got)
 *(.rela.got)
 *(.rel.sdata .rel.sdata.* .rel.gnu.linkonce.s.*)
 *(.rela.sdata .rela.sdata.* .rela.gnu.linkonce.s.*)
 *(.rel.sbss .rel.sbss.* .rel.gnu.linkonce.sb.*)
 *(.rela.sbss .rela.sbss.* .rela.gnu.linkonce.sb.*)
 *(.rel.sdata2 .rel.sdata2.* .rel.gnu.linkonce.s2.*)
 *(.rela.sdata2 .rela.sdata2.* .rela.gnu.linkonce.s2.*)
 *(.rel.sbss2 .rel.sbss2.* .rel.gnu.linkonce.sb2.*)
 *(.rela.sbss2 .rela.sbss2.* .rela.gnu.linkonce.sb2.*)
 *(.rel.bss .rel.bss.* .rel.gnu.linkonce.b.*)
 *(.rela.bss .rela.bss.* .rela.gnu.linkonce.b.*)
 *(.rel.plt)
 *(.rela.plt)
 *(.rel.dyn)
 *(.init)
 *(.plt)
 *(.text .stub .text.* .gnu.linkonce.t.*)
 .text          0x008001b4       0x4c ../lights_bsp//obj/HAL/src/crt0.o
                0x008001b4                _start
 .text          0x00800200      0x3bc obj/default/LightsFunctions.o
                0x00800200                setUp
                0x00800234                hexOutputGeneric
                0x00800340                hexOutputNumber
                0x0080038c                hexOutputBlank
                0x008003c0                hexBlankAll
                0x0080040c                printRandom
                0x00800474                segmentCircle
                0x00800520                segmentCounter
 .text          0x008005bc       0x78 obj/default/Project.o
                0x008005bc                main
 .text          0x00800634      0x828 obj/default/VideoFunctions.o
                0x00800634                setUpImage
                0x008006c0                drawPixelFromArray
                0x008007a4                getPixelFromArray
                0x00800838                drawPixel
                0x0080087c                clearScreen
                0x008008ac                printCharToScreen
                0x00800920                displayImage
                0x0080099c                rotateImage
                0x00800b80                constantRotation
                0x00800bf0                scaleImage
                0x00800da0                shrinkAndResize
 .text          0x00800e5c       0xc0 /usr/local/3rdparty/altera/quartus12/nios2eds/bin/gnu/H-i686-pc-linux-gnu/bin/../lib/gcc/nios2-elf/4.1.2/../../../../nios2-elf/lib/libm.a(lib_a-sf_cos.o)
                0x00800e5c                cosf
 .text          0x00800f1c       0x9c /usr/local/3rdparty/altera/quartus12/nios2eds/bin/gnu/H-i686-pc-linux-gnu/bin/../lib/gcc/nios2-elf/4.1.2/../../../../nios2-elf/lib/libm.a(lib_a-sf_round.o)
                0x00800f1c                roundf
 .text          0x00800fb8       0xc0 /usr/local/3rdparty/altera/quartus12/nios2eds/bin/gnu/H-i686-pc-linux-gnu/bin/../lib/gcc/nios2-elf/4.1.2/../../../../nios2-elf/lib/libm.a(lib_a-sf_sin.o)
                0x00800fb8                sinf
 .text          0x00801078      0x53c /usr/local/3rdparty/altera/quartus12/nios2eds/bin/gnu/H-i686-pc-linux-gnu/bin/../lib/gcc/nios2-elf/4.1.2/../../../../nios2-elf/lib/libm.a(lib_a-ef_rem_pio2.o)
                0x00801078                __ieee754_rem_pio2f
 .text          0x008015b4      0x2bc /usr/local/3rdparty/altera/quartus12/nios2eds/bin/gnu/H-i686-pc-linux-gnu/bin/../lib/gcc/nios2-elf/4.1.2/../../../../nios2-elf/lib/libm.a(lib_a-kf_cos.o)
                0x008015b4                __kernel_cosf
 .text          0x00801870      0xa90 /usr/local/3rdparty/altera/quartus12/nios2eds/bin/gnu/H-i686-pc-linux-gnu/bin/../lib/gcc/nios2-elf/4.1.2/../../../../nios2-elf/lib/libm.a(lib_a-kf_rem_pio2.o)
                0x00801870                __kernel_rem_pio2f
 .text          0x00802300      0x1bc /usr/local/3rdparty/altera/quartus12/nios2eds/bin/gnu/H-i686-pc-linux-gnu/bin/../lib/gcc/nios2-elf/4.1.2/../../../../nios2-elf/lib/libm.a(lib_a-kf_sin.o)
                0x00802300                __kernel_sinf
 .text          0x008024bc       0x10 /usr/local/3rdparty/altera/quartus12/nios2eds/bin/gnu/H-i686-pc-linux-gnu/bin/../lib/gcc/nios2-elf/4.1.2/../../../../nios2-elf/lib/libm.a(lib_a-sf_fabs.o)
                0x008024bc                fabsf
 .text          0x008024cc      0x114 /usr/local/3rdparty/altera/quartus12/nios2eds/bin/gnu/H-i686-pc-linux-gnu/bin/../lib/gcc/nios2-elf/4.1.2/../../../../nios2-elf/lib/libm.a(lib_a-sf_floor.o)
                0x008024cc                floorf
 .text          0x008025e0      0x14c /usr/local/3rdparty/altera/quartus12/nios2eds/bin/gnu/H-i686-pc-linux-gnu/bin/../lib/gcc/nios2-elf/4.1.2/../../../../nios2-elf/lib/libm.a(lib_a-sf_scalbn.o)
                0x008025e0                scalbnf
 .text          0x0080272c       0x18 /usr/local/3rdparty/altera/quartus12/nios2eds/bin/gnu/H-i686-pc-linux-gnu/bin/../lib/gcc/nios2-elf/4.1.2/../../../../nios2-elf/lib/libm.a(lib_a-sf_copysign.o)
                0x0080272c                copysignf
 .text          0x00802744      0x2b8 /usr/local/3rdparty/altera/quartus12/nios2eds/bin/gnu/H-i686-pc-linux-gnu/bin/../lib/gcc/nios2-elf/4.1.2/libgcc.a(_addsub_sf.o)
                0x00802928                __subsf3
                0x00802998                __addsf3
 .text          0x008029fc      0x1e0 /usr/local/3rdparty/altera/quartus12/nios2eds/bin/gnu/H-i686-pc-linux-gnu/bin/../lib/gcc/nios2-elf/4.1.2/libgcc.a(_mul_sf.o)
                0x008029fc                __mulsf3
 .text          0x00802bdc       0x78 /usr/local/3rdparty/altera/quartus12/nios2eds/bin/gnu/H-i686-pc-linux-gnu/bin/../lib/gcc/nios2-elf/4.1.2/libgcc.a(_eq_sf.o)
                0x00802bdc                __eqsf2
 .text          0x00802c54       0x78 /usr/local/3rdparty/altera/quartus12/nios2eds/bin/gnu/H-i686-pc-linux-gnu/bin/../lib/gcc/nios2-elf/4.1.2/libgcc.a(_gt_sf.o)
                0x00802c54                __gtsf2
 .text          0x00802ccc       0x78 /usr/local/3rdparty/altera/quartus12/nios2eds/bin/gnu/H-i686-pc-linux-gnu/bin/../lib/gcc/nios2-elf/4.1.2/libgcc.a(_ge_sf.o)
                0x00802ccc                __gesf2
 .text          0x00802d44       0x78 /usr/local/3rdparty/altera/quartus12/nios2eds/bin/gnu/H-i686-pc-linux-gnu/bin/../lib/gcc/nios2-elf/4.1.2/libgcc.a(_lt_sf.o)
                0x00802d44                __ltsf2
 .text          0x00802dbc       0x78 /usr/local/3rdparty/altera/quartus12/nios2eds/bin/gnu/H-i686-pc-linux-gnu/bin/../lib/gcc/nios2-elf/4.1.2/libgcc.a(_le_sf.o)
                0x00802dbc                __lesf2
 .text          0x00802e34       0x98 /usr/local/3rdparty/altera/quartus12/nios2eds/bin/gnu/H-i686-pc-linux-gnu/bin/../lib/gcc/nios2-elf/4.1.2/libgcc.a(_si_to_sf.o)
                0x00802e34                __floatsisf
 .text          0x00802ecc       0x94 /usr/local/3rdparty/altera/quartus12/nios2eds/bin/gnu/H-i686-pc-linux-gnu/bin/../lib/gcc/nios2-elf/4.1.2/libgcc.a(_sf_to_si.o)
                0x00802ecc                __fixsfsi
 .text          0x00802f60        0x0 /usr/local/3rdparty/altera/quartus12/nios2eds/bin/gnu/H-i686-pc-linux-gnu/bin/../lib/gcc/nios2-elf/4.1.2/libgcc.a(_thenan_sf.o)
 .text          0x00802f60      0x14c /usr/local/3rdparty/altera/quartus12/nios2eds/bin/gnu/H-i686-pc-linux-gnu/bin/../lib/gcc/nios2-elf/4.1.2/libgcc.a(lib2-divmod.o)
                0x00802fdc                __divsi3
                0x0080303c                __modsi3
                0x0080309c                __udivsi3
                0x008030a4                __umodsi3
 .text          0x008030ac       0x98 /usr/local/3rdparty/altera/quartus12/nios2eds/bin/gnu/H-i686-pc-linux-gnu/bin/../lib/gcc/nios2-elf/4.1.2/libgcc.a(_muldi3.o)
                0x008030ac                __muldi3
 .text          0x00803144       0x80 /usr/local/3rdparty/altera/quartus12/nios2eds/bin/gnu/H-i686-pc-linux-gnu/bin/../lib/gcc/nios2-elf/4.1.2/libgcc.a(_clzsi2.o)
                0x00803144                __clzsi2
 .text          0x008031c4      0x160 /usr/local/3rdparty/altera/quartus12/nios2eds/bin/gnu/H-i686-pc-linux-gnu/bin/../lib/gcc/nios2-elf/4.1.2/libgcc.a(_pack_sf.o)
                0x008031c4                __pack_f
 .text          0x00803324       0xc8 /usr/local/3rdparty/altera/quartus12/nios2eds/bin/gnu/H-i686-pc-linux-gnu/bin/../lib/gcc/nios2-elf/4.1.2/libgcc.a(_unpack_sf.o)
                0x00803324                __unpack_f
 .text          0x008033ec       0xa8 /usr/local/3rdparty/altera/quartus12/nios2eds/bin/gnu/H-i686-pc-linux-gnu/bin/../lib/gcc/nios2-elf/4.1.2/libgcc.a(_fpcmp_parts_sf.o)
                0x008033ec                __fpcmp_parts_f
 .text          0x00803494        0x0 /usr/local/3rdparty/altera/quartus12/nios2eds/bin/gnu/H-i686-pc-linux-gnu/bin/../lib/gcc/nios2-elf/4.1.2/libgcc.a(_clz.o)
 .text          0x00803494      0x110 /usr/local/3rdparty/altera/quartus12/nios2eds/bin/gnu/H-i686-pc-linux-gnu/bin/../lib/gcc/nios2-elf/4.1.2/../../../../nios2-elf/lib/libc.a(lib_a-fopen.o)
                0x00803494                _fopen_r
                0x00803588                fopen
 .text          0x008035a4      0x23c /usr/local/3rdparty/altera/quartus12/nios2eds/bin/gnu/H-i686-pc-linux-gnu/bin/../lib/gcc/nios2-elf/4.1.2/../../../../nios2-elf/lib/libc.a(lib_a-fread.o)
                0x008035a4                _fread_r
                0x008037a0                fread
 .text          0x008037e0      0x440 /usr/local/3rdparty/altera/quartus12/nios2eds/bin/gnu/H-i686-pc-linux-gnu/bin/../lib/gcc/nios2-elf/4.1.2/../../../../nios2-elf/lib/libc.a(lib_a-freer.o)
                0x008037e0                _malloc_trim_r
                0x0080390c                _free_r
 .text          0x00803c20      0x460 /usr/local/3rdparty/altera/quartus12/nios2eds/bin/gnu/H-i686-pc-linux-gnu/bin/../lib/gcc/nios2-elf/4.1.2/../../../../nios2-elf/lib/libc.a(lib_a-fseek.o)
                0x00803c20                _fseek_r
                0x0080405c                fseek
 .text          0x00804080       0x74 /usr/local/3rdparty/altera/quartus12/nios2eds/bin/gnu/H-i686-pc-linux-gnu/bin/../lib/gcc/nios2-elf/4.1.2/../../../../nios2-elf/lib/libc.a(lib_a-fstatr.o)
                0x00804080                _fstat_r
 .text          0x008040f4       0xdc /usr/local/3rdparty/altera/quartus12/nios2eds/bin/gnu/H-i686-pc-linux-gnu/bin/../lib/gcc/nios2-elf/4.1.2/../../../../nios2-elf/lib/libc.a(lib_a-fwrite.o)
                0x008040f4                _fwrite_r
                0x00804190                fwrite
 .text          0x008041d0        0x0 /usr/local/3rdparty/altera/quartus12/nios2eds/bin/gnu/H-i686-pc-linux-gnu/bin/../lib/gcc/nios2-elf/4.1.2/../../../../nios2-elf/lib/libc.a(lib_a-impure.o)
 .text          0x008041d0        0x0 /usr/local/3rdparty/altera/quartus12/nios2eds/bin/gnu/H-i686-pc-linux-gnu/bin/../lib/gcc/nios2-elf/4.1.2/../../../../nios2-elf/lib/libc.a(lib_a-int_errno.o)
 .text          0x008041d0      0x194 /usr/local/3rdparty/altera/quartus12/nios2eds/bin/gnu/H-i686-pc-linux-gnu/bin/../lib/gcc/nios2-elf/4.1.2/../../../../nios2-elf/lib/libc.a(lib_a-makebuf.o)
                0x008041d0                __smakebuf_r
 .text          0x00804364       0x28 /usr/local/3rdparty/altera/quartus12/nios2eds/bin/gnu/H-i686-pc-linux-gnu/bin/../lib/gcc/nios2-elf/4.1.2/../../../../nios2-elf/lib/libc.a(lib_a-malloc.o)
                0x00804364                free
                0x00804378                malloc
 .text          0x0080438c      0x740 /usr/local/3rdparty/altera/quartus12/nios2eds/bin/gnu/H-i686-pc-linux-gnu/bin/../lib/gcc/nios2-elf/4.1.2/../../../../nios2-elf/lib/libc.a(lib_a-mallocr.o)
                0x0080438c                _malloc_r
 .text          0x00804acc       0xa0 /usr/local/3rdparty/altera/quartus12/nios2eds/bin/gnu/H-i686-pc-linux-gnu/bin/../lib/gcc/nios2-elf/4.1.2/../../../../nios2-elf/lib/libc.a(lib_a-memcpy.o)
                0x00804acc                memcpy
 .text          0x00804b6c       0x78 /usr/local/3rdparty/altera/quartus12/nios2eds/bin/gnu/H-i686-pc-linux-gnu/bin/../lib/gcc/nios2-elf/4.1.2/../../../../nios2-elf/lib/libc.a(lib_a-openr.o)
                0x00804b6c                _open_r
 .text          0x00804be4       0x80 /usr/local/3rdparty/altera/quartus12/nios2eds/bin/gnu/H-i686-pc-linux-gnu/bin/../lib/gcc/nios2-elf/4.1.2/../../../../nios2-elf/lib/libc.a(lib_a-perror.o)
                0x00804be4                _perror_r
                0x00804c50                perror
 .text          0x00804c64       0xb4 /usr/local/3rdparty/altera/quartus12/nios2eds/bin/gnu/H-i686-pc-linux-gnu/bin/../lib/gcc/nios2-elf/4.1.2/../../../../nios2-elf/lib/libc.a(lib_a-puts.o)
                0x00804c64                _puts_r
                0x00804d04                puts
 .text          0x00804d18       0x94 /usr/local/3rdparty/altera/quartus12/nios2eds/bin/gnu/H-i686-pc-linux-gnu/bin/../lib/gcc/nios2-elf/4.1.2/../../../../nios2-elf/lib/libc.a(lib_a-rand.o)
                0x00804d18                srand
                0x00804d34                rand
 .text          0x00804dac      0x1e0 /usr/local/3rdparty/altera/quartus12/nios2eds/bin/gnu/H-i686-pc-linux-gnu/bin/../lib/gcc/nios2-elf/4.1.2/../../../../nios2-elf/lib/libc.a(lib_a-refill.o)
                0x00804dac                __srefill_r
 .text          0x00804f8c       0x70 /usr/local/3rdparty/altera/quartus12/nios2eds/bin/gnu/H-i686-pc-linux-gnu/bin/../lib/gcc/nios2-elf/4.1.2/../../../../nios2-elf/lib/libc.a(lib_a-sbrkr.o)
                0x00804f8c                _sbrk_r
 .text          0x00804ffc      0x14c /usr/local/3rdparty/altera/quartus12/nios2eds/bin/gnu/H-i686-pc-linux-gnu/bin/../lib/gcc/nios2-elf/4.1.2/../../../../nios2-elf/lib/libc.a(lib_a-stdio.o)
                0x00804ffc                __sclose
                0x00805004                __sseek
                0x0080506c                __swrite
                0x008050e8                __sread
 .text          0x00805148      0x674 /usr/local/3rdparty/altera/quartus12/nios2eds/bin/gnu/H-i686-pc-linux-gnu/bin/../lib/gcc/nios2-elf/4.1.2/../../../../nios2-elf/lib/libc.a(lib_a-strerror.o)
                0x00805148                strerror
 .text          0x008057bc       0x74 /usr/local/3rdparty/altera/quartus12/nios2eds/bin/gnu/H-i686-pc-linux-gnu/bin/../lib/gcc/nios2-elf/4.1.2/../../../../nios2-elf/lib/libc.a(lib_a-strlen.o)
                0x008057bc                strlen
 .text          0x00805830       0x5c /usr/local/3rdparty/altera/quartus12/nios2eds/bin/gnu/H-i686-pc-linux-gnu/bin/../lib/gcc/nios2-elf/4.1.2/../../../../nios2-elf/lib/libc.a(lib_a-time.o)
                0x00805830                time
 .text          0x0080588c        0x8 /usr/local/3rdparty/altera/quartus12/nios2eds/bin/gnu/H-i686-pc-linux-gnu/bin/../lib/gcc/nios2-elf/4.1.2/../../../../nios2-elf/lib/libc.a(lib_a-u_strerr.o)
                0x0080588c                _user_strerror
 .text          0x00805894       0x78 /usr/local/3rdparty/altera/quartus12/nios2eds/bin/gnu/H-i686-pc-linux-gnu/bin/../lib/gcc/nios2-elf/4.1.2/../../../../nios2-elf/lib/libc.a(lib_a-writer.o)
                0x00805894                _write_r
 .text          0x0080590c       0x70 /usr/local/3rdparty/altera/quartus12/nios2eds/bin/gnu/H-i686-pc-linux-gnu/bin/../lib/gcc/nios2-elf/4.1.2/../../../../nios2-elf/lib/libc.a(lib_a-closer.o)
                0x0080590c                _close_r
 .text          0x0080597c      0x230 /usr/local/3rdparty/altera/quartus12/nios2eds/bin/gnu/H-i686-pc-linux-gnu/bin/../lib/gcc/nios2-elf/4.1.2/../../../../nios2-elf/lib/libc.a(lib_a-fflush.o)
                0x0080597c                _fflush_r
                0x00805b78                fflush
 .text          0x00805bac      0x2c0 /usr/local/3rdparty/altera/quartus12/nios2eds/bin/gnu/H-i686-pc-linux-gnu/bin/../lib/gcc/nios2-elf/4.1.2/../../../../nios2-elf/lib/libc.a(lib_a-findfp.o)
                0x00805c04                __sfp_lock_acquire
                0x00805c08                __sfp_lock_release
                0x00805c0c                __sinit_lock_acquire
                0x00805c10                __sinit_lock_release
                0x00805c14                __sinit
                0x00805cc8                __fp_unlock_all
                0x00805ce0                __fp_lock_all
                0x00805cf8                _cleanup_r
                0x00805d04                _cleanup
                0x00805d14                __sfmoreglue
                0x00805d7c                __sfp
 .text          0x00805e6c       0xa0 /usr/local/3rdparty/altera/quartus12/nios2eds/bin/gnu/H-i686-pc-linux-gnu/bin/../lib/gcc/nios2-elf/4.1.2/../../../../nios2-elf/lib/libc.a(lib_a-flags.o)
                0x00805e6c                __sflags
 .text          0x00805f0c       0xbc /usr/local/3rdparty/altera/quartus12/nios2eds/bin/gnu/H-i686-pc-linux-gnu/bin/../lib/gcc/nios2-elf/4.1.2/../../../../nios2-elf/lib/libc.a(lib_a-fputc.o)
                0x00805f0c                fputc
                0x00805f70                _fputc_r
 .text          0x00805fc8       0x90 /usr/local/3rdparty/altera/quartus12/nios2eds/bin/gnu/H-i686-pc-linux-gnu/bin/../lib/gcc/nios2-elf/4.1.2/../../../../nios2-elf/lib/libc.a(lib_a-fputs.o)
                0x00805fc8                _fputs_r
                0x0080603c                fputs
 .text          0x00806058      0x49c /usr/local/3rdparty/altera/quartus12/nios2eds/bin/gnu/H-i686-pc-linux-gnu/bin/../lib/gcc/nios2-elf/4.1.2/../../../../nios2-elf/lib/libc.a(lib_a-fvwrite.o)
                0x00806058                __sfvwrite_r
 .text          0x008064f4      0x180 /usr/local/3rdparty/altera/quartus12/nios2eds/bin/gnu/H-i686-pc-linux-gnu/bin/../lib/gcc/nios2-elf/4.1.2/../../../../nios2-elf/lib/libc.a(lib_a-fwalk.o)
                0x008064f4                _fwalk_reent
                0x008065bc                _fwalk
 .text          0x00806674       0x74 /usr/local/3rdparty/altera/quartus12/nios2eds/bin/gnu/H-i686-pc-linux-gnu/bin/../lib/gcc/nios2-elf/4.1.2/../../../../nios2-elf/lib/libc.a(lib_a-gettimeofdayr.o)
                0x00806674                _gettimeofday_r
 .text          0x008066e8       0x70 /usr/local/3rdparty/altera/quartus12/nios2eds/bin/gnu/H-i686-pc-linux-gnu/bin/../lib/gcc/nios2-elf/4.1.2/../../../../nios2-elf/lib/libc.a(lib_a-isattyr.o)
                0x008066e8                _isatty_r
 .text          0x00806758       0x78 /usr/local/3rdparty/altera/quartus12/nios2eds/bin/gnu/H-i686-pc-linux-gnu/bin/../lib/gcc/nios2-elf/4.1.2/../../../../nios2-elf/lib/libc.a(lib_a-lseekr.o)
                0x00806758                _lseek_r
 .text          0x008067d0       0xe4 /usr/local/3rdparty/altera/quartus12/nios2eds/bin/gnu/H-i686-pc-linux-gnu/bin/../lib/gcc/nios2-elf/4.1.2/../../../../nios2-elf/lib/libc.a(lib_a-memchr.o)
                0x008067d0                memchr
 .text          0x008068b4       0xe0 /usr/local/3rdparty/altera/quartus12/nios2eds/bin/gnu/H-i686-pc-linux-gnu/bin/../lib/gcc/nios2-elf/4.1.2/../../../../nios2-elf/lib/libc.a(lib_a-memmove.o)
                0x008068b4                memmove
 .text          0x00806994       0x98 /usr/local/3rdparty/altera/quartus12/nios2eds/bin/gnu/H-i686-pc-linux-gnu/bin/../lib/gcc/nios2-elf/4.1.2/../../../../nios2-elf/lib/libc.a(lib_a-memset.o)
                0x00806994                memset
 .text          0x00806a2c      0x1ec /usr/local/3rdparty/altera/quartus12/nios2eds/bin/gnu/H-i686-pc-linux-gnu/bin/../lib/gcc/nios2-elf/4.1.2/../../../../nios2-elf/lib/libc.a(lib_a-putc.o)
                0x00806a2c                putc
                0x00806b30                _putc_r
 .text          0x00806c18       0x78 /usr/local/3rdparty/altera/quartus12/nios2eds/bin/gnu/H-i686-pc-linux-gnu/bin/../lib/gcc/nios2-elf/4.1.2/../../../../nios2-elf/lib/libc.a(lib_a-readr.o)
                0x00806c18                _read_r
 .text          0x00806c90      0x5f4 /usr/local/3rdparty/altera/quartus12/nios2eds/bin/gnu/H-i686-pc-linux-gnu/bin/../lib/gcc/nios2-elf/4.1.2/../../../../nios2-elf/lib/libc.a(lib_a-reallocr.o)
                0x00806c90                _realloc_r
 .text          0x00807284      0x14c /usr/local/3rdparty/altera/quartus12/nios2eds/bin/gnu/H-i686-pc-linux-gnu/bin/../lib/gcc/nios2-elf/4.1.2/../../../../nios2-elf/lib/libc.a(lib_a-wbuf.o)
                0x00807284                __swbuf_r
                0x008073b4                __swbuf
 .text          0x008073d0      0x13c /usr/local/3rdparty/altera/quartus12/nios2eds/bin/gnu/H-i686-pc-linux-gnu/bin/../lib/gcc/nios2-elf/4.1.2/../../../../nios2-elf/lib/libc.a(lib_a-wsetup.o)
                0x008073d0                __swsetup_r
 .text          0x0080750c      0x124 /usr/local/3rdparty/altera/quartus12/nios2eds/bin/gnu/H-i686-pc-linux-gnu/bin/../lib/gcc/nios2-elf/4.1.2/../../../../nios2-elf/lib/libc.a(lib_a-fclose.o)
                0x0080750c                _fclose_r
                0x0080761c                fclose
 .text          0x00807630      0x15c ../lights_bsp//libhal_bsp.a(alt_close.o)
                0x00807630                close
 .text          0x0080778c       0x2c ../lights_bsp//libhal_bsp.a(alt_dev.o)
 .text          0x008077b8        0x0 ../lights_bsp//libhal_bsp.a(alt_errno.o)
 .text          0x008077b8      0x134 ../lights_bsp//libhal_bsp.a(alt_fstat.o)
                0x008077b8                fstat
 .text          0x008078ec      0x21c ../lights_bsp//libhal_bsp.a(alt_gettod.o)
                0x008078ec                gettimeofday
 .text          0x00807b08      0x120 ../lights_bsp//libhal_bsp.a(alt_isatty.o)
                0x00807b08                isatty
 .text          0x00807c28       0xec ../lights_bsp//libhal_bsp.a(alt_load.o)
                0x00807c28                alt_load
 .text          0x00807d14      0x150 ../lights_bsp//libhal_bsp.a(alt_lseek.o)
                0x00807d14                lseek
 .text          0x00807e64       0x6c ../lights_bsp//libhal_bsp.a(alt_main.o)
                0x00807e64                alt_main
 .text          0x00807ed0       0x40 ../lights_bsp//libhal_bsp.a(alt_malloc_lock.o)
                0x00807ed0                __malloc_lock
                0x00807ef0                __malloc_unlock
 .text          0x00807f10      0x2c4 ../lights_bsp//libhal_bsp.a(alt_open.o)
                0x00807fec                open
 .text          0x008081d4      0x180 ../lights_bsp//libhal_bsp.a(alt_read.o)
                0x008081d4                read
 .text          0x00808354       0x60 ../lights_bsp//libhal_bsp.a(alt_release_fd.o)
                0x00808354                alt_release_fd
 .text          0x008083b4       0xbc ../lights_bsp//libhal_bsp.a(alt_sbrk.o)
                0x008083b4                sbrk
 .text          0x00808470      0x1a4 ../lights_bsp//libhal_bsp.a(alt_tick.o)
                0x00808470                alt_alarm_stop
                0x00808508                alt_tick
 .text          0x00808614       0x30 ../lights_bsp//libhal_bsp.a(alt_usleep.o)
                0x00808614                usleep
 .text          0x00808644      0x180 ../lights_bsp//libhal_bsp.a(alt_write.o)
                0x00808644                write
 .text          0x008087c4      0x3a8 ../lights_bsp//libhal_bsp.a(alt_sys_init.o)
                0x008087c4                alt_irq_init
                0x008087f8                alt_sys_init
 .text          0x00808b6c      0x8c8 ../lights_bsp//libhal_bsp.a(altera_avalon_cfi_flash.o)
                0x00808b6c                alt_flash_cfi_init
                0x00808c40                alt_flash_cfi_write
                0x00808f00                alt_flash_cfi_get_info
                0x00808f90                alt_flash_cfi_read
                0x00808ff8                alt_write_value_to_flash
                0x0080915c                alt_flash_program_block
 .text          0x00809434     0x1448 ../lights_bsp//libhal_bsp.a(altera_avalon_cfi_flash_table.o)
                0x00809434                alt_read_query_entry_8bit
                0x00809474                alt_read_query_entry_16bit
                0x008094b8                alt_read_query_entry_32bit
                0x00809500                alt_write_flash_command_8bit_device_8bit_mode
                0x0080953c                alt_write_flash_command_16bit_device_8bit_mode
                0x008095b8                alt_write_flash_command_32bit_device_8bit_mode
                0x00809600                alt_write_flash_command_16bit_device_16bit_mode
                0x00809644                alt_write_flash_command_32bit_device_16bit_mode
                0x0080968c                alt_write_flash_command_32bit_device_32bit_mode
                0x008096d4                alt_write_native_8bit
                0x00809708                alt_write_native_16bit
                0x0080973c                alt_write_native_32bit
                0x0080976c                alt_set_flash_width_func
                0x0080994c                alt_set_flash_algorithm_func
                0x00809a74                alt_read_cfi_table
                0x00809ff4                alt_read_cfi_width
                0x0080a7a0                alt_check_primary_table
 .text          0x0080a87c      0x148 ../lights_bsp//libhal_bsp.a(altera_avalon_jtag_uart_fd.o)
                0x0080a87c                altera_avalon_jtag_uart_read_fd
                0x0080a8d4                altera_avalon_jtag_uart_write_fd
                0x0080a92c                altera_avalon_jtag_uart_close_fd
                0x0080a974                altera_avalon_jtag_uart_ioctl_fd
 .text          0x0080a9c4      0x40c ../lights_bsp//libhal_bsp.a(altera_avalon_jtag_uart_init.o)
                0x0080a9c4                altera_avalon_jtag_uart_init
                0x0080ad5c                altera_avalon_jtag_uart_close
 .text          0x0080add0       0xf4 ../lights_bsp//libhal_bsp.a(altera_avalon_jtag_uart_ioctl.o)
                0x0080add0                altera_avalon_jtag_uart_ioctl
 .text          0x0080aec4      0x224 ../lights_bsp//libhal_bsp.a(altera_avalon_jtag_uart_read.o)
                0x0080aec4                altera_avalon_jtag_uart_read
 .text          0x0080b0e8      0x240 ../lights_bsp//libhal_bsp.a(altera_avalon_jtag_uart_write.o)
                0x0080b0e8                altera_avalon_jtag_uart_write
 .text          0x0080b328      0xee8 ../lights_bsp//libhal_bsp.a(altera_avalon_lcd_16207.o)
                0x0080bafc                altera_avalon_lcd_16207_write
                0x0080c0d4                altera_avalon_lcd_16207_init
 .text          0x0080c210       0x58 ../lights_bsp//libhal_bsp.a(altera_avalon_lcd_16207_fd.o)
                0x0080c210                altera_avalon_lcd_16207_write_fd
 .text          0x0080c268      0xb70 ../lights_bsp//libhal_bsp.a(altera_ro_zipfs.o)
                0x0080c4dc                check_directory_header
                0x0080ca34                alt_ro_zipfs_open
                0x0080cacc                alt_ro_zipfs_read
                0x0080cbc8                alt_ro_zipfs_seek
                0x0080cd10                alt_ro_zipfs_fstat
                0x0080cd80                alt_ro_zipfs_check_valid
 .text          0x0080cdd8      0x304 ../lights_bsp//libhal_bsp.a(altera_up_avalon_video_character_buffer_with_dma.o)
                0x0080cdd8                alt_up_char_buffer_init
                0x0080ce5c                alt_up_char_buffer_open_dev
                0x0080ce9c                alt_up_char_buffer_draw
                0x0080cf6c                alt_up_char_buffer_string
                0x0080d080                alt_up_char_buffer_clear
 .text          0x0080d0dc     0x156c ../lights_bsp//libhal_bsp.a(altera_up_avalon_video_pixel_buffer_dma.o)
                0x0080d0dc                alt_up_pixel_buffer_dma_open_dev
                0x0080d11c                alt_up_pixel_buffer_dma_draw
                0x0080d2bc                alt_up_pixel_buffer_dma_change_back_buffer_address
                0x0080d314                alt_up_pixel_buffer_dma_swap_buffers
                0x0080d36c                alt_up_pixel_buffer_dma_check_swap_buffers_status
                0x0080d3a0                alt_up_pixel_buffer_dma_clear_screen
                0x0080d504                alt_up_pixel_buffer_dma_draw_box
                0x0080d9f8                alt_up_pixel_buffer_dma_draw_hline
                0x0080dd48                alt_up_pixel_buffer_dma_draw_vline
                0x0080e118                alt_up_pixel_buffer_dma_draw_rectangle
                0x0080e1dc                helper_plot_pixel
                0x0080e2ac                alt_up_pixel_buffer_dma_draw_line
 .text          0x0080e648      0x154 ../lights_bsp//libhal_bsp.a(alt_alarm_start.o)
                0x0080e648                alt_alarm_start
 .text          0x0080e79c      0x14c ../lights_bsp//libhal_bsp.a(alt_busy_sleep.o)
                0x0080e79c                alt_busy_sleep
 .text          0x0080e8e8       0x78 ../lights_bsp//libhal_bsp.a(alt_dcache_flush.o)
                0x0080e8e8                alt_dcache_flush
 .text          0x0080e960       0x44 ../lights_bsp//libhal_bsp.a(alt_dcache_flush_all.o)
                0x0080e960                alt_dcache_flush_all
 .text          0x0080e9a4      0x114 ../lights_bsp//libhal_bsp.a(alt_dev_llist_insert.o)
                0x0080e9a4                alt_dev_llist_insert
 .text          0x0080eab8       0x64 ../lights_bsp//libhal_bsp.a(alt_do_ctors.o)
                0x0080eab8                _do_ctors
 .text          0x0080eb1c       0x64 ../lights_bsp//libhal_bsp.a(alt_do_dtors.o)
                0x0080eb1c                _do_dtors
 .text          0x0080eb80       0x94 ../lights_bsp//libhal_bsp.a(alt_find_dev.o)
                0x0080eb80                alt_find_dev
 .text          0x0080ec14      0x120 ../lights_bsp//libhal_bsp.a(alt_find_file.o)
                0x0080ec14                alt_find_file
 .text          0x0080ed34       0xd0 ../lights_bsp//libhal_bsp.a(alt_flash_dev.o)
                0x0080ed34                alt_flash_open_dev
                0x0080edb0                alt_flash_close_dev
 .text          0x0080ee04       0x90 ../lights_bsp//libhal_bsp.a(alt_fs_reg.o)
                0x0080ee04                alt_fs_reg
 .text          0x0080ee94       0xb8 ../lights_bsp//libhal_bsp.a(alt_get_fd.o)
                0x0080ee94                alt_get_fd
 .text          0x0080ef4c       0x30 ../lights_bsp//libhal_bsp.a(alt_icache_flush_all.o)
                0x0080ef4c                alt_icache_flush_all
 .text          0x0080ef7c      0x1d4 ../lights_bsp//libhal_bsp.a(alt_iic.o)
                0x0080ef7c                alt_ic_isr_register
                0x0080efcc                alt_ic_irq_enable
                0x0080f068                alt_ic_irq_disable
                0x0080f108                alt_ic_irq_enabled
 .text          0x0080f150       0xf8 ../lights_bsp//libhal_bsp.a(alt_iic_isr_register.o)
                0x0080f150                alt_iic_isr_register
 .text          0x0080f248      0x13c ../lights_bsp//libhal_bsp.a(alt_io_redirect.o)
                0x0080f30c                alt_io_redirect
 .text          0x0080f384        0x0 ../lights_bsp//libhal_bsp.a(alt_irq_entry.o)
 .text          0x0080f384        0x0 ../lights_bsp//libhal_bsp.a(alt_irq_handler.o)
 .text          0x0080f384        0x0 ../lights_bsp//libhal_bsp.a(alt_irq_vars.o)
 .text          0x0080f384       0x20 ../lights_bsp//libhal_bsp.a(altera_nios2_irq.o)
                0x0080f384                altera_nios2_irq_init
 .text          0x0080f3a4      0x460 ../lights_bsp//libhal_bsp.a(altera_avalon_cfi_flash_amd.o)
                0x0080f3a4                alt_program_amd
                0x0080f40c                alt_erase_block_amd
 .text          0x0080f804      0x460 ../lights_bsp//libhal_bsp.a(altera_avalon_cfi_flash_intel.o)
                0x0080f804                alt_program_intel
                0x0080f888                alt_erase_block_intel
 .text          0x0080fc64        0x0 ../lights_bsp//libhal_bsp.a(alt_exception_entry.o)
 .text          0x0080fc64       0x90 ../lights_bsp//libhal_bsp.a(alt_icache_flush.o)
                0x0080fc64                alt_icache_flush
 .text          0x0080fcf4       0x14 /usr/local/3rdparty/altera/quartus12/nios2eds/bin/gnu/H-i686-pc-linux-gnu/bin/../lib/gcc/nios2-elf/4.1.2/../../../../nios2-elf/lib/libc.a(lib_a-atexit.o)
                0x0080fcf4                atexit
 .text          0x0080fd08        0x0 /usr/local/3rdparty/altera/quartus12/nios2eds/bin/gnu/H-i686-pc-linux-gnu/bin/../lib/gcc/nios2-elf/4.1.2/../../../../nios2-elf/lib/libc.a(lib_a-ctype_.o)
 .text          0x0080fd08       0x38 /usr/local/3rdparty/altera/quartus12/nios2eds/bin/gnu/H-i686-pc-linux-gnu/bin/../lib/gcc/nios2-elf/4.1.2/../../../../nios2-elf/lib/libc.a(lib_a-exit.o)
                0x0080fd08                exit
 .text          0x0080fd40       0x74 /usr/local/3rdparty/altera/quartus12/nios2eds/bin/gnu/H-i686-pc-linux-gnu/bin/../lib/gcc/nios2-elf/4.1.2/../../../../nios2-elf/lib/libc.a(lib_a-memcmp.o)
                0x0080fd40                memcmp
 .text          0x0080fdb4       0xbc /usr/local/3rdparty/altera/quartus12/nios2eds/bin/gnu/H-i686-pc-linux-gnu/bin/../lib/gcc/nios2-elf/4.1.2/../../../../nios2-elf/lib/libc.a(lib_a-strcmp.o)
                0x0080fdb4                strcmp
 .text          0x0080fe70       0xf0 /usr/local/3rdparty/altera/quartus12/nios2eds/bin/gnu/H-i686-pc-linux-gnu/bin/../lib/gcc/nios2-elf/4.1.2/../../../../nios2-elf/lib/libc.a(lib_a-strncmp.o)
                0x0080fe70                strncmp
 .text          0x0080ff60      0x134 /usr/local/3rdparty/altera/quartus12/nios2eds/bin/gnu/H-i686-pc-linux-gnu/bin/../lib/gcc/nios2-elf/4.1.2/../../../../nios2-elf/lib/libc.a(lib_a-__atexit.o)
                0x0080ff60                __register_exitproc
 .text          0x00810094      0x1b4 /usr/local/3rdparty/altera/quartus12/nios2eds/bin/gnu/H-i686-pc-linux-gnu/bin/../lib/gcc/nios2-elf/4.1.2/../../../../nios2-elf/lib/libc.a(lib_a-__call_atexit.o)
                0x00810098                __call_exitprocs
 .text          0x00810248      0x5b0 /usr/local/3rdparty/altera/quartus12/nios2eds/bin/gnu/H-i686-pc-linux-gnu/bin/../lib/gcc/nios2-elf/4.1.2/libgcc.a(_umoddi3.o)
                0x00810248                __umoddi3
 .text          0x008107f8       0x60 ../lights_bsp//libhal_bsp.a(alt_exit.o)
                0x00810838                _exit
 *(.gnu.warning.*)
 *(.fini)
                0x00810858                PROVIDE (__etext, ABSOLUTE (.))
                0x00810858                PROVIDE (_etext, ABSOLUTE (.))
                0x00810858                PROVIDE (etext, ABSOLUTE (.))
 *(.eh_frame_hdr)
                0x00810858                . = ALIGN (0x4)
                0x00810858                PROVIDE (__preinit_array_start, ABSOLUTE (.))
 *(.preinit_array)
                0x00810858                PROVIDE (__preinit_array_end, ABSOLUTE (.))
                0x00810858                PROVIDE (__init_array_start, ABSOLUTE (.))
 *(.init_array)
                0x00810858                PROVIDE (__init_array_end, ABSOLUTE (.))
                0x00810858                PROVIDE (__fini_array_start, ABSOLUTE (.))
 *(.fini_array)
                0x00810858                PROVIDE (__fini_array_end, ABSOLUTE (.))
 *(.eh_frame)
 .eh_frame      0x00810858       0x40 /usr/local/3rdparty/altera/quartus12/nios2eds/bin/gnu/H-i686-pc-linux-gnu/bin/../lib/gcc/nios2-elf/4.1.2/libgcc.a(_umoddi3.o)
 *(.gcc_except_table)
 *(.dynamic)
                0x00810898                PROVIDE (__CTOR_LIST__, ABSOLUTE (.))
 *(.ctors)
 *(SORT(.ctors.*))
 .ctors.65535   0x00810898        0x4 /usr/local/3rdparty/altera/quartus12/nios2eds/bin/gnu/H-i686-pc-linux-gnu/bin/../lib/gcc/nios2-elf/4.1.2/../../../../nios2-elf/lib/libc.a(lib_a-__call_atexit.o)
                0x0081089c                PROVIDE (__CTOR_END__, ABSOLUTE (.))
                0x0081089c                PROVIDE (__DTOR_LIST__, ABSOLUTE (.))
 *(.dtors)
 *(SORT(.dtors.*))
                0x0081089c                PROVIDE (__DTOR_END__, ABSOLUTE (.))
 *(.jcr)
                0x0081089c                . = ALIGN (0x4)

.rodata         0x0081089c     0x115c
                0x0081089c                PROVIDE (__ram_rodata_start, ABSOLUTE (.))
                0x0081089c                . = ALIGN (0x4)
 *(.rodata .rodata.* .gnu.linkonce.r.*)
 .rodata        0x0081089c       0x28 obj/default/LightsFunctions.o
 .rodata        0x008108c4       0x64 obj/default/Project.o
 .rodata        0x00810928       0xd0 obj/default/VideoFunctions.o
 .rodata        0x008109f8      0x398 /usr/local/3rdparty/altera/quartus12/nios2eds/bin/gnu/H-i686-pc-linux-gnu/bin/../lib/gcc/nios2-elf/4.1.2/../../../../nios2-elf/lib/libm.a(lib_a-ef_rem_pio2.o)
 .rodata        0x00810d90       0x38 /usr/local/3rdparty/altera/quartus12/nios2eds/bin/gnu/H-i686-pc-linux-gnu/bin/../lib/gcc/nios2-elf/4.1.2/../../../../nios2-elf/lib/libm.a(lib_a-kf_rem_pio2.o)
 .rodata        0x00810dc8       0x10 /usr/local/3rdparty/altera/quartus12/nios2eds/bin/gnu/H-i686-pc-linux-gnu/bin/../lib/gcc/nios2-elf/4.1.2/libgcc.a(_thenan_sf.o)
                0x00810dc8                __thenan_sf
 .rodata        0x00810dd8      0x100 /usr/local/3rdparty/altera/quartus12/nios2eds/bin/gnu/H-i686-pc-linux-gnu/bin/../lib/gcc/nios2-elf/4.1.2/libgcc.a(_clz.o)
                0x00810dd8                __clz_tab
 .rodata.str1.4
                0x00810ed8        0x2 /usr/local/3rdparty/altera/quartus12/nios2eds/bin/gnu/H-i686-pc-linux-gnu/bin/../lib/gcc/nios2-elf/4.1.2/../../../../nios2-elf/lib/libc.a(lib_a-impure.o)
                                  0x4 (size before relaxing)
 *fill*         0x00810eda        0x2 00
 .rodata.str1.4
                0x00810edc        0x3 /usr/local/3rdparty/altera/quartus12/nios2eds/bin/gnu/H-i686-pc-linux-gnu/bin/../lib/gcc/nios2-elf/4.1.2/../../../../nios2-elf/lib/libc.a(lib_a-perror.o)
                                  0x4 (size before relaxing)
 *fill*         0x00810edf        0x1 00
 .rodata.str1.4
                0x00810ee0        0x2 /usr/local/3rdparty/altera/quartus12/nios2eds/bin/gnu/H-i686-pc-linux-gnu/bin/../lib/gcc/nios2-elf/4.1.2/../../../../nios2-elf/lib/libc.a(lib_a-puts.o)
                                  0x4 (size before relaxing)
 *fill*         0x00810ee2        0x2 00
 .rodata.str1.4
                0x00810ee4      0x7a4 /usr/local/3rdparty/altera/quartus12/nios2eds/bin/gnu/H-i686-pc-linux-gnu/bin/../lib/gcc/nios2-elf/4.1.2/../../../../nios2-elf/lib/libc.a(lib_a-strerror.o)
                                0x7a8 (size before relaxing)
 .rodata        0x00811688        0xc ../lights_bsp//libhal_bsp.a(alt_dev.o)
 .rodata        0x00811694       0x20 ../lights_bsp//libhal_bsp.a(alt_main.o)
 .rodata        0x008116b4       0xa4 ../lights_bsp//libhal_bsp.a(alt_sys_init.o)
 .rodata        0x00811758       0x1c ../lights_bsp//libhal_bsp.a(altera_up_avalon_video_character_buffer_with_dma.o)
 .rodata        0x00811774      0x281 /usr/local/3rdparty/altera/quartus12/nios2eds/bin/gnu/H-i686-pc-linux-gnu/bin/../lib/gcc/nios2-elf/4.1.2/../../../../nios2-elf/lib/libc.a(lib_a-ctype_.o)
                0x00811774                _ctype_
 *(.rodata1)
                0x008119f8                . = ALIGN (0x4)
 *fill*         0x008119f5        0x3 00
                0x008119f8                PROVIDE (__ram_rodata_end, ABSOLUTE (.))
                0x0081089c                PROVIDE (__flash_rodata_start, LOADADDR (.rodata))

.rwdata         0x008119f8     0x1d28 load address 0x00813720
                0x008119f8                PROVIDE (__ram_rwdata_start, ABSOLUTE (.))
                0x008119f8                . = ALIGN (0x4)
 *(.got.plt)
 *(.got)
 *(.data1)
 *(.data .data.* .gnu.linkonce.d.*)
 .data          0x008119f8        0x0 ../lights_bsp//obj/HAL/src/crt0.o
 .data          0x008119f8        0xb obj/default/LightsFunctions.o
                0x008119f8                sevenSegmentDisplay
 .data          0x00811a03        0x0 obj/default/Project.o
 .data          0x00811a03        0x0 obj/default/VideoFunctions.o
 .data          0x00811a03        0x0 /usr/local/3rdparty/altera/quartus12/nios2eds/bin/gnu/H-i686-pc-linux-gnu/bin/../lib/gcc/nios2-elf/4.1.2/../../../../nios2-elf/lib/libm.a(lib_a-sf_cos.o)
 .data          0x00811a03        0x0 /usr/local/3rdparty/altera/quartus12/nios2eds/bin/gnu/H-i686-pc-linux-gnu/bin/../lib/gcc/nios2-elf/4.1.2/../../../../nios2-elf/lib/libm.a(lib_a-sf_round.o)
 .data          0x00811a03        0x0 /usr/local/3rdparty/altera/quartus12/nios2eds/bin/gnu/H-i686-pc-linux-gnu/bin/../lib/gcc/nios2-elf/4.1.2/../../../../nios2-elf/lib/libm.a(lib_a-sf_sin.o)
 .data          0x00811a03        0x0 /usr/local/3rdparty/altera/quartus12/nios2eds/bin/gnu/H-i686-pc-linux-gnu/bin/../lib/gcc/nios2-elf/4.1.2/../../../../nios2-elf/lib/libm.a(lib_a-ef_rem_pio2.o)
 .data          0x00811a03        0x0 /usr/local/3rdparty/altera/quartus12/nios2eds/bin/gnu/H-i686-pc-linux-gnu/bin/../lib/gcc/nios2-elf/4.1.2/../../../../nios2-elf/lib/libm.a(lib_a-kf_cos.o)
 .data          0x00811a03        0x0 /usr/local/3rdparty/altera/quartus12/nios2eds/bin/gnu/H-i686-pc-linux-gnu/bin/../lib/gcc/nios2-elf/4.1.2/../../../../nios2-elf/lib/libm.a(lib_a-kf_rem_pio2.o)
 .data          0x00811a03        0x0 /usr/local/3rdparty/altera/quartus12/nios2eds/bin/gnu/H-i686-pc-linux-gnu/bin/../lib/gcc/nios2-elf/4.1.2/../../../../nios2-elf/lib/libm.a(lib_a-kf_sin.o)
 .data          0x00811a03        0x0 /usr/local/3rdparty/altera/quartus12/nios2eds/bin/gnu/H-i686-pc-linux-gnu/bin/../lib/gcc/nios2-elf/4.1.2/../../../../nios2-elf/lib/libm.a(lib_a-sf_fabs.o)
 .data          0x00811a03        0x0 /usr/local/3rdparty/altera/quartus12/nios2eds/bin/gnu/H-i686-pc-linux-gnu/bin/../lib/gcc/nios2-elf/4.1.2/../../../../nios2-elf/lib/libm.a(lib_a-sf_floor.o)
 .data          0x00811a03        0x0 /usr/local/3rdparty/altera/quartus12/nios2eds/bin/gnu/H-i686-pc-linux-gnu/bin/../lib/gcc/nios2-elf/4.1.2/../../../../nios2-elf/lib/libm.a(lib_a-sf_scalbn.o)
 .data          0x00811a03        0x0 /usr/local/3rdparty/altera/quartus12/nios2eds/bin/gnu/H-i686-pc-linux-gnu/bin/../lib/gcc/nios2-elf/4.1.2/../../../../nios2-elf/lib/libm.a(lib_a-sf_copysign.o)
 .data          0x00811a03        0x0 /usr/local/3rdparty/altera/quartus12/nios2eds/bin/gnu/H-i686-pc-linux-gnu/bin/../lib/gcc/nios2-elf/4.1.2/libgcc.a(_addsub_sf.o)
 .data          0x00811a03        0x0 /usr/local/3rdparty/altera/quartus12/nios2eds/bin/gnu/H-i686-pc-linux-gnu/bin/../lib/gcc/nios2-elf/4.1.2/libgcc.a(_mul_sf.o)
 .data          0x00811a03        0x0 /usr/local/3rdparty/altera/quartus12/nios2eds/bin/gnu/H-i686-pc-linux-gnu/bin/../lib/gcc/nios2-elf/4.1.2/libgcc.a(_eq_sf.o)
 .data          0x00811a03        0x0 /usr/local/3rdparty/altera/quartus12/nios2eds/bin/gnu/H-i686-pc-linux-gnu/bin/../lib/gcc/nios2-elf/4.1.2/libgcc.a(_gt_sf.o)
 .data          0x00811a03        0x0 /usr/local/3rdparty/altera/quartus12/nios2eds/bin/gnu/H-i686-pc-linux-gnu/bin/../lib/gcc/nios2-elf/4.1.2/libgcc.a(_ge_sf.o)
 .data          0x00811a03        0x0 /usr/local/3rdparty/altera/quartus12/nios2eds/bin/gnu/H-i686-pc-linux-gnu/bin/../lib/gcc/nios2-elf/4.1.2/libgcc.a(_lt_sf.o)
 .data          0x00811a03        0x0 /usr/local/3rdparty/altera/quartus12/nios2eds/bin/gnu/H-i686-pc-linux-gnu/bin/../lib/gcc/nios2-elf/4.1.2/libgcc.a(_le_sf.o)
 .data          0x00811a03        0x0 /usr/local/3rdparty/altera/quartus12/nios2eds/bin/gnu/H-i686-pc-linux-gnu/bin/../lib/gcc/nios2-elf/4.1.2/libgcc.a(_si_to_sf.o)
 .data          0x00811a03        0x0 /usr/local/3rdparty/altera/quartus12/nios2eds/bin/gnu/H-i686-pc-linux-gnu/bin/../lib/gcc/nios2-elf/4.1.2/libgcc.a(_sf_to_si.o)
 .data          0x00811a03        0x0 /usr/local/3rdparty/altera/quartus12/nios2eds/bin/gnu/H-i686-pc-linux-gnu/bin/../lib/gcc/nios2-elf/4.1.2/libgcc.a(_thenan_sf.o)
 .data          0x00811a03        0x0 /usr/local/3rdparty/altera/quartus12/nios2eds/bin/gnu/H-i686-pc-linux-gnu/bin/../lib/gcc/nios2-elf/4.1.2/libgcc.a(lib2-divmod.o)
 .data          0x00811a03        0x0 /usr/local/3rdparty/altera/quartus12/nios2eds/bin/gnu/H-i686-pc-linux-gnu/bin/../lib/gcc/nios2-elf/4.1.2/libgcc.a(_muldi3.o)
 .data          0x00811a03        0x0 /usr/local/3rdparty/altera/quartus12/nios2eds/bin/gnu/H-i686-pc-linux-gnu/bin/../lib/gcc/nios2-elf/4.1.2/libgcc.a(_clzsi2.o)
 .data          0x00811a03        0x0 /usr/local/3rdparty/altera/quartus12/nios2eds/bin/gnu/H-i686-pc-linux-gnu/bin/../lib/gcc/nios2-elf/4.1.2/libgcc.a(_pack_sf.o)
 .data          0x00811a03        0x0 /usr/local/3rdparty/altera/quartus12/nios2eds/bin/gnu/H-i686-pc-linux-gnu/bin/../lib/gcc/nios2-elf/4.1.2/libgcc.a(_unpack_sf.o)
 .data          0x00811a03        0x0 /usr/local/3rdparty/altera/quartus12/nios2eds/bin/gnu/H-i686-pc-linux-gnu/bin/../lib/gcc/nios2-elf/4.1.2/libgcc.a(_fpcmp_parts_sf.o)
 .data          0x00811a03        0x0 /usr/local/3rdparty/altera/quartus12/nios2eds/bin/gnu/H-i686-pc-linux-gnu/bin/../lib/gcc/nios2-elf/4.1.2/libgcc.a(_clz.o)
 .data          0x00811a03        0x0 /usr/local/3rdparty/altera/quartus12/nios2eds/bin/gnu/H-i686-pc-linux-gnu/bin/../lib/gcc/nios2-elf/4.1.2/../../../../nios2-elf/lib/libc.a(lib_a-fopen.o)
 .data          0x00811a03        0x0 /usr/local/3rdparty/altera/quartus12/nios2eds/bin/gnu/H-i686-pc-linux-gnu/bin/../lib/gcc/nios2-elf/4.1.2/../../../../nios2-elf/lib/libc.a(lib_a-fread.o)
 .data          0x00811a03        0x0 /usr/local/3rdparty/altera/quartus12/nios2eds/bin/gnu/H-i686-pc-linux-gnu/bin/../lib/gcc/nios2-elf/4.1.2/../../../../nios2-elf/lib/libc.a(lib_a-freer.o)
 .data          0x00811a03        0x0 /usr/local/3rdparty/altera/quartus12/nios2eds/bin/gnu/H-i686-pc-linux-gnu/bin/../lib/gcc/nios2-elf/4.1.2/../../../../nios2-elf/lib/libc.a(lib_a-fseek.o)
 .data          0x00811a03        0x0 /usr/local/3rdparty/altera/quartus12/nios2eds/bin/gnu/H-i686-pc-linux-gnu/bin/../lib/gcc/nios2-elf/4.1.2/../../../../nios2-elf/lib/libc.a(lib_a-fstatr.o)
 .data          0x00811a03        0x0 /usr/local/3rdparty/altera/quartus12/nios2eds/bin/gnu/H-i686-pc-linux-gnu/bin/../lib/gcc/nios2-elf/4.1.2/../../../../nios2-elf/lib/libc.a(lib_a-fwrite.o)
 *fill*         0x00811a03        0x1 00
 .data          0x00811a04      0x400 /usr/local/3rdparty/altera/quartus12/nios2eds/bin/gnu/H-i686-pc-linux-gnu/bin/../lib/gcc/nios2-elf/4.1.2/../../../../nios2-elf/lib/libc.a(lib_a-impure.o)
 .data          0x00811e04        0x0 /usr/local/3rdparty/altera/quartus12/nios2eds/bin/gnu/H-i686-pc-linux-gnu/bin/../lib/gcc/nios2-elf/4.1.2/../../../../nios2-elf/lib/libc.a(lib_a-int_errno.o)
 .data          0x00811e04        0x0 /usr/local/3rdparty/altera/quartus12/nios2eds/bin/gnu/H-i686-pc-linux-gnu/bin/../lib/gcc/nios2-elf/4.1.2/../../../../nios2-elf/lib/libc.a(lib_a-makebuf.o)
 .data          0x00811e04        0x0 /usr/local/3rdparty/altera/quartus12/nios2eds/bin/gnu/H-i686-pc-linux-gnu/bin/../lib/gcc/nios2-elf/4.1.2/../../../../nios2-elf/lib/libc.a(lib_a-malloc.o)
 .data          0x00811e04      0x408 /usr/local/3rdparty/altera/quartus12/nios2eds/bin/gnu/H-i686-pc-linux-gnu/bin/../lib/gcc/nios2-elf/4.1.2/../../../../nios2-elf/lib/libc.a(lib_a-mallocr.o)
                0x00811e04                __malloc_av_
 .data          0x0081220c        0x0 /usr/local/3rdparty/altera/quartus12/nios2eds/bin/gnu/H-i686-pc-linux-gnu/bin/../lib/gcc/nios2-elf/4.1.2/../../../../nios2-elf/lib/libc.a(lib_a-memcpy.o)
 .data          0x0081220c        0x0 /usr/local/3rdparty/altera/quartus12/nios2eds/bin/gnu/H-i686-pc-linux-gnu/bin/../lib/gcc/nios2-elf/4.1.2/../../../../nios2-elf/lib/libc.a(lib_a-openr.o)
 .data          0x0081220c        0x0 /usr/local/3rdparty/altera/quartus12/nios2eds/bin/gnu/H-i686-pc-linux-gnu/bin/../lib/gcc/nios2-elf/4.1.2/../../../../nios2-elf/lib/libc.a(lib_a-perror.o)
 .data          0x0081220c        0x0 /usr/local/3rdparty/altera/quartus12/nios2eds/bin/gnu/H-i686-pc-linux-gnu/bin/../lib/gcc/nios2-elf/4.1.2/../../../../nios2-elf/lib/libc.a(lib_a-puts.o)
 .data          0x0081220c        0x0 /usr/local/3rdparty/altera/quartus12/nios2eds/bin/gnu/H-i686-pc-linux-gnu/bin/../lib/gcc/nios2-elf/4.1.2/../../../../nios2-elf/lib/libc.a(lib_a-rand.o)
 .data          0x0081220c        0x0 /usr/local/3rdparty/altera/quartus12/nios2eds/bin/gnu/H-i686-pc-linux-gnu/bin/../lib/gcc/nios2-elf/4.1.2/../../../../nios2-elf/lib/libc.a(lib_a-refill.o)
 .data          0x0081220c        0x0 /usr/local/3rdparty/altera/quartus12/nios2eds/bin/gnu/H-i686-pc-linux-gnu/bin/../lib/gcc/nios2-elf/4.1.2/../../../../nios2-elf/lib/libc.a(lib_a-sbrkr.o)
 .data          0x0081220c        0x0 /usr/local/3rdparty/altera/quartus12/nios2eds/bin/gnu/H-i686-pc-linux-gnu/bin/../lib/gcc/nios2-elf/4.1.2/../../../../nios2-elf/lib/libc.a(lib_a-stdio.o)
 .data          0x0081220c        0x0 /usr/local/3rdparty/altera/quartus12/nios2eds/bin/gnu/H-i686-pc-linux-gnu/bin/../lib/gcc/nios2-elf/4.1.2/../../../../nios2-elf/lib/libc.a(lib_a-strerror.o)
 .data          0x0081220c        0x0 /usr/local/3rdparty/altera/quartus12/nios2eds/bin/gnu/H-i686-pc-linux-gnu/bin/../lib/gcc/nios2-elf/4.1.2/../../../../nios2-elf/lib/libc.a(lib_a-strlen.o)
 .data          0x0081220c        0x0 /usr/local/3rdparty/altera/quartus12/nios2eds/bin/gnu/H-i686-pc-linux-gnu/bin/../lib/gcc/nios2-elf/4.1.2/../../../../nios2-elf/lib/libc.a(lib_a-time.o)
 .data          0x0081220c        0x0 /usr/local/3rdparty/altera/quartus12/nios2eds/bin/gnu/H-i686-pc-linux-gnu/bin/../lib/gcc/nios2-elf/4.1.2/../../../../nios2-elf/lib/libc.a(lib_a-u_strerr.o)
 .data          0x0081220c        0x0 /usr/local/3rdparty/altera/quartus12/nios2eds/bin/gnu/H-i686-pc-linux-gnu/bin/../lib/gcc/nios2-elf/4.1.2/../../../../nios2-elf/lib/libc.a(lib_a-writer.o)
 .data          0x0081220c        0x0 /usr/local/3rdparty/altera/quartus12/nios2eds/bin/gnu/H-i686-pc-linux-gnu/bin/../lib/gcc/nios2-elf/4.1.2/../../../../nios2-elf/lib/libc.a(lib_a-closer.o)
 .data          0x0081220c        0x0 /usr/local/3rdparty/altera/quartus12/nios2eds/bin/gnu/H-i686-pc-linux-gnu/bin/../lib/gcc/nios2-elf/4.1.2/../../../../nios2-elf/lib/libc.a(lib_a-fflush.o)
 .data          0x0081220c        0x0 /usr/local/3rdparty/altera/quartus12/nios2eds/bin/gnu/H-i686-pc-linux-gnu/bin/../lib/gcc/nios2-elf/4.1.2/../../../../nios2-elf/lib/libc.a(lib_a-findfp.o)
 .data          0x0081220c        0x0 /usr/local/3rdparty/altera/quartus12/nios2eds/bin/gnu/H-i686-pc-linux-gnu/bin/../lib/gcc/nios2-elf/4.1.2/../../../../nios2-elf/lib/libc.a(lib_a-flags.o)
 .data          0x0081220c        0x0 /usr/local/3rdparty/altera/quartus12/nios2eds/bin/gnu/H-i686-pc-linux-gnu/bin/../lib/gcc/nios2-elf/4.1.2/../../../../nios2-elf/lib/libc.a(lib_a-fputc.o)
 .data          0x0081220c        0x0 /usr/local/3rdparty/altera/quartus12/nios2eds/bin/gnu/H-i686-pc-linux-gnu/bin/../lib/gcc/nios2-elf/4.1.2/../../../../nios2-elf/lib/libc.a(lib_a-fputs.o)
 .data          0x0081220c        0x0 /usr/local/3rdparty/altera/quartus12/nios2eds/bin/gnu/H-i686-pc-linux-gnu/bin/../lib/gcc/nios2-elf/4.1.2/../../../../nios2-elf/lib/libc.a(lib_a-fvwrite.o)
 .data          0x0081220c        0x0 /usr/local/3rdparty/altera/quartus12/nios2eds/bin/gnu/H-i686-pc-linux-gnu/bin/../lib/gcc/nios2-elf/4.1.2/../../../../nios2-elf/lib/libc.a(lib_a-fwalk.o)
 .data          0x0081220c        0x0 /usr/local/3rdparty/altera/quartus12/nios2eds/bin/gnu/H-i686-pc-linux-gnu/bin/../lib/gcc/nios2-elf/4.1.2/../../../../nios2-elf/lib/libc.a(lib_a-gettimeofdayr.o)
 .data          0x0081220c        0x0 /usr/local/3rdparty/altera/quartus12/nios2eds/bin/gnu/H-i686-pc-linux-gnu/bin/../lib/gcc/nios2-elf/4.1.2/../../../../nios2-elf/lib/libc.a(lib_a-isattyr.o)
 .data          0x0081220c        0x0 /usr/local/3rdparty/altera/quartus12/nios2eds/bin/gnu/H-i686-pc-linux-gnu/bin/../lib/gcc/nios2-elf/4.1.2/../../../../nios2-elf/lib/libc.a(lib_a-lseekr.o)
 .data          0x0081220c        0x0 /usr/local/3rdparty/altera/quartus12/nios2eds/bin/gnu/H-i686-pc-linux-gnu/bin/../lib/gcc/nios2-elf/4.1.2/../../../../nios2-elf/lib/libc.a(lib_a-memchr.o)
 .data          0x0081220c        0x0 /usr/local/3rdparty/altera/quartus12/nios2eds/bin/gnu/H-i686-pc-linux-gnu/bin/../lib/gcc/nios2-elf/4.1.2/../../../../nios2-elf/lib/libc.a(lib_a-memmove.o)
 .data          0x0081220c        0x0 /usr/local/3rdparty/altera/quartus12/nios2eds/bin/gnu/H-i686-pc-linux-gnu/bin/../lib/gcc/nios2-elf/4.1.2/../../../../nios2-elf/lib/libc.a(lib_a-memset.o)
 .data          0x0081220c        0x0 /usr/local/3rdparty/altera/quartus12/nios2eds/bin/gnu/H-i686-pc-linux-gnu/bin/../lib/gcc/nios2-elf/4.1.2/../../../../nios2-elf/lib/libc.a(lib_a-putc.o)
 .data          0x0081220c        0x0 /usr/local/3rdparty/altera/quartus12/nios2eds/bin/gnu/H-i686-pc-linux-gnu/bin/../lib/gcc/nios2-elf/4.1.2/../../../../nios2-elf/lib/libc.a(lib_a-readr.o)
 .data          0x0081220c        0x0 /usr/local/3rdparty/altera/quartus12/nios2eds/bin/gnu/H-i686-pc-linux-gnu/bin/../lib/gcc/nios2-elf/4.1.2/../../../../nios2-elf/lib/libc.a(lib_a-reallocr.o)
 .data          0x0081220c        0x0 /usr/local/3rdparty/altera/quartus12/nios2eds/bin/gnu/H-i686-pc-linux-gnu/bin/../lib/gcc/nios2-elf/4.1.2/../../../../nios2-elf/lib/libc.a(lib_a-wbuf.o)
 .data          0x0081220c        0x0 /usr/local/3rdparty/altera/quartus12/nios2eds/bin/gnu/H-i686-pc-linux-gnu/bin/../lib/gcc/nios2-elf/4.1.2/../../../../nios2-elf/lib/libc.a(lib_a-wsetup.o)
 .data          0x0081220c        0x0 /usr/local/3rdparty/altera/quartus12/nios2eds/bin/gnu/H-i686-pc-linux-gnu/bin/../lib/gcc/nios2-elf/4.1.2/../../../../nios2-elf/lib/libc.a(lib_a-fclose.o)
 .data          0x0081220c        0x0 ../lights_bsp//libhal_bsp.a(alt_close.o)
 .data          0x0081220c      0x1a8 ../lights_bsp//libhal_bsp.a(alt_dev.o)
                0x0081220c                alt_dev_null
                0x00812234                alt_fd_list
 .data          0x008123b4        0x0 ../lights_bsp//libhal_bsp.a(alt_errno.o)
 .data          0x008123b4        0x0 ../lights_bsp//libhal_bsp.a(alt_fstat.o)
 .data          0x008123b4        0x0 ../lights_bsp//libhal_bsp.a(alt_gettod.o)
 .data          0x008123b4        0x0 ../lights_bsp//libhal_bsp.a(alt_isatty.o)
 .data          0x008123b4        0x0 ../lights_bsp//libhal_bsp.a(alt_load.o)
 .data          0x008123b4        0x0 ../lights_bsp//libhal_bsp.a(alt_lseek.o)
 .data          0x008123b4        0x0 ../lights_bsp//libhal_bsp.a(alt_main.o)
 .data          0x008123b4        0x0 ../lights_bsp//libhal_bsp.a(alt_malloc_lock.o)
 .data          0x008123b4        0x0 ../lights_bsp//libhal_bsp.a(alt_open.o)
 .data          0x008123b4        0x0 ../lights_bsp//libhal_bsp.a(alt_read.o)
 .data          0x008123b4        0x0 ../lights_bsp//libhal_bsp.a(alt_release_fd.o)
 .data          0x008123b4        0x0 ../lights_bsp//libhal_bsp.a(alt_sbrk.o)
 .data          0x008123b4        0x0 ../lights_bsp//libhal_bsp.a(alt_tick.o)
 .data          0x008123b4        0x0 ../lights_bsp//libhal_bsp.a(alt_usleep.o)
 .data          0x008123b4        0x0 ../lights_bsp//libhal_bsp.a(alt_write.o)
 .data          0x008123b4     0x1324 ../lights_bsp//libhal_bsp.a(alt_sys_init.o)
 .data          0x008136d8        0x0 ../lights_bsp//libhal_bsp.a(altera_avalon_cfi_flash.o)
 .data          0x008136d8        0x0 ../lights_bsp//libhal_bsp.a(altera_avalon_cfi_flash_table.o)
 .data          0x008136d8        0x0 ../lights_bsp//libhal_bsp.a(altera_avalon_jtag_uart_fd.o)
 .data          0x008136d8        0x0 ../lights_bsp//libhal_bsp.a(altera_avalon_jtag_uart_init.o)
 .data          0x008136d8        0x0 ../lights_bsp//libhal_bsp.a(altera_avalon_jtag_uart_ioctl.o)
 .data          0x008136d8        0x0 ../lights_bsp//libhal_bsp.a(altera_avalon_jtag_uart_read.o)
 .data          0x008136d8        0x0 ../lights_bsp//libhal_bsp.a(altera_avalon_jtag_uart_write.o)
 .data          0x008136d8        0x0 ../lights_bsp//libhal_bsp.a(altera_avalon_lcd_16207.o)
 .data          0x008136d8        0x0 ../lights_bsp//libhal_bsp.a(altera_avalon_lcd_16207_fd.o)
 .data          0x008136d8        0x0 ../lights_bsp//libhal_bsp.a(altera_ro_zipfs.o)
 .data          0x008136d8        0x0 ../lights_bsp//libhal_bsp.a(altera_up_avalon_video_character_buffer_with_dma.o)
 .data          0x008136d8        0x0 ../lights_bsp//libhal_bsp.a(altera_up_avalon_video_pixel_buffer_dma.o)
 .data          0x008136d8        0x0 ../lights_bsp//libhal_bsp.a(alt_alarm_start.o)
 .data          0x008136d8        0x0 ../lights_bsp//libhal_bsp.a(alt_busy_sleep.o)
 .data          0x008136d8        0x0 ../lights_bsp//libhal_bsp.a(alt_dcache_flush.o)
 .data          0x008136d8        0x0 ../lights_bsp//libhal_bsp.a(alt_dcache_flush_all.o)
 .data          0x008136d8        0x0 ../lights_bsp//libhal_bsp.a(alt_dev_llist_insert.o)
 .data          0x008136d8        0x0 ../lights_bsp//libhal_bsp.a(alt_do_ctors.o)
 .data          0x008136d8        0x0 ../lights_bsp//libhal_bsp.a(alt_do_dtors.o)
 .data          0x008136d8        0x0 ../lights_bsp//libhal_bsp.a(alt_find_dev.o)
 .data          0x008136d8        0x0 ../lights_bsp//libhal_bsp.a(alt_find_file.o)
 .data          0x008136d8        0x0 ../lights_bsp//libhal_bsp.a(alt_flash_dev.o)
 .data          0x008136d8        0x0 ../lights_bsp//libhal_bsp.a(alt_fs_reg.o)
 .data          0x008136d8        0x0 ../lights_bsp//libhal_bsp.a(alt_get_fd.o)
 .data          0x008136d8        0x0 ../lights_bsp//libhal_bsp.a(alt_icache_flush_all.o)
 .data          0x008136d8        0x0 ../lights_bsp//libhal_bsp.a(alt_iic.o)
 .data          0x008136d8        0x0 ../lights_bsp//libhal_bsp.a(alt_iic_isr_register.o)
 .data          0x008136d8        0x0 ../lights_bsp//libhal_bsp.a(alt_io_redirect.o)
 .data          0x008136d8        0x0 ../lights_bsp//libhal_bsp.a(alt_irq_entry.o)
 .data          0x008136d8        0x0 ../lights_bsp//libhal_bsp.a(alt_irq_handler.o)
 .data          0x008136d8        0x0 ../lights_bsp//libhal_bsp.a(alt_irq_vars.o)
 .data          0x008136d8        0x0 ../lights_bsp//libhal_bsp.a(altera_nios2_irq.o)
 .data          0x008136d8        0x0 ../lights_bsp//libhal_bsp.a(altera_avalon_cfi_flash_amd.o)
 .data          0x008136d8        0x0 ../lights_bsp//libhal_bsp.a(altera_avalon_cfi_flash_intel.o)
 .data          0x008136d8        0x0 ../lights_bsp//libhal_bsp.a(alt_exception_entry.o)
 .data          0x008136d8        0x0 ../lights_bsp//libhal_bsp.a(alt_icache_flush.o)
 .data          0x008136d8        0x0 /usr/local/3rdparty/altera/quartus12/nios2eds/bin/gnu/H-i686-pc-linux-gnu/bin/../lib/gcc/nios2-elf/4.1.2/../../../../nios2-elf/lib/libc.a(lib_a-atexit.o)
 .data          0x008136d8        0x0 /usr/local/3rdparty/altera/quartus12/nios2eds/bin/gnu/H-i686-pc-linux-gnu/bin/../lib/gcc/nios2-elf/4.1.2/../../../../nios2-elf/lib/libc.a(lib_a-ctype_.o)
 .data          0x008136d8        0x0 /usr/local/3rdparty/altera/quartus12/nios2eds/bin/gnu/H-i686-pc-linux-gnu/bin/../lib/gcc/nios2-elf/4.1.2/../../../../nios2-elf/lib/libc.a(lib_a-exit.o)
 .data          0x008136d8        0x0 /usr/local/3rdparty/altera/quartus12/nios2eds/bin/gnu/H-i686-pc-linux-gnu/bin/../lib/gcc/nios2-elf/4.1.2/../../../../nios2-elf/lib/libc.a(lib_a-memcmp.o)
 .data          0x008136d8        0x0 /usr/local/3rdparty/altera/quartus12/nios2eds/bin/gnu/H-i686-pc-linux-gnu/bin/../lib/gcc/nios2-elf/4.1.2/../../../../nios2-elf/lib/libc.a(lib_a-strcmp.o)
 .data          0x008136d8        0x0 /usr/local/3rdparty/altera/quartus12/nios2eds/bin/gnu/H-i686-pc-linux-gnu/bin/../lib/gcc/nios2-elf/4.1.2/../../../../nios2-elf/lib/libc.a(lib_a-strncmp.o)
 .data          0x008136d8        0x0 /usr/local/3rdparty/altera/quartus12/nios2eds/bin/gnu/H-i686-pc-linux-gnu/bin/../lib/gcc/nios2-elf/4.1.2/../../../../nios2-elf/lib/libc.a(lib_a-__atexit.o)
 .data          0x008136d8        0x0 /usr/local/3rdparty/altera/quartus12/nios2eds/bin/gnu/H-i686-pc-linux-gnu/bin/../lib/gcc/nios2-elf/4.1.2/../../../../nios2-elf/lib/libc.a(lib_a-__call_atexit.o)
 .data          0x008136d8        0x0 /usr/local/3rdparty/altera/quartus12/nios2eds/bin/gnu/H-i686-pc-linux-gnu/bin/../lib/gcc/nios2-elf/4.1.2/libgcc.a(_umoddi3.o)
 .data          0x008136d8        0x0 ../lights_bsp//libhal_bsp.a(alt_exit.o)
                0x0081b6d8                _gp = ABSOLUTE ((. + 0x8000))
                0x0081b6d8                PROVIDE (gp, _gp)
 *(.rwdata .rwdata.*)
 *(.sdata .sdata.* .gnu.linkonce.s.*)
 .sdata         0x008136d8        0x8 /usr/local/3rdparty/altera/quartus12/nios2eds/bin/gnu/H-i686-pc-linux-gnu/bin/../lib/gcc/nios2-elf/4.1.2/../../../../nios2-elf/lib/libc.a(lib_a-impure.o)
                0x008136d8                _impure_ptr
                0x008136dc                _global_impure_ptr
 .sdata         0x008136e0        0x8 /usr/local/3rdparty/altera/quartus12/nios2eds/bin/gnu/H-i686-pc-linux-gnu/bin/../lib/gcc/nios2-elf/4.1.2/../../../../nios2-elf/lib/libc.a(lib_a-mallocr.o)
                0x008136e0                __malloc_trim_threshold
                0x008136e4                __malloc_sbrk_base
 .sdata         0x008136e8       0x14 ../lights_bsp//libhal_bsp.a(alt_dev.o)
                0x008136e8                alt_fs_list
                0x008136f0                alt_dev_list
                0x008136f8                alt_max_fd
 .sdata         0x008136fc        0x4 ../lights_bsp//libhal_bsp.a(alt_errno.o)
                0x008136fc                alt_errno
 .sdata         0x00813700        0x4 ../lights_bsp//libhal_bsp.a(alt_sbrk.o)
 .sdata         0x00813704        0x8 ../lights_bsp//libhal_bsp.a(alt_tick.o)
                0x00813704                alt_alarm_list
 .sdata         0x0081370c        0x4 ../lights_bsp//libhal_bsp.a(altera_avalon_lcd_16207.o)
 .sdata         0x00813710        0x8 ../lights_bsp//libhal_bsp.a(alt_flash_dev.o)
                0x00813710                alt_flash_dev_list
 .sdata         0x00813718        0x4 ../lights_bsp//libhal_bsp.a(alt_irq_vars.o)
                0x00813718                alt_priority_mask
 .sdata         0x0081371c        0x4 /usr/local/3rdparty/altera/quartus12/nios2eds/bin/gnu/H-i686-pc-linux-gnu/bin/../lib/gcc/nios2-elf/4.1.2/../../../../nios2-elf/lib/libc.a(lib_a-ctype_.o)
                0x0081371c                __ctype_ptr
 *(.sdata2 .sdata2.* .gnu.linkonce.s2.*)
                0x00813720                . = ALIGN (0x4)
                0x00813720                _edata = ABSOLUTE (.)
                0x00813720                PROVIDE (edata, ABSOLUTE (.))
                0x00813720                PROVIDE (__ram_rwdata_end, ABSOLUTE (.))
                0x00813720                PROVIDE (__flash_rwdata_start, LOADADDR (.rwdata))

.bss            0x00815448      0x304
                0x00815448                __bss_start = ABSOLUTE (.)
                0x00815448                PROVIDE (__sbss_start, ABSOLUTE (.))
                0x00815448                PROVIDE (___sbss_start, ABSOLUTE (.))
 *(.dynsbss)
 *(.sbss .sbss.* .gnu.linkonce.sb.*)
 .sbss          0x00815448        0x8 obj/default/LightsFunctions.o
                0x00815448                currentSegCount
                0x0081544c                circleCounter
 .sbss          0x00815450        0xc obj/default/Project.o
                0x00815450                myFile
                0x00815454                myImage
                0x00815458                myPixelBuffer
 .sbss          0x0081545c        0x4 /usr/local/3rdparty/altera/quartus12/nios2eds/bin/gnu/H-i686-pc-linux-gnu/bin/../lib/gcc/nios2-elf/4.1.2/../../../../nios2-elf/lib/libc.a(lib_a-int_errno.o)
                0x0081545c                errno
 .sbss          0x00815460        0xc /usr/local/3rdparty/altera/quartus12/nios2eds/bin/gnu/H-i686-pc-linux-gnu/bin/../lib/gcc/nios2-elf/4.1.2/../../../../nios2-elf/lib/libc.a(lib_a-mallocr.o)
                0x00815460                __malloc_top_pad
                0x00815464                __malloc_max_sbrked_mem
                0x00815468                __malloc_max_total_mem
 .sbss          0x0081546c       0x10 ../lights_bsp//libhal_bsp.a(alt_gettod.o)
                0x0081546c                alt_timezone
                0x00815474                alt_resettime
 .sbss          0x0081547c        0xc ../lights_bsp//libhal_bsp.a(alt_main.o)
                0x0081547c                alt_argc
                0x00815480                alt_argv
                0x00815484                alt_envp
 .sbss          0x00815488        0x8 ../lights_bsp//libhal_bsp.a(alt_tick.o)
                0x00815488                _alt_tick_rate
                0x0081548c                _alt_nticks
 .sbss          0x00815490        0x4 ../lights_bsp//libhal_bsp.a(alt_irq_vars.o)
                0x00815490                alt_irq_active
 *(.sbss2 .sbss2.* .gnu.linkonce.sb2.*)
 *(.scommon)
                0x00815494                PROVIDE (__sbss_end, ABSOLUTE (.))
                0x00815494                PROVIDE (___sbss_end, ABSOLUTE (.))
 *(.dynbss)
 *(.bss .bss.* .gnu.linkonce.b.*)
 .bss           0x00815494        0x0 ../lights_bsp//obj/HAL/src/crt0.o
 .bss           0x00815494        0x0 obj/default/LightsFunctions.o
 .bss           0x00815494        0x0 obj/default/Project.o
 .bss           0x00815494        0x0 obj/default/VideoFunctions.o
 .bss           0x00815494        0x0 /usr/local/3rdparty/altera/quartus12/nios2eds/bin/gnu/H-i686-pc-linux-gnu/bin/../lib/gcc/nios2-elf/4.1.2/../../../../nios2-elf/lib/libm.a(lib_a-sf_cos.o)
 .bss           0x00815494        0x0 /usr/local/3rdparty/altera/quartus12/nios2eds/bin/gnu/H-i686-pc-linux-gnu/bin/../lib/gcc/nios2-elf/4.1.2/../../../../nios2-elf/lib/libm.a(lib_a-sf_round.o)
 .bss           0x00815494        0x0 /usr/local/3rdparty/altera/quartus12/nios2eds/bin/gnu/H-i686-pc-linux-gnu/bin/../lib/gcc/nios2-elf/4.1.2/../../../../nios2-elf/lib/libm.a(lib_a-sf_sin.o)
 .bss           0x00815494        0x0 /usr/local/3rdparty/altera/quartus12/nios2eds/bin/gnu/H-i686-pc-linux-gnu/bin/../lib/gcc/nios2-elf/4.1.2/../../../../nios2-elf/lib/libm.a(lib_a-ef_rem_pio2.o)
 .bss           0x00815494        0x0 /usr/local/3rdparty/altera/quartus12/nios2eds/bin/gnu/H-i686-pc-linux-gnu/bin/../lib/gcc/nios2-elf/4.1.2/../../../../nios2-elf/lib/libm.a(lib_a-kf_cos.o)
 .bss           0x00815494        0x0 /usr/local/3rdparty/altera/quartus12/nios2eds/bin/gnu/H-i686-pc-linux-gnu/bin/../lib/gcc/nios2-elf/4.1.2/../../../../nios2-elf/lib/libm.a(lib_a-kf_rem_pio2.o)
 .bss           0x00815494        0x0 /usr/local/3rdparty/altera/quartus12/nios2eds/bin/gnu/H-i686-pc-linux-gnu/bin/../lib/gcc/nios2-elf/4.1.2/../../../../nios2-elf/lib/libm.a(lib_a-kf_sin.o)
 .bss           0x00815494        0x0 /usr/local/3rdparty/altera/quartus12/nios2eds/bin/gnu/H-i686-pc-linux-gnu/bin/../lib/gcc/nios2-elf/4.1.2/../../../../nios2-elf/lib/libm.a(lib_a-sf_fabs.o)
 .bss           0x00815494        0x0 /usr/local/3rdparty/altera/quartus12/nios2eds/bin/gnu/H-i686-pc-linux-gnu/bin/../lib/gcc/nios2-elf/4.1.2/../../../../nios2-elf/lib/libm.a(lib_a-sf_floor.o)
 .bss           0x00815494        0x0 /usr/local/3rdparty/altera/quartus12/nios2eds/bin/gnu/H-i686-pc-linux-gnu/bin/../lib/gcc/nios2-elf/4.1.2/../../../../nios2-elf/lib/libm.a(lib_a-sf_scalbn.o)
 .bss           0x00815494        0x0 /usr/local/3rdparty/altera/quartus12/nios2eds/bin/gnu/H-i686-pc-linux-gnu/bin/../lib/gcc/nios2-elf/4.1.2/../../../../nios2-elf/lib/libm.a(lib_a-sf_copysign.o)
 .bss           0x00815494        0x0 /usr/local/3rdparty/altera/quartus12/nios2eds/bin/gnu/H-i686-pc-linux-gnu/bin/../lib/gcc/nios2-elf/4.1.2/libgcc.a(_addsub_sf.o)
 .bss           0x00815494        0x0 /usr/local/3rdparty/altera/quartus12/nios2eds/bin/gnu/H-i686-pc-linux-gnu/bin/../lib/gcc/nios2-elf/4.1.2/libgcc.a(_mul_sf.o)
 .bss           0x00815494        0x0 /usr/local/3rdparty/altera/quartus12/nios2eds/bin/gnu/H-i686-pc-linux-gnu/bin/../lib/gcc/nios2-elf/4.1.2/libgcc.a(_eq_sf.o)
 .bss           0x00815494        0x0 /usr/local/3rdparty/altera/quartus12/nios2eds/bin/gnu/H-i686-pc-linux-gnu/bin/../lib/gcc/nios2-elf/4.1.2/libgcc.a(_gt_sf.o)
 .bss           0x00815494        0x0 /usr/local/3rdparty/altera/quartus12/nios2eds/bin/gnu/H-i686-pc-linux-gnu/bin/../lib/gcc/nios2-elf/4.1.2/libgcc.a(_ge_sf.o)
 .bss           0x00815494        0x0 /usr/local/3rdparty/altera/quartus12/nios2eds/bin/gnu/H-i686-pc-linux-gnu/bin/../lib/gcc/nios2-elf/4.1.2/libgcc.a(_lt_sf.o)
 .bss           0x00815494        0x0 /usr/local/3rdparty/altera/quartus12/nios2eds/bin/gnu/H-i686-pc-linux-gnu/bin/../lib/gcc/nios2-elf/4.1.2/libgcc.a(_le_sf.o)
 .bss           0x00815494        0x0 /usr/local/3rdparty/altera/quartus12/nios2eds/bin/gnu/H-i686-pc-linux-gnu/bin/../lib/gcc/nios2-elf/4.1.2/libgcc.a(_si_to_sf.o)
 .bss           0x00815494        0x0 /usr/local/3rdparty/altera/quartus12/nios2eds/bin/gnu/H-i686-pc-linux-gnu/bin/../lib/gcc/nios2-elf/4.1.2/libgcc.a(_sf_to_si.o)
 .bss           0x00815494        0x0 /usr/local/3rdparty/altera/quartus12/nios2eds/bin/gnu/H-i686-pc-linux-gnu/bin/../lib/gcc/nios2-elf/4.1.2/libgcc.a(_thenan_sf.o)
 .bss           0x00815494        0x0 /usr/local/3rdparty/altera/quartus12/nios2eds/bin/gnu/H-i686-pc-linux-gnu/bin/../lib/gcc/nios2-elf/4.1.2/libgcc.a(lib2-divmod.o)
 .bss           0x00815494        0x0 /usr/local/3rdparty/altera/quartus12/nios2eds/bin/gnu/H-i686-pc-linux-gnu/bin/../lib/gcc/nios2-elf/4.1.2/libgcc.a(_muldi3.o)
 .bss           0x00815494        0x0 /usr/local/3rdparty/altera/quartus12/nios2eds/bin/gnu/H-i686-pc-linux-gnu/bin/../lib/gcc/nios2-elf/4.1.2/libgcc.a(_clzsi2.o)
 .bss           0x00815494        0x0 /usr/local/3rdparty/altera/quartus12/nios2eds/bin/gnu/H-i686-pc-linux-gnu/bin/../lib/gcc/nios2-elf/4.1.2/libgcc.a(_pack_sf.o)
 .bss           0x00815494        0x0 /usr/local/3rdparty/altera/quartus12/nios2eds/bin/gnu/H-i686-pc-linux-gnu/bin/../lib/gcc/nios2-elf/4.1.2/libgcc.a(_unpack_sf.o)
 .bss           0x00815494        0x0 /usr/local/3rdparty/altera/quartus12/nios2eds/bin/gnu/H-i686-pc-linux-gnu/bin/../lib/gcc/nios2-elf/4.1.2/libgcc.a(_fpcmp_parts_sf.o)
 .bss           0x00815494        0x0 /usr/local/3rdparty/altera/quartus12/nios2eds/bin/gnu/H-i686-pc-linux-gnu/bin/../lib/gcc/nios2-elf/4.1.2/libgcc.a(_clz.o)
 .bss           0x00815494        0x0 /usr/local/3rdparty/altera/quartus12/nios2eds/bin/gnu/H-i686-pc-linux-gnu/bin/../lib/gcc/nios2-elf/4.1.2/../../../../nios2-elf/lib/libc.a(lib_a-fopen.o)
 .bss           0x00815494        0x0 /usr/local/3rdparty/altera/quartus12/nios2eds/bin/gnu/H-i686-pc-linux-gnu/bin/../lib/gcc/nios2-elf/4.1.2/../../../../nios2-elf/lib/libc.a(lib_a-fread.o)
 .bss           0x00815494        0x0 /usr/local/3rdparty/altera/quartus12/nios2eds/bin/gnu/H-i686-pc-linux-gnu/bin/../lib/gcc/nios2-elf/4.1.2/../../../../nios2-elf/lib/libc.a(lib_a-freer.o)
 .bss           0x00815494        0x0 /usr/local/3rdparty/altera/quartus12/nios2eds/bin/gnu/H-i686-pc-linux-gnu/bin/../lib/gcc/nios2-elf/4.1.2/../../../../nios2-elf/lib/libc.a(lib_a-fseek.o)
 .bss           0x00815494        0x0 /usr/local/3rdparty/altera/quartus12/nios2eds/bin/gnu/H-i686-pc-linux-gnu/bin/../lib/gcc/nios2-elf/4.1.2/../../../../nios2-elf/lib/libc.a(lib_a-fstatr.o)
 .bss           0x00815494        0x0 /usr/local/3rdparty/altera/quartus12/nios2eds/bin/gnu/H-i686-pc-linux-gnu/bin/../lib/gcc/nios2-elf/4.1.2/../../../../nios2-elf/lib/libc.a(lib_a-fwrite.o)
 .bss           0x00815494        0x0 /usr/local/3rdparty/altera/quartus12/nios2eds/bin/gnu/H-i686-pc-linux-gnu/bin/../lib/gcc/nios2-elf/4.1.2/../../../../nios2-elf/lib/libc.a(lib_a-impure.o)
 .bss           0x00815494        0x0 /usr/local/3rdparty/altera/quartus12/nios2eds/bin/gnu/H-i686-pc-linux-gnu/bin/../lib/gcc/nios2-elf/4.1.2/../../../../nios2-elf/lib/libc.a(lib_a-int_errno.o)
 .bss           0x00815494        0x0 /usr/local/3rdparty/altera/quartus12/nios2eds/bin/gnu/H-i686-pc-linux-gnu/bin/../lib/gcc/nios2-elf/4.1.2/../../../../nios2-elf/lib/libc.a(lib_a-makebuf.o)
 .bss           0x00815494        0x0 /usr/local/3rdparty/altera/quartus12/nios2eds/bin/gnu/H-i686-pc-linux-gnu/bin/../lib/gcc/nios2-elf/4.1.2/../../../../nios2-elf/lib/libc.a(lib_a-malloc.o)
 .bss           0x00815494       0x28 /usr/local/3rdparty/altera/quartus12/nios2eds/bin/gnu/H-i686-pc-linux-gnu/bin/../lib/gcc/nios2-elf/4.1.2/../../../../nios2-elf/lib/libc.a(lib_a-mallocr.o)
                0x00815494                __malloc_current_mallinfo
 .bss           0x008154bc        0x0 /usr/local/3rdparty/altera/quartus12/nios2eds/bin/gnu/H-i686-pc-linux-gnu/bin/../lib/gcc/nios2-elf/4.1.2/../../../../nios2-elf/lib/libc.a(lib_a-memcpy.o)
 .bss           0x008154bc        0x0 /usr/local/3rdparty/altera/quartus12/nios2eds/bin/gnu/H-i686-pc-linux-gnu/bin/../lib/gcc/nios2-elf/4.1.2/../../../../nios2-elf/lib/libc.a(lib_a-openr.o)
 .bss           0x008154bc        0x0 /usr/local/3rdparty/altera/quartus12/nios2eds/bin/gnu/H-i686-pc-linux-gnu/bin/../lib/gcc/nios2-elf/4.1.2/../../../../nios2-elf/lib/libc.a(lib_a-perror.o)
 .bss           0x008154bc        0x0 /usr/local/3rdparty/altera/quartus12/nios2eds/bin/gnu/H-i686-pc-linux-gnu/bin/../lib/gcc/nios2-elf/4.1.2/../../../../nios2-elf/lib/libc.a(lib_a-puts.o)
 .bss           0x008154bc        0x0 /usr/local/3rdparty/altera/quartus12/nios2eds/bin/gnu/H-i686-pc-linux-gnu/bin/../lib/gcc/nios2-elf/4.1.2/../../../../nios2-elf/lib/libc.a(lib_a-rand.o)
 .bss           0x008154bc        0x0 /usr/local/3rdparty/altera/quartus12/nios2eds/bin/gnu/H-i686-pc-linux-gnu/bin/../lib/gcc/nios2-elf/4.1.2/../../../../nios2-elf/lib/libc.a(lib_a-refill.o)
 .bss           0x008154bc        0x0 /usr/local/3rdparty/altera/quartus12/nios2eds/bin/gnu/H-i686-pc-linux-gnu/bin/../lib/gcc/nios2-elf/4.1.2/../../../../nios2-elf/lib/libc.a(lib_a-sbrkr.o)
 .bss           0x008154bc        0x0 /usr/local/3rdparty/altera/quartus12/nios2eds/bin/gnu/H-i686-pc-linux-gnu/bin/../lib/gcc/nios2-elf/4.1.2/../../../../nios2-elf/lib/libc.a(lib_a-stdio.o)
 .bss           0x008154bc        0x0 /usr/local/3rdparty/altera/quartus12/nios2eds/bin/gnu/H-i686-pc-linux-gnu/bin/../lib/gcc/nios2-elf/4.1.2/../../../../nios2-elf/lib/libc.a(lib_a-strerror.o)
 .bss           0x008154bc        0x0 /usr/local/3rdparty/altera/quartus12/nios2eds/bin/gnu/H-i686-pc-linux-gnu/bin/../lib/gcc/nios2-elf/4.1.2/../../../../nios2-elf/lib/libc.a(lib_a-strlen.o)
 .bss           0x008154bc        0x0 /usr/local/3rdparty/altera/quartus12/nios2eds/bin/gnu/H-i686-pc-linux-gnu/bin/../lib/gcc/nios2-elf/4.1.2/../../../../nios2-elf/lib/libc.a(lib_a-time.o)
 .bss           0x008154bc        0x0 /usr/local/3rdparty/altera/quartus12/nios2eds/bin/gnu/H-i686-pc-linux-gnu/bin/../lib/gcc/nios2-elf/4.1.2/../../../../nios2-elf/lib/libc.a(lib_a-u_strerr.o)
 .bss           0x008154bc        0x0 /usr/local/3rdparty/altera/quartus12/nios2eds/bin/gnu/H-i686-pc-linux-gnu/bin/../lib/gcc/nios2-elf/4.1.2/../../../../nios2-elf/lib/libc.a(lib_a-writer.o)
 .bss           0x008154bc        0x0 /usr/local/3rdparty/altera/quartus12/nios2eds/bin/gnu/H-i686-pc-linux-gnu/bin/../lib/gcc/nios2-elf/4.1.2/../../../../nios2-elf/lib/libc.a(lib_a-closer.o)
 .bss           0x008154bc        0x0 /usr/local/3rdparty/altera/quartus12/nios2eds/bin/gnu/H-i686-pc-linux-gnu/bin/../lib/gcc/nios2-elf/4.1.2/../../../../nios2-elf/lib/libc.a(lib_a-fflush.o)
 .bss           0x008154bc        0x0 /usr/local/3rdparty/altera/quartus12/nios2eds/bin/gnu/H-i686-pc-linux-gnu/bin/../lib/gcc/nios2-elf/4.1.2/../../../../nios2-elf/lib/libc.a(lib_a-findfp.o)
 .bss           0x008154bc        0x0 /usr/local/3rdparty/altera/quartus12/nios2eds/bin/gnu/H-i686-pc-linux-gnu/bin/../lib/gcc/nios2-elf/4.1.2/../../../../nios2-elf/lib/libc.a(lib_a-flags.o)
 .bss           0x008154bc        0x0 /usr/local/3rdparty/altera/quartus12/nios2eds/bin/gnu/H-i686-pc-linux-gnu/bin/../lib/gcc/nios2-elf/4.1.2/../../../../nios2-elf/lib/libc.a(lib_a-fputc.o)
 .bss           0x008154bc        0x0 /usr/local/3rdparty/altera/quartus12/nios2eds/bin/gnu/H-i686-pc-linux-gnu/bin/../lib/gcc/nios2-elf/4.1.2/../../../../nios2-elf/lib/libc.a(lib_a-fputs.o)
 .bss           0x008154bc        0x0 /usr/local/3rdparty/altera/quartus12/nios2eds/bin/gnu/H-i686-pc-linux-gnu/bin/../lib/gcc/nios2-elf/4.1.2/../../../../nios2-elf/lib/libc.a(lib_a-fvwrite.o)
 .bss           0x008154bc        0x0 /usr/local/3rdparty/altera/quartus12/nios2eds/bin/gnu/H-i686-pc-linux-gnu/bin/../lib/gcc/nios2-elf/4.1.2/../../../../nios2-elf/lib/libc.a(lib_a-fwalk.o)
 .bss           0x008154bc        0x0 /usr/local/3rdparty/altera/quartus12/nios2eds/bin/gnu/H-i686-pc-linux-gnu/bin/../lib/gcc/nios2-elf/4.1.2/../../../../nios2-elf/lib/libc.a(lib_a-gettimeofdayr.o)
 .bss           0x008154bc        0x0 /usr/local/3rdparty/altera/quartus12/nios2eds/bin/gnu/H-i686-pc-linux-gnu/bin/../lib/gcc/nios2-elf/4.1.2/../../../../nios2-elf/lib/libc.a(lib_a-isattyr.o)
 .bss           0x008154bc        0x0 /usr/local/3rdparty/altera/quartus12/nios2eds/bin/gnu/H-i686-pc-linux-gnu/bin/../lib/gcc/nios2-elf/4.1.2/../../../../nios2-elf/lib/libc.a(lib_a-lseekr.o)
 .bss           0x008154bc        0x0 /usr/local/3rdparty/altera/quartus12/nios2eds/bin/gnu/H-i686-pc-linux-gnu/bin/../lib/gcc/nios2-elf/4.1.2/../../../../nios2-elf/lib/libc.a(lib_a-memchr.o)
 .bss           0x008154bc        0x0 /usr/local/3rdparty/altera/quartus12/nios2eds/bin/gnu/H-i686-pc-linux-gnu/bin/../lib/gcc/nios2-elf/4.1.2/../../../../nios2-elf/lib/libc.a(lib_a-memmove.o)
 .bss           0x008154bc        0x0 /usr/local/3rdparty/altera/quartus12/nios2eds/bin/gnu/H-i686-pc-linux-gnu/bin/../lib/gcc/nios2-elf/4.1.2/../../../../nios2-elf/lib/libc.a(lib_a-memset.o)
 .bss           0x008154bc        0x0 /usr/local/3rdparty/altera/quartus12/nios2eds/bin/gnu/H-i686-pc-linux-gnu/bin/../lib/gcc/nios2-elf/4.1.2/../../../../nios2-elf/lib/libc.a(lib_a-putc.o)
 .bss           0x008154bc        0x0 /usr/local/3rdparty/altera/quartus12/nios2eds/bin/gnu/H-i686-pc-linux-gnu/bin/../lib/gcc/nios2-elf/4.1.2/../../../../nios2-elf/lib/libc.a(lib_a-readr.o)
 .bss           0x008154bc        0x0 /usr/local/3rdparty/altera/quartus12/nios2eds/bin/gnu/H-i686-pc-linux-gnu/bin/../lib/gcc/nios2-elf/4.1.2/../../../../nios2-elf/lib/libc.a(lib_a-reallocr.o)
 .bss           0x008154bc        0x0 /usr/local/3rdparty/altera/quartus12/nios2eds/bin/gnu/H-i686-pc-linux-gnu/bin/../lib/gcc/nios2-elf/4.1.2/../../../../nios2-elf/lib/libc.a(lib_a-wbuf.o)
 .bss           0x008154bc        0x0 /usr/local/3rdparty/altera/quartus12/nios2eds/bin/gnu/H-i686-pc-linux-gnu/bin/../lib/gcc/nios2-elf/4.1.2/../../../../nios2-elf/lib/libc.a(lib_a-wsetup.o)
 .bss           0x008154bc        0x0 /usr/local/3rdparty/altera/quartus12/nios2eds/bin/gnu/H-i686-pc-linux-gnu/bin/../lib/gcc/nios2-elf/4.1.2/../../../../nios2-elf/lib/libc.a(lib_a-fclose.o)
 .bss           0x008154bc        0x0 ../lights_bsp//libhal_bsp.a(alt_close.o)
 .bss           0x008154bc        0x0 ../lights_bsp//libhal_bsp.a(alt_dev.o)
 .bss           0x008154bc        0x0 ../lights_bsp//libhal_bsp.a(alt_errno.o)
 .bss           0x008154bc        0x0 ../lights_bsp//libhal_bsp.a(alt_fstat.o)
 .bss           0x008154bc        0x0 ../lights_bsp//libhal_bsp.a(alt_gettod.o)
 .bss           0x008154bc        0x0 ../lights_bsp//libhal_bsp.a(alt_isatty.o)
 .bss           0x008154bc        0x0 ../lights_bsp//libhal_bsp.a(alt_load.o)
 .bss           0x008154bc        0x0 ../lights_bsp//libhal_bsp.a(alt_lseek.o)
 .bss           0x008154bc        0x0 ../lights_bsp//libhal_bsp.a(alt_main.o)
 .bss           0x008154bc        0x0 ../lights_bsp//libhal_bsp.a(alt_malloc_lock.o)
 .bss           0x008154bc        0x0 ../lights_bsp//libhal_bsp.a(alt_open.o)
 .bss           0x008154bc        0x0 ../lights_bsp//libhal_bsp.a(alt_read.o)
 .bss           0x008154bc        0x0 ../lights_bsp//libhal_bsp.a(alt_release_fd.o)
 .bss           0x008154bc        0x0 ../lights_bsp//libhal_bsp.a(alt_sbrk.o)
 .bss           0x008154bc        0x0 ../lights_bsp//libhal_bsp.a(alt_tick.o)
 .bss           0x008154bc        0x0 ../lights_bsp//libhal_bsp.a(alt_usleep.o)
 .bss           0x008154bc        0x0 ../lights_bsp//libhal_bsp.a(alt_write.o)
 .bss           0x008154bc        0x0 ../lights_bsp//libhal_bsp.a(alt_sys_init.o)
 .bss           0x008154bc        0x0 ../lights_bsp//libhal_bsp.a(altera_avalon_cfi_flash.o)
 .bss           0x008154bc        0x0 ../lights_bsp//libhal_bsp.a(altera_avalon_cfi_flash_table.o)
 .bss           0x008154bc        0x0 ../lights_bsp//libhal_bsp.a(altera_avalon_jtag_uart_fd.o)
 .bss           0x008154bc        0x0 ../lights_bsp//libhal_bsp.a(altera_avalon_jtag_uart_init.o)
 .bss           0x008154bc        0x0 ../lights_bsp//libhal_bsp.a(altera_avalon_jtag_uart_ioctl.o)
 .bss           0x008154bc        0x0 ../lights_bsp//libhal_bsp.a(altera_avalon_jtag_uart_read.o)
 .bss           0x008154bc        0x0 ../lights_bsp//libhal_bsp.a(altera_avalon_jtag_uart_write.o)
 .bss           0x008154bc        0x0 ../lights_bsp//libhal_bsp.a(altera_avalon_lcd_16207.o)
 .bss           0x008154bc        0x0 ../lights_bsp//libhal_bsp.a(altera_avalon_lcd_16207_fd.o)
 .bss           0x008154bc        0x0 ../lights_bsp//libhal_bsp.a(altera_ro_zipfs.o)
 .bss           0x008154bc        0x0 ../lights_bsp//libhal_bsp.a(altera_up_avalon_video_character_buffer_with_dma.o)
 .bss           0x008154bc        0x0 ../lights_bsp//libhal_bsp.a(altera_up_avalon_video_pixel_buffer_dma.o)
 .bss           0x008154bc        0x0 ../lights_bsp//libhal_bsp.a(alt_alarm_start.o)
 .bss           0x008154bc        0x0 ../lights_bsp//libhal_bsp.a(alt_busy_sleep.o)
 .bss           0x008154bc        0x0 ../lights_bsp//libhal_bsp.a(alt_dcache_flush.o)
 .bss           0x008154bc        0x0 ../lights_bsp//libhal_bsp.a(alt_dcache_flush_all.o)
 .bss           0x008154bc        0x0 ../lights_bsp//libhal_bsp.a(alt_dev_llist_insert.o)
 .bss           0x008154bc        0x0 ../lights_bsp//libhal_bsp.a(alt_do_ctors.o)
 .bss           0x008154bc        0x0 ../lights_bsp//libhal_bsp.a(alt_do_dtors.o)
 .bss           0x008154bc        0x0 ../lights_bsp//libhal_bsp.a(alt_find_dev.o)
 .bss           0x008154bc        0x0 ../lights_bsp//libhal_bsp.a(alt_find_file.o)
 .bss           0x008154bc        0x0 ../lights_bsp//libhal_bsp.a(alt_flash_dev.o)
 .bss           0x008154bc        0x0 ../lights_bsp//libhal_bsp.a(alt_fs_reg.o)
 .bss           0x008154bc        0x0 ../lights_bsp//libhal_bsp.a(alt_get_fd.o)
 .bss           0x008154bc        0x0 ../lights_bsp//libhal_bsp.a(alt_icache_flush_all.o)
 .bss           0x008154bc        0x0 ../lights_bsp//libhal_bsp.a(alt_iic.o)
 .bss           0x008154bc        0x0 ../lights_bsp//libhal_bsp.a(alt_iic_isr_register.o)
 .bss           0x008154bc        0x0 ../lights_bsp//libhal_bsp.a(alt_io_redirect.o)
 .bss           0x008154bc        0x0 ../lights_bsp//libhal_bsp.a(alt_irq_entry.o)
 .bss           0x008154bc        0x0 ../lights_bsp//libhal_bsp.a(alt_irq_handler.o)
 .bss           0x008154bc        0x0 ../lights_bsp//libhal_bsp.a(alt_irq_vars.o)
 .bss           0x008154bc        0x0 ../lights_bsp//libhal_bsp.a(altera_nios2_irq.o)
 .bss           0x008154bc        0x0 ../lights_bsp//libhal_bsp.a(altera_avalon_cfi_flash_amd.o)
 .bss           0x008154bc        0x0 ../lights_bsp//libhal_bsp.a(altera_avalon_cfi_flash_intel.o)
 .bss           0x008154bc        0x0 ../lights_bsp//libhal_bsp.a(alt_exception_entry.o)
 .bss           0x008154bc        0x0 ../lights_bsp//libhal_bsp.a(alt_icache_flush.o)
 .bss           0x008154bc        0x0 /usr/local/3rdparty/altera/quartus12/nios2eds/bin/gnu/H-i686-pc-linux-gnu/bin/../lib/gcc/nios2-elf/4.1.2/../../../../nios2-elf/lib/libc.a(lib_a-atexit.o)
 .bss           0x008154bc        0x0 /usr/local/3rdparty/altera/quartus12/nios2eds/bin/gnu/H-i686-pc-linux-gnu/bin/../lib/gcc/nios2-elf/4.1.2/../../../../nios2-elf/lib/libc.a(lib_a-ctype_.o)
 .bss           0x008154bc        0x0 /usr/local/3rdparty/altera/quartus12/nios2eds/bin/gnu/H-i686-pc-linux-gnu/bin/../lib/gcc/nios2-elf/4.1.2/../../../../nios2-elf/lib/libc.a(lib_a-exit.o)
 .bss           0x008154bc        0x0 /usr/local/3rdparty/altera/quartus12/nios2eds/bin/gnu/H-i686-pc-linux-gnu/bin/../lib/gcc/nios2-elf/4.1.2/../../../../nios2-elf/lib/libc.a(lib_a-memcmp.o)
 .bss           0x008154bc        0x0 /usr/local/3rdparty/altera/quartus12/nios2eds/bin/gnu/H-i686-pc-linux-gnu/bin/../lib/gcc/nios2-elf/4.1.2/../../../../nios2-elf/lib/libc.a(lib_a-strcmp.o)
 .bss           0x008154bc        0x0 /usr/local/3rdparty/altera/quartus12/nios2eds/bin/gnu/H-i686-pc-linux-gnu/bin/../lib/gcc/nios2-elf/4.1.2/../../../../nios2-elf/lib/libc.a(lib_a-strncmp.o)
 .bss           0x008154bc        0x0 /usr/local/3rdparty/altera/quartus12/nios2eds/bin/gnu/H-i686-pc-linux-gnu/bin/../lib/gcc/nios2-elf/4.1.2/../../../../nios2-elf/lib/libc.a(lib_a-__atexit.o)
 .bss           0x008154bc        0x0 /usr/local/3rdparty/altera/quartus12/nios2eds/bin/gnu/H-i686-pc-linux-gnu/bin/../lib/gcc/nios2-elf/4.1.2/../../../../nios2-elf/lib/libc.a(lib_a-__call_atexit.o)
 .bss           0x008154bc        0x0 /usr/local/3rdparty/altera/quartus12/nios2eds/bin/gnu/H-i686-pc-linux-gnu/bin/../lib/gcc/nios2-elf/4.1.2/libgcc.a(_umoddi3.o)
 .bss           0x008154bc        0x0 ../lights_bsp//libhal_bsp.a(alt_exit.o)
 *(COMMON)
 COMMON         0x008154bc      0x100 ../lights_bsp//libhal_bsp.a(alt_irq_handler.o)
                0x008154bc                alt_irq
 COMMON         0x008155bc      0x190 /usr/local/3rdparty/altera/quartus12/nios2eds/bin/gnu/H-i686-pc-linux-gnu/bin/../lib/gcc/nios2-elf/4.1.2/../../../../nios2-elf/lib/libc.a(lib_a-atexit.o)
                0x008155bc                _atexit0
                0x0081574c                . = ALIGN (0x4)
                0x0081574c                __bss_end = ABSOLUTE (.)

.sdram_0        0x0081574c        0x0
                0x0081574c                PROVIDE (_alt_partition_sdram_0_start, ABSOLUTE (.))
 *(.sdram_0. sdram_0.*)
                0x0081574c                . = ALIGN (0x4)
                0x0081574c                PROVIDE (_alt_partition_sdram_0_end, ABSOLUTE (.))
                0x0081574c                _end = ABSOLUTE (.)
                0x0081574c                end = ABSOLUTE (.)
                0x0081574c                __alt_stack_base = ABSOLUTE (.)
                0x0081574c                PROVIDE (_alt_partition_sdram_0_load_addr, LOADADDR (.sdram_0))

.cfi_flash_0    0x01400000        0x0 load address 0x0081574c
                0x01400000                PROVIDE (_alt_partition_cfi_flash_0_start, ABSOLUTE (.))
 *(.cfi_flash_0. cfi_flash_0.*)
                0x01400000                . = ALIGN (0x4)
                0x01400000                PROVIDE (_alt_partition_cfi_flash_0_end, ABSOLUTE (.))
                0x0081574c                PROVIDE (_alt_partition_cfi_flash_0_load_addr, LOADADDR (.cfi_flash_0))

.sram_0         0x01880000        0x0 load address 0x0081574c
                0x01880000                PROVIDE (_alt_partition_sram_0_start, ABSOLUTE (.))
 *(.sram_0. sram_0.*)
                0x01880000                . = ALIGN (0x4)
                0x01880000                PROVIDE (_alt_partition_sram_0_end, ABSOLUTE (.))
                0x0081574c                PROVIDE (_alt_partition_sram_0_load_addr, LOADADDR (.sram_0))

.stab
 *(.stab)

.stabstr
 *(.stabstr)

.stab.excl
 *(.stab.excl)

.stab.exclstr
 *(.stab.exclstr)

.stab.index
 *(.stab.index)

.stab.indexstr
 *(.stab.indexstr)

.comment        0x00000000       0x23
 *(.comment)
 .comment       0x00000000       0x23 obj/default/LightsFunctions.o
                                 0x24 (size before relaxing)
 .comment       0x00000000       0x24 obj/default/Project.o
 .comment       0x00000000       0x24 obj/default/VideoFunctions.o
 .comment       0x00000000       0x24 /usr/local/3rdparty/altera/quartus12/nios2eds/bin/gnu/H-i686-pc-linux-gnu/bin/../lib/gcc/nios2-elf/4.1.2/../../../../nios2-elf/lib/libm.a(lib_a-sf_cos.o)
 .comment       0x00000000       0x24 /usr/local/3rdparty/altera/quartus12/nios2eds/bin/gnu/H-i686-pc-linux-gnu/bin/../lib/gcc/nios2-elf/4.1.2/../../../../nios2-elf/lib/libm.a(lib_a-sf_round.o)
 .comment       0x00000000       0x24 /usr/local/3rdparty/altera/quartus12/nios2eds/bin/gnu/H-i686-pc-linux-gnu/bin/../lib/gcc/nios2-elf/4.1.2/../../../../nios2-elf/lib/libm.a(lib_a-sf_sin.o)
 .comment       0x00000000       0x24 /usr/local/3rdparty/altera/quartus12/nios2eds/bin/gnu/H-i686-pc-linux-gnu/bin/../lib/gcc/nios2-elf/4.1.2/../../../../nios2-elf/lib/libm.a(lib_a-ef_rem_pio2.o)
 .comment       0x00000000       0x24 /usr/local/3rdparty/altera/quartus12/nios2eds/bin/gnu/H-i686-pc-linux-gnu/bin/../lib/gcc/nios2-elf/4.1.2/../../../../nios2-elf/lib/libm.a(lib_a-kf_cos.o)
 .comment       0x00000000       0x24 /usr/local/3rdparty/altera/quartus12/nios2eds/bin/gnu/H-i686-pc-linux-gnu/bin/../lib/gcc/nios2-elf/4.1.2/../../../../nios2-elf/lib/libm.a(lib_a-kf_rem_pio2.o)
 .comment       0x00000000       0x24 /usr/local/3rdparty/altera/quartus12/nios2eds/bin/gnu/H-i686-pc-linux-gnu/bin/../lib/gcc/nios2-elf/4.1.2/../../../../nios2-elf/lib/libm.a(lib_a-kf_sin.o)
 .comment       0x00000000       0x24 /usr/local/3rdparty/altera/quartus12/nios2eds/bin/gnu/H-i686-pc-linux-gnu/bin/../lib/gcc/nios2-elf/4.1.2/../../../../nios2-elf/lib/libm.a(lib_a-sf_fabs.o)
 .comment       0x00000000       0x24 /usr/local/3rdparty/altera/quartus12/nios2eds/bin/gnu/H-i686-pc-linux-gnu/bin/../lib/gcc/nios2-elf/4.1.2/../../../../nios2-elf/lib/libm.a(lib_a-sf_floor.o)
 .comment       0x00000000       0x24 /usr/local/3rdparty/altera/quartus12/nios2eds/bin/gnu/H-i686-pc-linux-gnu/bin/../lib/gcc/nios2-elf/4.1.2/../../../../nios2-elf/lib/libm.a(lib_a-sf_scalbn.o)
 .comment       0x00000000       0x24 /usr/local/3rdparty/altera/quartus12/nios2eds/bin/gnu/H-i686-pc-linux-gnu/bin/../lib/gcc/nios2-elf/4.1.2/../../../../nios2-elf/lib/libm.a(lib_a-sf_copysign.o)
 .comment       0x00000000       0x24 /usr/local/3rdparty/altera/quartus12/nios2eds/bin/gnu/H-i686-pc-linux-gnu/bin/../lib/gcc/nios2-elf/4.1.2/libgcc.a(_addsub_sf.o)
 .comment       0x00000000       0x24 /usr/local/3rdparty/altera/quartus12/nios2eds/bin/gnu/H-i686-pc-linux-gnu/bin/../lib/gcc/nios2-elf/4.1.2/libgcc.a(_mul_sf.o)