Archive member included because of file (symbol)

/usr/local/3rdparty/altera/quartus12/nios2eds/bin/gnu/H-i686-pc-linux-gnu/bin/../lib/gcc/nios2-elf/4.1.2/../../../../nios2-elf/lib/libm.a(lib_a-wf_pow.o)
                              obj/default/Fractal.o (powf)
/usr/local/3rdparty/altera/quartus12/nios2eds/bin/gnu/H-i686-pc-linux-gnu/bin/../lib/gcc/nios2-elf/4.1.2/../../../../nios2-elf/lib/libm.a(lib_a-ef_pow.o)
                              /usr/local/3rdparty/altera/quartus12/nios2eds/bin/gnu/H-i686-pc-linux-gnu/bin/../lib/gcc/nios2-elf/4.1.2/../../../../nios2-elf/lib/libm.a(lib_a-wf_pow.o) (__ieee754_powf)
/usr/local/3rdparty/altera/quartus12/nios2eds/bin/gnu/H-i686-pc-linux-gnu/bin/../lib/gcc/nios2-elf/4.1.2/../../../../nios2-elf/lib/libm.a(lib_a-ef_sqrt.o)
                              /usr/local/3rdparty/altera/quartus12/nios2eds/bin/gnu/H-i686-pc-linux-gnu/bin/../lib/gcc/nios2-elf/4.1.2/../../../../nios2-elf/lib/libm.a(lib_a-ef_pow.o) (__ieee754_sqrtf)
/usr/local/3rdparty/altera/quartus12/nios2eds/bin/gnu/H-i686-pc-linux-gnu/bin/../lib/gcc/nios2-elf/4.1.2/../../../../nios2-elf/lib/libm.a(lib_a-s_lib_ver.o)
                              /usr/local/3rdparty/altera/quartus12/nios2eds/bin/gnu/H-i686-pc-linux-gnu/bin/../lib/gcc/nios2-elf/4.1.2/../../../../nios2-elf/lib/libm.a(lib_a-wf_pow.o) (__fdlib_version)
/usr/local/3rdparty/altera/quartus12/nios2eds/bin/gnu/H-i686-pc-linux-gnu/bin/../lib/gcc/nios2-elf/4.1.2/../../../../nios2-elf/lib/libm.a(lib_a-s_matherr.o)
                              /usr/local/3rdparty/altera/quartus12/nios2eds/bin/gnu/H-i686-pc-linux-gnu/bin/../lib/gcc/nios2-elf/4.1.2/../../../../nios2-elf/lib/libm.a(lib_a-wf_pow.o) (matherr)
/usr/local/3rdparty/altera/quartus12/nios2eds/bin/gnu/H-i686-pc-linux-gnu/bin/../lib/gcc/nios2-elf/4.1.2/../../../../nios2-elf/lib/libm.a(lib_a-s_rint.o)
                              /usr/local/3rdparty/altera/quartus12/nios2eds/bin/gnu/H-i686-pc-linux-gnu/bin/../lib/gcc/nios2-elf/4.1.2/../../../../nios2-elf/lib/libm.a(lib_a-wf_pow.o) (rint)
/usr/local/3rdparty/altera/quartus12/nios2eds/bin/gnu/H-i686-pc-linux-gnu/bin/../lib/gcc/nios2-elf/4.1.2/../../../../nios2-elf/lib/libm.a(lib_a-sf_fabs.o)
                              /usr/local/3rdparty/altera/quartus12/nios2eds/bin/gnu/H-i686-pc-linux-gnu/bin/../lib/gcc/nios2-elf/4.1.2/../../../../nios2-elf/lib/libm.a(lib_a-ef_pow.o) (fabsf)
/usr/local/3rdparty/altera/quartus12/nios2eds/bin/gnu/H-i686-pc-linux-gnu/bin/../lib/gcc/nios2-elf/4.1.2/../../../../nios2-elf/lib/libm.a(lib_a-sf_finite.o)
                              /usr/local/3rdparty/altera/quartus12/nios2eds/bin/gnu/H-i686-pc-linux-gnu/bin/../lib/gcc/nios2-elf/4.1.2/../../../../nios2-elf/lib/libm.a(lib_a-wf_pow.o) (finitef)
/usr/local/3rdparty/altera/quartus12/nios2eds/bin/gnu/H-i686-pc-linux-gnu/bin/../lib/gcc/nios2-elf/4.1.2/../../../../nios2-elf/lib/libm.a(lib_a-sf_isnan.o)
                              /usr/local/3rdparty/altera/quartus12/nios2eds/bin/gnu/H-i686-pc-linux-gnu/bin/../lib/gcc/nios2-elf/4.1.2/../../../../nios2-elf/lib/libm.a(lib_a-wf_pow.o) (isnanf)
/usr/local/3rdparty/altera/quartus12/nios2eds/bin/gnu/H-i686-pc-linux-gnu/bin/../lib/gcc/nios2-elf/4.1.2/../../../../nios2-elf/lib/libm.a(lib_a-sf_nan.o)
                              /usr/local/3rdparty/altera/quartus12/nios2eds/bin/gnu/H-i686-pc-linux-gnu/bin/../lib/gcc/nios2-elf/4.1.2/../../../../nios2-elf/lib/libm.a(lib_a-ef_pow.o) (nanf)
/usr/local/3rdparty/altera/quartus12/nios2eds/bin/gnu/H-i686-pc-linux-gnu/bin/../lib/gcc/nios2-elf/4.1.2/../../../../nios2-elf/lib/libm.a(lib_a-sf_scalbn.o)
                              /usr/local/3rdparty/altera/quartus12/nios2eds/bin/gnu/H-i686-pc-linux-gnu/bin/../lib/gcc/nios2-elf/4.1.2/../../../../nios2-elf/lib/libm.a(lib_a-ef_pow.o) (scalbnf)
/usr/local/3rdparty/altera/quartus12/nios2eds/bin/gnu/H-i686-pc-linux-gnu/bin/../lib/gcc/nios2-elf/4.1.2/../../../../nios2-elf/lib/libm.a(lib_a-sf_copysign.o)
                              /usr/local/3rdparty/altera/quartus12/nios2eds/bin/gnu/H-i686-pc-linux-gnu/bin/../lib/gcc/nios2-elf/4.1.2/../../../../nios2-elf/lib/libm.a(lib_a-sf_scalbn.o) (copysignf)
/usr/local/3rdparty/altera/quartus12/nios2eds/bin/gnu/H-i686-pc-linux-gnu/bin/../lib/gcc/nios2-elf/4.1.2/libgcc.a(_addsub_sf.o)
                              /usr/local/3rdparty/altera/quartus12/nios2eds/bin/gnu/H-i686-pc-linux-gnu/bin/../lib/gcc/nios2-elf/4.1.2/../../../../nios2-elf/lib/libm.a(lib_a-ef_pow.o) (__subsf3)
/usr/local/3rdparty/altera/quartus12/nios2eds/bin/gnu/H-i686-pc-linux-gnu/bin/../lib/gcc/nios2-elf/4.1.2/libgcc.a(_mul_sf.o)
                              /usr/local/3rdparty/altera/quartus12/nios2eds/bin/gnu/H-i686-pc-linux-gnu/bin/../lib/gcc/nios2-elf/4.1.2/../../../../nios2-elf/lib/libm.a(lib_a-wf_pow.o) (__mulsf3)
/usr/local/3rdparty/altera/quartus12/nios2eds/bin/gnu/H-i686-pc-linux-gnu/bin/../lib/gcc/nios2-elf/4.1.2/libgcc.a(_div_sf.o)
                              obj/default/Fractal.o (__divsf3)
[...]
Memory Configuration

Name             Origin             Length             Attributes
onchip_memory2_0 0x00003000         0x00000200
onchip_memory2_1 0x00004000         0x00000200
onchip_memory2_2 0x00006000         0x00000200
onchip_memory2_3 0x00007000         0x00000200
sdram_0_BEFORE_RESET 0x00800000         0x00350000
reset            0x00b50000         0x00000020
sdram_0          0x00b50020         0x001affe0
*default*        0x00000000         0xffffffff

Linker script and memory map

LOAD ../Fractal_cpu1_bsp//obj/HAL/src/crt0.o
LOAD obj/default/Fractal.o
LOAD obj/default/Project.o
LOAD /usr/local/3rdparty/altera/quartus12/nios2eds/bin/gnu/H-i686-pc-linux-gnu/bin/../lib/gcc/nios2-elf/4.1.2/../../../../nios2-elf/lib/libstdc++.a
LOAD /usr/local/3rdparty/altera/quartus12/nios2eds/bin/gnu/H-i686-pc-linux-gnu/bin/../lib/gcc/nios2-elf/4.1.2/../../../../nios2-elf/lib/libm.a
LOAD /usr/local/3rdparty/altera/quartus12/nios2eds/bin/gnu/H-i686-pc-linux-gnu/bin/../lib/gcc/nios2-elf/4.1.2/libgcc.a
START GROUP
LOAD /usr/local/3rdparty/altera/quartus12/nios2eds/bin/gnu/H-i686-pc-linux-gnu/bin/../lib/gcc/nios2-elf/4.1.2/../../../../nios2-elf/lib/libc.a
LOAD /usr/local/3rdparty/altera/quartus12/nios2eds/bin/gnu/H-i686-pc-linux-gnu/bin/../lib/gcc/nios2-elf/4.1.2/libgcc.a
LOAD ../Fractal_cpu1_bsp//libhal_bsp.a
END GROUP
LOAD /usr/local/3rdparty/altera/quartus12/nios2eds/bin/gnu/H-i686-pc-linux-gnu/bin/../lib/gcc/nios2-elf/4.1.2/libgcc.a
                0x00003000                __alt_mem_onchip_memory2_0 = 0x3000
                0x00004000                __alt_mem_onchip_memory2_1 = 0x4000
                0x00006000                __alt_mem_onchip_memory2_2 = 0x6000
                0x00007000                __alt_mem_onchip_memory2_3 = 0x7000
                0x00800000                __alt_mem_sdram_0 = 0x800000

.entry          0x00b50000       0x20
 *(.entry)
 .entry         0x00b50000       0x20 ../Fractal_cpu1_bsp//obj/HAL/src/crt0.o
                0x00b50000                __reset

.exceptions     0x00b50020      0x194
                0x00b50020                PROVIDE (__ram_exceptions_start, ABSOLUTE (.))
                0x00b50020                . = ALIGN (0x20)
 *(.irq)
 *(.exceptions.entry.label)
 .exceptions.entry.label
                0x00b50020        0x0 ../Fractal_cpu1_bsp//libhal_bsp.a(alt_irq_entry.o)
                0x00b50020                alt_irq_entry
 .exceptions.entry.label
                0x00b50020        0x0 ../Fractal_cpu1_bsp//libhal_bsp.a(alt_exception_entry.o)
                0x00b50020                alt_exception
 *(.exceptions.entry.user)
 *(.exceptions.entry)
 .exceptions.entry
                0x00b50020       0x54 ../Fractal_cpu1_bsp//libhal_bsp.a(alt_exception_entry.o)
 *(.exceptions.irqtest.user)
 *(.exceptions.irqtest)
 .exceptions.irqtest
                0x00b50074       0x10 ../Fractal_cpu1_bsp//libhal_bsp.a(alt_irq_entry.o)
 *(.exceptions.irqhandler.user)
 *(.exceptions.irqhandler)
 .exceptions.irqhandler
                0x00b50084        0x4 ../Fractal_cpu1_bsp//libhal_bsp.a(alt_irq_entry.o)
 *(.exceptions.irqreturn.user)
 *(.exceptions.irqreturn)
 .exceptions.irqreturn
                0x00b50088        0x4 ../Fractal_cpu1_bsp//libhal_bsp.a(alt_irq_entry.o)
 *(.exceptions.notirq.label)
 .exceptions.notirq.label
                0x00b5008c        0x0 ../Fractal_cpu1_bsp//libhal_bsp.a(alt_irq_entry.o)
 *(.exceptions.notirq.user)
 *(.exceptions.notirq)
 .exceptions.notirq
                0x00b5008c        0x8 ../Fractal_cpu1_bsp//libhal_bsp.a(alt_exception_entry.o)
 *(.exceptions.soft.user)
 *(.exceptions.soft)
 *(.exceptions.unknown.user)
 *(.exceptions.unknown)
 .exceptions.unknown
                0x00b50094        0x4 ../Fractal_cpu1_bsp//libhal_bsp.a(alt_exception_entry.o)
 *(.exceptions.exit.label)
 .exceptions.exit.label
                0x00b50098        0x0 ../Fractal_cpu1_bsp//libhal_bsp.a(alt_irq_entry.o)
 .exceptions.exit.label
                0x00b50098        0x0 ../Fractal_cpu1_bsp//libhal_bsp.a(alt_exception_entry.o)
 *(.exceptions.exit.user)
 *(.exceptions.exit)
 .exceptions.exit
                0x00b50098       0x54 ../Fractal_cpu1_bsp//libhal_bsp.a(alt_exception_entry.o)
 *(.exceptions)
 .exceptions    0x00b500ec       0xc8 ../Fractal_cpu1_bsp//libhal_bsp.a(alt_irq_handler.o)
                0x00b500ec                alt_irq_handler
                0x00b501b4                PROVIDE (__ram_exceptions_end, ABSOLUTE (.))
                0x00b50020                PROVIDE (__flash_exceptions_start, LOADADDR (.exceptions))

.text           0x00b501b4    0x10dc0
                0x00b501b4                PROVIDE (stext, ABSOLUTE (.))
 *(.interp)
 *(.hash)
 *(.dynsym)
 *(.dynstr)
 *(.gnu.version)
 *(.gnu.version_d)
 *(.gnu.version_r)
 *(.rel.init)
 *(.rela.init)
 *(.rel.text .rel.text.* .rel.gnu.linkonce.t.*)
 *(.rela.text .rela.text.* .rela.gnu.linkonce.t.*)
 *(.rel.fini)
 *(.rela.fini)
 *(.rel.rodata .rel.rodata.* .rel.gnu.linkonce.r.*)
 *(.rela.rodata .rela.rodata.* .rela.gnu.linkonce.r.*)
 *(.rel.data .rel.data.* .rel.gnu.linkonce.d.*)
 *(.rela.data .rela.data.* .rela.gnu.linkonce.d.*)
 *(.rel.tdata .rel.tdata.* .rel.gnu.linkonce.td.*)
 *(.rela.tdata .rela.tdata.* .rela.gnu.linkonce.td.*)
 *(.rel.tbss .rel.tbss.* .rel.gnu.linkonce.tb.*)
 *(.rela.tbss .rela.tbss.* .rela.gnu.linkonce.tb.*)
 *(.rel.ctors)
 *(.rela.ctors)
 *(.rel.dtors)
 *(.rela.dtors)
 *(.rel.got)
 *(.rela.got)
 *(.rel.sdata .rel.sdata.* .rel.gnu.linkonce.s.*)
 *(.rela.sdata .rela.sdata.* .rela.gnu.linkonce.s.*)
 *(.rel.sbss .rel.sbss.* .rel.gnu.linkonce.sb.*)
 *(.rela.sbss .rela.sbss.* .rela.gnu.linkonce.sb.*)
 *(.rel.sdata2 .rel.sdata2.* .rel.gnu.linkonce.s2.*)
 *(.rela.sdata2 .rela.sdata2.* .rela.gnu.linkonce.s2.*)
 *(.rel.sbss2 .rel.sbss2.* .rel.gnu.linkonce.sb2.*)
 *(.rela.sbss2 .rela.sbss2.* .rela.gnu.linkonce.sb2.*)
 *(.rel.bss .rel.bss.* .rel.gnu.linkonce.b.*)
 *(.rela.bss .rela.bss.* .rela.gnu.linkonce.b.*)
 *(.rel.plt)
 *(.rela.plt)
 *(.rel.dyn)
 *(.init)
 *(.plt)
 *(.text .stub .text.* .gnu.linkonce.t.*)
 .text          0x00b501b4       0x4c ../Fractal_cpu1_bsp//obj/HAL/src/crt0.o
                0x00b501b4                _start
 .text          0x00b50200      0xa00 obj/default/Fractal.o
                0x00b50200                genColor
                0x00b50284                mandelbrot
                0x00b50380                clearScreen
                0x00b5038c                mandelbrotNoZoom
                0x00b504f4                barrier
                0x00b506a0                setup
                0x00b506d0                drawFrame
                0x00b509dc                drawFullSet
 .text          0x00b50c00       0x7c obj/default/Project.o
                0x00b50c00                main
 .text          0x00b50c7c      0x458 /usr/local/3rdparty/altera/quartus12/nios2eds/bin/gnu/H-i686-pc-linux-gnu/bin/../lib/gcc/nios2-elf/4.1.2/../../../../nios2-elf/lib/libm.a(lib_a-wf_pow.o)
                0x00b50c7c                powf
 .text          0x00b510d4      0xb14 /usr/local/3rdparty/altera/quartus12/nios2eds/bin/gnu/H-i686-pc-linux-gnu/bin/../lib/gcc/nios2-elf/4.1.2/../../../../nios2-elf/lib/libm.a(lib_a-ef_pow.o)
                0x00b510d4                __ieee754_powf
 .text          0x00b51be8      0x16c /usr/local/3rdparty/altera/quartus12/nios2eds/bin/gnu/H-i686-pc-linux-gnu/bin/../lib/gcc/nios2-elf/4.1.2/../../../../nios2-elf/lib/libm.a(lib_a-ef_sqrt.o)
                0x00b51be8                __ieee754_sqrtf
 .text          0x00b51d54        0x0 /usr/local/3rdparty/altera/quartus12/nios2eds/bin/gnu/H-i686-pc-linux-gnu/bin/../lib/gcc/nios2-elf/4.1.2/../../../../nios2-elf/lib/libm.a(lib_a-s_lib_ver.o)
 .text          0x00b51d54        0x8 /usr/local/3rdparty/altera/quartus12/nios2eds/bin/gnu/H-i686-pc-linux-gnu/bin/../lib/gcc/nios2-elf/4.1.2/../../../../nios2-elf/lib/libm.a(lib_a-s_matherr.o)
                0x00b51d54                matherr
 .text          0x00b51d5c      0x210 /usr/local/3rdparty/altera/quartus12/nios2eds/bin/gnu/H-i686-pc-linux-gnu/bin/../lib/gcc/nios2-elf/4.1.2/../../../../nios2-elf/lib/libm.a(lib_a-s_rint.o)
                0x00b51d5c                rint
 .text          0x00b51f6c       0x10 /usr/local/3rdparty/altera/quartus12/nios2eds/bin/gnu/H-i686-pc-linux-gnu/bin/../lib/gcc/nios2-elf/4.1.2/../../../../nios2-elf/lib/libm.a(lib_a-sf_fabs.o)
                0x00b51f6c                fabsf
 .text          0x00b51f7c       0x1c /usr/local/3rdparty/altera/quartus12/nios2eds/bin/gnu/H-i686-pc-linux-gnu/bin/../lib/gcc/nios2-elf/4.1.2/../../../../nios2-elf/lib/libm.a(lib_a-sf_finite.o)
                0x00b51f7c                finitef
 .text          0x00b51f98       0x18 /usr/local/3rdparty/altera/quartus12/nios2eds/bin/gnu/H-i686-pc-linux-gnu/bin/../lib/gcc/nios2-elf/4.1.2/../../../../nios2-elf/lib/libm.a(lib_a-sf_isnan.o)
                0x00b51f98                isnanf
 .text          0x00b51fb0        0x8 /usr/local/3rdparty/altera/quartus12/nios2eds/bin/gnu/H-i686-pc-linux-gnu/bin/../lib/gcc/nios2-elf/4.1.2/../../../../nios2-elf/lib/libm.a(lib_a-sf_nan.o)
                0x00b51fb0                nanf
 .text          0x00b51fb8      0x14c /usr/local/3rdparty/altera/quartus12/nios2eds/bin/gnu/H-i686-pc-linux-gnu/bin/../lib/gcc/nios2-elf/4.1.2/../../../../nios2-elf/lib/libm.a(lib_a-sf_scalbn.o)
                0x00b51fb8                scalbnf
 .text          0x00b52104       0x18 /usr/local/3rdparty/altera/quartus12/nios2eds/bin/gnu/H-i686-pc-linux-gnu/bin/../lib/gcc/nios2-elf/4.1.2/../../../../nios2-elf/lib/libm.a(lib_a-sf_copysign.o)
                0x00b52104                copysignf
 .text          0x00b5211c      0x2b8 /usr/local/3rdparty/altera/quartus12/nios2eds/bin/gnu/H-i686-pc-linux-gnu/bin/../lib/gcc/nios2-elf/4.1.2/libgcc.a(_addsub_sf.o)
                0x00b52300                __subsf3
                0x00b52370                __addsf3
 .text          0x00b523d4      0x1e0 /usr/local/3rdparty/altera/quartus12/nios2eds/bin/gnu/H-i686-pc-linux-gnu/bin/../lib/gcc/nios2-elf/4.1.2/libgcc.a(_mul_sf.o)
                0x00b523d4                __mulsf3
 .text          0x00b525b4      0x174 /usr/local/3rdparty/altera/quartus12/nios2eds/bin/gnu/H-i686-pc-linux-gnu/bin/../lib/gcc/nios2-elf/4.1.2/libgcc.a(_div_sf.o)
                0x00b525b4                __divsf3
 .text          0x00b52728       0x78 /usr/local/3rdparty/altera/quartus12/nios2eds/bin/gnu/H-i686-pc-linux-gnu/bin/../lib/gcc/nios2-elf/4.1.2/libgcc.a(_eq_sf.o)
                0x00b52728                __eqsf2
 .text          0x00b527a0       0x78 /usr/local/3rdparty/altera/quartus12/nios2eds/bin/gnu/H-i686-pc-linux-gnu/bin/../lib/gcc/nios2-elf/4.1.2/libgcc.a(_gt_sf.o)
                0x00b527a0                __gtsf2
 .text          0x00b52818       0x78 /usr/local/3rdparty/altera/quartus12/nios2eds/bin/gnu/H-i686-pc-linux-gnu/bin/../lib/gcc/nios2-elf/4.1.2/libgcc.a(_lt_sf.o)
                0x00b52818                __ltsf2
 .text          0x00b52890       0x78 /usr/local/3rdparty/altera/quartus12/nios2eds/bin/gnu/H-i686-pc-linux-gnu/bin/../lib/gcc/nios2-elf/4.1.2/libgcc.a(_le_sf.o)
                0x00b52890                __lesf2
 .text          0x00b52908       0x98 /usr/local/3rdparty/altera/quartus12/nios2eds/bin/gnu/H-i686-pc-linux-gnu/bin/../lib/gcc/nios2-elf/4.1.2/libgcc.a(_si_to_sf.o)
                0x00b52908                __floatsisf
 .text          0x00b529a0       0x54 /usr/local/3rdparty/altera/quartus12/nios2eds/bin/gnu/H-i686-pc-linux-gnu/bin/../lib/gcc/nios2-elf/4.1.2/libgcc.a(_sf_to_df.o)
                0x00b529a0                __extendsfdf2
 .text          0x00b529f4        0x0 /usr/local/3rdparty/altera/quartus12/nios2eds/bin/gnu/H-i686-pc-linux-gnu/bin/../lib/gcc/nios2-elf/4.1.2/libgcc.a(_thenan_sf.o)
 .text          0x00b529f4      0x504 /usr/local/3rdparty/altera/quartus12/nios2eds/bin/gnu/H-i686-pc-linux-gnu/bin/../lib/gcc/nios2-elf/4.1.2/libgcc.a(_addsub_df.o)
                0x00b52e04                __subdf3
                0x00b52e84                __adddf3
 .text          0x00b52ef8      0x258 /usr/local/3rdparty/altera/quartus12/nios2eds/bin/gnu/H-i686-pc-linux-gnu/bin/../lib/gcc/nios2-elf/4.1.2/libgcc.a(_div_df.o)
                0x00b52ef8                __divdf3
 .text          0x00b53150       0x88 /usr/local/3rdparty/altera/quartus12/nios2eds/bin/gnu/H-i686-pc-linux-gnu/bin/../lib/gcc/nios2-elf/4.1.2/libgcc.a(_ne_df.o)
                0x00b53150                __nedf2
 .text          0x00b531d8       0x38 /usr/local/3rdparty/altera/quartus12/nios2eds/bin/gnu/H-i686-pc-linux-gnu/bin/../lib/gcc/nios2-elf/4.1.2/libgcc.a(_make_df.o)
                0x00b531d8                __make_dp
 .text          0x00b53210       0x74 /usr/local/3rdparty/altera/quartus12/nios2eds/bin/gnu/H-i686-pc-linux-gnu/bin/../lib/gcc/nios2-elf/4.1.2/libgcc.a(_df_to_sf.o)
                0x00b53210                __truncdfsf2
 .text          0x00b53284        0x0 /usr/local/3rdparty/altera/quartus12/nios2eds/bin/gnu/H-i686-pc-linux-gnu/bin/../lib/gcc/nios2-elf/4.1.2/libgcc.a(_thenan_df.o)
 .text          0x00b53284       0x98 /usr/local/3rdparty/altera/quartus12/nios2eds/bin/gnu/H-i686-pc-linux-gnu/bin/../lib/gcc/nios2-elf/4.1.2/libgcc.a(_muldi3.o)
                0x00b53284                __muldi3
 .text          0x00b5331c       0x80 /usr/local/3rdparty/altera/quartus12/nios2eds/bin/gnu/H-i686-pc-linux-gnu/bin/../lib/gcc/nios2-elf/4.1.2/libgcc.a(_clzsi2.o)
                0x00b5331c                __clzsi2
 .text          0x00b5339c      0x160 /usr/local/3rdparty/altera/quartus12/nios2eds/bin/gnu/H-i686-pc-linux-gnu/bin/../lib/gcc/nios2-elf/4.1.2/libgcc.a(_pack_sf.o)
                0x00b5339c                __pack_f
 .text          0x00b534fc       0xc8 /usr/local/3rdparty/altera/quartus12/nios2eds/bin/gnu/H-i686-pc-linux-gnu/bin/../lib/gcc/nios2-elf/4.1.2/libgcc.a(_unpack_sf.o)
                0x00b534fc                __unpack_f
 .text          0x00b535c4       0xa8 /usr/local/3rdparty/altera/quartus12/nios2eds/bin/gnu/H-i686-pc-linux-gnu/bin/../lib/gcc/nios2-elf/4.1.2/libgcc.a(_fpcmp_parts_sf.o)
                0x00b535c4                __fpcmp_parts_f
 .text          0x00b5366c       0x2c /usr/local/3rdparty/altera/quartus12/nios2eds/bin/gnu/H-i686-pc-linux-gnu/bin/../lib/gcc/nios2-elf/4.1.2/libgcc.a(_make_sf.o)
                0x00b5366c                __make_fp
 .text          0x00b53698      0x314 /usr/local/3rdparty/altera/quartus12/nios2eds/bin/gnu/H-i686-pc-linux-gnu/bin/../lib/gcc/nios2-elf/4.1.2/libgcc.a(_pack_df.o)
                0x00b53698                __pack_d
 .text          0x00b539ac      0x138 /usr/local/3rdparty/altera/quartus12/nios2eds/bin/gnu/H-i686-pc-linux-gnu/bin/../lib/gcc/nios2-elf/4.1.2/libgcc.a(_unpack_df.o)
                0x00b539ac                __unpack_d
 .text          0x00b53ae4       0xc8 /usr/local/3rdparty/altera/quartus12/nios2eds/bin/gnu/H-i686-pc-linux-gnu/bin/../lib/gcc/nios2-elf/4.1.2/libgcc.a(_fpcmp_parts_df.o)
                0x00b53ae4                __fpcmp_parts_d
 .text          0x00b53bac        0x0 /usr/local/3rdparty/altera/quartus12/nios2eds/bin/gnu/H-i686-pc-linux-gnu/bin/../lib/gcc/nios2-elf/4.1.2/libgcc.a(_clz.o)
 .text          0x00b53bac       0x10 /usr/local/3rdparty/altera/quartus12/nios2eds/bin/gnu/H-i686-pc-linux-gnu/bin/../lib/gcc/nios2-elf/4.1.2/../../../../nios2-elf/lib/libc.a(lib_a-errno.o)
                0x00b53bac                __errno
 .text          0x00b53bbc        0x0 /usr/local/3rdparty/altera/quartus12/nios2eds/bin/gnu/H-i686-pc-linux-gnu/bin/../lib/gcc/nios2-elf/4.1.2/../../../../nios2-elf/lib/libc.a(lib_a-impure.o)
 .text          0x00b53bbc       0x78 /usr/local/3rdparty/altera/quartus12/nios2eds/bin/gnu/H-i686-pc-linux-gnu/bin/../lib/gcc/nios2-elf/4.1.2/../../../../nios2-elf/lib/libc.a(lib_a-printf.o)
                0x00b53bbc                printf
                0x00b53c00                _printf_r
 .text          0x00b53c34       0xb4 /usr/local/3rdparty/altera/quartus12/nios2eds/bin/gnu/H-i686-pc-linux-gnu/bin/../lib/gcc/nios2-elf/4.1.2/../../../../nios2-elf/lib/libc.a(lib_a-puts.o)
                0x00b53c34                _puts_r
                0x00b53cd4                puts
 .text          0x00b53ce8       0xd4 /usr/local/3rdparty/altera/quartus12/nios2eds/bin/gnu/H-i686-pc-linux-gnu/bin/../lib/gcc/nios2-elf/4.1.2/../../../../nios2-elf/lib/libc.a(lib_a-sprintf.o)
                0x00b53ce8                sprintf
                0x00b53d5c                _sprintf_r
 .text          0x00b53dbc       0x74 /usr/local/3rdparty/altera/quartus12/nios2eds/bin/gnu/H-i686-pc-linux-gnu/bin/../lib/gcc/nios2-elf/4.1.2/../../../../nios2-elf/lib/libc.a(lib_a-strlen.o)
                0x00b53dbc                strlen
 .text          0x00b53e30     0x1f28 /usr/local/3rdparty/altera/quartus12/nios2eds/bin/gnu/H-i686-pc-linux-gnu/bin/../lib/gcc/nios2-elf/4.1.2/../../../../nios2-elf/lib/libc.a(lib_a-vfprintf.o)
                0x00b53e88                ___vfprintf_internal_r
                0x00b55d34                __vfprintf_internal
 .text          0x00b55d58      0x13c /usr/local/3rdparty/altera/quartus12/nios2eds/bin/gnu/H-i686-pc-linux-gnu/bin/../lib/gcc/nios2-elf/4.1.2/../../../../nios2-elf/lib/libc.a(lib_a-wsetup.o)
                0x00b55d58                __swsetup_r
 .text          0x00b55e94     0x17cc /usr/local/3rdparty/altera/quartus12/nios2eds/bin/gnu/H-i686-pc-linux-gnu/bin/../lib/gcc/nios2-elf/4.1.2/../../../../nios2-elf/lib/libc.a(lib_a-dtoa.o)
                0x00b560ac                _dtoa_r
 .text          0x00b57660      0x230 /usr/local/3rdparty/altera/quartus12/nios2eds/bin/gnu/H-i686-pc-linux-gnu/bin/../lib/gcc/nios2-elf/4.1.2/../../../../nios2-elf/lib/libc.a(lib_a-fflush.o)
                0x00b57660                _fflush_r
                0x00b5785c                fflush
 .text          0x00b57890      0x2c0 /usr/local/3rdparty/altera/quartus12/nios2eds/bin/gnu/H-i686-pc-linux-gnu/bin/../lib/gcc/nios2-elf/4.1.2/../../../../nios2-elf/lib/libc.a(lib_a-findfp.o)
                0x00b578e8                __sfp_lock_acquire
                0x00b578ec                __sfp_lock_release
                0x00b578f0                __sinit_lock_acquire
                0x00b578f4                __sinit_lock_release
                0x00b578f8                __sinit
                0x00b579ac                __fp_unlock_all
                0x00b579c4                __fp_lock_all
                0x00b579dc                _cleanup_r
                0x00b579e8                _cleanup
                0x00b579f8                __sfmoreglue
                0x00b57a60                __sfp
 .text          0x00b57b50      0x440 /usr/local/3rdparty/altera/quartus12/nios2eds/bin/gnu/H-i686-pc-linux-gnu/bin/../lib/gcc/nios2-elf/4.1.2/../../../../nios2-elf/lib/libc.a(lib_a-freer.o)
                0x00b57b50                _malloc_trim_r
                0x00b57c7c                _free_r
 .text          0x00b57f90      0x49c /usr/local/3rdparty/altera/quartus12/nios2eds/bin/gnu/H-i686-pc-linux-gnu/bin/../lib/gcc/nios2-elf/4.1.2/../../../../nios2-elf/lib/libc.a(lib_a-fvwrite.o)
                0x00b57f90                __sfvwrite_r
 .text          0x00b5842c      0x180 /usr/local/3rdparty/altera/quartus12/nios2eds/bin/gnu/H-i686-pc-linux-gnu/bin/../lib/gcc/nios2-elf/4.1.2/../../../../nios2-elf/lib/libc.a(lib_a-fwalk.o)
                0x00b5842c                _fwalk_reent
                0x00b584f4                _fwalk
 .text          0x00b585ac       0xc4 /usr/local/3rdparty/altera/quartus12/nios2eds/bin/gnu/H-i686-pc-linux-gnu/bin/../lib/gcc/nios2-elf/4.1.2/../../../../nios2-elf/lib/libc.a(lib_a-locale.o)
                0x00b585ac                __locale_charset
                0x00b585b4                _localeconv_r
                0x00b585c0                localeconv
                0x00b585d0                _setlocale_r
                0x00b58654                setlocale
 .text          0x00b58670      0x194 /usr/local/3rdparty/altera/quartus12/nios2eds/bin/gnu/H-i686-pc-linux-gnu/bin/../lib/gcc/nios2-elf/4.1.2/../../../../nios2-elf/lib/libc.a(lib_a-makebuf.o)
                0x00b58670                __smakebuf_r
 .text          0x00b58804      0x740 /usr/local/3rdparty/altera/quartus12/nios2eds/bin/gnu/H-i686-pc-linux-gnu/bin/../lib/gcc/nios2-elf/4.1.2/../../../../nios2-elf/lib/libc.a(lib_a-mallocr.o)
                0x00b58804                _malloc_r
 .text          0x00b58f44       0xe4 /usr/local/3rdparty/altera/quartus12/nios2eds/bin/gnu/H-i686-pc-linux-gnu/bin/../lib/gcc/nios2-elf/4.1.2/../../../../nios2-elf/lib/libc.a(lib_a-memchr.o)
                0x00b58f44                memchr
 .text          0x00b59028       0xa0 /usr/local/3rdparty/altera/quartus12/nios2eds/bin/gnu/H-i686-pc-linux-gnu/bin/../lib/gcc/nios2-elf/4.1.2/../../../../nios2-elf/lib/libc.a(lib_a-memcpy.o)
                0x00b59028                memcpy
 .text          0x00b590c8       0xe0 /usr/local/3rdparty/altera/quartus12/nios2eds/bin/gnu/H-i686-pc-linux-gnu/bin/../lib/gcc/nios2-elf/4.1.2/../../../../nios2-elf/lib/libc.a(lib_a-memmove.o)
                0x00b590c8                memmove
 .text          0x00b591a8       0x98 /usr/local/3rdparty/altera/quartus12/nios2eds/bin/gnu/H-i686-pc-linux-gnu/bin/../lib/gcc/nios2-elf/4.1.2/../../../../nios2-elf/lib/libc.a(lib_a-memset.o)
                0x00b591a8                memset
 .text          0x00b59240      0xff4 /usr/local/3rdparty/altera/quartus12/nios2eds/bin/gnu/H-i686-pc-linux-gnu/bin/../lib/gcc/nios2-elf/4.1.2/../../../../nios2-elf/lib/libc.a(lib_a-mprec.o)
                0x00b59240                _Bfree
                0x00b59268                __hi0bits
                0x00b592d8                __lo0bits
                0x00b5939c                __mcmp
                0x00b593fc                __ulp
                0x00b5947c                __b2d
                0x00b5959c                __ratio
                0x00b5964c                _mprec_log10
                0x00b596e0                __copybits
                0x00b59738                __any_on
                0x00b597c0                _Balloc
                0x00b5987c                __d2b
                0x00b599f8                __mdiff
                0x00b59b84                __lshift
                0x00b59cd0                __multiply
                0x00b59eb8                __i2b
                0x00b59ef4                __multadd
                0x00b59ff4                __pow5mult
                0x00b5a114                __s2b
 .text          0x00b5a234      0x5f4 /usr/local/3rdparty/altera/quartus12/nios2eds/bin/gnu/H-i686-pc-linux-gnu/bin/../lib/gcc/nios2-elf/4.1.2/../../../../nios2-elf/lib/libc.a(lib_a-reallocr.o)
                0x00b5a234                _realloc_r
 .text          0x00b5a828       0x40 /usr/local/3rdparty/altera/quartus12/nios2eds/bin/gnu/H-i686-pc-linux-gnu/bin/../lib/gcc/nios2-elf/4.1.2/../../../../nios2-elf/lib/libc.a(lib_a-s_isinfd.o)
                0x00b5a828                __isinfd
 .text          0x00b5a868       0x30 /usr/local/3rdparty/altera/quartus12/nios2eds/bin/gnu/H-i686-pc-linux-gnu/bin/../lib/gcc/nios2-elf/4.1.2/../../../../nios2-elf/lib/libc.a(lib_a-s_isnand.o)
                0x00b5a868                __isnand
 .text          0x00b5a898       0x70 /usr/local/3rdparty/altera/quartus12/nios2eds/bin/gnu/H-i686-pc-linux-gnu/bin/../lib/gcc/nios2-elf/4.1.2/../../../../nios2-elf/lib/libc.a(lib_a-sbrkr.o)
                0x00b5a898                _sbrk_r
 .text          0x00b5a908      0x14c /usr/local/3rdparty/altera/quartus12/nios2eds/bin/gnu/H-i686-pc-linux-gnu/bin/../lib/gcc/nios2-elf/4.1.2/../../../../nios2-elf/lib/libc.a(lib_a-stdio.o)
                0x00b5a908                __sclose
                0x00b5a910                __sseek
                0x00b5a978                __swrite
                0x00b5a9f4                __sread
 .text          0x00b5aa54       0xbc /usr/local/3rdparty/altera/quartus12/nios2eds/bin/gnu/H-i686-pc-linux-gnu/bin/../lib/gcc/nios2-elf/4.1.2/../../../../nios2-elf/lib/libc.a(lib_a-strcmp.o)
                0x00b5aa54                strcmp
 .text          0x00b5ab10       0x78 /usr/local/3rdparty/altera/quartus12/nios2eds/bin/gnu/H-i686-pc-linux-gnu/bin/../lib/gcc/nios2-elf/4.1.2/../../../../nios2-elf/lib/libc.a(lib_a-writer.o)
                0x00b5ab10                _write_r
 .text          0x00b5ab88       0xb4 /usr/local/3rdparty/altera/quartus12/nios2eds/bin/gnu/H-i686-pc-linux-gnu/bin/../lib/gcc/nios2-elf/4.1.2/../../../../nios2-elf/lib/libc.a(lib_a-callocr.o)
                0x00b5ab88                _calloc_r
 .text          0x00b5ac3c       0x70 /usr/local/3rdparty/altera/quartus12/nios2eds/bin/gnu/H-i686-pc-linux-gnu/bin/../lib/gcc/nios2-elf/4.1.2/../../../../nios2-elf/lib/libc.a(lib_a-closer.o)
                0x00b5ac3c                _close_r
 .text          0x00b5acac      0x124 /usr/local/3rdparty/altera/quartus12/nios2eds/bin/gnu/H-i686-pc-linux-gnu/bin/../lib/gcc/nios2-elf/4.1.2/../../../../nios2-elf/lib/libc.a(lib_a-fclose.o)
                0x00b5acac                _fclose_r
                0x00b5adbc                fclose
 .text          0x00b5add0       0x74 /usr/local/3rdparty/altera/quartus12/nios2eds/bin/gnu/H-i686-pc-linux-gnu/bin/../lib/gcc/nios2-elf/4.1.2/../../../../nios2-elf/lib/libc.a(lib_a-fstatr.o)
                0x00b5add0                _fstat_r
 .text          0x00b5ae44        0x0 /usr/local/3rdparty/altera/quartus12/nios2eds/bin/gnu/H-i686-pc-linux-gnu/bin/../lib/gcc/nios2-elf/4.1.2/../../../../nios2-elf/lib/libc.a(lib_a-int_errno.o)
 .text          0x00b5ae44       0x70 /usr/local/3rdparty/altera/quartus12/nios2eds/bin/gnu/H-i686-pc-linux-gnu/bin/../lib/gcc/nios2-elf/4.1.2/../../../../nios2-elf/lib/libc.a(lib_a-isattyr.o)
                0x00b5ae44                _isatty_r
 .text          0x00b5aeb4       0x78 /usr/local/3rdparty/altera/quartus12/nios2eds/bin/gnu/H-i686-pc-linux-gnu/bin/../lib/gcc/nios2-elf/4.1.2/../../../../nios2-elf/lib/libc.a(lib_a-lseekr.o)
                0x00b5aeb4                _lseek_r
 .text          0x00b5af2c       0x78 /usr/local/3rdparty/altera/quartus12/nios2eds/bin/gnu/H-i686-pc-linux-gnu/bin/../lib/gcc/nios2-elf/4.1.2/../../../../nios2-elf/lib/libc.a(lib_a-readr.o)
                0x00b5af2c                _read_r
 .text          0x00b5afa4      0x5dc /usr/local/3rdparty/altera/quartus12/nios2eds/bin/gnu/H-i686-pc-linux-gnu/bin/../lib/gcc/nios2-elf/4.1.2/libgcc.a(_udivdi3.o)
                0x00b5afa4                __udivdi3
 .text          0x00b5b580      0x5b0 /usr/local/3rdparty/altera/quartus12/nios2eds/bin/gnu/H-i686-pc-linux-gnu/bin/../lib/gcc/nios2-elf/4.1.2/libgcc.a(_umoddi3.o)
                0x00b5b580                __umoddi3
 .text          0x00b5bb30      0x3c4 /usr/local/3rdparty/altera/quartus12/nios2eds/bin/gnu/H-i686-pc-linux-gnu/bin/../lib/gcc/nios2-elf/4.1.2/libgcc.a(_mul_df.o)
                0x00b5bb30                __muldf3
 .text          0x00b5bef4       0x88 /usr/local/3rdparty/altera/quartus12/nios2eds/bin/gnu/H-i686-pc-linux-gnu/bin/../lib/gcc/nios2-elf/4.1.2/libgcc.a(_eq_df.o)
                0x00b5bef4                __eqdf2
 .text          0x00b5bf7c       0x88 /usr/local/3rdparty/altera/quartus12/nios2eds/bin/gnu/H-i686-pc-linux-gnu/bin/../lib/gcc/nios2-elf/4.1.2/libgcc.a(_gt_df.o)
                0x00b5bf7c                __gtdf2
 .text          0x00b5c004       0x88 /usr/local/3rdparty/altera/quartus12/nios2eds/bin/gnu/H-i686-pc-linux-gnu/bin/../lib/gcc/nios2-elf/4.1.2/libgcc.a(_ge_df.o)
                0x00b5c004                __gedf2
 .text          0x00b5c08c       0x88 /usr/local/3rdparty/altera/quartus12/nios2eds/bin/gnu/H-i686-pc-linux-gnu/bin/../lib/gcc/nios2-elf/4.1.2/libgcc.a(_lt_df.o)
                0x00b5c08c                __ltdf2
 .text          0x00b5c114       0xf8 /usr/local/3rdparty/altera/quartus12/nios2eds/bin/gnu/H-i686-pc-linux-gnu/bin/../lib/gcc/nios2-elf/4.1.2/libgcc.a(_si_to_df.o)
                0x00b5c114                __floatsidf
 .text          0x00b5c20c       0xd8 /usr/local/3rdparty/altera/quartus12/nios2eds/bin/gnu/H-i686-pc-linux-gnu/bin/../lib/gcc/nios2-elf/4.1.2/libgcc.a(_df_to_si.o)
                0x00b5c20c                __fixdfsi
 .text          0x00b5c2e4      0x194 /usr/local/3rdparty/altera/quartus12/nios2eds/bin/gnu/H-i686-pc-linux-gnu/bin/../lib/gcc/nios2-elf/4.1.2/libgcc.a(_usi_to_df.o)
                0x00b5c2e4                __floatunsidf
 .text          0x00b5c478      0x14c /usr/local/3rdparty/altera/quartus12/nios2eds/bin/gnu/H-i686-pc-linux-gnu/bin/../lib/gcc/nios2-elf/4.1.2/libgcc.a(lib2-divmod.o)
                0x00b5c4f4                __divsi3
                0x00b5c554                __modsi3
                0x00b5c5b4                __udivsi3
                0x00b5c5bc                __umodsi3
 .text          0x00b5c5c4      0x15c ../Fractal_cpu1_bsp//libhal_bsp.a(alt_close.o)
                0x00b5c5c4                close
 .text          0x00b5c720       0x2c ../Fractal_cpu1_bsp//libhal_bsp.a(alt_dev.o)
 .text          0x00b5c74c        0x0 ../Fractal_cpu1_bsp//libhal_bsp.a(alt_errno.o)
 .text          0x00b5c74c      0x134 ../Fractal_cpu1_bsp//libhal_bsp.a(alt_fstat.o)
                0x00b5c74c                fstat
 .text          0x00b5c880      0x120 ../Fractal_cpu1_bsp//libhal_bsp.a(alt_isatty.o)
                0x00b5c880                isatty
 .text          0x00b5c9a0       0xec ../Fractal_cpu1_bsp//libhal_bsp.a(alt_load.o)
                0x00b5c9a0                alt_load
 .text          0x00b5ca8c      0x150 ../Fractal_cpu1_bsp//libhal_bsp.a(alt_lseek.o)
                0x00b5ca8c                lseek
 .text          0x00b5cbdc       0x6c ../Fractal_cpu1_bsp//libhal_bsp.a(alt_main.o)
                0x00b5cbdc                alt_main
 .text          0x00b5cc48       0x40 ../Fractal_cpu1_bsp//libhal_bsp.a(alt_malloc_lock.o)
                0x00b5cc48                __malloc_lock
                0x00b5cc68                __malloc_unlock
 .text          0x00b5cc88      0x180 ../Fractal_cpu1_bsp//libhal_bsp.a(alt_read.o)
                0x00b5cc88                read
 .text          0x00b5ce08       0x60 ../Fractal_cpu1_bsp//libhal_bsp.a(alt_release_fd.o)
                0x00b5ce08                alt_release_fd
 .text          0x00b5ce68       0xbc ../Fractal_cpu1_bsp//libhal_bsp.a(alt_sbrk.o)
                0x00b5ce68                sbrk
 .text          0x00b5cf24      0x180 ../Fractal_cpu1_bsp//libhal_bsp.a(alt_write.o)
                0x00b5cf24                write
 .text          0x00b5d0a4      0x2e4 ../Fractal_cpu1_bsp//libhal_bsp.a(alt_sys_init.o)
                0x00b5d0a4                alt_irq_init
                0x00b5d0d8                alt_sys_init
 .text          0x00b5d388      0x148 ../Fractal_cpu1_bsp//libhal_bsp.a(altera_avalon_jtag_uart_fd.o)
                0x00b5d388                altera_avalon_jtag_uart_read_fd
                0x00b5d3e0                altera_avalon_jtag_uart_write_fd
                0x00b5d438                altera_avalon_jtag_uart_close_fd
                0x00b5d480                altera_avalon_jtag_uart_ioctl_fd
 .text          0x00b5d4d0      0x40c ../Fractal_cpu1_bsp//libhal_bsp.a(altera_avalon_jtag_uart_init.o)
                0x00b5d4d0                altera_avalon_jtag_uart_init
                0x00b5d868                altera_avalon_jtag_uart_close
 .text          0x00b5d8dc       0xf4 ../Fractal_cpu1_bsp//libhal_bsp.a(altera_avalon_jtag_uart_ioctl.o)
                0x00b5d8dc                altera_avalon_jtag_uart_ioctl
 .text          0x00b5d9d0      0x224 ../Fractal_cpu1_bsp//libhal_bsp.a(altera_avalon_jtag_uart_read.o)
                0x00b5d9d0                altera_avalon_jtag_uart_read
 .text          0x00b5dbf4      0x240 ../Fractal_cpu1_bsp//libhal_bsp.a(altera_avalon_jtag_uart_write.o)
                0x00b5dbf4                altera_avalon_jtag_uart_write
 .text          0x00b5de34      0x528 ../Fractal_cpu1_bsp//libhal_bsp.a(altera_avalon_mailbox.o)
                0x00b5de34                alt_avalon_mailbox_init
                0x00b5e058                altera_avalon_mailbox_open
                0x00b5e0b0                altera_avalon_mailbox_close
                0x00b5e0d0                altera_avalon_mailbox_post
                0x00b5e1dc                altera_avalon_mailbox_pend
                0x00b5e284                altera_avalon_mailbox_get
 .text          0x00b5e35c      0x304 ../Fractal_cpu1_bsp//libhal_bsp.a(altera_avalon_mutex.o)
                0x00b5e3d8                altera_avalon_mutex_open
                0x00b5e490                altera_avalon_mutex_close
                0x00b5e4b0                altera_avalon_mutex_lock
                0x00b5e4f0                altera_avalon_mutex_trylock
                0x00b5e530                altera_avalon_mutex_unlock
                0x00b5e58c                altera_avalon_mutex_is_mine
                0x00b5e608                altera_avalon_mutex_first_lock
 .text          0x00b5e660     0x156c ../Fractal_cpu1_bsp//libhal_bsp.a(altera_up_avalon_video_pixel_buffer_dma.o)
                0x00b5e660                alt_up_pixel_buffer_dma_open_dev
                0x00b5e6a0                alt_up_pixel_buffer_dma_draw
                0x00b5e840                alt_up_pixel_buffer_dma_change_back_buffer_address
                0x00b5e898                alt_up_pixel_buffer_dma_swap_buffers
                0x00b5e8f0                alt_up_pixel_buffer_dma_check_swap_buffers_status
                0x00b5e924                alt_up_pixel_buffer_dma_clear_screen
                0x00b5ea88                alt_up_pixel_buffer_dma_draw_box
                0x00b5ef7c                alt_up_pixel_buffer_dma_draw_hline
                0x00b5f2cc                alt_up_pixel_buffer_dma_draw_vline
                0x00b5f69c                alt_up_pixel_buffer_dma_draw_rectangle
                0x00b5f760                helper_plot_pixel
                0x00b5f830                alt_up_pixel_buffer_dma_draw_line
 .text          0x00b5fbcc      0x154 ../Fractal_cpu1_bsp//libhal_bsp.a(alt_alarm_start.o)
                0x00b5fbcc                alt_alarm_start
 .text          0x00b5fd20       0x44 ../Fractal_cpu1_bsp//libhal_bsp.a(alt_dcache_flush_all.o)
                0x00b5fd20                alt_dcache_flush_all
 .text          0x00b5fd64      0x114 ../Fractal_cpu1_bsp//libhal_bsp.a(alt_dev_llist_insert.o)
                0x00b5fd64                alt_dev_llist_insert
 .text          0x00b5fe78       0x64 ../Fractal_cpu1_bsp//libhal_bsp.a(alt_do_ctors.o)
                0x00b5fe78                _do_ctors
 .text          0x00b5fedc       0x64 ../Fractal_cpu1_bsp//libhal_bsp.a(alt_do_dtors.o)
                0x00b5fedc                _do_dtors
 .text          0x00b5ff40       0x94 ../Fractal_cpu1_bsp//libhal_bsp.a(alt_find_dev.o)
                0x00b5ff40                alt_find_dev
 .text          0x00b5ffd4       0x30 ../Fractal_cpu1_bsp//libhal_bsp.a(alt_icache_flush_all.o)
                0x00b5ffd4                alt_icache_flush_all
 .text          0x00b60004      0x1d4 ../Fractal_cpu1_bsp//libhal_bsp.a(alt_iic.o)
                0x00b60004                alt_ic_isr_register
                0x00b60054                alt_ic_irq_enable
                0x00b600f0                alt_ic_irq_disable
                0x00b60190                alt_ic_irq_enabled
 .text          0x00b601d8       0xf8 ../Fractal_cpu1_bsp//libhal_bsp.a(alt_iic_isr_register.o)
                0x00b601d8                alt_iic_isr_register
 .text          0x00b602d0      0x13c ../Fractal_cpu1_bsp//libhal_bsp.a(alt_io_redirect.o)
                0x00b60394                alt_io_redirect
 .text          0x00b6040c        0x0 ../Fractal_cpu1_bsp//libhal_bsp.a(alt_irq_entry.o)
 .text          0x00b6040c        0x0 ../Fractal_cpu1_bsp//libhal_bsp.a(alt_irq_handler.o)
 .text          0x00b6040c        0x0 ../Fractal_cpu1_bsp//libhal_bsp.a(alt_irq_vars.o)
 .text          0x00b6040c      0x2c4 ../Fractal_cpu1_bsp//libhal_bsp.a(alt_open.o)
                0x00b604e8                open
 .text          0x00b606d0      0x1a4 ../Fractal_cpu1_bsp//libhal_bsp.a(alt_tick.o)
                0x00b606d0                alt_alarm_stop
                0x00b60768                alt_tick
 .text          0x00b60874       0x20 ../Fractal_cpu1_bsp//libhal_bsp.a(altera_nios2_irq.o)
                0x00b60874                altera_nios2_irq_init
 .text          0x00b60894        0x0 ../Fractal_cpu1_bsp//libhal_bsp.a(alt_exception_entry.o)
 .text          0x00b60894      0x120 ../Fractal_cpu1_bsp//libhal_bsp.a(alt_find_file.o)
                0x00b60894                alt_find_file
 .text          0x00b609b4       0xb8 ../Fractal_cpu1_bsp//libhal_bsp.a(alt_get_fd.o)
                0x00b609b4                alt_get_fd
 .text          0x00b60a6c       0x90 ../Fractal_cpu1_bsp//libhal_bsp.a(alt_icache_flush.o)
                0x00b60a6c                alt_icache_flush
 .text          0x00b60afc       0x14 /usr/local/3rdparty/altera/quartus12/nios2eds/bin/gnu/H-i686-pc-linux-gnu/bin/../lib/gcc/nios2-elf/4.1.2/../../../../nios2-elf/lib/libc.a(lib_a-atexit.o)
                0x00b60afc                atexit
 .text          0x00b60b10       0x38 /usr/local/3rdparty/altera/quartus12/nios2eds/bin/gnu/H-i686-pc-linux-gnu/bin/../lib/gcc/nios2-elf/4.1.2/../../../../nios2-elf/lib/libc.a(lib_a-exit.o)
                0x00b60b10                exit
 .text          0x00b60b48       0x74 /usr/local/3rdparty/altera/quartus12/nios2eds/bin/gnu/H-i686-pc-linux-gnu/bin/../lib/gcc/nios2-elf/4.1.2/../../../../nios2-elf/lib/libc.a(lib_a-memcmp.o)
                0x00b60b48                memcmp
 .text          0x00b60bbc      0x134 /usr/local/3rdparty/altera/quartus12/nios2eds/bin/gnu/H-i686-pc-linux-gnu/bin/../lib/gcc/nios2-elf/4.1.2/../../../../nios2-elf/lib/libc.a(lib_a-__atexit.o)
                0x00b60bbc                __register_exitproc
 .text          0x00b60cf0      0x1b4 /usr/local/3rdparty/altera/quartus12/nios2eds/bin/gnu/H-i686-pc-linux-gnu/bin/../lib/gcc/nios2-elf/4.1.2/../../../../nios2-elf/lib/libc.a(lib_a-__call_atexit.o)
                0x00b60cf4                __call_exitprocs
 .text          0x00b60ea4       0x60 ../Fractal_cpu1_bsp//libhal_bsp.a(alt_exit.o)
                0x00b60ee4                _exit
 *(.gnu.warning.*)
 *(.fini)
                0x00b60f04                PROVIDE (__etext, ABSOLUTE (.))
                0x00b60f04                PROVIDE (_etext, ABSOLUTE (.))
                0x00b60f04                PROVIDE (etext, ABSOLUTE (.))
 *(.eh_frame_hdr)
                0x00b60f04                . = ALIGN (0x4)
                0x00b60f04                PROVIDE (__preinit_array_start, ABSOLUTE (.))
 *(.preinit_array)
                0x00b60f04                PROVIDE (__preinit_array_end, ABSOLUTE (.))
                0x00b60f04                PROVIDE (__init_array_start, ABSOLUTE (.))
 *(.init_array)
                0x00b60f04                PROVIDE (__init_array_end, ABSOLUTE (.))
                0x00b60f04                PROVIDE (__fini_array_start, ABSOLUTE (.))
 *(.fini_array)
                0x00b60f04                PROVIDE (__fini_array_end, ABSOLUTE (.))
 *(.eh_frame)
 .eh_frame      0x00b60f04       0x40 /usr/local/3rdparty/altera/quartus12/nios2eds/bin/gnu/H-i686-pc-linux-gnu/bin/../lib/gcc/nios2-elf/4.1.2/libgcc.a(_udivdi3.o)
 .eh_frame      0x00b60f44       0x2c /usr/local/3rdparty/altera/quartus12/nios2eds/bin/gnu/H-i686-pc-linux-gnu/bin/../lib/gcc/nios2-elf/4.1.2/libgcc.a(_umoddi3.o)
                                 0x40 (size before relaxing)
 *(.gcc_except_table)
 *(.dynamic)
                0x00b60f70                PROVIDE (__CTOR_LIST__, ABSOLUTE (.))
 *(.ctors)
 *(SORT(.ctors.*))
 .ctors.65535   0x00b60f70        0x4 /usr/local/3rdparty/altera/quartus12/nios2eds/bin/gnu/H-i686-pc-linux-gnu/bin/../lib/gcc/nios2-elf/4.1.2/../../../../nios2-elf/lib/libc.a(lib_a-__call_atexit.o)
                0x00b60f74                PROVIDE (__CTOR_END__, ABSOLUTE (.))
                0x00b60f74                PROVIDE (__DTOR_LIST__, ABSOLUTE (.))
 *(.dtors)
 *(SORT(.dtors.*))
                0x00b60f74                PROVIDE (__DTOR_END__, ABSOLUTE (.))
 *(.jcr)
                0x00b60f74                . = ALIGN (0x4)

.rodata         0x00b60f74      0x4d8
                0x00b60f74                PROVIDE (__ram_rodata_start, ABSOLUTE (.))
                0x00b60f74                . = ALIGN (0x4)
 *(.rodata .rodata.* .gnu.linkonce.r.*)
 .rodata.str1.4
                0x00b60f74       0x2e obj/default/Fractal.o
                                 0x30 (size before relaxing)
 *fill*         0x00b60fa2        0x2 00
 .rodata.str1.4
                0x00b60fa4       0x24 obj/default/Project.o
 .rodata.str1.4
                0x00b60fc8        0x5 /usr/local/3rdparty/altera/quartus12/nios2eds/bin/gnu/H-i686-pc-linux-gnu/bin/../lib/gcc/nios2-elf/4.1.2/../../../../nios2-elf/lib/libm.a(lib_a-wf_pow.o)
                                  0x8 (size before relaxing)
 .rodata.str1.4
                0x00000000        0x5 /usr/local/3rdparty/altera/quartus12/nios2eds/bin/gnu/H-i686-pc-linux-gnu/bin/../lib/gcc/nios2-elf/4.1.2/../../../../nios2-elf/lib/libm.a(lib_a-ef_pow.o)
                                  0x4 (size before relaxing)
 *fill*         0x00b60fcd        0x3 00
 .rodata        0x00b60fd0       0x10 /usr/local/3rdparty/altera/quartus12/nios2eds/bin/gnu/H-i686-pc-linux-gnu/bin/../lib/gcc/nios2-elf/4.1.2/../../../../nios2-elf/lib/libm.a(lib_a-s_rint.o)
 .rodata        0x00b60fe0       0x10 /usr/local/3rdparty/altera/quartus12/nios2eds/bin/gnu/H-i686-pc-linux-gnu/bin/../lib/gcc/nios2-elf/4.1.2/libgcc.a(_thenan_sf.o)
                0x00b60fe0                __thenan_sf
 .rodata        0x00b60ff0       0x14 /usr/local/3rdparty/altera/quartus12/nios2eds/bin/gnu/H-i686-pc-linux-gnu/bin/../lib/gcc/nios2-elf/4.1.2/libgcc.a(_thenan_df.o)
                0x00b60ff0                __thenan_df
 .rodata        0x00b61004      0x100 /usr/local/3rdparty/altera/quartus12/nios2eds/bin/gnu/H-i686-pc-linux-gnu/bin/../lib/gcc/nios2-elf/4.1.2/libgcc.a(_clz.o)
                0x00b61004                __clz_tab
 .rodata.str1.4
                0x00b61104        0x2 /usr/local/3rdparty/altera/quartus12/nios2eds/bin/gnu/H-i686-pc-linux-gnu/bin/../lib/gcc/nios2-elf/4.1.2/../../../../nios2-elf/lib/libc.a(lib_a-impure.o)
                                  0x4 (size before relaxing)
 *fill*         0x00b61106        0x2 00
 .rodata.str1.4
                0x00b61108        0x2 /usr/local/3rdparty/altera/quartus12/nios2eds/bin/gnu/H-i686-pc-linux-gnu/bin/../lib/gcc/nios2-elf/4.1.2/../../../../nios2-elf/lib/libc.a(lib_a-puts.o)
                                  0x4 (size before relaxing)
 *fill*         0x00b6110a        0x2 00
 .rodata.str1.4
                0x00b6110c       0x5a /usr/local/3rdparty/altera/quartus12/nios2eds/bin/gnu/H-i686-pc-linux-gnu/bin/../lib/gcc/nios2-elf/4.1.2/../../../../nios2-elf/lib/libc.a(lib_a-vfprintf.o)
                                 0x60 (size before relaxing)
 .rodata        0x00b61166       0x20 /usr/local/3rdparty/altera/quartus12/nios2eds/bin/gnu/H-i686-pc-linux-gnu/bin/../lib/gcc/nios2-elf/4.1.2/../../../../nios2-elf/lib/libc.a(lib_a-vfprintf.o)
 *fill*         0x00b61186        0x2 00
 .rodata.str1.4
                0x00b61188       0x10 /usr/local/3rdparty/altera/quartus12/nios2eds/bin/gnu/H-i686-pc-linux-gnu/bin/../lib/gcc/nios2-elf/4.1.2/../../../../nios2-elf/lib/libc.a(lib_a-dtoa.o)
                                 0x14 (size before relaxing)
 .rodata.str1.4
                0x00b61198        0xc /usr/local/3rdparty/altera/quartus12/nios2eds/bin/gnu/H-i686-pc-linux-gnu/bin/../lib/gcc/nios2-elf/4.1.2/../../../../nios2-elf/lib/libc.a(lib_a-locale.o)
                                 0x18 (size before relaxing)
 .rodata        0x00b611a4       0x30 /usr/local/3rdparty/altera/quartus12/nios2eds/bin/gnu/H-i686-pc-linux-gnu/bin/../lib/gcc/nios2-elf/4.1.2/../../../../nios2-elf/lib/libc.a(lib_a-locale.o)
 .rodata        0x00b611d4      0x124 /usr/local/3rdparty/altera/quartus12/nios2eds/bin/gnu/H-i686-pc-linux-gnu/bin/../lib/gcc/nios2-elf/4.1.2/../../../../nios2-elf/lib/libc.a(lib_a-mprec.o)
                0x00b611d4                __mprec_tens
                0x00b6129c                __mprec_bigtens
                0x00b612c4                __mprec_tinytens
 .rodata        0x00b612f8        0xc ../Fractal_cpu1_bsp//libhal_bsp.a(alt_dev.o)
 .rodata        0x00b61304       0x14 ../Fractal_cpu1_bsp//libhal_bsp.a(alt_main.o)
 .rodata        0x00b61318      0x134 ../Fractal_cpu1_bsp//libhal_bsp.a(alt_sys_init.o)
 *(.rodata1)
                0x00b6144c                . = ALIGN (0x4)
                0x00b6144c                PROVIDE (__ram_rodata_end, ABSOLUTE (.))
                0x00b60f74                PROVIDE (__flash_rodata_start, LOADADDR (.rodata))

.rwdata         0x00b6144c     0x1bd0 load address 0x00b6301c
                0x00b6144c                PROVIDE (__ram_rwdata_start, ABSOLUTE (.))
                0x00b6144c                . = ALIGN (0x4)
 *(.got.plt)
 *(.got)
 *(.data1)
 *(.data .data.* .gnu.linkonce.d.*)
 .data          0x00b6144c        0x0 ../Fractal_cpu1_bsp//obj/HAL/src/crt0.o
 .data          0x00b6144c        0x0 obj/default/Fractal.o
 .data          0x00b6144c        0x0 obj/default/Project.o
 .data          0x00b6144c        0x0 /usr/local/3rdparty/altera/quartus12/nios2eds/bin/gnu/H-i686-pc-linux-gnu/bin/../lib/gcc/nios2-elf/4.1.2/../../../../nios2-elf/lib/libm.a(lib_a-wf_pow.o)
 .data          0x00b6144c        0x0 /usr/local/3rdparty/altera/quartus12/nios2eds/bin/gnu/H-i686-pc-linux-gnu/bin/../lib/gcc/nios2-elf/4.1.2/../../../../nios2-elf/lib/libm.a(lib_a-ef_pow.o)
 .data          0x00b6144c        0x0 /usr/local/3rdparty/altera/quartus12/nios2eds/bin/gnu/H-i686-pc-linux-gnu/bin/../lib/gcc/nios2-elf/4.1.2/../../../../nios2-elf/lib/libm.a(lib_a-ef_sqrt.o)
 .data          0x00b6144c        0x0 /usr/local/3rdparty/altera/quartus12/nios2eds/bin/gnu/H-i686-pc-linux-gnu/bin/../lib/gcc/nios2-elf/4.1.2/../../../../nios2-elf/lib/libm.a(lib_a-s_lib_ver.o)
 .data          0x00b6144c        0x0 /usr/local/3rdparty/altera/quartus12/nios2eds/bin/gnu/H-i686-pc-linux-gnu/bin/../lib/gcc/nios2-elf/4.1.2/../../../../nios2-elf/lib/libm.a(lib_a-s_matherr.o)
 .data          0x00b6144c        0x0 /usr/local/3rdparty/altera/quartus12/nios2eds/bin/gnu/H-i686-pc-linux-gnu/bin/../lib/gcc/nios2-elf/4.1.2/../../../../nios2-elf/lib/libm.a(lib_a-s_rint.o)
 .data          0x00b6144c        0x0 /usr/local/3rdparty/altera/quartus12/nios2eds/bin/gnu/H-i686-pc-linux-gnu/bin/../lib/gcc/nios2-elf/4.1.2/../../../../nios2-elf/lib/libm.a(lib_a-sf_fabs.o)
 .data          0x00b6144c        0x0 /usr/local/3rdparty/altera/quartus12/nios2eds/bin/gnu/H-i686-pc-linux-gnu/bin/../lib/gcc/nios2-elf/4.1.2/../../../../nios2-elf/lib/libm.a(lib_a-sf_finite.o)
 .data          0x00b6144c        0x0 /usr/local/3rdparty/altera/quartus12/nios2eds/bin/gnu/H-i686-pc-linux-gnu/bin/../lib/gcc/nios2-elf/4.1.2/../../../../nios2-elf/lib/libm.a(lib_a-sf_isnan.o)
 .data          0x00b6144c        0x0 /usr/local/3rdparty/altera/quartus12/nios2eds/bin/gnu/H-i686-pc-linux-gnu/bin/../lib/gcc/nios2-elf/4.1.2/../../../../nios2-elf/lib/libm.a(lib_a-sf_nan.o)
 .data          0x00b6144c        0x0 /usr/local/3rdparty/altera/quartus12/nios2eds/bin/gnu/H-i686-pc-linux-gnu/bin/../lib/gcc/nios2-elf/4.1.2/../../../../nios2-elf/lib/libm.a(lib_a-sf_scalbn.o)
 .data          0x00b6144c        0x0 /usr/local/3rdparty/altera/quartus12/nios2eds/bin/gnu/H-i686-pc-linux-gnu/bin/../lib/gcc/nios2-elf/4.1.2/../../../../nios2-elf/lib/libm.a(lib_a-sf_copysign.o)
 .data          0x00b6144c        0x0 /usr/local/3rdparty/altera/quartus12/nios2eds/bin/gnu/H-i686-pc-linux-gnu/bin/../lib/gcc/nios2-elf/4.1.2/libgcc.a(_addsub_sf.o)
 .data          0x00b6144c        0x0 /usr/local/3rdparty/altera/quartus12/nios2eds/bin/gnu/H-i686-pc-linux-gnu/bin/../lib/gcc/nios2-elf/4.1.2/libgcc.a(_mul_sf.o)
 .data          0x00b6144c        0x0 /usr/local/3rdparty/altera/quartus12/nios2eds/bin/gnu/H-i686-pc-linux-gnu/bin/../lib/gcc/nios2-elf/4.1.2/libgcc.a(_div_sf.o)
 .data          0x00b6144c        0x0 /usr/local/3rdparty/altera/quartus12/nios2eds/bin/gnu/H-i686-pc-linux-gnu/bin/../lib/gcc/nios2-elf/4.1.2/libgcc.a(_eq_sf.o)
 .data          0x00b6144c        0x0 /usr/local/3rdparty/altera/quartus12/nios2eds/bin/gnu/H-i686-pc-linux-gnu/bin/../lib/gcc/nios2-elf/4.1.2/libgcc.a(_gt_sf.o)
 .data          0x00b6144c        0x0 /usr/local/3rdparty/altera/quartus12/nios2eds/bin/gnu/H-i686-pc-linux-gnu/bin/../lib/gcc/nios2-elf/4.1.2/libgcc.a(_lt_sf.o)
 .data          0x00b6144c        0x0 /usr/local/3rdparty/altera/quartus12/nios2eds/bin/gnu/H-i686-pc-linux-gnu/bin/../lib/gcc/nios2-elf/4.1.2/libgcc.a(_le_sf.o)
 .data          0x00b6144c        0x0 /usr/local/3rdparty/altera/quartus12/nios2eds/bin/gnu/H-i686-pc-linux-gnu/bin/../lib/gcc/nios2-elf/4.1.2/libgcc.a(_si_to_sf.o)
 .data          0x00b6144c        0x0 /usr/local/3rdparty/altera/quartus12/nios2eds/bin/gnu/H-i686-pc-linux-gnu/bin/../lib/gcc/nios2-elf/4.1.2/libgcc.a(_sf_to_df.o)
 .data          0x00b6144c        0x0 /usr/local/3rdparty/altera/quartus12/nios2eds/bin/gnu/H-i686-pc-linux-gnu/bin/../lib/gcc/nios2-elf/4.1.2/libgcc.a(_thenan_sf.o)
 .data          0x00b6144c        0x0 /usr/local/3rdparty/altera/quartus12/nios2eds/bin/gnu/H-i686-pc-linux-gnu/bin/../lib/gcc/nios2-elf/4.1.2/libgcc.a(_addsub_df.o)
 .data          0x00b6144c        0x0 /usr/local/3rdparty/altera/quartus12/nios2eds/bin/gnu/H-i686-pc-linux-gnu/bin/../lib/gcc/nios2-elf/4.1.2/libgcc.a(_div_df.o)
 .data          0x00b6144c        0x0 /usr/local/3rdparty/altera/quartus12/nios2eds/bin/gnu/H-i686-pc-linux-gnu/bin/../lib/gcc/nios2-elf/4.1.2/libgcc.a(_ne_df.o)
 .data          0x00b6144c        0x0 /usr/local/3rdparty/altera/quartus12/nios2eds/bin/gnu/H-i686-pc-linux-gnu/bin/../lib/gcc/nios2-elf/4.1.2/libgcc.a(_make_df.o)
 .data          0x00b6144c        0x0 /usr/local/3rdparty/altera/quartus12/nios2eds/bin/gnu/H-i686-pc-linux-gnu/bin/../lib/gcc/nios2-elf/4.1.2/libgcc.a(_df_to_sf.o)
 .data          0x00b6144c        0x0 /usr/local/3rdparty/altera/quartus12/nios2eds/bin/gnu/H-i686-pc-linux-gnu/bin/../lib/gcc/nios2-elf/4.1.2/libgcc.a(_thenan_df.o)
 .data          0x00b6144c        0x0 /usr/local/3rdparty/altera/quartus12/nios2eds/bin/gnu/H-i686-pc-linux-gnu/bin/../lib/gcc/nios2-elf/4.1.2/libgcc.a(_muldi3.o)
 .data          0x00b6144c        0x0 /usr/local/3rdparty/altera/quartus12/nios2eds/bin/gnu/H-i686-pc-linux-gnu/bin/../lib/gcc/nios2-elf/4.1.2/libgcc.a(_clzsi2.o)
 .data          0x00b6144c        0x0 /usr/local/3rdparty/altera/quartus12/nios2eds/bin/gnu/H-i686-pc-linux-gnu/bin/../lib/gcc/nios2-elf/4.1.2/libgcc.a(_pack_sf.o)
 .data          0x00b6144c        0x0 /usr/local/3rdparty/altera/quartus12/nios2eds/bin/gnu/H-i686-pc-linux-gnu/bin/../lib/gcc/nios2-elf/4.1.2/libgcc.a(_unpack_sf.o)
 .data          0x00b6144c        0x0 /usr/local/3rdparty/altera/quartus12/nios2eds/bin/gnu/H-i686-pc-linux-gnu/bin/../lib/gcc/nios2-elf/4.1.2/libgcc.a(_fpcmp_parts_sf.o)
 .data          0x00b6144c        0x0 /usr/local/3rdparty/altera/quartus12/nios2eds/bin/gnu/H-i686-pc-linux-gnu/bin/../lib/gcc/nios2-elf/4.1.2/libgcc.a(_make_sf.o)
 .data          0x00b6144c        0x0 /usr/local/3rdparty/altera/quartus12/nios2eds/bin/gnu/H-i686-pc-linux-gnu/bin/../lib/gcc/nios2-elf/4.1.2/libgcc.a(_pack_df.o)
 .data          0x00b6144c        0x0 /usr/local/3rdparty/altera/quartus12/nios2eds/bin/gnu/H-i686-pc-linux-gnu/bin/../lib/gcc/nios2-elf/4.1.2/libgcc.a(_unpack_df.o)
 .data          0x00b6144c        0x0 /usr/local/3rdparty/altera/quartus12/nios2eds/bin/gnu/H-i686-pc-linux-gnu/bin/../lib/gcc/nios2-elf/4.1.2/libgcc.a(_fpcmp_parts_df.o)
 .data          0x00b6144c        0x0 /usr/local/3rdparty/altera/quartus12/nios2eds/bin/gnu/H-i686-pc-linux-gnu/bin/../lib/gcc/nios2-elf/4.1.2/libgcc.a(_clz.o)
 .data          0x00b6144c        0x0 /usr/local/3rdparty/altera/quartus12/nios2eds/bin/gnu/H-i686-pc-linux-gnu/bin/../lib/gcc/nios2-elf/4.1.2/../../../../nios2-elf/lib/libc.a(lib_a-errno.o)
 .data          0x00b6144c      0x400 /usr/local/3rdparty/altera/quartus12/nios2eds/bin/gnu/H-i686-pc-linux-gnu/bin/../lib/gcc/nios2-elf/4.1.2/../../../../nios2-elf/lib/libc.a(lib_a-impure.o)
 .data          0x00b6184c        0x0 /usr/local/3rdparty/altera/quartus12/nios2eds/bin/gnu/H-i686-pc-linux-gnu/bin/../lib/gcc/nios2-elf/4.1.2/../../../../nios2-elf/lib/libc.a(lib_a-printf.o)
 .data          0x00b6184c        0x0 /usr/local/3rdparty/altera/quartus12/nios2eds/bin/gnu/H-i686-pc-linux-gnu/bin/../lib/gcc/nios2-elf/4.1.2/../../../../nios2-elf/lib/libc.a(lib_a-puts.o)
 .data          0x00b6184c        0x0 /usr/local/3rdparty/altera/quartus12/nios2eds/bin/gnu/H-i686-pc-linux-gnu/bin/../lib/gcc/nios2-elf/4.1.2/../../../../nios2-elf/lib/libc.a(lib_a-sprintf.o)
 .data          0x00b6184c        0x0 /usr/local/3rdparty/altera/quartus12/nios2eds/bin/gnu/H-i686-pc-linux-gnu/bin/../lib/gcc/nios2-elf/4.1.2/../../../../nios2-elf/lib/libc.a(lib_a-strlen.o)
 .data          0x00b6184c        0x0 /usr/local/3rdparty/altera/quartus12/nios2eds/bin/gnu/H-i686-pc-linux-gnu/bin/../lib/gcc/nios2-elf/4.1.2/../../../../nios2-elf/lib/libc.a(lib_a-vfprintf.o)
 .data          0x00b6184c        0x0 /usr/local/3rdparty/altera/quartus12/nios2eds/bin/gnu/H-i686-pc-linux-gnu/bin/../lib/gcc/nios2-elf/4.1.2/../../../../nios2-elf/lib/libc.a(lib_a-wsetup.o)
 .data          0x00b6184c        0x0 /usr/local/3rdparty/altera/quartus12/nios2eds/bin/gnu/H-i686-pc-linux-gnu/bin/../lib/gcc/nios2-elf/4.1.2/../../../../nios2-elf/lib/libc.a(lib_a-dtoa.o)
 .data          0x00b6184c        0x0 /usr/local/3rdparty/altera/quartus12/nios2eds/bin/gnu/H-i686-pc-linux-gnu/bin/../lib/gcc/nios2-elf/4.1.2/../../../../nios2-elf/lib/libc.a(lib_a-fflush.o)
 .data          0x00b6184c        0x0 /usr/local/3rdparty/altera/quartus12/nios2eds/bin/gnu/H-i686-pc-linux-gnu/bin/../lib/gcc/nios2-elf/4.1.2/../../../../nios2-elf/lib/libc.a(lib_a-findfp.o)
 .data          0x00b6184c        0x0 /usr/local/3rdparty/altera/quartus12/nios2eds/bin/gnu/H-i686-pc-linux-gnu/bin/../lib/gcc/nios2-elf/4.1.2/../../../../nios2-elf/lib/libc.a(lib_a-freer.o)
 .data          0x00b6184c        0x0 /usr/local/3rdparty/altera/quartus12/nios2eds/bin/gnu/H-i686-pc-linux-gnu/bin/../lib/gcc/nios2-elf/4.1.2/../../../../nios2-elf/lib/libc.a(lib_a-fvwrite.o)
 .data          0x00b6184c        0x0 /usr/local/3rdparty/altera/quartus12/nios2eds/bin/gnu/H-i686-pc-linux-gnu/bin/../lib/gcc/nios2-elf/4.1.2/../../../../nios2-elf/lib/libc.a(lib_a-fwalk.o)
 .data          0x00b6184c        0xc /usr/local/3rdparty/altera/quartus12/nios2eds/bin/gnu/H-i686-pc-linux-gnu/bin/../lib/gcc/nios2-elf/4.1.2/../../../../nios2-elf/lib/libc.a(lib_a-locale.o)
                0x00b6184c                __lc_ctype
 .data          0x00b61858        0x0 /usr/local/3rdparty/altera/quartus12/nios2eds/bin/gnu/H-i686-pc-linux-gnu/bin/../lib/gcc/nios2-elf/4.1.2/../../../../nios2-elf/lib/libc.a(lib_a-makebuf.o)
 .data          0x00b61858      0x408 /usr/local/3rdparty/altera/quartus12/nios2eds/bin/gnu/H-i686-pc-linux-gnu/bin/../lib/gcc/nios2-elf/4.1.2/../../../../nios2-elf/lib/libc.a(lib_a-mallocr.o)
                0x00b61858                __malloc_av_
 .data          0x00b61c60        0x0 /usr/local/3rdparty/altera/quartus12/nios2eds/bin/gnu/H-i686-pc-linux-gnu/bin/../lib/gcc/nios2-elf/4.1.2/../../../../nios2-elf/lib/libc.a(lib_a-memchr.o)
 .data          0x00b61c60        0x0 /usr/local/3rdparty/altera/quartus12/nios2eds/bin/gnu/H-i686-pc-linux-gnu/bin/../lib/gcc/nios2-elf/4.1.2/../../../../nios2-elf/lib/libc.a(lib_a-memcpy.o)
 .data          0x00b61c60        0x0 /usr/local/3rdparty/altera/quartus12/nios2eds/bin/gnu/H-i686-pc-linux-gnu/bin/../lib/gcc/nios2-elf/4.1.2/../../../../nios2-elf/lib/libc.a(lib_a-memmove.o)
 .data          0x00b61c60        0x0 /usr/local/3rdparty/altera/quartus12/nios2eds/bin/gnu/H-i686-pc-linux-gnu/bin/../lib/gcc/nios2-elf/4.1.2/../../../../nios2-elf/lib/libc.a(lib_a-memset.o)
 .data          0x00b61c60        0x0 /usr/local/3rdparty/altera/quartus12/nios2eds/bin/gnu/H-i686-pc-linux-gnu/bin/../lib/gcc/nios2-elf/4.1.2/../../../../nios2-elf/lib/libc.a(lib_a-mprec.o)
 .data          0x00b61c60        0x0 /usr/local/3rdparty/altera/quartus12/nios2eds/bin/gnu/H-i686-pc-linux-gnu/bin/../lib/gcc/nios2-elf/4.1.2/../../../../nios2-elf/lib/libc.a(lib_a-reallocr.o)
 .data          0x00b61c60        0x0 /usr/local/3rdparty/altera/quartus12/nios2eds/bin/gnu/H-i686-pc-linux-gnu/bin/../lib/gcc/nios2-elf/4.1.2/../../../../nios2-elf/lib/libc.a(lib_a-s_isinfd.o)
 .data          0x00b61c60        0x0 /usr/local/3rdparty/altera/quartus12/nios2eds/bin/gnu/H-i686-pc-linux-gnu/bin/../lib/gcc/nios2-elf/4.1.2/../../../../nios2-elf/lib/libc.a(lib_a-s_isnand.o)
 .data          0x00b61c60        0x0 /usr/local/3rdparty/altera/quartus12/nios2eds/bin/gnu/H-i686-pc-linux-gnu/bin/../lib/gcc/nios2-elf/4.1.2/../../../../nios2-elf/lib/libc.a(lib_a-sbrkr.o)
 .data          0x00b61c60        0x0 /usr/local/3rdparty/altera/quartus12/nios2eds/bin/gnu/H-i686-pc-linux-gnu/bin/../lib/gcc/nios2-elf/4.1.2/../../../../nios2-elf/lib/libc.a(lib_a-stdio.o)
 .data          0x00b61c60        0x0 /usr/local/3rdparty/altera/quartus12/nios2eds/bin/gnu/H-i686-pc-linux-gnu/bin/../lib/gcc/nios2-elf/4.1.2/../../../../nios2-elf/lib/libc.a(lib_a-strcmp.o)
 .data          0x00b61c60        0x0 /usr/local/3rdparty/altera/quartus12/nios2eds/bin/gnu/H-i686-pc-linux-gnu/bin/../lib/gcc/nios2-elf/4.1.2/../../../../nios2-elf/lib/libc.a(lib_a-writer.o)
 .data          0x00b61c60        0x0 /usr/local/3rdparty/altera/quartus12/nios2eds/bin/gnu/H-i686-pc-linux-gnu/bin/../lib/gcc/nios2-elf/4.1.2/../../../../nios2-elf/lib/libc.a(lib_a-callocr.o)
 .data          0x00b61c60        0x0 /usr/local/3rdparty/altera/quartus12/nios2eds/bin/gnu/H-i686-pc-linux-gnu/bin/../lib/gcc/nios2-elf/4.1.2/../../../../nios2-elf/lib/libc.a(lib_a-closer.o)
 .data          0x00b61c60        0x0 /usr/local/3rdparty/altera/quartus12/nios2eds/bin/gnu/H-i686-pc-linux-gnu/bin/../lib/gcc/nios2-elf/4.1.2/../../../../nios2-elf/lib/libc.a(lib_a-fclose.o)
 .data          0x00b61c60        0x0 /usr/local/3rdparty/altera/quartus12/nios2eds/bin/gnu/H-i686-pc-linux-gnu/bin/../lib/gcc/nios2-elf/4.1.2/../../../../nios2-elf/lib/libc.a(lib_a-fstatr.o)
 .data          0x00b61c60        0x0 /usr/local/3rdparty/altera/quartus12/nios2eds/bin/gnu/H-i686-pc-linux-gnu/bin/../lib/gcc/nios2-elf/4.1.2/../../../../nios2-elf/lib/libc.a(lib_a-int_errno.o)
 .data          0x00b61c60        0x0 /usr/local/3rdparty/altera/quartus12/nios2eds/bin/gnu/H-i686-pc-linux-gnu/bin/../lib/gcc/nios2-elf/4.1.2/../../../../nios2-elf/lib/libc.a(lib_a-isattyr.o)
 .data          0x00b61c60        0x0 /usr/local/3rdparty/altera/quartus12/nios2eds/bin/gnu/H-i686-pc-linux-gnu/bin/../lib/gcc/nios2-elf/4.1.2/../../../../nios2-elf/lib/libc.a(lib_a-lseekr.o)
 .data          0x00b61c60        0x0 /usr/local/3rdparty/altera/quartus12/nios2eds/bin/gnu/H-i686-pc-linux-gnu/bin/../lib/gcc/nios2-elf/4.1.2/../../../../nios2-elf/lib/libc.a(lib_a-readr.o)
 .data          0x00b61c60        0x0 /usr/local/3rdparty/altera/quartus12/nios2eds/bin/gnu/H-i686-pc-linux-gnu/bin/../lib/gcc/nios2-elf/4.1.2/libgcc.a(_udivdi3.o)
 .data          0x00b61c60        0x0 /usr/local/3rdparty/altera/quartus12/nios2eds/bin/gnu/H-i686-pc-linux-gnu/bin/../lib/gcc/nios2-elf/4.1.2/libgcc.a(_umoddi3.o)
 .data          0x00b61c60        0x0 /usr/local/3rdparty/altera/quartus12/nios2eds/bin/gnu/H-i686-pc-linux-gnu/bin/../lib/gcc/nios2-elf/4.1.2/libgcc.a(_mul_df.o)
 .data          0x00b61c60        0x0 /usr/local/3rdparty/altera/quartus12/nios2eds/bin/gnu/H-i686-pc-linux-gnu/bin/../lib/gcc/nios2-elf/4.1.2/libgcc.a(_eq_df.o)
 .data          0x00b61c60        0x0 /usr/local/3rdparty/altera/quartus12/nios2eds/bin/gnu/H-i686-pc-linux-gnu/bin/../lib/gcc/nios2-elf/4.1.2/libgcc.a(_gt_df.o)
 .data          0x00b61c60        0x0 /usr/local/3rdparty/altera/quartus12/nios2eds/bin/gnu/H-i686-pc-linux-gnu/bin/../lib/gcc/nios2-elf/4.1.2/libgcc.a(_ge_df.o)
 .data          0x00b61c60        0x0 /usr/local/3rdparty/altera/quartus12/nios2eds/bin/gnu/H-i686-pc-linux-gnu/bin/../lib/gcc/nios2-elf/4.1.2/libgcc.a(_lt_df.o)
 .data          0x00b61c60        0x0 /usr/local/3rdparty/altera/quartus12/nios2eds/bin/gnu/H-i686-pc-linux-gnu/bin/../lib/gcc/nios2-elf/4.1.2/libgcc.a(_si_to_df.o)
 .data          0x00b61c60        0x0 /usr/local/3rdparty/altera/quartus12/nios2eds/bin/gnu/H-i686-pc-linux-gnu/bin/../lib/gcc/nios2-elf/4.1.2/libgcc.a(_df_to_si.o)
 .data          0x00b61c60        0x0 /usr/local/3rdparty/altera/quartus12/nios2eds/bin/gnu/H-i686-pc-linux-gnu/bin/../lib/gcc/nios2-elf/4.1.2/libgcc.a(_usi_to_df.o)
 .data          0x00b61c60        0x0 /usr/local/3rdparty/altera/quartus12/nios2eds/bin/gnu/H-i686-pc-linux-gnu/bin/../lib/gcc/nios2-elf/4.1.2/libgcc.a(lib2-divmod.o)
 .data          0x00b61c60        0x0 ../Fractal_cpu1_bsp//libhal_bsp.a(alt_close.o)
 .data          0x00b61c60      0x1a8 ../Fractal_cpu1_bsp//libhal_bsp.a(alt_dev.o)
                0x00b61c60                alt_dev_null
                0x00b61c88                alt_fd_list
 .data          0x00b61e08        0x0 ../Fractal_cpu1_bsp//libhal_bsp.a(alt_errno.o)
 .data          0x00b61e08        0x0 ../Fractal_cpu1_bsp//libhal_bsp.a(alt_fstat.o)
 .data          0x00b61e08        0x0 ../Fractal_cpu1_bsp//libhal_bsp.a(alt_isatty.o)
 .data          0x00b61e08        0x0 ../Fractal_cpu1_bsp//libhal_bsp.a(alt_load.o)
 .data          0x00b61e08        0x0 ../Fractal_cpu1_bsp//libhal_bsp.a(alt_lseek.o)
 .data          0x00b61e08        0x0 ../Fractal_cpu1_bsp//libhal_bsp.a(alt_main.o)
 .data          0x00b61e08        0x0 ../Fractal_cpu1_bsp//libhal_bsp.a(alt_malloc_lock.o)
 .data          0x00b61e08        0x0 ../Fractal_cpu1_bsp//libhal_bsp.a(alt_read.o)
 .data          0x00b61e08        0x0 ../Fractal_cpu1_bsp//libhal_bsp.a(alt_release_fd.o)
 .data          0x00b61e08        0x0 ../Fractal_cpu1_bsp//libhal_bsp.a(alt_sbrk.o)
 .data          0x00b61e08        0x0 ../Fractal_cpu1_bsp//libhal_bsp.a(alt_write.o)
 .data          0x00b61e08     0x11a4 ../Fractal_cpu1_bsp//libhal_bsp.a(alt_sys_init.o)
 .data          0x00b62fac        0x0 ../Fractal_cpu1_bsp//libhal_bsp.a(altera_avalon_jtag_uart_fd.o)
 .data          0x00b62fac        0x0 ../Fractal_cpu1_bsp//libhal_bsp.a(altera_avalon_jtag_uart_init.o)
 .data          0x00b62fac        0x0 ../Fractal_cpu1_bsp//libhal_bsp.a(altera_avalon_jtag_uart_ioctl.o)
 .data          0x00b62fac        0x0 ../Fractal_cpu1_bsp//libhal_bsp.a(altera_avalon_jtag_uart_read.o)
 .data          0x00b62fac        0x0 ../Fractal_cpu1_bsp//libhal_bsp.a(altera_avalon_jtag_uart_write.o)
 .data          0x00b62fac        0x0 ../Fractal_cpu1_bsp//libhal_bsp.a(altera_avalon_mailbox.o)
 .data          0x00b62fac        0x0 ../Fractal_cpu1_bsp//libhal_bsp.a(altera_avalon_mutex.o)
 .data          0x00b62fac        0x0 ../Fractal_cpu1_bsp//libhal_bsp.a(altera_up_avalon_video_pixel_buffer_dma.o)
 .data          0x00b62fac        0x0 ../Fractal_cpu1_bsp//libhal_bsp.a(alt_alarm_start.o)
 .data          0x00b62fac        0x0 ../Fractal_cpu1_bsp//libhal_bsp.a(alt_dcache_flush_all.o)
 .data          0x00b62fac        0x0 ../Fractal_cpu1_bsp//libhal_bsp.a(alt_dev_llist_insert.o)
 .data          0x00b62fac        0x0 ../Fractal_cpu1_bsp//libhal_bsp.a(alt_do_ctors.o)
 .data          0x00b62fac        0x0 ../Fractal_cpu1_bsp//libhal_bsp.a(alt_do_dtors.o)
 .data          0x00b62fac        0x0 ../Fractal_cpu1_bsp//libhal_bsp.a(alt_find_dev.o)
 .data          0x00b62fac        0x0 ../Fractal_cpu1_bsp//libhal_bsp.a(alt_icache_flush_all.o)
 .data          0x00b62fac        0x0 ../Fractal_cpu1_bsp//libhal_bsp.a(alt_iic.o)
 .data          0x00b62fac        0x0 ../Fractal_cpu1_bsp//libhal_bsp.a(alt_iic_isr_register.o)
 .data          0x00b62fac        0x0 ../Fractal_cpu1_bsp//libhal_bsp.a(alt_io_redirect.o)
 .data          0x00b62fac        0x0 ../Fractal_cpu1_bsp//libhal_bsp.a(alt_irq_entry.o)
 .data          0x00b62fac        0x0 ../Fractal_cpu1_bsp//libhal_bsp.a(alt_irq_handler.o)
 .data          0x00b62fac        0x0 ../Fractal_cpu1_bsp//libhal_bsp.a(alt_irq_vars.o)
 .data          0x00b62fac        0x0 ../Fractal_cpu1_bsp//libhal_bsp.a(alt_open.o)
 .data          0x00b62fac        0x0 ../Fractal_cpu1_bsp//libhal_bsp.a(alt_tick.o)
 .data          0x00b62fac        0x0 ../Fractal_cpu1_bsp//libhal_bsp.a(altera_nios2_irq.o)
 .data          0x00b62fac        0x0 ../Fractal_cpu1_bsp//libhal_bsp.a(alt_exception_entry.o)
 .data          0x00b62fac        0x0 ../Fractal_cpu1_bsp//libhal_bsp.a(alt_find_file.o)
 .data          0x00b62fac        0x0 ../Fractal_cpu1_bsp//libhal_bsp.a(alt_get_fd.o)
 .data          0x00b62fac        0x0 ../Fractal_cpu1_bsp//libhal_bsp.a(alt_icache_flush.o)
 .data          0x00b62fac        0x0 /usr/local/3rdparty/altera/quartus12/nios2eds/bin/gnu/H-i686-pc-linux-gnu/bin/../lib/gcc/nios2-elf/4.1.2/../../../../nios2-elf/lib/libc.a(lib_a-atexit.o)
 .data          0x00b62fac        0x0 /usr/local/3rdparty/altera/quartus12/nios2eds/bin/gnu/H-i686-pc-linux-gnu/bin/../lib/gcc/nios2-elf/4.1.2/../../../../nios2-elf/lib/libc.a(lib_a-exit.o)
 .data          0x00b62fac        0x0 /usr/local/3rdparty/altera/quartus12/nios2eds/bin/gnu/H-i686-pc-linux-gnu/bin/../lib/gcc/nios2-elf/4.1.2/../../../../nios2-elf/lib/libc.a(lib_a-memcmp.o)
 .data          0x00b62fac        0x0 /usr/local/3rdparty/altera/quartus12/nios2eds/bin/gnu/H-i686-pc-linux-gnu/bin/../lib/gcc/nios2-elf/4.1.2/../../../../nios2-elf/lib/libc.a(lib_a-__atexit.o)
 .data          0x00b62fac        0x0 /usr/local/3rdparty/altera/quartus12/nios2eds/bin/gnu/H-i686-pc-linux-gnu/bin/../lib/gcc/nios2-elf/4.1.2/../../../../nios2-elf/lib/libc.a(lib_a-__call_atexit.o)
 .data          0x00b62fac        0x0 ../Fractal_cpu1_bsp//libhal_bsp.a(alt_exit.o)
                0x00b6afac                _gp = ABSOLUTE ((. + 0x8000))
                0x00b6afac                PROVIDE (gp, _gp)
 *(.rwdata .rwdata.*)
 *(.sdata .sdata.* .gnu.linkonce.s.*)
 .sdata         0x00b62fac        0x4 obj/default/Fractal.o
                0x00b62fac                targetArrayXY
 .sdata         0x00b62fb0       0x18 /usr/local/3rdparty/altera/quartus12/nios2eds/bin/gnu/H-i686-pc-linux-gnu/bin/../lib/gcc/nios2-elf/4.1.2/../../../../nios2-elf/lib/libm.a(lib_a-ef_pow.o)
 .sdata         0x00b62fc8        0x4 /usr/local/3rdparty/altera/quartus12/nios2eds/bin/gnu/H-i686-pc-linux-gnu/bin/../lib/gcc/nios2-elf/4.1.2/../../../../nios2-elf/lib/libm.a(lib_a-s_lib_ver.o)
                0x00b62fc8                __fdlib_version
 .sdata         0x00b62fcc        0x8 /usr/local/3rdparty/altera/quartus12/nios2eds/bin/gnu/H-i686-pc-linux-gnu/bin/../lib/gcc/nios2-elf/4.1.2/../../../../nios2-elf/lib/libc.a(lib_a-impure.o)
                0x00b62fcc                _impure_ptr
                0x00b62fd0                _global_impure_ptr
 .sdata         0x00b62fd4        0x8 /usr/local/3rdparty/altera/quartus12/nios2eds/bin/gnu/H-i686-pc-linux-gnu/bin/../lib/gcc/nios2-elf/4.1.2/../../../../nios2-elf/lib/libc.a(lib_a-locale.o)
                0x00b62fd4                __mb_cur_max
 .sdata         0x00b62fdc        0x8 /usr/local/3rdparty/altera/quartus12/nios2eds/bin/gnu/H-i686-pc-linux-gnu/bin/../lib/gcc/nios2-elf/4.1.2/../../../../nios2-elf/lib/libc.a(lib_a-mallocr.o)
                0x00b62fdc                __malloc_trim_threshold
                0x00b62fe0                __malloc_sbrk_base
 .sdata         0x00b62fe4       0x14 ../Fractal_cpu1_bsp//libhal_bsp.a(alt_dev.o)
                0x00b62fe4                alt_fs_list
                0x00b62fec                alt_dev_list
                0x00b62ff4                alt_max_fd
 .sdata         0x00b62ff8        0x4 ../Fractal_cpu1_bsp//libhal_bsp.a(alt_errno.o)
                0x00b62ff8                alt_errno
 .sdata         0x00b62ffc        0x4 ../Fractal_cpu1_bsp//libhal_bsp.a(alt_sbrk.o)
 .sdata         0x00b63000        0x8 ../Fractal_cpu1_bsp//libhal_bsp.a(altera_avalon_mailbox.o)
                0x00b63000                alt_mailbox_list
 .sdata         0x00b63008        0x8 ../Fractal_cpu1_bsp//libhal_bsp.a(altera_avalon_mutex.o)
                0x00b63008                alt_mutex_list
 .sdata         0x00b63010        0x4 ../Fractal_cpu1_bsp//libhal_bsp.a(alt_irq_vars.o)
                0x00b63010                alt_priority_mask
 .sdata         0x00b63014        0x8 ../Fractal_cpu1_bsp//libhal_bsp.a(alt_tick.o)
                0x00b63014                alt_alarm_list
 *(.sdata2 .sdata2.* .gnu.linkonce.s2.*)
                0x00b6301c                . = ALIGN (0x4)
                0x00b6301c                _edata = ABSOLUTE (.)
                0x00b6301c                PROVIDE (edata, ABSOLUTE (.))
                0x00b6301c                PROVIDE (__ram_rwdata_end, ABSOLUTE (.))
                0x00b6301c                PROVIDE (__flash_rwdata_start, LOADADDR (.rwdata))

.bss            0x00b64bec      0x2f8
                0x00b64bec                __bss_start = ABSOLUTE (.)
                0x00b64bec                PROVIDE (__sbss_start, ABSOLUTE (.))
                0x00b64bec                PROVIDE (___sbss_start, ABSOLUTE (.))
 *(.dynsbss)
 *(.sbss .sbss.* .gnu.linkonce.sb.*)
 .sbss          0x00b64bec        0x8 obj/default/Fractal.o
                0x00b64bec                targetArrayXYMaster
 .sbss          0x00b64bf4        0x4 obj/default/Fractal.o
                0x00b64bf4                myPixelBuffer
 .sbss          0x00b64bf8        0xc /usr/local/3rdparty/altera/quartus12/nios2eds/bin/gnu/H-i686-pc-linux-gnu/bin/../lib/gcc/nios2-elf/4.1.2/../../../../nios2-elf/lib/libc.a(lib_a-locale.o)
                0x00b64bf8                __nlocale_changed
                0x00b64bfc                __mlocale_changed
                0x00b64c00                _PathLocale
 .sbss          0x00b64c04        0xc /usr/local/3rdparty/altera/quartus12/nios2eds/bin/gnu/H-i686-pc-linux-gnu/bin/../lib/gcc/nios2-elf/4.1.2/../../../../nios2-elf/lib/libc.a(lib_a-mallocr.o)
                0x00b64c04                __malloc_top_pad
                0x00b64c08                __malloc_max_sbrked_mem
                0x00b64c0c                __malloc_max_total_mem
 .sbss          0x00b64c10        0x4 /usr/local/3rdparty/altera/quartus12/nios2eds/bin/gnu/H-i686-pc-linux-gnu/bin/../lib/gcc/nios2-elf/4.1.2/../../../../nios2-elf/lib/libc.a(lib_a-int_errno.o)
                0x00b64c10                errno
 .sbss          0x00b64c14        0xc ../Fractal_cpu1_bsp//libhal_bsp.a(alt_main.o)
                0x00b64c14                alt_argc
                0x00b64c18                alt_argv
                0x00b64c1c                alt_envp
 .sbss          0x00b64c20        0x4 ../Fractal_cpu1_bsp//libhal_bsp.a(alt_irq_vars.o)
                0x00b64c20                alt_irq_active
 .sbss          0x00b64c24        0x8 ../Fractal_cpu1_bsp//libhal_bsp.a(alt_tick.o)
                0x00b64c24                _alt_tick_rate
                0x00b64c28                _alt_nticks
 *(.sbss2 .sbss2.* .gnu.linkonce.sb2.*)
 *(.scommon)
                0x00b64c2c                PROVIDE (__sbss_end, ABSOLUTE (.))
                0x00b64c2c                PROVIDE (___sbss_end, ABSOLUTE (.))
 *(.dynbss)
 *(.bss .bss.* .gnu.linkonce.b.*)
 .bss           0x00b64c2c        0x0 ../Fractal_cpu1_bsp//obj/HAL/src/crt0.o
 .bss           0x00b64c2c        0x0 obj/default/Fractal.o
 .bss           0x00b64c2c        0x0 obj/default/Project.o
 .bss           0x00b64c2c        0x0 /usr/local/3rdparty/altera/quartus12/nios2eds/bin/gnu/H-i686-pc-linux-gnu/bin/../lib/gcc/nios2-elf/4.1.2/../../../../nios2-elf/lib/libm.a(lib_a-wf_pow.o)
 .bss           0x00b64c2c        0x0 /usr/local/3rdparty/altera/quartus12/nios2eds/bin/gnu/H-i686-pc-linux-gnu/bin/../lib/gcc/nios2-elf/4.1.2/../../../../nios2-elf/lib/libm.a(lib_a-ef_pow.o)
 .bss           0x00b64c2c        0x0 /usr/local/3rdparty/altera/quartus12/nios2eds/bin/gnu/H-i686-pc-linux-gnu/bin/../lib/gcc/nios2-elf/4.1.2/../../../../nios2-elf/lib/libm.a(lib_a-ef_sqrt.o)
 .bss           0x00b64c2c        0x0 /usr/local/3rdparty/altera/quartus12/nios2eds/bin/gnu/H-i686-pc-linux-gnu/bin/../lib/gcc/nios2-elf/4.1.2/../../../../nios2-elf/lib/libm.a(lib_a-s_lib_ver.o)
 .bss           0x00b64c2c        0x0 /usr/local/3rdparty/altera/quartus12/nios2eds/bin/gnu/H-i686-pc-linux-gnu/bin/../lib/gcc/nios2-elf/4.1.2/../../../../nios2-elf/lib/libm.a(lib_a-s_matherr.o)
 .bss           0x00b64c2c        0x0 /usr/local/3rdparty/altera/quartus12/nios2eds/bin/gnu/H-i686-pc-linux-gnu/bin/../lib/gcc/nios2-elf/4.1.2/../../../../nios2-elf/lib/libm.a(lib_a-s_rint.o)
 .bss           0x00b64c2c        0x0 /usr/local/3rdparty/altera/quartus12/nios2eds/bin/gnu/H-i686-pc-linux-gnu/bin/../lib/gcc/nios2-elf/4.1.2/../../../../nios2-elf/lib/libm.a(lib_a-sf_fabs.o)
 .bss           0x00b64c2c        0x0 /usr/local/3rdparty/altera/quartus12/nios2eds/bin/gnu/H-i686-pc-linux-gnu/bin/../lib/gcc/nios2-elf/4.1.2/../../../../nios2-elf/lib/libm.a(lib_a-sf_finite.o)
 .bss           0x00b64c2c        0x0 /usr/local/3rdparty/altera/quartus12/nios2eds/bin/gnu/H-i686-pc-linux-gnu/bin/../lib/gcc/nios2-elf/4.1.2/../../../../nios2-elf/lib/libm.a(lib_a-sf_isnan.o)
 .bss           0x00b64c2c        0x0 /usr/local/3rdparty/altera/quartus12/nios2eds/bin/gnu/H-i686-pc-linux-gnu/bin/../lib/gcc/nios2-elf/4.1.2/../../../../nios2-elf/lib/libm.a(lib_a-sf_nan.o)
 .bss           0x00b64c2c        0x0 /usr/local/3rdparty/altera/quartus12/nios2eds/bin/gnu/H-i686-pc-linux-gnu/bin/../lib/gcc/nios2-elf/4.1.2/../../../../nios2-elf/lib/libm.a(lib_a-sf_scalbn.o)
 .bss           0x00b64c2c        0x0 /usr/local/3rdparty/altera/quartus12/nios2eds/bin/gnu/H-i686-pc-linux-gnu/bin/../lib/gcc/nios2-elf/4.1.2/../../../../nios2-elf/lib/libm.a(lib_a-sf_copysign.o)
 .bss           0x00b64c2c        0x0 /usr/local/3rdparty/altera/quartus12/nios2eds/bin/gnu/H-i686-pc-linux-gnu/bin/../lib/gcc/nios2-elf/4.1.2/libgcc.a(_addsub_sf.o)
 .bss           0x00b64c2c        0x0 /usr/local/3rdparty/altera/quartus12/nios2eds/bin/gnu/H-i686-pc-linux-gnu/bin/../lib/gcc/nios2-elf/4.1.2/libgcc.a(_mul_sf.o)
 .bss           0x00b64c2c        0x0 /usr/local/3rdparty/altera/quartus12/nios2eds/bin/gnu/H-i686-pc-linux-gnu/bin/../lib/gcc/nios2-elf/4.1.2/libgcc.a(_div_sf.o)
 .bss           0x00b64c2c        0x0 /usr/local/3rdparty/altera/quartus12/nios2eds/bin/gnu/H-i686-pc-linux-gnu/bin/../lib/gcc/nios2-elf/4.1.2/libgcc.a(_eq_sf.o)
 .bss           0x00b64c2c        0x0 /usr/local/3rdparty/altera/quartus12/nios2eds/bin/gnu/H-i686-pc-linux-gnu/bin/../lib/gcc/nios2-elf/4.1.2/libgcc.a(_gt_sf.o)
 .bss           0x00b64c2c        0x0 /usr/local/3rdparty/altera/quartus12/nios2eds/bin/gnu/H-i686-pc-linux-gnu/bin/../lib/gcc/nios2-elf/4.1.2/libgcc.a(_lt_sf.o)
 .bss           0x00b64c2c        0x0 /usr/local/3rdparty/altera/quartus12/nios2eds/bin/gnu/H-i686-pc-linux-gnu/bin/../lib/gcc/nios2-elf/4.1.2/libgcc.a(_le_sf.o)
 .bss           0x00b64c2c        0x0 /usr/local/3rdparty/altera/quartus12/nios2eds/bin/gnu/H-i686-pc-linux-gnu/bin/../lib/gcc/nios2-elf/4.1.2/libgcc.a(_si_to_sf.o)
 .bss           0x00b64c2c        0x0 /usr/local/3rdparty/altera/quartus12/nios2eds/bin/gnu/H-i686-pc-linux-gnu/bin/../lib/gcc/nios2-elf/4.1.2/libgcc.a(_sf_to_df.o)
 .bss           0x00b64c2c        0x0 /usr/local/3rdparty/altera/quartus12/nios2eds/bin/gnu/H-i686-pc-linux-gnu/bin/../lib/gcc/nios2-elf/4.1.2/libgcc.a(_thenan_sf.o)
 .bss           0x00b64c2c        0x0 /usr/local/3rdparty/altera/quartus12/nios2eds/bin/gnu/H-i686-pc-linux-gnu/bin/../lib/gcc/nios2-elf/4.1.2/libgcc.a(_addsub_df.o)
 .bss           0x00b64c2c        0x0 /usr/local/3rdparty/altera/quartus12/nios2eds/bin/gnu/H-i686-pc-linux-gnu/bin/../lib/gcc/nios2-elf/4.1.2/libgcc.a(_div_df.o)
 .bss           0x00b64c2c        0x0 /usr/local/3rdparty/altera/quartus12/nios2eds/bin/gnu/H-i686-pc-linux-gnu/bin/../lib/gcc/nios2-elf/4.1.2/libgcc.a(_ne_df.o)
 .bss           0x00b64c2c        0x0 /usr/local/3rdparty/altera/quartus12/nios2eds/bin/gnu/H-i686-pc-linux-gnu/bin/../lib/gcc/nios2-elf/4.1.2/libgcc.a(_make_df.o)
 .bss           0x00b64c2c        0x0 /usr/local/3rdparty/altera/quartus12/nios2eds/bin/gnu/H-i686-pc-linux-gnu/bin/../lib/gcc/nios2-elf/4.1.2/libgcc.a(_df_to_sf.o)
 .bss           0x00b64c2c        0x0 /usr/local/3rdparty/altera/quartus12/nios2eds/bin/gnu/H-i686-pc-linux-gnu/bin/../lib/gcc/nios2-elf/4.1.2/libgcc.a(_thenan_df.o)
 .bss           0x00b64c2c        0x0 /usr/local/3rdparty/altera/quartus12/nios2eds/bin/gnu/H-i686-pc-linux-gnu/bin/../lib/gcc/nios2-elf/4.1.2/libgcc.a(_muldi3.o)
 .bss           0x00b64c2c        0x0 /usr/local/3rdparty/altera/quartus12/nios2eds/bin/gnu/H-i686-pc-linux-gnu/bin/../lib/gcc/nios2-elf/4.1.2/libgcc.a(_clzsi2.o)
 .bss           0x00b64c2c        0x0 /usr/local/3rdparty/altera/quartus12/nios2eds/bin/gnu/H-i686-pc-linux-gnu/bin/../lib/gcc/nios2-elf/4.1.2/libgcc.a(_pack_sf.o)
 .bss           0x00b64c2c        0x0 /usr/local/3rdparty/altera/quartus12/nios2eds/bin/gnu/H-i686-pc-linux-gnu/bin/../lib/gcc/nios2-elf/4.1.2/libgcc.a(_unpack_sf.o)
 .bss           0x00b64c2c        0x0 /usr/local/3rdparty/altera/quartus12/nios2eds/bin/gnu/H-i686-pc-linux-gnu/bin/../lib/gcc/nios2-elf/4.1.2/libgcc.a(_fpcmp_parts_sf.o)
 .bss           0x00b64c2c        0x0 /usr/local/3rdparty/altera/quartus12/nios2eds/bin/gnu/H-i686-pc-linux-gnu/bin/../lib/gcc/nios2-elf/4.1.2/libgcc.a(_make_sf.o)
 .bss           0x00b64c2c        0x0 /usr/local/3rdparty/altera/quartus12/nios2eds/bin/gnu/H-i686-pc-linux-gnu/bin/../lib/gcc/nios2-elf/4.1.2/libgcc.a(_pack_df.o)
 .bss           0x00b64c2c        0x0 /usr/local/3rdparty/altera/quartus12/nios2eds/bin/gnu/H-i686-pc-linux-gnu/bin/../lib/gcc/nios2-elf/4.1.2/libgcc.a(_unpack_df.o)
 .bss           0x00b64c2c        0x0 /usr/local/3rdparty/altera/quartus12/nios2eds/bin/gnu/H-i686-pc-linux-gnu/bin/../lib/gcc/nios2-elf/4.1.2/libgcc.a(_fpcmp_parts_df.o)
 .bss           0x00b64c2c        0x0 /usr/local/3rdparty/altera/quartus12/nios2eds/bin/gnu/H-i686-pc-linux-gnu/bin/../lib/gcc/nios2-elf/4.1.2/libgcc.a(_clz.o)
 .bss           0x00b64c2c        0x0 /usr/local/3rdparty/altera/quartus12/nios2eds/bin/gnu/H-i686-pc-linux-gnu/bin/../lib/gcc/nios2-elf/4.1.2/../../../../nios2-elf/lib/libc.a(lib_a-errno.o)
 .bss           0x00b64c2c        0x0 /usr/local/3rdparty/altera/quartus12/nios2eds/bin/gnu/H-i686-pc-linux-gnu/bin/../lib/gcc/nios2-elf/4.1.2/../../../../nios2-elf/lib/libc.a(lib_a-impure.o)
 .bss           0x00b64c2c        0x0 /usr/local/3rdparty/altera/quartus12/nios2eds/bin/gnu/H-i686-pc-linux-gnu/bin/../lib/gcc/nios2-elf/4.1.2/../../../../nios2-elf/lib/libc.a(lib_a-printf.o)
 .bss           0x00b64c2c        0x0 /usr/local/3rdparty/altera/quartus12/nios2eds/bin/gnu/H-i686-pc-linux-gnu/bin/../lib/gcc/nios2-elf/4.1.2/../../../../nios2-elf/lib/libc.a(lib_a-puts.o)
 .bss           0x00b64c2c        0x0 /usr/local/3rdparty/altera/quartus12/nios2eds/bin/gnu/H-i686-pc-linux-gnu/bin/../lib/gcc/nios2-elf/4.1.2/../../../../nios2-elf/lib/libc.a(lib_a-sprintf.o)
 .bss           0x00b64c2c        0x0 /usr/local/3rdparty/altera/quartus12/nios2eds/bin/gnu/H-i686-pc-linux-gnu/bin/../lib/gcc/nios2-elf/4.1.2/../../../../nios2-elf/lib/libc.a(lib_a-strlen.o)
 .bss           0x00b64c2c        0x0 /usr/local/3rdparty/altera/quartus12/nios2eds/bin/gnu/H-i686-pc-linux-gnu/bin/../lib/gcc/nios2-elf/4.1.2/../../../../nios2-elf/lib/libc.a(lib_a-vfprintf.o)
 .bss           0x00b64c2c        0x0 /usr/local/3rdparty/altera/quartus12/nios2eds/bin/gnu/H-i686-pc-linux-gnu/bin/../lib/gcc/nios2-elf/4.1.2/../../../../nios2-elf/lib/libc.a(lib_a-wsetup.o)
 .bss           0x00b64c2c        0x0 /usr/local/3rdparty/altera/quartus12/nios2eds/bin/gnu/H-i686-pc-linux-gnu/bin/../lib/gcc/nios2-elf/4.1.2/../../../../nios2-elf/lib/libc.a(lib_a-dtoa.o)
 .bss           0x00b64c2c        0x0 /usr/local/3rdparty/altera/quartus12/nios2eds/bin/gnu/H-i686-pc-linux-gnu/bin/../lib/gcc/nios2-elf/4.1.2/../../../../nios2-elf/lib/libc.a(lib_a-fflush.o)
 .bss           0x00b64c2c        0x0 /usr/local/3rdparty/altera/quartus12/nios2eds/bin/gnu/H-i686-pc-linux-gnu/bin/../lib/gcc/nios2-elf/4.1.2/../../../../nios2-elf/lib/libc.a(lib_a-findfp.o)
 .bss           0x00b64c2c        0x0 /usr/local/3rdparty/altera/quartus12/nios2eds/bin/gnu/H-i686-pc-linux-gnu/bin/../lib/gcc/nios2-elf/4.1.2/../../../../nios2-elf/lib/libc.a(lib_a-freer.o)
 .bss           0x00b64c2c        0x0 /usr/local/3rdparty/altera/quartus12/nios2eds/bin/gnu/H-i686-pc-linux-gnu/bin/../lib/gcc/nios2-elf/4.1.2/../../../../nios2-elf/lib/libc.a(lib_a-fvwrite.o)
 .bss           0x00b64c2c        0x0 /usr/local/3rdparty/altera/quartus12/nios2eds/bin/gnu/H-i686-pc-linux-gnu/bin/../lib/gcc/nios2-elf/4.1.2/../../../../nios2-elf/lib/libc.a(lib_a-fwalk.o)
 .bss           0x00b64c2c        0x0 /usr/local/3rdparty/altera/quartus12/nios2eds/bin/gnu/H-i686-pc-linux-gnu/bin/../lib/gcc/nios2-elf/4.1.2/../../../../nios2-elf/lib/libc.a(lib_a-locale.o)
 .bss           0x00b64c2c        0x0 /usr/local/3rdparty/altera/quartus12/nios2eds/bin/gnu/H-i686-pc-linux-gnu/bin/../lib/gcc/nios2-elf/4.1.2/../../../../nios2-elf/lib/libc.a(lib_a-makebuf.o)
 .bss           0x00b64c2c       0x28 /usr/local/3rdparty/altera/quartus12/nios2eds/bin/gnu/H-i686-pc-linux-gnu/bin/../lib/gcc/nios2-elf/4.1.2/../../../../nios2-elf/lib/libc.a(lib_a-mallocr.o)
                0x00b64c2c                __malloc_current_mallinfo
 .bss           0x00b64c54        0x0 /usr/local/3rdparty/altera/quartus12/nios2eds/bin/gnu/H-i686-pc-linux-gnu/bin/../lib/gcc/nios2-elf/4.1.2/../../../../nios2-elf/lib/libc.a(lib_a-memchr.o)
 .bss           0x00b64c54        0x0 /usr/local/3rdparty/altera/quartus12/nios2eds/bin/gnu/H-i686-pc-linux-gnu/bin/../lib/gcc/nios2-elf/4.1.2/../../../../nios2-elf/lib/libc.a(lib_a-memcpy.o)
 .bss           0x00b64c54        0x0 /usr/local/3rdparty/altera/quartus12/nios2eds/bin/gnu/H-i686-pc-linux-gnu/bin/../lib/gcc/nios2-elf/4.1.2/../../../../nios2-elf/lib/libc.a(lib_a-memmove.o)
 .bss           0x00b64c54        0x0 /usr/local/3rdparty/altera/quartus12/nios2eds/bin/gnu/H-i686-pc-linux-gnu/bin/../lib/gcc/nios2-elf/4.1.2/../../../../nios2-elf/lib/libc.a(lib_a-memset.o)
 .bss           0x00b64c54        0x0 /usr/local/3rdparty/altera/quartus12/nios2eds/bin/gnu/H-i686-pc-linux-gnu/bin/../lib/gcc/nios2-elf/4.1.2/../../../../nios2-elf/lib/libc.a(lib_a-mprec.o)
 .bss           0x00b64c54        0x0 /usr/local/3rdparty/altera/quartus12/nios2eds/bin/gnu/H-i686-pc-linux-gnu/bin/../lib/gcc/nios2-elf/4.1.2/../../../../nios2-elf/lib/libc.a(lib_a-reallocr.o)
 .bss           0x00b64c54        0x0 /usr/local/3rdparty/altera/quartus12/nios2eds/bin/gnu/H-i686-pc-linux-gnu/bin/../lib/gcc/nios2-elf/4.1.2/../../../../nios2-elf/lib/libc.a(lib_a-s_isinfd.o)
 .bss           0x00b64c54        0x0 /usr/local/3rdparty/altera/quartus12/nios2eds/bin/gnu/H-i686-pc-linux-gnu/bin/../lib/gcc/nios2-elf/4.1.2/../../../../nios2-elf/lib/libc.a(lib_a-s_isnand.o)
 .bss           0x00b64c54        0x0 /usr/local/3rdparty/altera/quartus12/nios2eds/bin/gnu/H-i686-pc-linux-gnu/bin/../lib/gcc/nios2-elf/4.1.2/../../../../nios2-elf/lib/libc.a(lib_a-sbrkr.o)
 .bss           0x00b64c54        0x0 /usr/local/3rdparty/altera/quartus12/nios2eds/bin/gnu/H-i686-pc-linux-gnu/bin/../lib/gcc/nios2-elf/4.1.2/../../../../nios2-elf/lib/libc.a(lib_a-stdio.o)
 .bss           0x00b64c54        0x0 /usr/local/3rdparty/altera/quartus12/nios2eds/bin/gnu/H-i686-pc-linux-gnu/bin/../lib/gcc/nios2-elf/4.1.2/../../../../nios2-elf/lib/libc.a(lib_a-strcmp.o)
 .bss           0x00b64c54        0x0 /usr/local/3rdparty/altera/quartus12/nios2eds/bin/gnu/H-i686-pc-linux-gnu/bin/../lib/gcc/nios2-elf/4.1.2/../../../../nios2-elf/lib/libc.a(lib_a-writer.o)
 .bss           0x00b64c54        0x0 /usr/local/3rdparty/altera/quartus12/nios2eds/bin/gnu/H-i686-pc-linux-gnu/bin/../lib/gcc/nios2-elf/4.1.2/../../../../nios2-elf/lib/libc.a(lib_a-callocr.o)
 .bss           0x00b64c54        0x0 /usr/local/3rdparty/altera/quartus12/nios2eds/bin/gnu/H-i686-pc-linux-gnu/bin/../lib/gcc/nios2-elf/4.1.2/../../../../nios2-elf/lib/libc.a(lib_a-closer.o)
 .bss           0x00b64c54        0x0 /usr/local/3rdparty/altera/quartus12/nios2eds/bin/gnu/H-i686-pc-linux-gnu/bin/../lib/gcc/nios2-elf/4.1.2/../../../../nios2-elf/lib/libc.a(lib_a-fclose.o)
 .bss           0x00b64c54        0x0 /usr/local/3rdparty/altera/quartus12/nios2eds/bin/gnu/H-i686-pc-linux-gnu/bin/../lib/gcc/nios2-elf/4.1.2/../../../../nios2-elf/lib/libc.a(lib_a-fstatr.o)
 .bss           0x00b64c54        0x0 /usr/local/3rdparty/altera/quartus12/nios2eds/bin/gnu/H-i686-pc-linux-gnu/bin/../lib/gcc/nios2-elf/4.1.2/../../../../nios2-elf/lib/libc.a(lib_a-int_errno.o)
 .bss           0x00b64c54        0x0 /usr/local/3rdparty/altera/quartus12/nios2eds/bin/gnu/H-i686-pc-linux-gnu/bin/../lib/gcc/nios2-elf/4.1.2/../../../../nios2-elf/lib/libc.a(lib_a-isattyr.o)
 .bss           0x00b64c54        0x0 /usr/local/3rdparty/altera/quartus12/nios2eds/bin/gnu/H-i686-pc-linux-gnu/bin/../lib/gcc/nios2-elf/4.1.2/../../../../nios2-elf/lib/libc.a(lib_a-lseekr.o)
 .bss           0x00b64c54        0x0 /usr/local/3rdparty/altera/quartus12/nios2eds/bin/gnu/H-i686-pc-linux-gnu/bin/../lib/gcc/nios2-elf/4.1.2/../../../../nios2-elf/lib/libc.a(lib_a-readr.o)
 .bss           0x00b64c54        0x0 /usr/local/3rdparty/altera/quartus12/nios2eds/bin/gnu/H-i686-pc-linux-gnu/bin/../lib/gcc/nios2-elf/4.1.2/libgcc.a(_udivdi3.o)
 .bss           0x00b64c54        0x0 /usr/local/3rdparty/altera/quartus12/nios2eds/bin/gnu/H-i686-pc-linux-gnu/bin/../lib/gcc/nios2-elf/4.1.2/libgcc.a(_umoddi3.o)
 .bss           0x00b64c54        0x0 /usr/local/3rdparty/altera/quartus12/nios2eds/bin/gnu/H-i686-pc-linux-gnu/bin/../lib/gcc/nios2-elf/4.1.2/libgcc.a(_mul_df.o)
 .bss           0x00b64c54        0x0 /usr/local/3rdparty/altera/quartus12/nios2eds/bin/gnu/H-i686-pc-linux-gnu/bin/../lib/gcc/nios2-elf/4.1.2/libgcc.a(_eq_df.o)
 .bss           0x00b64c54        0x0 /usr/local/3rdparty/altera/quartus12/nios2eds/bin/gnu/H-i686-pc-linux-gnu/bin/../lib/gcc/nios2-elf/4.1.2/libgcc.a(_gt_df.o)
 .bss           0x00b64c54        0x0 /usr/local/3rdparty/altera/quartus12/nios2eds/bin/gnu/H-i686-pc-linux-gnu/bin/../lib/gcc/nios2-elf/4.1.2/libgcc.a(_ge_df.o)
 .bss           0x00b64c54        0x0 /usr/local/3rdparty/altera/quartus12/nios2eds/bin/gnu/H-i686-pc-linux-gnu/bin/../lib/gcc/nios2-elf/4.1.2/libgcc.a(_lt_df.o)
 .bss           0x00b64c54        0x0 /usr/local/3rdparty/altera/quartus12/nios2eds/bin/gnu/H-i686-pc-linux-gnu/bin/../lib/gcc/nios2-elf/4.1.2/libgcc.a(_si_to_df.o)
 .bss           0x00b64c54        0x0 /usr/local/3rdparty/altera/quartus12/nios2eds/bin/gnu/H-i686-pc-linux-gnu/bin/../lib/gcc/nios2-elf/4.1.2/libgcc.a(_df_to_si.o)
 .bss           0x00b64c54        0x0 /usr/local/3rdparty/altera/quartus12/nios2eds/bin/gnu/H-i686-pc-linux-gnu/bin/../lib/gcc/nios2-elf/4.1.2/libgcc.a(_usi_to_df.o)
 .bss           0x00b64c54        0x0 /usr/local/3rdparty/altera/quartus12/nios2eds/bin/gnu/H-i686-pc-linux-gnu/bin/../lib/gcc/nios2-elf/4.1.2/libgcc.a(lib2-divmod.o)
 .bss           0x00b64c54        0x0 ../Fractal_cpu1_bsp//libhal_bsp.a(alt_close.o)
 .bss           0x00b64c54        0x0 ../Fractal_cpu1_bsp//libhal_bsp.a(alt_dev.o)
 .bss           0x00b64c54        0x0 ../Fractal_cpu1_bsp//libhal_bsp.a(alt_errno.o)
 .bss           0x00b64c54        0x0 ../Fractal_cpu1_bsp//libhal_bsp.a(alt_fstat.o)
 .bss           0x00b64c54        0x0 ../Fractal_cpu1_bsp//libhal_bsp.a(alt_isatty.o)
 .bss           0x00b64c54        0x0 ../Fractal_cpu1_bsp//libhal_bsp.a(alt_load.o)
 .bss           0x00b64c54        0x0 ../Fractal_cpu1_bsp//libhal_bsp.a(alt_lseek.o)
 .bss           0x00b64c54        0x0 ../Fractal_cpu1_bsp//libhal_bsp.a(alt_main.o)
 .bss           0x00b64c54        0x0 ../Fractal_cpu1_bsp//libhal_bsp.a(alt_malloc_lock.o)
 .bss           0x00b64c54        0x0 ../Fractal_cpu1_bsp//libhal_bsp.a(alt_read.o)
 .bss           0x00b64c54        0x0 ../Fractal_cpu1_bsp//libhal_bsp.a(alt_release_fd.o)
 .bss           0x00b64c54        0x0 ../Fractal_cpu1_bsp//libhal_bsp.a(alt_sbrk.o)
 .bss           0x00b64c54        0x0 ../Fractal_cpu1_bsp//libhal_bsp.a(alt_write.o)
 .bss           0x00b64c54        0x0 ../Fractal_cpu1_bsp//libhal_bsp.a(alt_sys_init.o)
 .bss           0x00b64c54        0x0 ../Fractal_cpu1_bsp//libhal_bsp.a(altera_avalon_jtag_uart_fd.o)
 .bss           0x00b64c54        0x0 ../Fractal_cpu1_bsp//libhal_bsp.a(altera_avalon_jtag_uart_init.o)
 .bss           0x00b64c54        0x0 ../Fractal_cpu1_bsp//libhal_bsp.a(altera_avalon_jtag_uart_ioctl.o)
 .bss           0x00b64c54        0x0 ../Fractal_cpu1_bsp//libhal_bsp.a(altera_avalon_jtag_uart_read.o)
 .bss           0x00b64c54        0x0 ../Fractal_cpu1_bsp//libhal_bsp.a(altera_avalon_jtag_uart_write.o)
 .bss           0x00b64c54        0x0 ../Fractal_cpu1_bsp//libhal_bsp.a(altera_avalon_mailbox.o)
 .bss           0x00b64c54        0x0 ../Fractal_cpu1_bsp//libhal_bsp.a(altera_avalon_mutex.o)
 .bss           0x00b64c54        0x0 ../Fractal_cpu1_bsp//libhal_bsp.a(altera_up_avalon_video_pixel_buffer_dma.o)
 .bss           0x00b64c54        0x0 ../Fractal_cpu1_bsp//libhal_bsp.a(alt_alarm_start.o)
 .bss           0x00b64c54        0x0 ../Fractal_cpu1_bsp//libhal_bsp.a(alt_dcache_flush_all.o)
 .bss           0x00b64c54        0x0 ../Fractal_cpu1_bsp//libhal_bsp.a(alt_dev_llist_insert.o)
 .bss           0x00b64c54        0x0 ../Fractal_cpu1_bsp//libhal_bsp.a(alt_do_ctors.o)
 .bss           0x00b64c54        0x0 ../Fractal_cpu1_bsp//libhal_bsp.a(alt_do_dtors.o)
 .bss           0x00b64c54        0x0 ../Fractal_cpu1_bsp//libhal_bsp.a(alt_find_dev.o)
 .bss           0x00b64c54        0x0 ../Fractal_cpu1_bsp//libhal_bsp.a(alt_icache_flush_all.o)
 .bss           0x00b64c54        0x0 ../Fractal_cpu1_bsp//libhal_bsp.a(alt_iic.o)
 .bss           0x00b64c54        0x0 ../Fractal_cpu1_bsp//libhal_bsp.a(alt_iic_isr_register.o)
 .bss           0x00b64c54        0x0 ../Fractal_cpu1_bsp//libhal_bsp.a(alt_io_redirect.o)
 .bss           0x00b64c54        0x0 ../Fractal_cpu1_bsp//libhal_bsp.a(alt_irq_entry.o)
 .bss           0x00b64c54        0x0 ../Fractal_cpu1_bsp//libhal_bsp.a(alt_irq_handler.o)
 .bss           0x00b64c54        0x0 ../Fractal_cpu1_bsp//libhal_bsp.a(alt_irq_vars.o)
 .bss           0x00b64c54        0x0 ../Fractal_cpu1_bsp//libhal_bsp.a(alt_open.o)
 .bss           0x00b64c54        0x0 ../Fractal_cpu1_bsp//libhal_bsp.a(alt_tick.o)
 .bss           0x00b64c54        0x0 ../Fractal_cpu1_bsp//libhal_bsp.a(altera_nios2_irq.o)
 .bss           0x00b64c54        0x0 ../Fractal_cpu1_bsp//libhal_bsp.a(alt_exception_entry.o)
 .bss           0x00b64c54        0x0 ../Fractal_cpu1_bsp//libhal_bsp.a(alt_find_file.o)
 .bss           0x00b64c54        0x0 ../Fractal_cpu1_bsp//libhal_bsp.a(alt_get_fd.o)
 .bss           0x00b64c54        0x0 ../Fractal_cpu1_bsp//libhal_bsp.a(alt_icache_flush.o)
 .bss           0x00b64c54        0x0 /usr/local/3rdparty/altera/quartus12/nios2eds/bin/gnu/H-i686-pc-linux-gnu/bin/../lib/gcc/nios2-elf/4.1.2/../../../../nios2-elf/lib/libc.a(lib_a-atexit.o)
 .bss           0x00b64c54        0x0 /usr/local/3rdparty/altera/quartus12/nios2eds/bin/gnu/H-i686-pc-linux-gnu/bin/../lib/gcc/nios2-elf/4.1.2/../../../../nios2-elf/lib/libc.a(lib_a-exit.o)
 .bss           0x00b64c54        0x0 /usr/local/3rdparty/altera/quartus12/nios2eds/bin/gnu/H-i686-pc-linux-gnu/bin/../lib/gcc/nios2-elf/4.1.2/../../../../nios2-elf/lib/libc.a(lib_a-memcmp.o)
 .bss           0x00b64c54        0x0 /usr/local/3rdparty/altera/quartus12/nios2eds/bin/gnu/H-i686-pc-linux-gnu/bin/../lib/gcc/nios2-elf/4.1.2/../../../../nios2-elf/lib/libc.a(lib_a-__atexit.o)
 .bss           0x00b64c54        0x0 /usr/local/3rdparty/altera/quartus12/nios2eds/bin/gnu/H-i686-pc-linux-gnu/bin/../lib/gcc/nios2-elf/4.1.2/../../../../nios2-elf/lib/libc.a(lib_a-__call_atexit.o)
 .bss           0x00b64c54        0x0 ../Fractal_cpu1_bsp//libhal_bsp.a(alt_exit.o)
 *(COMMON)
 COMMON         0x00b64c54      0x100 ../Fractal_cpu1_bsp//libhal_bsp.a(alt_irq_handler.o)
                0x00b64c54                alt_irq
 COMMON         0x00b64d54      0x190 /usr/local/3rdparty/altera/quartus12/nios2eds/bin/gnu/H-i686-pc-linux-gnu/bin/../lib/gcc/nios2-elf/4.1.2/../../../../nios2-elf/lib/libc.a(lib_a-atexit.o)
                0x00b64d54                _atexit0
                0x00b64ee4                . = ALIGN (0x4)
                0x00b64ee4                __bss_end = ABSOLUTE (.)

.onchip_memory2_0
                0x00003000        0x0 load address 0x00b64ee4
                0x00003000                PROVIDE (_alt_partition_onchip_memory2_0_start, ABSOLUTE (.))
 *(.onchip_memory2_0. onchip_memory2_0.*)
                0x00003000                . = ALIGN (0x4)
                0x00003000                PROVIDE (_alt_partition_onchip_memory2_0_end, ABSOLUTE (.))
                0x00b64ee4                PROVIDE (_alt_partition_onchip_memory2_0_load_addr, LOADADDR (.onchip_memory2_0))

.onchip_memory2_1
                0x00004000        0x0 load address 0x00b64ee4
                0x00004000                PROVIDE (_alt_partition_onchip_memory2_1_start, ABSOLUTE (.))
 *(.onchip_memory2_1. onchip_memory2_1.*)
                0x00004000                . = ALIGN (0x4)
                0x00004000                PROVIDE (_alt_partition_onchip_memory2_1_end, ABSOLUTE (.))
                0x00b64ee4                PROVIDE (_alt_partition_onchip_memory2_1_load_addr, LOADADDR (.onchip_memory2_1))

.onchip_memory2_2
                0x00006000        0x0 load address 0x00b64ee4
                0x00006000                PROVIDE (_alt_partition_onchip_memory2_2_start, ABSOLUTE (.))
 *(.onchip_memory2_2. onchip_memory2_2.*)
                0x00006000                . = ALIGN (0x4)
                0x00006000                PROVIDE (_alt_partition_onchip_memory2_2_end, ABSOLUTE (.))
                0x00b64ee4                PROVIDE (_alt_partition_onchip_memory2_2_load_addr, LOADADDR (.onchip_memory2_2))

.onchip_memory2_3
                0x00007000        0x0 load address 0x00b64ee4
                0x00007000                PROVIDE (_alt_partition_onchip_memory2_3_start, ABSOLUTE (.))
 *(.onchip_memory2_3. onchip_memory2_3.*)
                0x00007000                . = ALIGN (0x4)
                0x00007000                PROVIDE (_alt_partition_onchip_memory2_3_end, ABSOLUTE (.))
                0x00b64ee4                PROVIDE (_alt_partition_onchip_memory2_3_load_addr, LOADADDR (.onchip_memory2_3))

.sdram_0        0x00b64ee4        0x0
                0x00b64ee4                PROVIDE (_alt_partition_sdram_0_start, ABSOLUTE (.))
 *(.sdram_0. sdram_0.*)