Archive member included because of file (symbol)

/usr/local/3rdparty/altera/quartus12/nios2eds/bin/gnu/H-i686-pc-linux-gnu/bin/../lib/gcc/nios2-elf/4.1.2/../../../../nios2-elf/lib/libm.a(lib_a-wf_pow.o)
                              obj/default/Fractal.o (powf)
/usr/local/3rdparty/altera/quartus12/nios2eds/bin/gnu/H-i686-pc-linux-gnu/bin/../lib/gcc/nios2-elf/4.1.2/../../../../nios2-elf/lib/libm.a(lib_a-ef_pow.o)
                              /usr/local/3rdparty/altera/quartus12/nios2eds/bin/gnu/H-i686-pc-linux-gnu/bin/../lib/gcc/nios2-elf/4.1.2/../../../../nios2-elf/lib/libm.a(lib_a-wf_pow.o) (__ieee754_powf)
/usr/local/3rdparty/altera/quartus12/nios2eds/bin/gnu/H-i686-pc-linux-gnu/bin/../lib/gcc/nios2-elf/4.1.2/../../../../nios2-elf/lib/libm.a(lib_a-ef_sqrt.o)
                              /usr/local/3rdparty/altera/quartus12/nios2eds/bin/gnu/H-i686-pc-linux-gnu/bin/../lib/gcc/nios2-elf/4.1.2/../../../../nios2-elf/lib/libm.a(lib_a-ef_pow.o) (__ieee754_sqrtf)
/usr/local/3rdparty/altera/quartus12/nios2eds/bin/gnu/H-i686-pc-linux-gnu/bin/../lib/gcc/nios2-elf/4.1.2/../../../../nios2-elf/lib/libm.a(lib_a-s_lib_ver.o)
                              /usr/local/3rdparty/altera/quartus12/nios2eds/bin/gnu/H-i686-pc-linux-gnu/bin/../lib/gcc/nios2-elf/4.1.2/../../../../nios2-elf/lib/libm.a(lib_a-wf_pow.o) (__fdlib_version)
/usr/local/3rdparty/altera/quartus12/nios2eds/bin/gnu/H-i686-pc-linux-gnu/bin/../lib/gcc/nios2-elf/4.1.2/../../../../nios2-elf/lib/libm.a(lib_a-s_matherr.o)
                              /usr/local/3rdparty/altera/quartus12/nios2eds/bin/gnu/H-i686-pc-linux-gnu/bin/../lib/gcc/nios2-elf/4.1.2/../../../../nios2-elf/lib/libm.a(lib_a-wf_pow.o) (matherr)
/usr/local/3rdparty/altera/quartus12/nios2eds/bin/gnu/H-i686-pc-linux-gnu/bin/../lib/gcc/nios2-elf/4.1.2/../../../../nios2-elf/lib/libm.a(lib_a-s_rint.o)
                              /usr/local/3rdparty/altera/quartus12/nios2eds/bin/gnu/H-i686-pc-linux-gnu/bin/../lib/gcc/nios2-elf/4.1.2/../../../../nios2-elf/lib/libm.a(lib_a-wf_pow.o) (rint)
/usr/local/3rdparty/altera/quartus12/nios2eds/bin/gnu/H-i686-pc-linux-gnu/bin/../lib/gcc/nios2-elf/4.1.2/../../../../nios2-elf/lib/libm.a(lib_a-sf_fabs.o)
                              /usr/local/3rdparty/altera/quartus12/nios2eds/bin/gnu/H-i686-pc-linux-gnu/bin/../lib/gcc/nios2-elf/4.1.2/../../../../nios2-elf/lib/libm.a(lib_a-ef_pow.o) (fabsf)
/usr/local/3rdparty/altera/quartus12/nios2eds/bin/gnu/H-i686-pc-linux-gnu/bin/../lib/gcc/nios2-elf/4.1.2/../../../../nios2-elf/lib/libm.a(lib_a-sf_finite.o)
                              /usr/local/3rdparty/altera/quartus12/nios2eds/bin/gnu/H-i686-pc-linux-gnu/bin/../lib/gcc/nios2-elf/4.1.2/../../../../nios2-elf/lib/libm.a(lib_a-wf_pow.o) (finitef)
/usr/local/3rdparty/altera/quartus12/nios2eds/bin/gnu/H-i686-pc-linux-gnu/bin/../lib/gcc/nios2-elf/4.1.2/../../../../nios2-elf/lib/libm.a(lib_a-sf_isnan.o)
                              /usr/local/3rdparty/altera/quartus12/nios2eds/bin/gnu/H-i686-pc-linux-gnu/bin/../lib/gcc/nios2-elf/4.1.2/../../../../nios2-elf/lib/libm.a(lib_a-wf_pow.o) (isnanf)
/usr/local/3rdparty/altera/quartus12/nios2eds/bin/gnu/H-i686-pc-linux-gnu/bin/../lib/gcc/nios2-elf/4.1.2/../../../../nios2-elf/lib/libm.a(lib_a-sf_nan.o)
                              /usr/local/3rdparty/altera/quartus12/nios2eds/bin/gnu/H-i686-pc-linux-gnu/bin/../lib/gcc/nios2-elf/4.1.2/../../../../nios2-elf/lib/libm.a(lib_a-ef_pow.o) (nanf)
/usr/local/3rdparty/altera/quartus12/nios2eds/bin/gnu/H-i686-pc-linux-gnu/bin/../lib/gcc/nios2-elf/4.1.2/../../../../nios2-elf/lib/libm.a(lib_a-sf_scalbn.o)
                              /usr/local/3rdparty/altera/quartus12/nios2eds/bin/gnu/H-i686-pc-linux-gnu/bin/../lib/gcc/nios2-elf/4.1.2/../../../../nios2-elf/lib/libm.a(lib_a-ef_pow.o) (scalbnf)
/usr/local/3rdparty/altera/quartus12/nios2eds/bin/gnu/H-i686-pc-linux-gnu/bin/../lib/gcc/nios2-elf/4.1.2/../../../../nios2-elf/lib/libm.a(lib_a-sf_copysign.o)
                              /usr/local/3rdparty/altera/quartus12/nios2eds/bin/gnu/H-i686-pc-linux-gnu/bin/../lib/gcc/nios2-elf/4.1.2/../../../../nios2-elf/lib/libm.a(lib_a-sf_scalbn.o) (copysignf)
/usr/local/3rdparty/altera/quartus12/nios2eds/bin/gnu/H-i686-pc-linux-gnu/bin/../lib/gcc/nios2-elf/4.1.2/libgcc.a(_muldi3.o)
                              obj/default/Fractal.o (__muldi3)
/usr/local/3rdparty/altera/quartus12/nios2eds/bin/gnu/H-i686-pc-linux-gnu/bin/../lib/gcc/nios2-elf/4.1.2/libgcc.a(_addsub_sf.o)
                              /usr/local/3rdparty/altera/quartus12/nios2eds/bin/gnu/H-i686-pc-linux-gnu/bin/../lib/gcc/nios2-elf/4.1.2/../../../../nios2-elf/lib/libm.a(lib_a-ef_pow.o) (__subsf3)
/usr/local/3rdparty/altera/quartus12/nios2eds/bin/gnu/H-i686-pc-linux-gnu/bin/../lib/gcc/nios2-elf/4.1.2/libgcc.a(_mul_sf.o)
                              /usr/local/3rdparty/altera/quartus12/nios2eds/bin/gnu/H-i686-pc-linux-gnu/bin/../lib/gcc/nios2-elf/4.1.2/../../../../nios2-elf/lib/libm.a(lib_a-wf_pow.o) (__mulsf3)
[...]
Memory Configuration

Name             Origin             Length             Attributes
onchip_memory2_0 0x00003000         0x00000200
onchip_memory2_1 0x00004000         0x00000200
onchip_memory2_2 0x00006000         0x00000200
onchip_memory2_3 0x00007000         0x00000200
sdram_0_BEFORE_RESET 0x00800000         0x00350000
reset            0x00b50000         0x00000020
sdram_0          0x00b50020         0x001affe0
*default*        0x00000000         0xffffffff

Linker script and memory map

LOAD ../Fractal_cpu1_bsp//obj/HAL/src/crt0.o
LOAD obj/default/Fractal.o
LOAD obj/default/Project.o
LOAD /usr/local/3rdparty/altera/quartus12/nios2eds/bin/gnu/H-i686-pc-linux-gnu/bin/../lib/gcc/nios2-elf/4.1.2/../../../../nios2-elf/lib/libstdc++.a
LOAD /usr/local/3rdparty/altera/quartus12/nios2eds/bin/gnu/H-i686-pc-linux-gnu/bin/../lib/gcc/nios2-elf/4.1.2/../../../../nios2-elf/lib/libm.a
LOAD /usr/local/3rdparty/altera/quartus12/nios2eds/bin/gnu/H-i686-pc-linux-gnu/bin/../lib/gcc/nios2-elf/4.1.2/libgcc.a
START GROUP
LOAD /usr/local/3rdparty/altera/quartus12/nios2eds/bin/gnu/H-i686-pc-linux-gnu/bin/../lib/gcc/nios2-elf/4.1.2/../../../../nios2-elf/lib/libc.a
LOAD /usr/local/3rdparty/altera/quartus12/nios2eds/bin/gnu/H-i686-pc-linux-gnu/bin/../lib/gcc/nios2-elf/4.1.2/libgcc.a
LOAD ../Fractal_cpu1_bsp//libhal_bsp.a
END GROUP
LOAD /usr/local/3rdparty/altera/quartus12/nios2eds/bin/gnu/H-i686-pc-linux-gnu/bin/../lib/gcc/nios2-elf/4.1.2/libgcc.a
                0x00003000                __alt_mem_onchip_memory2_0 = 0x3000
                0x00004000                __alt_mem_onchip_memory2_1 = 0x4000
                0x00006000                __alt_mem_onchip_memory2_2 = 0x6000
                0x00007000                __alt_mem_onchip_memory2_3 = 0x7000
                0x00800000                __alt_mem_sdram_0 = 0x800000

.entry          0x00b50000       0x20
 *(.entry)
 .entry         0x00b50000       0x20 ../Fractal_cpu1_bsp//obj/HAL/src/crt0.o
                0x00b50000                __reset

.exceptions     0x00b50020      0x194
                0x00b50020                PROVIDE (__ram_exceptions_start, ABSOLUTE (.))
                0x00b50020                . = ALIGN (0x20)
 *(.irq)
 *(.exceptions.entry.label)
 .exceptions.entry.label
                0x00b50020        0x0 ../Fractal_cpu1_bsp//libhal_bsp.a(alt_irq_entry.o)
                0x00b50020                alt_irq_entry
 .exceptions.entry.label
                0x00b50020        0x0 ../Fractal_cpu1_bsp//libhal_bsp.a(alt_exception_entry.o)
                0x00b50020                alt_exception
 *(.exceptions.entry.user)
 *(.exceptions.entry)
 .exceptions.entry
                0x00b50020       0x54 ../Fractal_cpu1_bsp//libhal_bsp.a(alt_exception_entry.o)
 *(.exceptions.irqtest.user)
 *(.exceptions.irqtest)
 .exceptions.irqtest
                0x00b50074       0x10 ../Fractal_cpu1_bsp//libhal_bsp.a(alt_irq_entry.o)
 *(.exceptions.irqhandler.user)
 *(.exceptions.irqhandler)
 .exceptions.irqhandler
                0x00b50084        0x4 ../Fractal_cpu1_bsp//libhal_bsp.a(alt_irq_entry.o)
 *(.exceptions.irqreturn.user)
 *(.exceptions.irqreturn)
 .exceptions.irqreturn
                0x00b50088        0x4 ../Fractal_cpu1_bsp//libhal_bsp.a(alt_irq_entry.o)
 *(.exceptions.notirq.label)
 .exceptions.notirq.label
                0x00b5008c        0x0 ../Fractal_cpu1_bsp//libhal_bsp.a(alt_irq_entry.o)
 *(.exceptions.notirq.user)
 *(.exceptions.notirq)
 .exceptions.notirq
                0x00b5008c        0x8 ../Fractal_cpu1_bsp//libhal_bsp.a(alt_exception_entry.o)
 *(.exceptions.soft.user)
 *(.exceptions.soft)
 *(.exceptions.unknown.user)
 *(.exceptions.unknown)
 .exceptions.unknown
                0x00b50094        0x4 ../Fractal_cpu1_bsp//libhal_bsp.a(alt_exception_entry.o)
 *(.exceptions.exit.label)
 .exceptions.exit.label
                0x00b50098        0x0 ../Fractal_cpu1_bsp//libhal_bsp.a(alt_irq_entry.o)
 .exceptions.exit.label
                0x00b50098        0x0 ../Fractal_cpu1_bsp//libhal_bsp.a(alt_exception_entry.o)
 *(.exceptions.exit.user)
 *(.exceptions.exit)
 .exceptions.exit
                0x00b50098       0x54 ../Fractal_cpu1_bsp//libhal_bsp.a(alt_exception_entry.o)
 *(.exceptions)
 .exceptions    0x00b500ec       0xc8 ../Fractal_cpu1_bsp//libhal_bsp.a(alt_irq_handler.o)
                0x00b500ec                alt_irq_handler
                0x00b501b4                PROVIDE (__ram_exceptions_end, ABSOLUTE (.))
                0x00b50020                PROVIDE (__flash_exceptions_start, LOADADDR (.exceptions))

.text           0x00b501b4    0x10fe8
                0x00b501b4                PROVIDE (stext, ABSOLUTE (.))
 *(.interp)
 *(.hash)
 *(.dynsym)
 *(.dynstr)
 *(.gnu.version)
 *(.gnu.version_d)
 *(.gnu.version_r)
 *(.rel.init)
 *(.rela.init)
 *(.rel.text .rel.text.* .rel.gnu.linkonce.t.*)
 *(.rela.text .rela.text.* .rela.gnu.linkonce.t.*)
 *(.rel.fini)
 *(.rela.fini)
 *(.rel.rodata .rel.rodata.* .rel.gnu.linkonce.r.*)
 *(.rela.rodata .rela.rodata.* .rela.gnu.linkonce.r.*)
 *(.rel.data .rel.data.* .rel.gnu.linkonce.d.*)
 *(.rela.data .rela.data.* .rela.gnu.linkonce.d.*)
 *(.rel.tdata .rel.tdata.* .rel.gnu.linkonce.td.*)
 *(.rela.tdata .rela.tdata.* .rela.gnu.linkonce.td.*)
 *(.rel.tbss .rel.tbss.* .rel.gnu.linkonce.tb.*)
 *(.rela.tbss .rela.tbss.* .rela.gnu.linkonce.tb.*)
 *(.rel.ctors)
 *(.rela.ctors)
 *(.rel.dtors)
 *(.rela.dtors)
 *(.rel.got)
 *(.rela.got)
 *(.rel.sdata .rel.sdata.* .rel.gnu.linkonce.s.*)
 *(.rela.sdata .rela.sdata.* .rela.gnu.linkonce.s.*)
 *(.rel.sbss .rel.sbss.* .rel.gnu.linkonce.sb.*)
 *(.rela.sbss .rela.sbss.* .rela.gnu.linkonce.sb.*)
 *(.rel.sdata2 .rel.sdata2.* .rel.gnu.linkonce.s2.*)
 *(.rela.sdata2 .rela.sdata2.* .rela.gnu.linkonce.s2.*)
 *(.rel.sbss2 .rel.sbss2.* .rel.gnu.linkonce.sb2.*)
 *(.rela.sbss2 .rela.sbss2.* .rela.gnu.linkonce.sb2.*)
 *(.rel.bss .rel.bss.* .rel.gnu.linkonce.b.*)
 *(.rela.bss .rela.bss.* .rela.gnu.linkonce.b.*)
 *(.rel.plt)
 *(.rela.plt)
 *(.rel.dyn)
 *(.init)
 *(.plt)
 *(.text .stub .text.* .gnu.linkonce.t.*)
 .text          0x00b501b4       0x4c ../Fractal_cpu1_bsp//obj/HAL/src/crt0.o
                0x00b501b4                _start
 .text          0x00b50200      0xa04 obj/default/Fractal.o
                0x00b50200                genColor
                0x00b50270                mandelbrot
                0x00b503d0                FloatToFixed
                0x00b503f0                fixedPointMultiply32
                0x00b503f8                fixedPointMultiply64
                0x00b50434                startTimer
                0x00b50454                endTimeAndPrint
                0x00b50494                getNewXY
                0x00b50554                clearScreen
                0x00b50560                barrier
                0x00b5070c                setup
                0x00b50750                drawFrame
 .text          0x00b50c04       0x84 obj/default/Project.o
                0x00b50c04                main
 .text          0x00b50c88      0x458 /usr/local/3rdparty/altera/quartus12/nios2eds/bin/gnu/H-i686-pc-linux-gnu/bin/../lib/gcc/nios2-elf/4.1.2/../../../../nios2-elf/lib/libm.a(lib_a-wf_pow.o)
                0x00b50c88                powf
 .text          0x00b510e0      0xb14 /usr/local/3rdparty/altera/quartus12/nios2eds/bin/gnu/H-i686-pc-linux-gnu/bin/../lib/gcc/nios2-elf/4.1.2/../../../../nios2-elf/lib/libm.a(lib_a-ef_pow.o)
                0x00b510e0                __ieee754_powf
 .text          0x00b51bf4      0x16c /usr/local/3rdparty/altera/quartus12/nios2eds/bin/gnu/H-i686-pc-linux-gnu/bin/../lib/gcc/nios2-elf/4.1.2/../../../../nios2-elf/lib/libm.a(lib_a-ef_sqrt.o)
                0x00b51bf4                __ieee754_sqrtf
 .text          0x00b51d60        0x0 /usr/local/3rdparty/altera/quartus12/nios2eds/bin/gnu/H-i686-pc-linux-gnu/bin/../lib/gcc/nios2-elf/4.1.2/../../../../nios2-elf/lib/libm.a(lib_a-s_lib_ver.o)
 .text          0x00b51d60        0x8 /usr/local/3rdparty/altera/quartus12/nios2eds/bin/gnu/H-i686-pc-linux-gnu/bin/../lib/gcc/nios2-elf/4.1.2/../../../../nios2-elf/lib/libm.a(lib_a-s_matherr.o)
                0x00b51d60                matherr
 .text          0x00b51d68      0x210 /usr/local/3rdparty/altera/quartus12/nios2eds/bin/gnu/H-i686-pc-linux-gnu/bin/../lib/gcc/nios2-elf/4.1.2/../../../../nios2-elf/lib/libm.a(lib_a-s_rint.o)
                0x00b51d68                rint
 .text          0x00b51f78       0x10 /usr/local/3rdparty/altera/quartus12/nios2eds/bin/gnu/H-i686-pc-linux-gnu/bin/../lib/gcc/nios2-elf/4.1.2/../../../../nios2-elf/lib/libm.a(lib_a-sf_fabs.o)
                0x00b51f78                fabsf
 .text          0x00b51f88       0x1c /usr/local/3rdparty/altera/quartus12/nios2eds/bin/gnu/H-i686-pc-linux-gnu/bin/../lib/gcc/nios2-elf/4.1.2/../../../../nios2-elf/lib/libm.a(lib_a-sf_finite.o)
                0x00b51f88                finitef
 .text          0x00b51fa4       0x18 /usr/local/3rdparty/altera/quartus12/nios2eds/bin/gnu/H-i686-pc-linux-gnu/bin/../lib/gcc/nios2-elf/4.1.2/../../../../nios2-elf/lib/libm.a(lib_a-sf_isnan.o)
                0x00b51fa4                isnanf
 .text          0x00b51fbc        0x8 /usr/local/3rdparty/altera/quartus12/nios2eds/bin/gnu/H-i686-pc-linux-gnu/bin/../lib/gcc/nios2-elf/4.1.2/../../../../nios2-elf/lib/libm.a(lib_a-sf_nan.o)
                0x00b51fbc                nanf
 .text          0x00b51fc4      0x14c /usr/local/3rdparty/altera/quartus12/nios2eds/bin/gnu/H-i686-pc-linux-gnu/bin/../lib/gcc/nios2-elf/4.1.2/../../../../nios2-elf/lib/libm.a(lib_a-sf_scalbn.o)
                0x00b51fc4                scalbnf
 .text          0x00b52110       0x18 /usr/local/3rdparty/altera/quartus12/nios2eds/bin/gnu/H-i686-pc-linux-gnu/bin/../lib/gcc/nios2-elf/4.1.2/../../../../nios2-elf/lib/libm.a(lib_a-sf_copysign.o)
                0x00b52110                copysignf
 .text          0x00b52128       0x98 /usr/local/3rdparty/altera/quartus12/nios2eds/bin/gnu/H-i686-pc-linux-gnu/bin/../lib/gcc/nios2-elf/4.1.2/libgcc.a(_muldi3.o)
                0x00b52128                __muldi3
 .text          0x00b521c0      0x2b8 /usr/local/3rdparty/altera/quartus12/nios2eds/bin/gnu/H-i686-pc-linux-gnu/bin/../lib/gcc/nios2-elf/4.1.2/libgcc.a(_addsub_sf.o)
                0x00b523a4                __subsf3
                0x00b52414                __addsf3
 .text          0x00b52478      0x1e0 /usr/local/3rdparty/altera/quartus12/nios2eds/bin/gnu/H-i686-pc-linux-gnu/bin/../lib/gcc/nios2-elf/4.1.2/libgcc.a(_mul_sf.o)
                0x00b52478                __mulsf3
 .text          0x00b52658      0x174 /usr/local/3rdparty/altera/quartus12/nios2eds/bin/gnu/H-i686-pc-linux-gnu/bin/../lib/gcc/nios2-elf/4.1.2/libgcc.a(_div_sf.o)
                0x00b52658                __divsf3
 .text          0x00b527cc       0x78 /usr/local/3rdparty/altera/quartus12/nios2eds/bin/gnu/H-i686-pc-linux-gnu/bin/../lib/gcc/nios2-elf/4.1.2/libgcc.a(_eq_sf.o)
                0x00b527cc                __eqsf2
 .text          0x00b52844       0x78 /usr/local/3rdparty/altera/quartus12/nios2eds/bin/gnu/H-i686-pc-linux-gnu/bin/../lib/gcc/nios2-elf/4.1.2/libgcc.a(_gt_sf.o)
                0x00b52844                __gtsf2
 .text          0x00b528bc       0x78 /usr/local/3rdparty/altera/quartus12/nios2eds/bin/gnu/H-i686-pc-linux-gnu/bin/../lib/gcc/nios2-elf/4.1.2/libgcc.a(_lt_sf.o)
                0x00b528bc                __ltsf2
 .text          0x00b52934       0x78 /usr/local/3rdparty/altera/quartus12/nios2eds/bin/gnu/H-i686-pc-linux-gnu/bin/../lib/gcc/nios2-elf/4.1.2/libgcc.a(_le_sf.o)
                0x00b52934                __lesf2
 .text          0x00b529ac       0x98 /usr/local/3rdparty/altera/quartus12/nios2eds/bin/gnu/H-i686-pc-linux-gnu/bin/../lib/gcc/nios2-elf/4.1.2/libgcc.a(_si_to_sf.o)
                0x00b529ac                __floatsisf
 .text          0x00b52a44       0x94 /usr/local/3rdparty/altera/quartus12/nios2eds/bin/gnu/H-i686-pc-linux-gnu/bin/../lib/gcc/nios2-elf/4.1.2/libgcc.a(_sf_to_si.o)
                0x00b52a44                __fixsfsi
 .text          0x00b52ad8       0x54 /usr/local/3rdparty/altera/quartus12/nios2eds/bin/gnu/H-i686-pc-linux-gnu/bin/../lib/gcc/nios2-elf/4.1.2/libgcc.a(_sf_to_df.o)
                0x00b52ad8                __extendsfdf2
 .text          0x00b52b2c        0x0 /usr/local/3rdparty/altera/quartus12/nios2eds/bin/gnu/H-i686-pc-linux-gnu/bin/../lib/gcc/nios2-elf/4.1.2/libgcc.a(_thenan_sf.o)
 .text          0x00b52b2c      0x504 /usr/local/3rdparty/altera/quartus12/nios2eds/bin/gnu/H-i686-pc-linux-gnu/bin/../lib/gcc/nios2-elf/4.1.2/libgcc.a(_addsub_df.o)
                0x00b52f3c                __subdf3
                0x00b52fbc                __adddf3
 .text          0x00b53030      0x258 /usr/local/3rdparty/altera/quartus12/nios2eds/bin/gnu/H-i686-pc-linux-gnu/bin/../lib/gcc/nios2-elf/4.1.2/libgcc.a(_div_df.o)
                0x00b53030                __divdf3
 .text          0x00b53288       0x88 /usr/local/3rdparty/altera/quartus12/nios2eds/bin/gnu/H-i686-pc-linux-gnu/bin/../lib/gcc/nios2-elf/4.1.2/libgcc.a(_ne_df.o)
                0x00b53288                __nedf2
 .text          0x00b53310       0x38 /usr/local/3rdparty/altera/quartus12/nios2eds/bin/gnu/H-i686-pc-linux-gnu/bin/../lib/gcc/nios2-elf/4.1.2/libgcc.a(_make_df.o)
                0x00b53310                __make_dp
 .text          0x00b53348       0x74 /usr/local/3rdparty/altera/quartus12/nios2eds/bin/gnu/H-i686-pc-linux-gnu/bin/../lib/gcc/nios2-elf/4.1.2/libgcc.a(_df_to_sf.o)
                0x00b53348                __truncdfsf2
 .text          0x00b533bc        0x0 /usr/local/3rdparty/altera/quartus12/nios2eds/bin/gnu/H-i686-pc-linux-gnu/bin/../lib/gcc/nios2-elf/4.1.2/libgcc.a(_thenan_df.o)
 .text          0x00b533bc       0x80 /usr/local/3rdparty/altera/quartus12/nios2eds/bin/gnu/H-i686-pc-linux-gnu/bin/../lib/gcc/nios2-elf/4.1.2/libgcc.a(_clzsi2.o)
                0x00b533bc                __clzsi2
 .text          0x00b5343c      0x160 /usr/local/3rdparty/altera/quartus12/nios2eds/bin/gnu/H-i686-pc-linux-gnu/bin/../lib/gcc/nios2-elf/4.1.2/libgcc.a(_pack_sf.o)
                0x00b5343c                __pack_f
 .text          0x00b5359c       0xc8 /usr/local/3rdparty/altera/quartus12/nios2eds/bin/gnu/H-i686-pc-linux-gnu/bin/../lib/gcc/nios2-elf/4.1.2/libgcc.a(_unpack_sf.o)
                0x00b5359c                __unpack_f
 .text          0x00b53664       0xa8 /usr/local/3rdparty/altera/quartus12/nios2eds/bin/gnu/H-i686-pc-linux-gnu/bin/../lib/gcc/nios2-elf/4.1.2/libgcc.a(_fpcmp_parts_sf.o)
                0x00b53664                __fpcmp_parts_f
 .text          0x00b5370c       0x2c /usr/local/3rdparty/altera/quartus12/nios2eds/bin/gnu/H-i686-pc-linux-gnu/bin/../lib/gcc/nios2-elf/4.1.2/libgcc.a(_make_sf.o)
                0x00b5370c                __make_fp
 .text          0x00b53738      0x314 /usr/local/3rdparty/altera/quartus12/nios2eds/bin/gnu/H-i686-pc-linux-gnu/bin/../lib/gcc/nios2-elf/4.1.2/libgcc.a(_pack_df.o)
                0x00b53738                __pack_d
 .text          0x00b53a4c      0x138 /usr/local/3rdparty/altera/quartus12/nios2eds/bin/gnu/H-i686-pc-linux-gnu/bin/../lib/gcc/nios2-elf/4.1.2/libgcc.a(_unpack_df.o)
                0x00b53a4c                __unpack_d
 .text          0x00b53b84       0xc8 /usr/local/3rdparty/altera/quartus12/nios2eds/bin/gnu/H-i686-pc-linux-gnu/bin/../lib/gcc/nios2-elf/4.1.2/libgcc.a(_fpcmp_parts_df.o)
                0x00b53b84                __fpcmp_parts_d
 .text          0x00b53c4c        0x0 /usr/local/3rdparty/altera/quartus12/nios2eds/bin/gnu/H-i686-pc-linux-gnu/bin/../lib/gcc/nios2-elf/4.1.2/libgcc.a(_clz.o)
 .text          0x00b53c4c       0x10 /usr/local/3rdparty/altera/quartus12/nios2eds/bin/gnu/H-i686-pc-linux-gnu/bin/../lib/gcc/nios2-elf/4.1.2/../../../../nios2-elf/lib/libc.a(lib_a-errno.o)
                0x00b53c4c                __errno
 .text          0x00b53c5c        0x0 /usr/local/3rdparty/altera/quartus12/nios2eds/bin/gnu/H-i686-pc-linux-gnu/bin/../lib/gcc/nios2-elf/4.1.2/../../../../nios2-elf/lib/libc.a(lib_a-impure.o)
 .text          0x00b53c5c       0x78 /usr/local/3rdparty/altera/quartus12/nios2eds/bin/gnu/H-i686-pc-linux-gnu/bin/../lib/gcc/nios2-elf/4.1.2/../../../../nios2-elf/lib/libc.a(lib_a-printf.o)
                0x00b53c5c                printf
                0x00b53ca0                _printf_r
 .text          0x00b53cd4       0xb4 /usr/local/3rdparty/altera/quartus12/nios2eds/bin/gnu/H-i686-pc-linux-gnu/bin/../lib/gcc/nios2-elf/4.1.2/../../../../nios2-elf/lib/libc.a(lib_a-puts.o)
                0x00b53cd4                _puts_r
                0x00b53d74                puts
 .text          0x00b53d88       0xd4 /usr/local/3rdparty/altera/quartus12/nios2eds/bin/gnu/H-i686-pc-linux-gnu/bin/../lib/gcc/nios2-elf/4.1.2/../../../../nios2-elf/lib/libc.a(lib_a-sprintf.o)
                0x00b53d88                sprintf
                0x00b53dfc                _sprintf_r
 .text          0x00b53e5c       0x74 /usr/local/3rdparty/altera/quartus12/nios2eds/bin/gnu/H-i686-pc-linux-gnu/bin/../lib/gcc/nios2-elf/4.1.2/../../../../nios2-elf/lib/libc.a(lib_a-strlen.o)
                0x00b53e5c                strlen
 .text          0x00b53ed0     0x1f28 /usr/local/3rdparty/altera/quartus12/nios2eds/bin/gnu/H-i686-pc-linux-gnu/bin/../lib/gcc/nios2-elf/4.1.2/../../../../nios2-elf/lib/libc.a(lib_a-vfprintf.o)
                0x00b53f28                ___vfprintf_internal_r
                0x00b55dd4                __vfprintf_internal
 .text          0x00b55df8      0x13c /usr/local/3rdparty/altera/quartus12/nios2eds/bin/gnu/H-i686-pc-linux-gnu/bin/../lib/gcc/nios2-elf/4.1.2/../../../../nios2-elf/lib/libc.a(lib_a-wsetup.o)
                0x00b55df8                __swsetup_r
 .text          0x00b55f34     0x17cc /usr/local/3rdparty/altera/quartus12/nios2eds/bin/gnu/H-i686-pc-linux-gnu/bin/../lib/gcc/nios2-elf/4.1.2/../../../../nios2-elf/lib/libc.a(lib_a-dtoa.o)
                0x00b5614c                _dtoa_r
 .text          0x00b57700      0x230 /usr/local/3rdparty/altera/quartus12/nios2eds/bin/gnu/H-i686-pc-linux-gnu/bin/../lib/gcc/nios2-elf/4.1.2/../../../../nios2-elf/lib/libc.a(lib_a-fflush.o)
                0x00b57700                _fflush_r
                0x00b578fc                fflush
 .text          0x00b57930      0x2c0 /usr/local/3rdparty/altera/quartus12/nios2eds/bin/gnu/H-i686-pc-linux-gnu/bin/../lib/gcc/nios2-elf/4.1.2/../../../../nios2-elf/lib/libc.a(lib_a-findfp.o)
                0x00b57988                __sfp_lock_acquire
                0x00b5798c                __sfp_lock_release
                0x00b57990                __sinit_lock_acquire
                0x00b57994                __sinit_lock_release
                0x00b57998                __sinit
                0x00b57a4c                __fp_unlock_all
                0x00b57a64                __fp_lock_all
                0x00b57a7c                _cleanup_r
                0x00b57a88                _cleanup
                0x00b57a98                __sfmoreglue
                0x00b57b00                __sfp
 .text          0x00b57bf0      0x440 /usr/local/3rdparty/altera/quartus12/nios2eds/bin/gnu/H-i686-pc-linux-gnu/bin/../lib/gcc/nios2-elf/4.1.2/../../../../nios2-elf/lib/libc.a(lib_a-freer.o)
                0x00b57bf0                _malloc_trim_r
                0x00b57d1c                _free_r
 .text          0x00b58030      0x49c /usr/local/3rdparty/altera/quartus12/nios2eds/bin/gnu/H-i686-pc-linux-gnu/bin/../lib/gcc/nios2-elf/4.1.2/../../../../nios2-elf/lib/libc.a(lib_a-fvwrite.o)
                0x00b58030                __sfvwrite_r
 .text          0x00b584cc      0x180 /usr/local/3rdparty/altera/quartus12/nios2eds/bin/gnu/H-i686-pc-linux-gnu/bin/../lib/gcc/nios2-elf/4.1.2/../../../../nios2-elf/lib/libc.a(lib_a-fwalk.o)
                0x00b584cc                _fwalk_reent
                0x00b58594                _fwalk
 .text          0x00b5864c       0xc4 /usr/local/3rdparty/altera/quartus12/nios2eds/bin/gnu/H-i686-pc-linux-gnu/bin/../lib/gcc/nios2-elf/4.1.2/../../../../nios2-elf/lib/libc.a(lib_a-locale.o)
                0x00b5864c                __locale_charset
                0x00b58654                _localeconv_r
                0x00b58660                localeconv
                0x00b58670                _setlocale_r
                0x00b586f4                setlocale
 .text          0x00b58710      0x194 /usr/local/3rdparty/altera/quartus12/nios2eds/bin/gnu/H-i686-pc-linux-gnu/bin/../lib/gcc/nios2-elf/4.1.2/../../../../nios2-elf/lib/libc.a(lib_a-makebuf.o)
                0x00b58710                __smakebuf_r
 .text          0x00b588a4      0x740 /usr/local/3rdparty/altera/quartus12/nios2eds/bin/gnu/H-i686-pc-linux-gnu/bin/../lib/gcc/nios2-elf/4.1.2/../../../../nios2-elf/lib/libc.a(lib_a-mallocr.o)
                0x00b588a4                _malloc_r
 .text          0x00b58fe4       0xe4 /usr/local/3rdparty/altera/quartus12/nios2eds/bin/gnu/H-i686-pc-linux-gnu/bin/../lib/gcc/nios2-elf/4.1.2/../../../../nios2-elf/lib/libc.a(lib_a-memchr.o)
                0x00b58fe4                memchr
 .text          0x00b590c8       0xa0 /usr/local/3rdparty/altera/quartus12/nios2eds/bin/gnu/H-i686-pc-linux-gnu/bin/../lib/gcc/nios2-elf/4.1.2/../../../../nios2-elf/lib/libc.a(lib_a-memcpy.o)
                0x00b590c8                memcpy
 .text          0x00b59168       0xe0 /usr/local/3rdparty/altera/quartus12/nios2eds/bin/gnu/H-i686-pc-linux-gnu/bin/../lib/gcc/nios2-elf/4.1.2/../../../../nios2-elf/lib/libc.a(lib_a-memmove.o)
                0x00b59168                memmove
 .text          0x00b59248       0x98 /usr/local/3rdparty/altera/quartus12/nios2eds/bin/gnu/H-i686-pc-linux-gnu/bin/../lib/gcc/nios2-elf/4.1.2/../../../../nios2-elf/lib/libc.a(lib_a-memset.o)
                0x00b59248                memset
 .text          0x00b592e0      0xff4 /usr/local/3rdparty/altera/quartus12/nios2eds/bin/gnu/H-i686-pc-linux-gnu/bin/../lib/gcc/nios2-elf/4.1.2/../../../../nios2-elf/lib/libc.a(lib_a-mprec.o)
                0x00b592e0                _Bfree
                0x00b59308                __hi0bits
                0x00b59378                __lo0bits
                0x00b5943c                __mcmp
                0x00b5949c                __ulp
                0x00b5951c                __b2d
                0x00b5963c                __ratio
                0x00b596ec                _mprec_log10
                0x00b59780                __copybits
                0x00b597d8                __any_on
                0x00b59860                _Balloc
                0x00b5991c                __d2b
                0x00b59a98                __mdiff
                0x00b59c24                __lshift
                0x00b59d70                __multiply
                0x00b59f58                __i2b
                0x00b59f94                __multadd
                0x00b5a094                __pow5mult
                0x00b5a1b4                __s2b
 .text          0x00b5a2d4      0x5f4 /usr/local/3rdparty/altera/quartus12/nios2eds/bin/gnu/H-i686-pc-linux-gnu/bin/../lib/gcc/nios2-elf/4.1.2/../../../../nios2-elf/lib/libc.a(lib_a-reallocr.o)
                0x00b5a2d4                _realloc_r
 .text          0x00b5a8c8       0x40 /usr/local/3rdparty/altera/quartus12/nios2eds/bin/gnu/H-i686-pc-linux-gnu/bin/../lib/gcc/nios2-elf/4.1.2/../../../../nios2-elf/lib/libc.a(lib_a-s_isinfd.o)
                0x00b5a8c8                __isinfd
 .text          0x00b5a908       0x30 /usr/local/3rdparty/altera/quartus12/nios2eds/bin/gnu/H-i686-pc-linux-gnu/bin/../lib/gcc/nios2-elf/4.1.2/../../../../nios2-elf/lib/libc.a(lib_a-s_isnand.o)
                0x00b5a908                __isnand
 .text          0x00b5a938       0x70 /usr/local/3rdparty/altera/quartus12/nios2eds/bin/gnu/H-i686-pc-linux-gnu/bin/../lib/gcc/nios2-elf/4.1.2/../../../../nios2-elf/lib/libc.a(lib_a-sbrkr.o)
                0x00b5a938                _sbrk_r
 .text          0x00b5a9a8      0x14c /usr/local/3rdparty/altera/quartus12/nios2eds/bin/gnu/H-i686-pc-linux-gnu/bin/../lib/gcc/nios2-elf/4.1.2/../../../../nios2-elf/lib/libc.a(lib_a-stdio.o)
                0x00b5a9a8                __sclose
                0x00b5a9b0                __sseek
                0x00b5aa18                __swrite
                0x00b5aa94                __sread
 .text          0x00b5aaf4       0xbc /usr/local/3rdparty/altera/quartus12/nios2eds/bin/gnu/H-i686-pc-linux-gnu/bin/../lib/gcc/nios2-elf/4.1.2/../../../../nios2-elf/lib/libc.a(lib_a-strcmp.o)
                0x00b5aaf4                strcmp
 .text          0x00b5abb0       0x78 /usr/local/3rdparty/altera/quartus12/nios2eds/bin/gnu/H-i686-pc-linux-gnu/bin/../lib/gcc/nios2-elf/4.1.2/../../../../nios2-elf/lib/libc.a(lib_a-writer.o)
                0x00b5abb0                _write_r
 .text          0x00b5ac28       0xb4 /usr/local/3rdparty/altera/quartus12/nios2eds/bin/gnu/H-i686-pc-linux-gnu/bin/../lib/gcc/nios2-elf/4.1.2/../../../../nios2-elf/lib/libc.a(lib_a-callocr.o)
                0x00b5ac28                _calloc_r
 .text          0x00b5acdc       0x70 /usr/local/3rdparty/altera/quartus12/nios2eds/bin/gnu/H-i686-pc-linux-gnu/bin/../lib/gcc/nios2-elf/4.1.2/../../../../nios2-elf/lib/libc.a(lib_a-closer.o)
                0x00b5acdc                _close_r
 .text          0x00b5ad4c      0x124 /usr/local/3rdparty/altera/quartus12/nios2eds/bin/gnu/H-i686-pc-linux-gnu/bin/../lib/gcc/nios2-elf/4.1.2/../../../../nios2-elf/lib/libc.a(lib_a-fclose.o)
                0x00b5ad4c                _fclose_r
                0x00b5ae5c                fclose
 .text          0x00b5ae70       0x74 /usr/local/3rdparty/altera/quartus12/nios2eds/bin/gnu/H-i686-pc-linux-gnu/bin/../lib/gcc/nios2-elf/4.1.2/../../../../nios2-elf/lib/libc.a(lib_a-fstatr.o)
                0x00b5ae70                _fstat_r
 .text          0x00b5aee4        0x0 /usr/local/3rdparty/altera/quartus12/nios2eds/bin/gnu/H-i686-pc-linux-gnu/bin/../lib/gcc/nios2-elf/4.1.2/../../../../nios2-elf/lib/libc.a(lib_a-int_errno.o)
 .text          0x00b5aee4       0x70 /usr/local/3rdparty/altera/quartus12/nios2eds/bin/gnu/H-i686-pc-linux-gnu/bin/../lib/gcc/nios2-elf/4.1.2/../../../../nios2-elf/lib/libc.a(lib_a-isattyr.o)
                0x00b5aee4                _isatty_r
 .text          0x00b5af54       0x78 /usr/local/3rdparty/altera/quartus12/nios2eds/bin/gnu/H-i686-pc-linux-gnu/bin/../lib/gcc/nios2-elf/4.1.2/../../../../nios2-elf/lib/libc.a(lib_a-lseekr.o)
                0x00b5af54                _lseek_r
 .text          0x00b5afcc       0x78 /usr/local/3rdparty/altera/quartus12/nios2eds/bin/gnu/H-i686-pc-linux-gnu/bin/../lib/gcc/nios2-elf/4.1.2/../../../../nios2-elf/lib/libc.a(lib_a-readr.o)
                0x00b5afcc                _read_r
 .text          0x00b5b044      0x5dc /usr/local/3rdparty/altera/quartus12/nios2eds/bin/gnu/H-i686-pc-linux-gnu/bin/../lib/gcc/nios2-elf/4.1.2/libgcc.a(_udivdi3.o)
                0x00b5b044                __udivdi3
 .text          0x00b5b620      0x5b0 /usr/local/3rdparty/altera/quartus12/nios2eds/bin/gnu/H-i686-pc-linux-gnu/bin/../lib/gcc/nios2-elf/4.1.2/libgcc.a(_umoddi3.o)
                0x00b5b620                __umoddi3
 .text          0x00b5bbd0      0x3c4 /usr/local/3rdparty/altera/quartus12/nios2eds/bin/gnu/H-i686-pc-linux-gnu/bin/../lib/gcc/nios2-elf/4.1.2/libgcc.a(_mul_df.o)
                0x00b5bbd0                __muldf3
 .text          0x00b5bf94       0x88 /usr/local/3rdparty/altera/quartus12/nios2eds/bin/gnu/H-i686-pc-linux-gnu/bin/../lib/gcc/nios2-elf/4.1.2/libgcc.a(_eq_df.o)
                0x00b5bf94                __eqdf2
 .text          0x00b5c01c       0x88 /usr/local/3rdparty/altera/quartus12/nios2eds/bin/gnu/H-i686-pc-linux-gnu/bin/../lib/gcc/nios2-elf/4.1.2/libgcc.a(_gt_df.o)
                0x00b5c01c                __gtdf2
 .text          0x00b5c0a4       0x88 /usr/local/3rdparty/altera/quartus12/nios2eds/bin/gnu/H-i686-pc-linux-gnu/bin/../lib/gcc/nios2-elf/4.1.2/libgcc.a(_ge_df.o)
                0x00b5c0a4                __gedf2
 .text          0x00b5c12c       0x88 /usr/local/3rdparty/altera/quartus12/nios2eds/bin/gnu/H-i686-pc-linux-gnu/bin/../lib/gcc/nios2-elf/4.1.2/libgcc.a(_lt_df.o)
                0x00b5c12c                __ltdf2
 .text          0x00b5c1b4       0xf8 /usr/local/3rdparty/altera/quartus12/nios2eds/bin/gnu/H-i686-pc-linux-gnu/bin/../lib/gcc/nios2-elf/4.1.2/libgcc.a(_si_to_df.o)
                0x00b5c1b4                __floatsidf
 .text          0x00b5c2ac       0xd8 /usr/local/3rdparty/altera/quartus12/nios2eds/bin/gnu/H-i686-pc-linux-gnu/bin/../lib/gcc/nios2-elf/4.1.2/libgcc.a(_df_to_si.o)
                0x00b5c2ac                __fixdfsi
 .text          0x00b5c384      0x194 /usr/local/3rdparty/altera/quartus12/nios2eds/bin/gnu/H-i686-pc-linux-gnu/bin/../lib/gcc/nios2-elf/4.1.2/libgcc.a(_usi_to_df.o)
                0x00b5c384                __floatunsidf
 .text          0x00b5c518      0x14c /usr/local/3rdparty/altera/quartus12/nios2eds/bin/gnu/H-i686-pc-linux-gnu/bin/../lib/gcc/nios2-elf/4.1.2/libgcc.a(lib2-divmod.o)
                0x00b5c594                __divsi3
                0x00b5c5f4                __modsi3
                0x00b5c654                __udivsi3
                0x00b5c65c                __umodsi3
 .text          0x00b5c664      0x15c ../Fractal_cpu1_bsp//libhal_bsp.a(alt_close.o)
                0x00b5c664                close
 .text          0x00b5c7c0       0x2c ../Fractal_cpu1_bsp//libhal_bsp.a(alt_dev.o)
 .text          0x00b5c7ec        0x0 ../Fractal_cpu1_bsp//libhal_bsp.a(alt_errno.o)
 .text          0x00b5c7ec      0x134 ../Fractal_cpu1_bsp//libhal_bsp.a(alt_fstat.o)
                0x00b5c7ec                fstat
 .text          0x00b5c920      0x120 ../Fractal_cpu1_bsp//libhal_bsp.a(alt_isatty.o)
                0x00b5c920                isatty
 .text          0x00b5ca40       0xec ../Fractal_cpu1_bsp//libhal_bsp.a(alt_load.o)
                0x00b5ca40                alt_load
 .text          0x00b5cb2c      0x150 ../Fractal_cpu1_bsp//libhal_bsp.a(alt_lseek.o)
                0x00b5cb2c                lseek
 .text          0x00b5cc7c       0x6c ../Fractal_cpu1_bsp//libhal_bsp.a(alt_main.o)
                0x00b5cc7c                alt_main
 .text          0x00b5cce8       0x40 ../Fractal_cpu1_bsp//libhal_bsp.a(alt_malloc_lock.o)
                0x00b5cce8                __malloc_lock
                0x00b5cd08                __malloc_unlock
 .text          0x00b5cd28      0x180 ../Fractal_cpu1_bsp//libhal_bsp.a(alt_read.o)
                0x00b5cd28                read
 .text          0x00b5cea8       0x60 ../Fractal_cpu1_bsp//libhal_bsp.a(alt_release_fd.o)
                0x00b5cea8                alt_release_fd
 .text          0x00b5cf08       0xbc ../Fractal_cpu1_bsp//libhal_bsp.a(alt_sbrk.o)
                0x00b5cf08                sbrk
 .text          0x00b5cfc4      0x180 ../Fractal_cpu1_bsp//libhal_bsp.a(alt_write.o)
                0x00b5cfc4                write
 .text          0x00b5d144      0x2e4 ../Fractal_cpu1_bsp//libhal_bsp.a(alt_sys_init.o)
                0x00b5d144                alt_irq_init
                0x00b5d178                alt_sys_init
 .text          0x00b5d428      0x148 ../Fractal_cpu1_bsp//libhal_bsp.a(altera_avalon_jtag_uart_fd.o)
                0x00b5d428                altera_avalon_jtag_uart_read_fd
                0x00b5d480                altera_avalon_jtag_uart_write_fd
                0x00b5d4d8                altera_avalon_jtag_uart_close_fd
                0x00b5d520                altera_avalon_jtag_uart_ioctl_fd
 .text          0x00b5d570      0x40c ../Fractal_cpu1_bsp//libhal_bsp.a(altera_avalon_jtag_uart_init.o)
                0x00b5d570                altera_avalon_jtag_uart_init
                0x00b5d908                altera_avalon_jtag_uart_close
 .text          0x00b5d97c       0xf4 ../Fractal_cpu1_bsp//libhal_bsp.a(altera_avalon_jtag_uart_ioctl.o)
                0x00b5d97c                altera_avalon_jtag_uart_ioctl
 .text          0x00b5da70      0x224 ../Fractal_cpu1_bsp//libhal_bsp.a(altera_avalon_jtag_uart_read.o)
                0x00b5da70                altera_avalon_jtag_uart_read
 .text          0x00b5dc94      0x240 ../Fractal_cpu1_bsp//libhal_bsp.a(altera_avalon_jtag_uart_write.o)
                0x00b5dc94                altera_avalon_jtag_uart_write
 .text          0x00b5ded4      0x528 ../Fractal_cpu1_bsp//libhal_bsp.a(altera_avalon_mailbox.o)
                0x00b5ded4                alt_avalon_mailbox_init
                0x00b5e0f8                altera_avalon_mailbox_open
                0x00b5e150                altera_avalon_mailbox_close
                0x00b5e170                altera_avalon_mailbox_post
                0x00b5e27c                altera_avalon_mailbox_pend
                0x00b5e324                altera_avalon_mailbox_get
 .text          0x00b5e3fc      0x304 ../Fractal_cpu1_bsp//libhal_bsp.a(altera_avalon_mutex.o)
                0x00b5e478                altera_avalon_mutex_open
                0x00b5e530                altera_avalon_mutex_close
                0x00b5e550                altera_avalon_mutex_lock
                0x00b5e590                altera_avalon_mutex_trylock
                0x00b5e5d0                altera_avalon_mutex_unlock
                0x00b5e62c                altera_avalon_mutex_is_mine
                0x00b5e6a8                altera_avalon_mutex_first_lock
 .text          0x00b5e700      0x188 ../Fractal_cpu1_bsp//libhal_bsp.a(altera_avalon_performance_counter.o)
                0x00b5e700                perf_get_section_time
                0x00b5e7b0                perf_get_total_time
                0x00b5e804                perf_get_num_starts
                0x00b5e844                alt_get_performance_counter_base
                0x00b5e864                alt_get_cpu_freq
 .text          0x00b5e888     0x156c ../Fractal_cpu1_bsp//libhal_bsp.a(altera_up_avalon_video_pixel_buffer_dma.o)
                0x00b5e888                alt_up_pixel_buffer_dma_open_dev
                0x00b5e8c8                alt_up_pixel_buffer_dma_draw
                0x00b5ea68                alt_up_pixel_buffer_dma_change_back_buffer_address
                0x00b5eac0                alt_up_pixel_buffer_dma_swap_buffers
                0x00b5eb18                alt_up_pixel_buffer_dma_check_swap_buffers_status
                0x00b5eb4c                alt_up_pixel_buffer_dma_clear_screen
                0x00b5ecb0                alt_up_pixel_buffer_dma_draw_box
                0x00b5f1a4                alt_up_pixel_buffer_dma_draw_hline
                0x00b5f4f4                alt_up_pixel_buffer_dma_draw_vline
                0x00b5f8c4                alt_up_pixel_buffer_dma_draw_rectangle
                0x00b5f988                helper_plot_pixel
                0x00b5fa58                alt_up_pixel_buffer_dma_draw_line
 .text          0x00b5fdf4      0x154 ../Fractal_cpu1_bsp//libhal_bsp.a(alt_alarm_start.o)
                0x00b5fdf4                alt_alarm_start
 .text          0x00b5ff48       0x44 ../Fractal_cpu1_bsp//libhal_bsp.a(alt_dcache_flush_all.o)
                0x00b5ff48                alt_dcache_flush_all
 .text          0x00b5ff8c      0x114 ../Fractal_cpu1_bsp//libhal_bsp.a(alt_dev_llist_insert.o)
                0x00b5ff8c                alt_dev_llist_insert
 .text          0x00b600a0       0x64 ../Fractal_cpu1_bsp//libhal_bsp.a(alt_do_ctors.o)
                0x00b600a0                _do_ctors
 .text          0x00b60104       0x64 ../Fractal_cpu1_bsp//libhal_bsp.a(alt_do_dtors.o)
                0x00b60104                _do_dtors
 .text          0x00b60168       0x94 ../Fractal_cpu1_bsp//libhal_bsp.a(alt_find_dev.o)
                0x00b60168                alt_find_dev
 .text          0x00b601fc       0x30 ../Fractal_cpu1_bsp//libhal_bsp.a(alt_icache_flush_all.o)
                0x00b601fc                alt_icache_flush_all
 .text          0x00b6022c      0x1d4 ../Fractal_cpu1_bsp//libhal_bsp.a(alt_iic.o)
                0x00b6022c                alt_ic_isr_register
                0x00b6027c                alt_ic_irq_enable
                0x00b60318                alt_ic_irq_disable
                0x00b603b8                alt_ic_irq_enabled
 .text          0x00b60400       0xf8 ../Fractal_cpu1_bsp//libhal_bsp.a(alt_iic_isr_register.o)
                0x00b60400                alt_iic_isr_register
 .text          0x00b604f8      0x13c ../Fractal_cpu1_bsp//libhal_bsp.a(alt_io_redirect.o)
                0x00b605bc                alt_io_redirect
 .text          0x00b60634        0x0 ../Fractal_cpu1_bsp//libhal_bsp.a(alt_irq_entry.o)
 .text          0x00b60634        0x0 ../Fractal_cpu1_bsp//libhal_bsp.a(alt_irq_handler.o)
 .text          0x00b60634        0x0 ../Fractal_cpu1_bsp//libhal_bsp.a(alt_irq_vars.o)
 .text          0x00b60634      0x2c4 ../Fractal_cpu1_bsp//libhal_bsp.a(alt_open.o)
                0x00b60710                open
 .text          0x00b608f8      0x1a4 ../Fractal_cpu1_bsp//libhal_bsp.a(alt_tick.o)
                0x00b608f8                alt_alarm_stop
                0x00b60990                alt_tick
 .text          0x00b60a9c       0x20 ../Fractal_cpu1_bsp//libhal_bsp.a(altera_nios2_irq.o)
                0x00b60a9c                altera_nios2_irq_init
 .text          0x00b60abc        0x0 ../Fractal_cpu1_bsp//libhal_bsp.a(alt_exception_entry.o)
 .text          0x00b60abc      0x120 ../Fractal_cpu1_bsp//libhal_bsp.a(alt_find_file.o)
                0x00b60abc                alt_find_file
 .text          0x00b60bdc       0xb8 ../Fractal_cpu1_bsp//libhal_bsp.a(alt_get_fd.o)
                0x00b60bdc                alt_get_fd
 .text          0x00b60c94       0x90 ../Fractal_cpu1_bsp//libhal_bsp.a(alt_icache_flush.o)
                0x00b60c94                alt_icache_flush
 .text          0x00b60d24       0x14 /usr/local/3rdparty/altera/quartus12/nios2eds/bin/gnu/H-i686-pc-linux-gnu/bin/../lib/gcc/nios2-elf/4.1.2/../../../../nios2-elf/lib/libc.a(lib_a-atexit.o)
                0x00b60d24                atexit
 .text          0x00b60d38       0x38 /usr/local/3rdparty/altera/quartus12/nios2eds/bin/gnu/H-i686-pc-linux-gnu/bin/../lib/gcc/nios2-elf/4.1.2/../../../../nios2-elf/lib/libc.a(lib_a-exit.o)
                0x00b60d38                exit
 .text          0x00b60d70       0x74 /usr/local/3rdparty/altera/quartus12/nios2eds/bin/gnu/H-i686-pc-linux-gnu/bin/../lib/gcc/nios2-elf/4.1.2/../../../../nios2-elf/lib/libc.a(lib_a-memcmp.o)
                0x00b60d70                memcmp
 .text          0x00b60de4      0x134 /usr/local/3rdparty/altera/quartus12/nios2eds/bin/gnu/H-i686-pc-linux-gnu/bin/../lib/gcc/nios2-elf/4.1.2/../../../../nios2-elf/lib/libc.a(lib_a-__atexit.o)
                0x00b60de4                __register_exitproc
 .text          0x00b60f18      0x1b4 /usr/local/3rdparty/altera/quartus12/nios2eds/bin/gnu/H-i686-pc-linux-gnu/bin/../lib/gcc/nios2-elf/4.1.2/../../../../nios2-elf/lib/libc.a(lib_a-__call_atexit.o)
                0x00b60f1c                __call_exitprocs
 .text          0x00b610cc       0x60 ../Fractal_cpu1_bsp//libhal_bsp.a(alt_exit.o)
                0x00b6110c                _exit
 *(.gnu.warning.*)
 *(.fini)
                0x00b6112c                PROVIDE (__etext, ABSOLUTE (.))
                0x00b6112c                PROVIDE (_etext, ABSOLUTE (.))
                0x00b6112c                PROVIDE (etext, ABSOLUTE (.))
 *(.eh_frame_hdr)
                0x00b6112c                . = ALIGN (0x4)
                0x00b6112c                PROVIDE (__preinit_array_start, ABSOLUTE (.))
 *(.preinit_array)
                0x00b6112c                PROVIDE (__preinit_array_end, ABSOLUTE (.))
                0x00b6112c                PROVIDE (__init_array_start, ABSOLUTE (.))
 *(.init_array)
                0x00b6112c                PROVIDE (__init_array_end, ABSOLUTE (.))
                0x00b6112c                PROVIDE (__fini_array_start, ABSOLUTE (.))
 *(.fini_array)
                0x00b6112c                PROVIDE (__fini_array_end, ABSOLUTE (.))
 *(.eh_frame)
 .eh_frame      0x00b6112c       0x40 /usr/local/3rdparty/altera/quartus12/nios2eds/bin/gnu/H-i686-pc-linux-gnu/bin/../lib/gcc/nios2-elf/4.1.2/libgcc.a(_udivdi3.o)
 .eh_frame      0x00b6116c       0x2c /usr/local/3rdparty/altera/quartus12/nios2eds/bin/gnu/H-i686-pc-linux-gnu/bin/../lib/gcc/nios2-elf/4.1.2/libgcc.a(_umoddi3.o)
                                 0x40 (size before relaxing)
 *(.gcc_except_table)
 *(.dynamic)
                0x00b61198                PROVIDE (__CTOR_LIST__, ABSOLUTE (.))
 *(.ctors)
 *(SORT(.ctors.*))
 .ctors.65535   0x00b61198        0x4 /usr/local/3rdparty/altera/quartus12/nios2eds/bin/gnu/H-i686-pc-linux-gnu/bin/../lib/gcc/nios2-elf/4.1.2/../../../../nios2-elf/lib/libc.a(lib_a-__call_atexit.o)
                0x00b6119c                PROVIDE (__CTOR_END__, ABSOLUTE (.))
                0x00b6119c                PROVIDE (__DTOR_LIST__, ABSOLUTE (.))
 *(.dtors)
 *(SORT(.dtors.*))
                0x00b6119c                PROVIDE (__DTOR_END__, ABSOLUTE (.))
 *(.jcr)
                0x00b6119c                . = ALIGN (0x4)

.rodata         0x00b6119c      0x548
                0x00b6119c                PROVIDE (__ram_rodata_start, ABSOLUTE (.))
                0x00b6119c                . = ALIGN (0x4)
 *(.rodata .rodata.* .gnu.linkonce.r.*)
 .rodata.str1.4
                0x00b6119c       0x82 obj/default/Fractal.o
                                 0x84 (size before relaxing)
 *fill*         0x00b6121e        0x2 00
 .rodata.str1.4
                0x00b61220       0x42 obj/default/Project.o
                                 0x44 (size before relaxing)
 *fill*         0x00b61262        0x2 00
 .rodata.str1.4
                0x00b61264        0x5 /usr/local/3rdparty/altera/quartus12/nios2eds/bin/gnu/H-i686-pc-linux-gnu/bin/../lib/gcc/nios2-elf/4.1.2/../../../../nios2-elf/lib/libm.a(lib_a-wf_pow.o)
                                  0x8 (size before relaxing)
 .rodata.str1.4
                0x00000000        0x5 /usr/local/3rdparty/altera/quartus12/nios2eds/bin/gnu/H-i686-pc-linux-gnu/bin/../lib/gcc/nios2-elf/4.1.2/../../../../nios2-elf/lib/libm.a(lib_a-ef_pow.o)
                                  0x4 (size before relaxing)
 *fill*         0x00b61269        0x3 00
 .rodata        0x00b6126c       0x10 /usr/local/3rdparty/altera/quartus12/nios2eds/bin/gnu/H-i686-pc-linux-gnu/bin/../lib/gcc/nios2-elf/4.1.2/../../../../nios2-elf/lib/libm.a(lib_a-s_rint.o)
 .rodata        0x00b6127c       0x10 /usr/local/3rdparty/altera/quartus12/nios2eds/bin/gnu/H-i686-pc-linux-gnu/bin/../lib/gcc/nios2-elf/4.1.2/libgcc.a(_thenan_sf.o)
                0x00b6127c                __thenan_sf
 .rodata        0x00b6128c       0x14 /usr/local/3rdparty/altera/quartus12/nios2eds/bin/gnu/H-i686-pc-linux-gnu/bin/../lib/gcc/nios2-elf/4.1.2/libgcc.a(_thenan_df.o)
                0x00b6128c                __thenan_df
 .rodata        0x00b612a0      0x100 /usr/local/3rdparty/altera/quartus12/nios2eds/bin/gnu/H-i686-pc-linux-gnu/bin/../lib/gcc/nios2-elf/4.1.2/libgcc.a(_clz.o)
                0x00b612a0                __clz_tab
 .rodata.str1.4
                0x00b613a0        0x2 /usr/local/3rdparty/altera/quartus12/nios2eds/bin/gnu/H-i686-pc-linux-gnu/bin/../lib/gcc/nios2-elf/4.1.2/../../../../nios2-elf/lib/libc.a(lib_a-impure.o)
                                  0x4 (size before relaxing)
 .rodata.str1.4
                0x00000000        0x2 /usr/local/3rdparty/altera/quartus12/nios2eds/bin/gnu/H-i686-pc-linux-gnu/bin/../lib/gcc/nios2-elf/4.1.2/../../../../nios2-elf/lib/libc.a(lib_a-puts.o)
                                  0x4 (size before relaxing)
 *fill*         0x00b613a2        0x2 00
 .rodata.str1.4
                0x00b613a4       0x5a /usr/local/3rdparty/altera/quartus12/nios2eds/bin/gnu/H-i686-pc-linux-gnu/bin/../lib/gcc/nios2-elf/4.1.2/../../../../nios2-elf/lib/libc.a(lib_a-vfprintf.o)
                                 0x60 (size before relaxing)
 .rodata        0x00b613fe       0x20 /usr/local/3rdparty/altera/quartus12/nios2eds/bin/gnu/H-i686-pc-linux-gnu/bin/../lib/gcc/nios2-elf/4.1.2/../../../../nios2-elf/lib/libc.a(lib_a-vfprintf.o)
 *fill*         0x00b6141e        0x2 00
 .rodata.str1.4
                0x00b61420       0x10 /usr/local/3rdparty/altera/quartus12/nios2eds/bin/gnu/H-i686-pc-linux-gnu/bin/../lib/gcc/nios2-elf/4.1.2/../../../../nios2-elf/lib/libc.a(lib_a-dtoa.o)
                                 0x14 (size before relaxing)
 .rodata.str1.4
                0x00b61430        0xc /usr/local/3rdparty/altera/quartus12/nios2eds/bin/gnu/H-i686-pc-linux-gnu/bin/../lib/gcc/nios2-elf/4.1.2/../../../../nios2-elf/lib/libc.a(lib_a-locale.o)
                                 0x18 (size before relaxing)
 .rodata        0x00b6143c       0x30 /usr/local/3rdparty/altera/quartus12/nios2eds/bin/gnu/H-i686-pc-linux-gnu/bin/../lib/gcc/nios2-elf/4.1.2/../../../../nios2-elf/lib/libc.a(lib_a-locale.o)
 .rodata        0x00b6146c      0x124 /usr/local/3rdparty/altera/quartus12/nios2eds/bin/gnu/H-i686-pc-linux-gnu/bin/../lib/gcc/nios2-elf/4.1.2/../../../../nios2-elf/lib/libc.a(lib_a-mprec.o)
                0x00b6146c                __mprec_tens
                0x00b61534                __mprec_bigtens
                0x00b6155c                __mprec_tinytens
 .rodata        0x00b61590        0xc ../Fractal_cpu1_bsp//libhal_bsp.a(alt_dev.o)
 .rodata        0x00b6159c       0x14 ../Fractal_cpu1_bsp//libhal_bsp.a(alt_main.o)
 .rodata        0x00b615b0      0x134 ../Fractal_cpu1_bsp//libhal_bsp.a(alt_sys_init.o)
 *(.rodata1)
                0x00b616e4                . = ALIGN (0x4)
                0x00b616e4                PROVIDE (__ram_rodata_end, ABSOLUTE (.))
                0x00b6119c                PROVIDE (__flash_rodata_start, LOADADDR (.rodata))

.rwdata         0x00b616e4     0x1bd8 load address 0x00b632bc
                0x00b616e4                PROVIDE (__ram_rwdata_start, ABSOLUTE (.))
                0x00b616e4                . = ALIGN (0x4)
 *(.got.plt)
 *(.got)
 *(.data1)
 *(.data .data.* .gnu.linkonce.d.*)
 .data          0x00b616e4        0x0 ../Fractal_cpu1_bsp//obj/HAL/src/crt0.o
 .data          0x00b616e4        0x0 obj/default/Fractal.o
 .data          0x00b616e4        0x0 obj/default/Project.o
 .data          0x00b616e4        0x0 /usr/local/3rdparty/altera/quartus12/nios2eds/bin/gnu/H-i686-pc-linux-gnu/bin/../lib/gcc/nios2-elf/4.1.2/../../../../nios2-elf/lib/libm.a(lib_a-wf_pow.o)
 .data          0x00b616e4        0x0 /usr/local/3rdparty/altera/quartus12/nios2eds/bin/gnu/H-i686-pc-linux-gnu/bin/../lib/gcc/nios2-elf/4.1.2/../../../../nios2-elf/lib/libm.a(lib_a-ef_pow.o)
 .data          0x00b616e4        0x0 /usr/local/3rdparty/altera/quartus12/nios2eds/bin/gnu/H-i686-pc-linux-gnu/bin/../lib/gcc/nios2-elf/4.1.2/../../../../nios2-elf/lib/libm.a(lib_a-ef_sqrt.o)
 .data          0x00b616e4        0x0 /usr/local/3rdparty/altera/quartus12/nios2eds/bin/gnu/H-i686-pc-linux-gnu/bin/../lib/gcc/nios2-elf/4.1.2/../../../../nios2-elf/lib/libm.a(lib_a-s_lib_ver.o)
 .data          0x00b616e4        0x0 /usr/local/3rdparty/altera/quartus12/nios2eds/bin/gnu/H-i686-pc-linux-gnu/bin/../lib/gcc/nios2-elf/4.1.2/../../../../nios2-elf/lib/libm.a(lib_a-s_matherr.o)
 .data          0x00b616e4        0x0 /usr/local/3rdparty/altera/quartus12/nios2eds/bin/gnu/H-i686-pc-linux-gnu/bin/../lib/gcc/nios2-elf/4.1.2/../../../../nios2-elf/lib/libm.a(lib_a-s_rint.o)
 .data          0x00b616e4        0x0 /usr/local/3rdparty/altera/quartus12/nios2eds/bin/gnu/H-i686-pc-linux-gnu/bin/../lib/gcc/nios2-elf/4.1.2/../../../../nios2-elf/lib/libm.a(lib_a-sf_fabs.o)
 .data          0x00b616e4        0x0 /usr/local/3rdparty/altera/quartus12/nios2eds/bin/gnu/H-i686-pc-linux-gnu/bin/../lib/gcc/nios2-elf/4.1.2/../../../../nios2-elf/lib/libm.a(lib_a-sf_finite.o)
 .data          0x00b616e4        0x0 /usr/local/3rdparty/altera/quartus12/nios2eds/bin/gnu/H-i686-pc-linux-gnu/bin/../lib/gcc/nios2-elf/4.1.2/../../../../nios2-elf/lib/libm.a(lib_a-sf_isnan.o)
 .data          0x00b616e4        0x0 /usr/local/3rdparty/altera/quartus12/nios2eds/bin/gnu/H-i686-pc-linux-gnu/bin/../lib/gcc/nios2-elf/4.1.2/../../../../nios2-elf/lib/libm.a(lib_a-sf_nan.o)
 .data          0x00b616e4        0x0 /usr/local/3rdparty/altera/quartus12/nios2eds/bin/gnu/H-i686-pc-linux-gnu/bin/../lib/gcc/nios2-elf/4.1.2/../../../../nios2-elf/lib/libm.a(lib_a-sf_scalbn.o)
 .data          0x00b616e4        0x0 /usr/local/3rdparty/altera/quartus12/nios2eds/bin/gnu/H-i686-pc-linux-gnu/bin/../lib/gcc/nios2-elf/4.1.2/../../../../nios2-elf/lib/libm.a(lib_a-sf_copysign.o)
 .data          0x00b616e4        0x0 /usr/local/3rdparty/altera/quartus12/nios2eds/bin/gnu/H-i686-pc-linux-gnu/bin/../lib/gcc/nios2-elf/4.1.2/libgcc.a(_muldi3.o)
 .data          0x00b616e4        0x0 /usr/local/3rdparty/altera/quartus12/nios2eds/bin/gnu/H-i686-pc-linux-gnu/bin/../lib/gcc/nios2-elf/4.1.2/libgcc.a(_addsub_sf.o)
 .data          0x00b616e4        0x0 /usr/local/3rdparty/altera/quartus12/nios2eds/bin/gnu/H-i686-pc-linux-gnu/bin/../lib/gcc/nios2-elf/4.1.2/libgcc.a(_mul_sf.o)
 .data          0x00b616e4        0x0 /usr/local/3rdparty/altera/quartus12/nios2eds/bin/gnu/H-i686-pc-linux-gnu/bin/../lib/gcc/nios2-elf/4.1.2/libgcc.a(_div_sf.o)
 .data          0x00b616e4        0x0 /usr/local/3rdparty/altera/quartus12/nios2eds/bin/gnu/H-i686-pc-linux-gnu/bin/../lib/gcc/nios2-elf/4.1.2/libgcc.a(_eq_sf.o)
 .data          0x00b616e4        0x0 /usr/local/3rdparty/altera/quartus12/nios2eds/bin/gnu/H-i686-pc-linux-gnu/bin/../lib/gcc/nios2-elf/4.1.2/libgcc.a(_gt_sf.o)
 .data          0x00b616e4        0x0 /usr/local/3rdparty/altera/quartus12/nios2eds/bin/gnu/H-i686-pc-linux-gnu/bin/../lib/gcc/nios2-elf/4.1.2/libgcc.a(_lt_sf.o)
 .data          0x00b616e4        0x0 /usr/local/3rdparty/altera/quartus12/nios2eds/bin/gnu/H-i686-pc-linux-gnu/bin/../lib/gcc/nios2-elf/4.1.2/libgcc.a(_le_sf.o)
 .data          0x00b616e4        0x0 /usr/local/3rdparty/altera/quartus12/nios2eds/bin/gnu/H-i686-pc-linux-gnu/bin/../lib/gcc/nios2-elf/4.1.2/libgcc.a(_si_to_sf.o)
 .data          0x00b616e4        0x0 /usr/local/3rdparty/altera/quartus12/nios2eds/bin/gnu/H-i686-pc-linux-gnu/bin/../lib/gcc/nios2-elf/4.1.2/libgcc.a(_sf_to_si.o)
 .data          0x00b616e4        0x0 /usr/local/3rdparty/altera/quartus12/nios2eds/bin/gnu/H-i686-pc-linux-gnu/bin/../lib/gcc/nios2-elf/4.1.2/libgcc.a(_sf_to_df.o)
 .data          0x00b616e4        0x0 /usr/local/3rdparty/altera/quartus12/nios2eds/bin/gnu/H-i686-pc-linux-gnu/bin/../lib/gcc/nios2-elf/4.1.2/libgcc.a(_thenan_sf.o)
 .data          0x00b616e4        0x0 /usr/local/3rdparty/altera/quartus12/nios2eds/bin/gnu/H-i686-pc-linux-gnu/bin/../lib/gcc/nios2-elf/4.1.2/libgcc.a(_addsub_df.o)
 .data          0x00b616e4        0x0 /usr/local/3rdparty/altera/quartus12/nios2eds/bin/gnu/H-i686-pc-linux-gnu/bin/../lib/gcc/nios2-elf/4.1.2/libgcc.a(_div_df.o)
 .data          0x00b616e4        0x0 /usr/local/3rdparty/altera/quartus12/nios2eds/bin/gnu/H-i686-pc-linux-gnu/bin/../lib/gcc/nios2-elf/4.1.2/libgcc.a(_ne_df.o)
 .data          0x00b616e4        0x0 /usr/local/3rdparty/altera/quartus12/nios2eds/bin/gnu/H-i686-pc-linux-gnu/bin/../lib/gcc/nios2-elf/4.1.2/libgcc.a(_make_df.o)
 .data          0x00b616e4        0x0 /usr/local/3rdparty/altera/quartus12/nios2eds/bin/gnu/H-i686-pc-linux-gnu/bin/../lib/gcc/nios2-elf/4.1.2/libgcc.a(_df_to_sf.o)
 .data          0x00b616e4        0x0 /usr/local/3rdparty/altera/quartus12/nios2eds/bin/gnu/H-i686-pc-linux-gnu/bin/../lib/gcc/nios2-elf/4.1.2/libgcc.a(_thenan_df.o)
 .data          0x00b616e4        0x0 /usr/local/3rdparty/altera/quartus12/nios2eds/bin/gnu/H-i686-pc-linux-gnu/bin/../lib/gcc/nios2-elf/4.1.2/libgcc.a(_clzsi2.o)
 .data          0x00b616e4        0x0 /usr/local/3rdparty/altera/quartus12/nios2eds/bin/gnu/H-i686-pc-linux-gnu/bin/../lib/gcc/nios2-elf/4.1.2/libgcc.a(_pack_sf.o)
 .data          0x00b616e4        0x0 /usr/local/3rdparty/altera/quartus12/nios2eds/bin/gnu/H-i686-pc-linux-gnu/bin/../lib/gcc/nios2-elf/4.1.2/libgcc.a(_unpack_sf.o)
 .data          0x00b616e4        0x0 /usr/local/3rdparty/altera/quartus12/nios2eds/bin/gnu/H-i686-pc-linux-gnu/bin/../lib/gcc/nios2-elf/4.1.2/libgcc.a(_fpcmp_parts_sf.o)
 .data          0x00b616e4        0x0 /usr/local/3rdparty/altera/quartus12/nios2eds/bin/gnu/H-i686-pc-linux-gnu/bin/../lib/gcc/nios2-elf/4.1.2/libgcc.a(_make_sf.o)
 .data          0x00b616e4        0x0 /usr/local/3rdparty/altera/quartus12/nios2eds/bin/gnu/H-i686-pc-linux-gnu/bin/../lib/gcc/nios2-elf/4.1.2/libgcc.a(_pack_df.o)
 .data          0x00b616e4        0x0 /usr/local/3rdparty/altera/quartus12/nios2eds/bin/gnu/H-i686-pc-linux-gnu/bin/../lib/gcc/nios2-elf/4.1.2/libgcc.a(_unpack_df.o)
 .data          0x00b616e4        0x0 /usr/local/3rdparty/altera/quartus12/nios2eds/bin/gnu/H-i686-pc-linux-gnu/bin/../lib/gcc/nios2-elf/4.1.2/libgcc.a(_fpcmp_parts_df.o)
 .data          0x00b616e4        0x0 /usr/local/3rdparty/altera/quartus12/nios2eds/bin/gnu/H-i686-pc-linux-gnu/bin/../lib/gcc/nios2-elf/4.1.2/libgcc.a(_clz.o)
 .data          0x00b616e4        0x0 /usr/local/3rdparty/altera/quartus12/nios2eds/bin/gnu/H-i686-pc-linux-gnu/bin/../lib/gcc/nios2-elf/4.1.2/../../../../nios2-elf/lib/libc.a(lib_a-errno.o)
 .data          0x00b616e4      0x400 /usr/local/3rdparty/altera/quartus12/nios2eds/bin/gnu/H-i686-pc-linux-gnu/bin/../lib/gcc/nios2-elf/4.1.2/../../../../nios2-elf/lib/libc.a(lib_a-impure.o)
 .data          0x00b61ae4        0x0 /usr/local/3rdparty/altera/quartus12/nios2eds/bin/gnu/H-i686-pc-linux-gnu/bin/../lib/gcc/nios2-elf/4.1.2/../../../../nios2-elf/lib/libc.a(lib_a-printf.o)
 .data          0x00b61ae4        0x0 /usr/local/3rdparty/altera/quartus12/nios2eds/bin/gnu/H-i686-pc-linux-gnu/bin/../lib/gcc/nios2-elf/4.1.2/../../../../nios2-elf/lib/libc.a(lib_a-puts.o)
 .data          0x00b61ae4        0x0 /usr/local/3rdparty/altera/quartus12/nios2eds/bin/gnu/H-i686-pc-linux-gnu/bin/../lib/gcc/nios2-elf/4.1.2/../../../../nios2-elf/lib/libc.a(lib_a-sprintf.o)
 .data          0x00b61ae4        0x0 /usr/local/3rdparty/altera/quartus12/nios2eds/bin/gnu/H-i686-pc-linux-gnu/bin/../lib/gcc/nios2-elf/4.1.2/../../../../nios2-elf/lib/libc.a(lib_a-strlen.o)
 .data          0x00b61ae4        0x0 /usr/local/3rdparty/altera/quartus12/nios2eds/bin/gnu/H-i686-pc-linux-gnu/bin/../lib/gcc/nios2-elf/4.1.2/../../../../nios2-elf/lib/libc.a(lib_a-vfprintf.o)
 .data          0x00b61ae4        0x0 /usr/local/3rdparty/altera/quartus12/nios2eds/bin/gnu/H-i686-pc-linux-gnu/bin/../lib/gcc/nios2-elf/4.1.2/../../../../nios2-elf/lib/libc.a(lib_a-wsetup.o)
 .data          0x00b61ae4        0x0 /usr/local/3rdparty/altera/quartus12/nios2eds/bin/gnu/H-i686-pc-linux-gnu/bin/../lib/gcc/nios2-elf/4.1.2/../../../../nios2-elf/lib/libc.a(lib_a-dtoa.o)
 .data          0x00b61ae4        0x0 /usr/local/3rdparty/altera/quartus12/nios2eds/bin/gnu/H-i686-pc-linux-gnu/bin/../lib/gcc/nios2-elf/4.1.2/../../../../nios2-elf/lib/libc.a(lib_a-fflush.o)
 .data          0x00b61ae4        0x0 /usr/local/3rdparty/altera/quartus12/nios2eds/bin/gnu/H-i686-pc-linux-gnu/bin/../lib/gcc/nios2-elf/4.1.2/../../../../nios2-elf/lib/libc.a(lib_a-findfp.o)
 .data          0x00b61ae4        0x0 /usr/local/3rdparty/altera/quartus12/nios2eds/bin/gnu/H-i686-pc-linux-gnu/bin/../lib/gcc/nios2-elf/4.1.2/../../../../nios2-elf/lib/libc.a(lib_a-freer.o)
 .data          0x00b61ae4        0x0 /usr/local/3rdparty/altera/quartus12/nios2eds/bin/gnu/H-i686-pc-linux-gnu/bin/../lib/gcc/nios2-elf/4.1.2/../../../../nios2-elf/lib/libc.a(lib_a-fvwrite.o)
 .data          0x00b61ae4        0x0 /usr/local/3rdparty/altera/quartus12/nios2eds/bin/gnu/H-i686-pc-linux-gnu/bin/../lib/gcc/nios2-elf/4.1.2/../../../../nios2-elf/lib/libc.a(lib_a-fwalk.o)
 .data          0x00b61ae4        0xc /usr/local/3rdparty/altera/quartus12/nios2eds/bin/gnu/H-i686-pc-linux-gnu/bin/../lib/gcc/nios2-elf/4.1.2/../../../../nios2-elf/lib/libc.a(lib_a-locale.o)
                0x00b61ae4                __lc_ctype
 .data          0x00b61af0        0x0 /usr/local/3rdparty/altera/quartus12/nios2eds/bin/gnu/H-i686-pc-linux-gnu/bin/../lib/gcc/nios2-elf/4.1.2/../../../../nios2-elf/lib/libc.a(lib_a-makebuf.o)
 .data          0x00b61af0      0x408 /usr/local/3rdparty/altera/quartus12/nios2eds/bin/gnu/H-i686-pc-linux-gnu/bin/../lib/gcc/nios2-elf/4.1.2/../../../../nios2-elf/lib/libc.a(lib_a-mallocr.o)
                0x00b61af0                __malloc_av_
 .data          0x00b61ef8        0x0 /usr/local/3rdparty/altera/quartus12/nios2eds/bin/gnu/H-i686-pc-linux-gnu/bin/../lib/gcc/nios2-elf/4.1.2/../../../../nios2-elf/lib/libc.a(lib_a-memchr.o)
 .data          0x00b61ef8        0x0 /usr/local/3rdparty/altera/quartus12/nios2eds/bin/gnu/H-i686-pc-linux-gnu/bin/../lib/gcc/nios2-elf/4.1.2/../../../../nios2-elf/lib/libc.a(lib_a-memcpy.o)
 .data          0x00b61ef8        0x0 /usr/local/3rdparty/altera/quartus12/nios2eds/bin/gnu/H-i686-pc-linux-gnu/bin/../lib/gcc/nios2-elf/4.1.2/../../../../nios2-elf/lib/libc.a(lib_a-memmove.o)
 .data          0x00b61ef8        0x0 /usr/local/3rdparty/altera/quartus12/nios2eds/bin/gnu/H-i686-pc-linux-gnu/bin/../lib/gcc/nios2-elf/4.1.2/../../../../nios2-elf/lib/libc.a(lib_a-memset.o)
 .data          0x00b61ef8        0x0 /usr/local/3rdparty/altera/quartus12/nios2eds/bin/gnu/H-i686-pc-linux-gnu/bin/../lib/gcc/nios2-elf/4.1.2/../../../../nios2-elf/lib/libc.a(lib_a-mprec.o)
 .data          0x00b61ef8        0x0 /usr/local/3rdparty/altera/quartus12/nios2eds/bin/gnu/H-i686-pc-linux-gnu/bin/../lib/gcc/nios2-elf/4.1.2/../../../../nios2-elf/lib/libc.a(lib_a-reallocr.o)
 .data          0x00b61ef8        0x0 /usr/local/3rdparty/altera/quartus12/nios2eds/bin/gnu/H-i686-pc-linux-gnu/bin/../lib/gcc/nios2-elf/4.1.2/../../../../nios2-elf/lib/libc.a(lib_a-s_isinfd.o)
 .data          0x00b61ef8        0x0 /usr/local/3rdparty/altera/quartus12/nios2eds/bin/gnu/H-i686-pc-linux-gnu/bin/../lib/gcc/nios2-elf/4.1.2/../../../../nios2-elf/lib/libc.a(lib_a-s_isnand.o)
 .data          0x00b61ef8        0x0 /usr/local/3rdparty/altera/quartus12/nios2eds/bin/gnu/H-i686-pc-linux-gnu/bin/../lib/gcc/nios2-elf/4.1.2/../../../../nios2-elf/lib/libc.a(lib_a-sbrkr.o)
 .data          0x00b61ef8        0x0 /usr/local/3rdparty/altera/quartus12/nios2eds/bin/gnu/H-i686-pc-linux-gnu/bin/../lib/gcc/nios2-elf/4.1.2/../../../../nios2-elf/lib/libc.a(lib_a-stdio.o)
 .data          0x00b61ef8        0x0 /usr/local/3rdparty/altera/quartus12/nios2eds/bin/gnu/H-i686-pc-linux-gnu/bin/../lib/gcc/nios2-elf/4.1.2/../../../../nios2-elf/lib/libc.a(lib_a-strcmp.o)
 .data          0x00b61ef8        0x0 /usr/local/3rdparty/altera/quartus12/nios2eds/bin/gnu/H-i686-pc-linux-gnu/bin/../lib/gcc/nios2-elf/4.1.2/../../../../nios2-elf/lib/libc.a(lib_a-writer.o)
 .data          0x00b61ef8        0x0 /usr/local/3rdparty/altera/quartus12/nios2eds/bin/gnu/H-i686-pc-linux-gnu/bin/../lib/gcc/nios2-elf/4.1.2/../../../../nios2-elf/lib/libc.a(lib_a-callocr.o)
 .data          0x00b61ef8        0x0 /usr/local/3rdparty/altera/quartus12/nios2eds/bin/gnu/H-i686-pc-linux-gnu/bin/../lib/gcc/nios2-elf/4.1.2/../../../../nios2-elf/lib/libc.a(lib_a-closer.o)
 .data          0x00b61ef8        0x0 /usr/local/3rdparty/altera/quartus12/nios2eds/bin/gnu/H-i686-pc-linux-gnu/bin/../lib/gcc/nios2-elf/4.1.2/../../../../nios2-elf/lib/libc.a(lib_a-fclose.o)
 .data          0x00b61ef8        0x0 /usr/local/3rdparty/altera/quartus12/nios2eds/bin/gnu/H-i686-pc-linux-gnu/bin/../lib/gcc/nios2-elf/4.1.2/../../../../nios2-elf/lib/libc.a(lib_a-fstatr.o)
 .data          0x00b61ef8        0x0 /usr/local/3rdparty/altera/quartus12/nios2eds/bin/gnu/H-i686-pc-linux-gnu/bin/../lib/gcc/nios2-elf/4.1.2/../../../../nios2-elf/lib/libc.a(lib_a-int_errno.o)
 .data          0x00b61ef8        0x0 /usr/local/3rdparty/altera/quartus12/nios2eds/bin/gnu/H-i686-pc-linux-gnu/bin/../lib/gcc/nios2-elf/4.1.2/../../../../nios2-elf/lib/libc.a(lib_a-isattyr.o)
 .data          0x00b61ef8        0x0 /usr/local/3rdparty/altera/quartus12/nios2eds/bin/gnu/H-i686-pc-linux-gnu/bin/../lib/gcc/nios2-elf/4.1.2/../../../../nios2-elf/lib/libc.a(lib_a-lseekr.o)
 .data          0x00b61ef8        0x0 /usr/local/3rdparty/altera/quartus12/nios2eds/bin/gnu/H-i686-pc-linux-gnu/bin/../lib/gcc/nios2-elf/4.1.2/../../../../nios2-elf/lib/libc.a(lib_a-readr.o)
 .data          0x00b61ef8        0x0 /usr/local/3rdparty/altera/quartus12/nios2eds/bin/gnu/H-i686-pc-linux-gnu/bin/../lib/gcc/nios2-elf/4.1.2/libgcc.a(_udivdi3.o)
 .data          0x00b61ef8        0x0 /usr/local/3rdparty/altera/quartus12/nios2eds/bin/gnu/H-i686-pc-linux-gnu/bin/../lib/gcc/nios2-elf/4.1.2/libgcc.a(_umoddi3.o)
 .data          0x00b61ef8        0x0 /usr/local/3rdparty/altera/quartus12/nios2eds/bin/gnu/H-i686-pc-linux-gnu/bin/../lib/gcc/nios2-elf/4.1.2/libgcc.a(_mul_df.o)
 .data          0x00b61ef8        0x0 /usr/local/3rdparty/altera/quartus12/nios2eds/bin/gnu/H-i686-pc-linux-gnu/bin/../lib/gcc/nios2-elf/4.1.2/libgcc.a(_eq_df.o)
 .data          0x00b61ef8        0x0 /usr/local/3rdparty/altera/quartus12/nios2eds/bin/gnu/H-i686-pc-linux-gnu/bin/../lib/gcc/nios2-elf/4.1.2/libgcc.a(_gt_df.o)
 .data          0x00b61ef8        0x0 /usr/local/3rdparty/altera/quartus12/nios2eds/bin/gnu/H-i686-pc-linux-gnu/bin/../lib/gcc/nios2-elf/4.1.2/libgcc.a(_ge_df.o)
 .data          0x00b61ef8        0x0 /usr/local/3rdparty/altera/quartus12/nios2eds/bin/gnu/H-i686-pc-linux-gnu/bin/../lib/gcc/nios2-elf/4.1.2/libgcc.a(_lt_df.o)
 .data          0x00b61ef8        0x0 /usr/local/3rdparty/altera/quartus12/nios2eds/bin/gnu/H-i686-pc-linux-gnu/bin/../lib/gcc/nios2-elf/4.1.2/libgcc.a(_si_to_df.o)
 .data          0x00b61ef8        0x0 /usr/local/3rdparty/altera/quartus12/nios2eds/bin/gnu/H-i686-pc-linux-gnu/bin/../lib/gcc/nios2-elf/4.1.2/libgcc.a(_df_to_si.o)
 .data          0x00b61ef8        0x0 /usr/local/3rdparty/altera/quartus12/nios2eds/bin/gnu/H-i686-pc-linux-gnu/bin/../lib/gcc/nios2-elf/4.1.2/libgcc.a(_usi_to_df.o)
 .data          0x00b61ef8        0x0 /usr/local/3rdparty/altera/quartus12/nios2eds/bin/gnu/H-i686-pc-linux-gnu/bin/../lib/gcc/nios2-elf/4.1.2/libgcc.a(lib2-divmod.o)
 .data          0x00b61ef8        0x0 ../Fractal_cpu1_bsp//libhal_bsp.a(alt_close.o)
 .data          0x00b61ef8      0x1a8 ../Fractal_cpu1_bsp//libhal_bsp.a(alt_dev.o)
                0x00b61ef8                alt_dev_null
                0x00b61f20                alt_fd_list
 .data          0x00b620a0        0x0 ../Fractal_cpu1_bsp//libhal_bsp.a(alt_errno.o)
 .data          0x00b620a0        0x0 ../Fractal_cpu1_bsp//libhal_bsp.a(alt_fstat.o)
 .data          0x00b620a0        0x0 ../Fractal_cpu1_bsp//libhal_bsp.a(alt_isatty.o)
 .data          0x00b620a0        0x0 ../Fractal_cpu1_bsp//libhal_bsp.a(alt_load.o)
 .data          0x00b620a0        0x0 ../Fractal_cpu1_bsp//libhal_bsp.a(alt_lseek.o)
 .data          0x00b620a0        0x0 ../Fractal_cpu1_bsp//libhal_bsp.a(alt_main.o)
 .data          0x00b620a0        0x0 ../Fractal_cpu1_bsp//libhal_bsp.a(alt_malloc_lock.o)
 .data          0x00b620a0        0x0 ../Fractal_cpu1_bsp//libhal_bsp.a(alt_read.o)
 .data          0x00b620a0        0x0 ../Fractal_cpu1_bsp//libhal_bsp.a(alt_release_fd.o)
 .data          0x00b620a0        0x0 ../Fractal_cpu1_bsp//libhal_bsp.a(alt_sbrk.o)
 .data          0x00b620a0        0x0 ../Fractal_cpu1_bsp//libhal_bsp.a(alt_write.o)
 .data          0x00b620a0     0x11a4 ../Fractal_cpu1_bsp//libhal_bsp.a(alt_sys_init.o)
 .data          0x00b63244        0x0 ../Fractal_cpu1_bsp//libhal_bsp.a(altera_avalon_jtag_uart_fd.o)
 .data          0x00b63244        0x0 ../Fractal_cpu1_bsp//libhal_bsp.a(altera_avalon_jtag_uart_init.o)
 .data          0x00b63244        0x0 ../Fractal_cpu1_bsp//libhal_bsp.a(altera_avalon_jtag_uart_ioctl.o)
 .data          0x00b63244        0x0 ../Fractal_cpu1_bsp//libhal_bsp.a(altera_avalon_jtag_uart_read.o)
 .data          0x00b63244        0x0 ../Fractal_cpu1_bsp//libhal_bsp.a(altera_avalon_jtag_uart_write.o)
 .data          0x00b63244        0x0 ../Fractal_cpu1_bsp//libhal_bsp.a(altera_avalon_mailbox.o)
 .data          0x00b63244        0x0 ../Fractal_cpu1_bsp//libhal_bsp.a(altera_avalon_mutex.o)
 .data          0x00b63244        0x0 ../Fractal_cpu1_bsp//libhal_bsp.a(altera_avalon_performance_counter.o)
 .data          0x00b63244        0x0 ../Fractal_cpu1_bsp//libhal_bsp.a(altera_up_avalon_video_pixel_buffer_dma.o)
 .data          0x00b63244        0x0 ../Fractal_cpu1_bsp//libhal_bsp.a(alt_alarm_start.o)
 .data          0x00b63244        0x0 ../Fractal_cpu1_bsp//libhal_bsp.a(alt_dcache_flush_all.o)
 .data          0x00b63244        0x0 ../Fractal_cpu1_bsp//libhal_bsp.a(alt_dev_llist_insert.o)
 .data          0x00b63244        0x0 ../Fractal_cpu1_bsp//libhal_bsp.a(alt_do_ctors.o)
 .data          0x00b63244        0x0 ../Fractal_cpu1_bsp//libhal_bsp.a(alt_do_dtors.o)
 .data          0x00b63244        0x0 ../Fractal_cpu1_bsp//libhal_bsp.a(alt_find_dev.o)
 .data          0x00b63244        0x0 ../Fractal_cpu1_bsp//libhal_bsp.a(alt_icache_flush_all.o)
 .data          0x00b63244        0x0 ../Fractal_cpu1_bsp//libhal_bsp.a(alt_iic.o)
 .data          0x00b63244        0x0 ../Fractal_cpu1_bsp//libhal_bsp.a(alt_iic_isr_register.o)
 .data          0x00b63244        0x0 ../Fractal_cpu1_bsp//libhal_bsp.a(alt_io_redirect.o)
 .data          0x00b63244        0x0 ../Fractal_cpu1_bsp//libhal_bsp.a(alt_irq_entry.o)
 .data          0x00b63244        0x0 ../Fractal_cpu1_bsp//libhal_bsp.a(alt_irq_handler.o)
 .data          0x00b63244        0x0 ../Fractal_cpu1_bsp//libhal_bsp.a(alt_irq_vars.o)
 .data          0x00b63244        0x0 ../Fractal_cpu1_bsp//libhal_bsp.a(alt_open.o)
 .data          0x00b63244        0x0 ../Fractal_cpu1_bsp//libhal_bsp.a(alt_tick.o)
 .data          0x00b63244        0x0 ../Fractal_cpu1_bsp//libhal_bsp.a(altera_nios2_irq.o)
 .data          0x00b63244        0x0 ../Fractal_cpu1_bsp//libhal_bsp.a(alt_exception_entry.o)
 .data          0x00b63244        0x0 ../Fractal_cpu1_bsp//libhal_bsp.a(alt_find_file.o)
 .data          0x00b63244        0x0 ../Fractal_cpu1_bsp//libhal_bsp.a(alt_get_fd.o)
 .data          0x00b63244        0x0 ../Fractal_cpu1_bsp//libhal_bsp.a(alt_icache_flush.o)
 .data          0x00b63244        0x0 /usr/local/3rdparty/altera/quartus12/nios2eds/bin/gnu/H-i686-pc-linux-gnu/bin/../lib/gcc/nios2-elf/4.1.2/../../../../nios2-elf/lib/libc.a(lib_a-atexit.o)
 .data          0x00b63244        0x0 /usr/local/3rdparty/altera/quartus12/nios2eds/bin/gnu/H-i686-pc-linux-gnu/bin/../lib/gcc/nios2-elf/4.1.2/../../../../nios2-elf/lib/libc.a(lib_a-exit.o)
 .data          0x00b63244        0x0 /usr/local/3rdparty/altera/quartus12/nios2eds/bin/gnu/H-i686-pc-linux-gnu/bin/../lib/gcc/nios2-elf/4.1.2/../../../../nios2-elf/lib/libc.a(lib_a-memcmp.o)
 .data          0x00b63244        0x0 /usr/local/3rdparty/altera/quartus12/nios2eds/bin/gnu/H-i686-pc-linux-gnu/bin/../lib/gcc/nios2-elf/4.1.2/../../../../nios2-elf/lib/libc.a(lib_a-__atexit.o)
 .data          0x00b63244        0x0 /usr/local/3rdparty/altera/quartus12/nios2eds/bin/gnu/H-i686-pc-linux-gnu/bin/../lib/gcc/nios2-elf/4.1.2/../../../../nios2-elf/lib/libc.a(lib_a-__call_atexit.o)
 .data          0x00b63244        0x0 ../Fractal_cpu1_bsp//libhal_bsp.a(alt_exit.o)
                0x00b6b244                _gp = ABSOLUTE ((. + 0x8000))
                0x00b6b244                PROVIDE (gp, _gp)
 *(.rwdata .rwdata.*)
 *(.sdata .sdata.* .gnu.linkonce.s.*)
 .sdata         0x00b63244        0xc obj/default/Fractal.o
                0x00b63244                targetArrayXYMaster
                0x00b6324c                targetArrayXY
 .sdata         0x00b63250       0x18 /usr/local/3rdparty/altera/quartus12/nios2eds/bin/gnu/H-i686-pc-linux-gnu/bin/../lib/gcc/nios2-elf/4.1.2/../../../../nios2-elf/lib/libm.a(lib_a-ef_pow.o)
 .sdata         0x00b63268        0x4 /usr/local/3rdparty/altera/quartus12/nios2eds/bin/gnu/H-i686-pc-linux-gnu/bin/../lib/gcc/nios2-elf/4.1.2/../../../../nios2-elf/lib/libm.a(lib_a-s_lib_ver.o)
                0x00b63268                __fdlib_version
 .sdata         0x00b6326c        0x8 /usr/local/3rdparty/altera/quartus12/nios2eds/bin/gnu/H-i686-pc-linux-gnu/bin/../lib/gcc/nios2-elf/4.1.2/../../../../nios2-elf/lib/libc.a(lib_a-impure.o)
                0x00b6326c                _impure_ptr
                0x00b63270                _global_impure_ptr
 .sdata         0x00b63274        0x8 /usr/local/3rdparty/altera/quartus12/nios2eds/bin/gnu/H-i686-pc-linux-gnu/bin/../lib/gcc/nios2-elf/4.1.2/../../../../nios2-elf/lib/libc.a(lib_a-locale.o)
                0x00b63274                __mb_cur_max
 .sdata         0x00b6327c        0x8 /usr/local/3rdparty/altera/quartus12/nios2eds/bin/gnu/H-i686-pc-linux-gnu/bin/../lib/gcc/nios2-elf/4.1.2/../../../../nios2-elf/lib/libc.a(lib_a-mallocr.o)
                0x00b6327c                __malloc_trim_threshold
                0x00b63280                __malloc_sbrk_base
 .sdata         0x00b63284       0x14 ../Fractal_cpu1_bsp//libhal_bsp.a(alt_dev.o)
                0x00b63284                alt_fs_list
                0x00b6328c                alt_dev_list
                0x00b63294                alt_max_fd
 .sdata         0x00b63298        0x4 ../Fractal_cpu1_bsp//libhal_bsp.a(alt_errno.o)
                0x00b63298                alt_errno
 .sdata         0x00b6329c        0x4 ../Fractal_cpu1_bsp//libhal_bsp.a(alt_sbrk.o)
 .sdata         0x00b632a0        0x8 ../Fractal_cpu1_bsp//libhal_bsp.a(altera_avalon_mailbox.o)
                0x00b632a0                alt_mailbox_list
 .sdata         0x00b632a8        0x8 ../Fractal_cpu1_bsp//libhal_bsp.a(altera_avalon_mutex.o)
                0x00b632a8                alt_mutex_list
 .sdata         0x00b632b0        0x4 ../Fractal_cpu1_bsp//libhal_bsp.a(alt_irq_vars.o)
                0x00b632b0                alt_priority_mask
 .sdata         0x00b632b4        0x8 ../Fractal_cpu1_bsp//libhal_bsp.a(alt_tick.o)
                0x00b632b4                alt_alarm_list
 *(.sdata2 .sdata2.* .gnu.linkonce.s2.*)
                0x00b632bc                . = ALIGN (0x4)
                0x00b632bc                _edata = ABSOLUTE (.)
                0x00b632bc                PROVIDE (edata, ABSOLUTE (.))
                0x00b632bc                PROVIDE (__ram_rwdata_end, ABSOLUTE (.))
                0x00b632bc                PROVIDE (__flash_rwdata_start, LOADADDR (.rwdata))

.bss            0x00b64e94      0x2f0
                0x00b64e94                __bss_start = ABSOLUTE (.)
                0x00b64e94                PROVIDE (__sbss_start, ABSOLUTE (.))
                0x00b64e94                PROVIDE (___sbss_start, ABSOLUTE (.))
 *(.dynsbss)
 *(.sbss .sbss.* .gnu.linkonce.sb.*)
 .sbss          0x00b64e94        0x4 obj/default/Fractal.o
                0x00b64e94                myPixelBuffer
 .sbss          0x00b64e98        0xc /usr/local/3rdparty/altera/quartus12/nios2eds/bin/gnu/H-i686-pc-linux-gnu/bin/../lib/gcc/nios2-elf/4.1.2/../../../../nios2-elf/lib/libc.a(lib_a-locale.o)
                0x00b64e98                __nlocale_changed
                0x00b64e9c                __mlocale_changed
                0x00b64ea0                _PathLocale
 .sbss          0x00b64ea4        0xc /usr/local/3rdparty/altera/quartus12/nios2eds/bin/gnu/H-i686-pc-linux-gnu/bin/../lib/gcc/nios2-elf/4.1.2/../../../../nios2-elf/lib/libc.a(lib_a-mallocr.o)
                0x00b64ea4                __malloc_top_pad
                0x00b64ea8                __malloc_max_sbrked_mem
                0x00b64eac                __malloc_max_total_mem
 .sbss          0x00b64eb0        0x4 /usr/local/3rdparty/altera/quartus12/nios2eds/bin/gnu/H-i686-pc-linux-gnu/bin/../lib/gcc/nios2-elf/4.1.2/../../../../nios2-elf/lib/libc.a(lib_a-int_errno.o)
                0x00b64eb0                errno
 .sbss          0x00b64eb4        0xc ../Fractal_cpu1_bsp//libhal_bsp.a(alt_main.o)
                0x00b64eb4                alt_argc
                0x00b64eb8                alt_argv
                0x00b64ebc                alt_envp
 .sbss          0x00b64ec0        0x4 ../Fractal_cpu1_bsp//libhal_bsp.a(alt_irq_vars.o)
                0x00b64ec0                alt_irq_active
 .sbss          0x00b64ec4        0x8 ../Fractal_cpu1_bsp//libhal_bsp.a(alt_tick.o)
                0x00b64ec4                _alt_tick_rate
                0x00b64ec8                _alt_nticks
 *(.sbss2 .sbss2.* .gnu.linkonce.sb2.*)
 *(.scommon)
                0x00b64ecc                PROVIDE (__sbss_end, ABSOLUTE (.))
                0x00b64ecc                PROVIDE (___sbss_end, ABSOLUTE (.))
 *(.dynbss)
 *(.bss .bss.* .gnu.linkonce.b.*)
 .bss           0x00b64ecc        0x0 ../Fractal_cpu1_bsp//obj/HAL/src/crt0.o
 .bss           0x00b64ecc        0x0 obj/default/Fractal.o
 .bss           0x00b64ecc        0x0 obj/default/Project.o
 .bss           0x00b64ecc        0x0 /usr/local/3rdparty/altera/quartus12/nios2eds/bin/gnu/H-i686-pc-linux-gnu/bin/../lib/gcc/nios2-elf/4.1.2/../../../../nios2-elf/lib/libm.a(lib_a-wf_pow.o)
 .bss           0x00b64ecc        0x0 /usr/local/3rdparty/altera/quartus12/nios2eds/bin/gnu/H-i686-pc-linux-gnu/bin/../lib/gcc/nios2-elf/4.1.2/../../../../nios2-elf/lib/libm.a(lib_a-ef_pow.o)
 .bss           0x00b64ecc        0x0 /usr/local/3rdparty/altera/quartus12/nios2eds/bin/gnu/H-i686-pc-linux-gnu/bin/../lib/gcc/nios2-elf/4.1.2/../../../../nios2-elf/lib/libm.a(lib_a-ef_sqrt.o)
 .bss           0x00b64ecc        0x0 /usr/local/3rdparty/altera/quartus12/nios2eds/bin/gnu/H-i686-pc-linux-gnu/bin/../lib/gcc/nios2-elf/4.1.2/../../../../nios2-elf/lib/libm.a(lib_a-s_lib_ver.o)
 .bss           0x00b64ecc        0x0 /usr/local/3rdparty/altera/quartus12/nios2eds/bin/gnu/H-i686-pc-linux-gnu/bin/../lib/gcc/nios2-elf/4.1.2/../../../../nios2-elf/lib/libm.a(lib_a-s_matherr.o)
 .bss           0x00b64ecc        0x0 /usr/local/3rdparty/altera/quartus12/nios2eds/bin/gnu/H-i686-pc-linux-gnu/bin/../lib/gcc/nios2-elf/4.1.2/../../../../nios2-elf/lib/libm.a(lib_a-s_rint.o)
 .bss           0x00b64ecc        0x0 /usr/local/3rdparty/altera/quartus12/nios2eds/bin/gnu/H-i686-pc-linux-gnu/bin/../lib/gcc/nios2-elf/4.1.2/../../../../nios2-elf/lib/libm.a(lib_a-sf_fabs.o)
 .bss           0x00b64ecc        0x0 /usr/local/3rdparty/altera/quartus12/nios2eds/bin/gnu/H-i686-pc-linux-gnu/bin/../lib/gcc/nios2-elf/4.1.2/../../../../nios2-elf/lib/libm.a(lib_a-sf_finite.o)
 .bss           0x00b64ecc        0x0 /usr/local/3rdparty/altera/quartus12/nios2eds/bin/gnu/H-i686-pc-linux-gnu/bin/../lib/gcc/nios2-elf/4.1.2/../../../../nios2-elf/lib/libm.a(lib_a-sf_isnan.o)
 .bss           0x00b64ecc        0x0 /usr/local/3rdparty/altera/quartus12/nios2eds/bin/gnu/H-i686-pc-linux-gnu/bin/../lib/gcc/nios2-elf/4.1.2/../../../../nios2-elf/lib/libm.a(lib_a-sf_nan.o)
 .bss           0x00b64ecc        0x0 /usr/local/3rdparty/altera/quartus12/nios2eds/bin/gnu/H-i686-pc-linux-gnu/bin/../lib/gcc/nios2-elf/4.1.2/../../../../nios2-elf/lib/libm.a(lib_a-sf_scalbn.o)
 .bss           0x00b64ecc        0x0 /usr/local/3rdparty/altera/quartus12/nios2eds/bin/gnu/H-i686-pc-linux-gnu/bin/../lib/gcc/nios2-elf/4.1.2/../../../../nios2-elf/lib/libm.a(lib_a-sf_copysign.o)
 .bss           0x00b64ecc        0x0 /usr/local/3rdparty/altera/quartus12/nios2eds/bin/gnu/H-i686-pc-linux-gnu/bin/../lib/gcc/nios2-elf/4.1.2/libgcc.a(_muldi3.o)
 .bss           0x00b64ecc        0x0 /usr/local/3rdparty/altera/quartus12/nios2eds/bin/gnu/H-i686-pc-linux-gnu/bin/../lib/gcc/nios2-elf/4.1.2/libgcc.a(_addsub_sf.o)
 .bss           0x00b64ecc        0x0 /usr/local/3rdparty/altera/quartus12/nios2eds/bin/gnu/H-i686-pc-linux-gnu/bin/../lib/gcc/nios2-elf/4.1.2/libgcc.a(_mul_sf.o)
 .bss           0x00b64ecc        0x0 /usr/local/3rdparty/altera/quartus12/nios2eds/bin/gnu/H-i686-pc-linux-gnu/bin/../lib/gcc/nios2-elf/4.1.2/libgcc.a(_div_sf.o)
 .bss           0x00b64ecc        0x0 /usr/local/3rdparty/altera/quartus12/nios2eds/bin/gnu/H-i686-pc-linux-gnu/bin/../lib/gcc/nios2-elf/4.1.2/libgcc.a(_eq_sf.o)
 .bss           0x00b64ecc        0x0 /usr/local/3rdparty/altera/quartus12/nios2eds/bin/gnu/H-i686-pc-linux-gnu/bin/../lib/gcc/nios2-elf/4.1.2/libgcc.a(_gt_sf.o)
 .bss           0x00b64ecc        0x0 /usr/local/3rdparty/altera/quartus12/nios2eds/bin/gnu/H-i686-pc-linux-gnu/bin/../lib/gcc/nios2-elf/4.1.2/libgcc.a(_lt_sf.o)
 .bss           0x00b64ecc        0x0 /usr/local/3rdparty/altera/quartus12/nios2eds/bin/gnu/H-i686-pc-linux-gnu/bin/../lib/gcc/nios2-elf/4.1.2/libgcc.a(_le_sf.o)
 .bss           0x00b64ecc        0x0 /usr/local/3rdparty/altera/quartus12/nios2eds/bin/gnu/H-i686-pc-linux-gnu/bin/../lib/gcc/nios2-elf/4.1.2/libgcc.a(_si_to_sf.o)
 .bss           0x00b64ecc        0x0 /usr/local/3rdparty/altera/quartus12/nios2eds/bin/gnu/H-i686-pc-linux-gnu/bin/../lib/gcc/nios2-elf/4.1.2/libgcc.a(_sf_to_si.o)
 .bss           0x00b64ecc        0x0 /usr/local/3rdparty/altera/quartus12/nios2eds/bin/gnu/H-i686-pc-linux-gnu/bin/../lib/gcc/nios2-elf/4.1.2/libgcc.a(_sf_to_df.o)
 .bss           0x00b64ecc        0x0 /usr/local/3rdparty/altera/quartus12/nios2eds/bin/gnu/H-i686-pc-linux-gnu/bin/../lib/gcc/nios2-elf/4.1.2/libgcc.a(_thenan_sf.o)
 .bss           0x00b64ecc        0x0 /usr/local/3rdparty/altera/quartus12/nios2eds/bin/gnu/H-i686-pc-linux-gnu/bin/../lib/gcc/nios2-elf/4.1.2/libgcc.a(_addsub_df.o)
 .bss           0x00b64ecc        0x0 /usr/local/3rdparty/altera/quartus12/nios2eds/bin/gnu/H-i686-pc-linux-gnu/bin/../lib/gcc/nios2-elf/4.1.2/libgcc.a(_div_df.o)
 .bss           0x00b64ecc        0x0 /usr/local/3rdparty/altera/quartus12/nios2eds/bin/gnu/H-i686-pc-linux-gnu/bin/../lib/gcc/nios2-elf/4.1.2/libgcc.a(_ne_df.o)
 .bss           0x00b64ecc        0x0 /usr/local/3rdparty/altera/quartus12/nios2eds/bin/gnu/H-i686-pc-linux-gnu/bin/../lib/gcc/nios2-elf/4.1.2/libgcc.a(_make_df.o)
 .bss           0x00b64ecc        0x0 /usr/local/3rdparty/altera/quartus12/nios2eds/bin/gnu/H-i686-pc-linux-gnu/bin/../lib/gcc/nios2-elf/4.1.2/libgcc.a(_df_to_sf.o)
 .bss           0x00b64ecc        0x0 /usr/local/3rdparty/altera/quartus12/nios2eds/bin/gnu/H-i686-pc-linux-gnu/bin/../lib/gcc/nios2-elf/4.1.2/libgcc.a(_thenan_df.o)
 .bss           0x00b64ecc        0x0 /usr/local/3rdparty/altera/quartus12/nios2eds/bin/gnu/H-i686-pc-linux-gnu/bin/../lib/gcc/nios2-elf/4.1.2/libgcc.a(_clzsi2.o)
 .bss           0x00b64ecc        0x0 /usr/local/3rdparty/altera/quartus12/nios2eds/bin/gnu/H-i686-pc-linux-gnu/bin/../lib/gcc/nios2-elf/4.1.2/libgcc.a(_pack_sf.o)
 .bss           0x00b64ecc        0x0 /usr/local/3rdparty/altera/quartus12/nios2eds/bin/gnu/H-i686-pc-linux-gnu/bin/../lib/gcc/nios2-elf/4.1.2/libgcc.a(_unpack_sf.o)
 .bss           0x00b64ecc        0x0 /usr/local/3rdparty/altera/quartus12/nios2eds/bin/gnu/H-i686-pc-linux-gnu/bin/../lib/gcc/nios2-elf/4.1.2/libgcc.a(_fpcmp_parts_sf.o)
 .bss           0x00b64ecc        0x0 /usr/local/3rdparty/altera/quartus12/nios2eds/bin/gnu/H-i686-pc-linux-gnu/bin/../lib/gcc/nios2-elf/4.1.2/libgcc.a(_make_sf.o)
 .bss           0x00b64ecc        0x0 /usr/local/3rdparty/altera/quartus12/nios2eds/bin/gnu/H-i686-pc-linux-gnu/bin/../lib/gcc/nios2-elf/4.1.2/libgcc.a(_pack_df.o)
 .bss           0x00b64ecc        0x0 /usr/local/3rdparty/altera/quartus12/nios2eds/bin/gnu/H-i686-pc-linux-gnu/bin/../lib/gcc/nios2-elf/4.1.2/libgcc.a(_unpack_df.o)
 .bss           0x00b64ecc        0x0 /usr/local/3rdparty/altera/quartus12/nios2eds/bin/gnu/H-i686-pc-linux-gnu/bin/../lib/gcc/nios2-elf/4.1.2/libgcc.a(_fpcmp_parts_df.o)
 .bss           0x00b64ecc        0x0 /usr/local/3rdparty/altera/quartus12/nios2eds/bin/gnu/H-i686-pc-linux-gnu/bin/../lib/gcc/nios2-elf/4.1.2/libgcc.a(_clz.o)
 .bss           0x00b64ecc        0x0 /usr/local/3rdparty/altera/quartus12/nios2eds/bin/gnu/H-i686-pc-linux-gnu/bin/../lib/gcc/nios2-elf/4.1.2/../../../../nios2-elf/lib/libc.a(lib_a-errno.o)
 .bss           0x00b64ecc        0x0 /usr/local/3rdparty/altera/quartus12/nios2eds/bin/gnu/H-i686-pc-linux-gnu/bin/../lib/gcc/nios2-elf/4.1.2/../../../../nios2-elf/lib/libc.a(lib_a-impure.o)
 .bss           0x00b64ecc        0x0 /usr/local/3rdparty/altera/quartus12/nios2eds/bin/gnu/H-i686-pc-linux-gnu/bin/../lib/gcc/nios2-elf/4.1.2/../../../../nios2-elf/lib/libc.a(lib_a-printf.o)
 .bss           0x00b64ecc        0x0 /usr/local/3rdparty/altera/quartus12/nios2eds/bin/gnu/H-i686-pc-linux-gnu/bin/../lib/gcc/nios2-elf/4.1.2/../../../../nios2-elf/lib/libc.a(lib_a-puts.o)
 .bss           0x00b64ecc        0x0 /usr/local/3rdparty/altera/quartus12/nios2eds/bin/gnu/H-i686-pc-linux-gnu/bin/../lib/gcc/nios2-elf/4.1.2/../../../../nios2-elf/lib/libc.a(lib_a-sprintf.o)
 .bss           0x00b64ecc        0x0 /usr/local/3rdparty/altera/quartus12/nios2eds/bin/gnu/H-i686-pc-linux-gnu/bin/../lib/gcc/nios2-elf/4.1.2/../../../../nios2-elf/lib/libc.a(lib_a-strlen.o)
 .bss           0x00b64ecc        0x0 /usr/local/3rdparty/altera/quartus12/nios2eds/bin/gnu/H-i686-pc-linux-gnu/bin/../lib/gcc/nios2-elf/4.1.2/../../../../nios2-elf/lib/libc.a(lib_a-vfprintf.o)
 .bss           0x00b64ecc        0x0 /usr/local/3rdparty/altera/quartus12/nios2eds/bin/gnu/H-i686-pc-linux-gnu/bin/../lib/gcc/nios2-elf/4.1.2/../../../../nios2-elf/lib/libc.a(lib_a-wsetup.o)
 .bss           0x00b64ecc        0x0 /usr/local/3rdparty/altera/quartus12/nios2eds/bin/gnu/H-i686-pc-linux-gnu/bin/../lib/gcc/nios2-elf/4.1.2/../../../../nios2-elf/lib/libc.a(lib_a-dtoa.o)
 .bss           0x00b64ecc        0x0 /usr/local/3rdparty/altera/quartus12/nios2eds/bin/gnu/H-i686-pc-linux-gnu/bin/../lib/gcc/nios2-elf/4.1.2/../../../../nios2-elf/lib/libc.a(lib_a-fflush.o)
 .bss           0x00b64ecc        0x0 /usr/local/3rdparty/altera/quartus12/nios2eds/bin/gnu/H-i686-pc-linux-gnu/bin/../lib/gcc/nios2-elf/4.1.2/../../../../nios2-elf/lib/libc.a(lib_a-findfp.o)
 .bss           0x00b64ecc        0x0 /usr/local/3rdparty/altera/quartus12/nios2eds/bin/gnu/H-i686-pc-linux-gnu/bin/../lib/gcc/nios2-elf/4.1.2/../../../../nios2-elf/lib/libc.a(lib_a-freer.o)
 .bss           0x00b64ecc        0x0 /usr/local/3rdparty/altera/quartus12/nios2eds/bin/gnu/H-i686-pc-linux-gnu/bin/../lib/gcc/nios2-elf/4.1.2/../../../../nios2-elf/lib/libc.a(lib_a-fvwrite.o)
 .bss           0x00b64ecc        0x0 /usr/local/3rdparty/altera/quartus12/nios2eds/bin/gnu/H-i686-pc-linux-gnu/bin/../lib/gcc/nios2-elf/4.1.2/../../../../nios2-elf/lib/libc.a(lib_a-fwalk.o)
 .bss           0x00b64ecc        0x0 /usr/local/3rdparty/altera/quartus12/nios2eds/bin/gnu/H-i686-pc-linux-gnu/bin/../lib/gcc/nios2-elf/4.1.2/../../../../nios2-elf/lib/libc.a(lib_a-locale.o)
 .bss           0x00b64ecc        0x0 /usr/local/3rdparty/altera/quartus12/nios2eds/bin/gnu/H-i686-pc-linux-gnu/bin/../lib/gcc/nios2-elf/4.1.2/../../../../nios2-elf/lib/libc.a(lib_a-makebuf.o)
 .bss           0x00b64ecc       0x28 /usr/local/3rdparty/altera/quartus12/nios2eds/bin/gnu/H-i686-pc-linux-gnu/bin/../lib/gcc/nios2-elf/4.1.2/../../../../nios2-elf/lib/libc.a(lib_a-mallocr.o)
                0x00b64ecc                __malloc_current_mallinfo
 .bss           0x00b64ef4        0x0 /usr/local/3rdparty/altera/quartus12/nios2eds/bin/gnu/H-i686-pc-linux-gnu/bin/../lib/gcc/nios2-elf/4.1.2/../../../../nios2-elf/lib/libc.a(lib_a-memchr.o)
 .bss           0x00b64ef4        0x0 /usr/local/3rdparty/altera/quartus12/nios2eds/bin/gnu/H-i686-pc-linux-gnu/bin/../lib/gcc/nios2-elf/4.1.2/../../../../nios2-elf/lib/libc.a(lib_a-memcpy.o)
 .bss           0x00b64ef4        0x0 /usr/local/3rdparty/altera/quartus12/nios2eds/bin/gnu/H-i686-pc-linux-gnu/bin/../lib/gcc/nios2-elf/4.1.2/../../../../nios2-elf/lib/libc.a(lib_a-memmove.o)
 .bss           0x00b64ef4        0x0 /usr/local/3rdparty/altera/quartus12/nios2eds/bin/gnu/H-i686-pc-linux-gnu/bin/../lib/gcc/nios2-elf/4.1.2/../../../../nios2-elf/lib/libc.a(lib_a-memset.o)
 .bss           0x00b64ef4        0x0 /usr/local/3rdparty/altera/quartus12/nios2eds/bin/gnu/H-i686-pc-linux-gnu/bin/../lib/gcc/nios2-elf/4.1.2/../../../../nios2-elf/lib/libc.a(lib_a-mprec.o)
 .bss           0x00b64ef4        0x0 /usr/local/3rdparty/altera/quartus12/nios2eds/bin/gnu/H-i686-pc-linux-gnu/bin/../lib/gcc/nios2-elf/4.1.2/../../../../nios2-elf/lib/libc.a(lib_a-reallocr.o)
 .bss           0x00b64ef4        0x0 /usr/local/3rdparty/altera/quartus12/nios2eds/bin/gnu/H-i686-pc-linux-gnu/bin/../lib/gcc/nios2-elf/4.1.2/../../../../nios2-elf/lib/libc.a(lib_a-s_isinfd.o)
 .bss           0x00b64ef4        0x0 /usr/local/3rdparty/altera/quartus12/nios2eds/bin/gnu/H-i686-pc-linux-gnu/bin/../lib/gcc/nios2-elf/4.1.2/../../../../nios2-elf/lib/libc.a(lib_a-s_isnand.o)
 .bss           0x00b64ef4        0x0 /usr/local/3rdparty/altera/quartus12/nios2eds/bin/gnu/H-i686-pc-linux-gnu/bin/../lib/gcc/nios2-elf/4.1.2/../../../../nios2-elf/lib/libc.a(lib_a-sbrkr.o)
 .bss           0x00b64ef4        0x0 /usr/local/3rdparty/altera/quartus12/nios2eds/bin/gnu/H-i686-pc-linux-gnu/bin/../lib/gcc/nios2-elf/4.1.2/../../../../nios2-elf/lib/libc.a(lib_a-stdio.o)
 .bss           0x00b64ef4        0x0 /usr/local/3rdparty/altera/quartus12/nios2eds/bin/gnu/H-i686-pc-linux-gnu/bin/../lib/gcc/nios2-elf/4.1.2/../../../../nios2-elf/lib/libc.a(lib_a-strcmp.o)
 .bss           0x00b64ef4        0x0 /usr/local/3rdparty/altera/quartus12/nios2eds/bin/gnu/H-i686-pc-linux-gnu/bin/../lib/gcc/nios2-elf/4.1.2/../../../../nios2-elf/lib/libc.a(lib_a-writer.o)
 .bss           0x00b64ef4        0x0 /usr/local/3rdparty/altera/quartus12/nios2eds/bin/gnu/H-i686-pc-linux-gnu/bin/../lib/gcc/nios2-elf/4.1.2/../../../../nios2-elf/lib/libc.a(lib_a-callocr.o)
 .bss           0x00b64ef4        0x0 /usr/local/3rdparty/altera/quartus12/nios2eds/bin/gnu/H-i686-pc-linux-gnu/bin/../lib/gcc/nios2-elf/4.1.2/../../../../nios2-elf/lib/libc.a(lib_a-closer.o)
 .bss           0x00b64ef4        0x0 /usr/local/3rdparty/altera/quartus12/nios2eds/bin/gnu/H-i686-pc-linux-gnu/bin/../lib/gcc/nios2-elf/4.1.2/../../../../nios2-elf/lib/libc.a(lib_a-fclose.o)
 .bss           0x00b64ef4        0x0 /usr/local/3rdparty/altera/quartus12/nios2eds/bin/gnu/H-i686-pc-linux-gnu/bin/../lib/gcc/nios2-elf/4.1.2/../../../../nios2-elf/lib/libc.a(lib_a-fstatr.o)
 .bss           0x00b64ef4        0x0 /usr/local/3rdparty/altera/quartus12/nios2eds/bin/gnu/H-i686-pc-linux-gnu/bin/../lib/gcc/nios2-elf/4.1.2/../../../../nios2-elf/lib/libc.a(lib_a-int_errno.o)
 .bss           0x00b64ef4        0x0 /usr/local/3rdparty/altera/quartus12/nios2eds/bin/gnu/H-i686-pc-linux-gnu/bin/../lib/gcc/nios2-elf/4.1.2/../../../../nios2-elf/lib/libc.a(lib_a-isattyr.o)
 .bss           0x00b64ef4        0x0 /usr/local/3rdparty/altera/quartus12/nios2eds/bin/gnu/H-i686-pc-linux-gnu/bin/../lib/gcc/nios2-elf/4.1.2/../../../../nios2-elf/lib/libc.a(lib_a-lseekr.o)
 .bss           0x00b64ef4        0x0 /usr/local/3rdparty/altera/quartus12/nios2eds/bin/gnu/H-i686-pc-linux-gnu/bin/../lib/gcc/nios2-elf/4.1.2/../../../../nios2-elf/lib/libc.a(lib_a-readr.o)
 .bss           0x00b64ef4        0x0 /usr/local/3rdparty/altera/quartus12/nios2eds/bin/gnu/H-i686-pc-linux-gnu/bin/../lib/gcc/nios2-elf/4.1.2/libgcc.a(_udivdi3.o)
 .bss           0x00b64ef4        0x0 /usr/local/3rdparty/altera/quartus12/nios2eds/bin/gnu/H-i686-pc-linux-gnu/bin/../lib/gcc/nios2-elf/4.1.2/libgcc.a(_umoddi3.o)
 .bss           0x00b64ef4        0x0 /usr/local/3rdparty/altera/quartus12/nios2eds/bin/gnu/H-i686-pc-linux-gnu/bin/../lib/gcc/nios2-elf/4.1.2/libgcc.a(_mul_df.o)
 .bss           0x00b64ef4        0x0 /usr/local/3rdparty/altera/quartus12/nios2eds/bin/gnu/H-i686-pc-linux-gnu/bin/../lib/gcc/nios2-elf/4.1.2/libgcc.a(_eq_df.o)
 .bss           0x00b64ef4        0x0 /usr/local/3rdparty/altera/quartus12/nios2eds/bin/gnu/H-i686-pc-linux-gnu/bin/../lib/gcc/nios2-elf/4.1.2/libgcc.a(_gt_df.o)
 .bss           0x00b64ef4        0x0 /usr/local/3rdparty/altera/quartus12/nios2eds/bin/gnu/H-i686-pc-linux-gnu/bin/../lib/gcc/nios2-elf/4.1.2/libgcc.a(_ge_df.o)
 .bss           0x00b64ef4        0x0 /usr/local/3rdparty/altera/quartus12/nios2eds/bin/gnu/H-i686-pc-linux-gnu/bin/../lib/gcc/nios2-elf/4.1.2/libgcc.a(_lt_df.o)
 .bss           0x00b64ef4        0x0 /usr/local/3rdparty/altera/quartus12/nios2eds/bin/gnu/H-i686-pc-linux-gnu/bin/../lib/gcc/nios2-elf/4.1.2/libgcc.a(_si_to_df.o)
 .bss           0x00b64ef4        0x0 /usr/local/3rdparty/altera/quartus12/nios2eds/bin/gnu/H-i686-pc-linux-gnu/bin/../lib/gcc/nios2-elf/4.1.2/libgcc.a(_df_to_si.o)
 .bss           0x00b64ef4        0x0 /usr/local/3rdparty/altera/quartus12/nios2eds/bin/gnu/H-i686-pc-linux-gnu/bin/../lib/gcc/nios2-elf/4.1.2/libgcc.a(_usi_to_df.o)
 .bss           0x00b64ef4        0x0 /usr/local/3rdparty/altera/quartus12/nios2eds/bin/gnu/H-i686-pc-linux-gnu/bin/../lib/gcc/nios2-elf/4.1.2/libgcc.a(lib2-divmod.o)
 .bss           0x00b64ef4        0x0 ../Fractal_cpu1_bsp//libhal_bsp.a(alt_close.o)
 .bss           0x00b64ef4        0x0 ../Fractal_cpu1_bsp//libhal_bsp.a(alt_dev.o)
 .bss           0x00b64ef4        0x0 ../Fractal_cpu1_bsp//libhal_bsp.a(alt_errno.o)
 .bss           0x00b64ef4        0x0 ../Fractal_cpu1_bsp//libhal_bsp.a(alt_fstat.o)
 .bss           0x00b64ef4        0x0 ../Fractal_cpu1_bsp//libhal_bsp.a(alt_isatty.o)
 .bss           0x00b64ef4        0x0 ../Fractal_cpu1_bsp//libhal_bsp.a(alt_load.o)
 .bss           0x00b64ef4        0x0 ../Fractal_cpu1_bsp//libhal_bsp.a(alt_lseek.o)
 .bss           0x00b64ef4        0x0 ../Fractal_cpu1_bsp//libhal_bsp.a(alt_main.o)
 .bss           0x00b64ef4        0x0 ../Fractal_cpu1_bsp//libhal_bsp.a(alt_malloc_lock.o)
 .bss           0x00b64ef4        0x0 ../Fractal_cpu1_bsp//libhal_bsp.a(alt_read.o)
 .bss           0x00b64ef4        0x0 ../Fractal_cpu1_bsp//libhal_bsp.a(alt_release_fd.o)
 .bss           0x00b64ef4        0x0 ../Fractal_cpu1_bsp//libhal_bsp.a(alt_sbrk.o)
 .bss           0x00b64ef4        0x0 ../Fractal_cpu1_bsp//libhal_bsp.a(alt_write.o)
 .bss           0x00b64ef4        0x0 ../Fractal_cpu1_bsp//libhal_bsp.a(alt_sys_init.o)
 .bss           0x00b64ef4        0x0 ../Fractal_cpu1_bsp//libhal_bsp.a(altera_avalon_jtag_uart_fd.o)
 .bss           0x00b64ef4        0x0 ../Fractal_cpu1_bsp//libhal_bsp.a(altera_avalon_jtag_uart_init.o)
 .bss           0x00b64ef4        0x0 ../Fractal_cpu1_bsp//libhal_bsp.a(altera_avalon_jtag_uart_ioctl.o)
 .bss           0x00b64ef4        0x0 ../Fractal_cpu1_bsp//libhal_bsp.a(altera_avalon_jtag_uart_read.o)
 .bss           0x00b64ef4        0x0 ../Fractal_cpu1_bsp//libhal_bsp.a(altera_avalon_jtag_uart_write.o)
 .bss           0x00b64ef4        0x0 ../Fractal_cpu1_bsp//libhal_bsp.a(altera_avalon_mailbox.o)
 .bss           0x00b64ef4        0x0 ../Fractal_cpu1_bsp//libhal_bsp.a(altera_avalon_mutex.o)
 .bss           0x00b64ef4        0x0 ../Fractal_cpu1_bsp//libhal_bsp.a(altera_avalon_performance_counter.o)
 .bss           0x00b64ef4        0x0 ../Fractal_cpu1_bsp//libhal_bsp.a(altera_up_avalon_video_pixel_buffer_dma.o)
 .bss           0x00b64ef4        0x0 ../Fractal_cpu1_bsp//libhal_bsp.a(alt_alarm_start.o)
 .bss           0x00b64ef4        0x0 ../Fractal_cpu1_bsp//libhal_bsp.a(alt_dcache_flush_all.o)
 .bss           0x00b64ef4        0x0 ../Fractal_cpu1_bsp//libhal_bsp.a(alt_dev_llist_insert.o)
 .bss           0x00b64ef4        0x0 ../Fractal_cpu1_bsp//libhal_bsp.a(alt_do_ctors.o)
 .bss           0x00b64ef4        0x0 ../Fractal_cpu1_bsp//libhal_bsp.a(alt_do_dtors.o)
 .bss           0x00b64ef4        0x0 ../Fractal_cpu1_bsp//libhal_bsp.a(alt_find_dev.o)
 .bss           0x00b64ef4        0x0 ../Fractal_cpu1_bsp//libhal_bsp.a(alt_icache_flush_all.o)
 .bss           0x00b64ef4        0x0 ../Fractal_cpu1_bsp//libhal_bsp.a(alt_iic.o)
 .bss           0x00b64ef4        0x0 ../Fractal_cpu1_bsp//libhal_bsp.a(alt_iic_isr_register.o)
 .bss           0x00b64ef4        0x0 ../Fractal_cpu1_bsp//libhal_bsp.a(alt_io_redirect.o)
 .bss           0x00b64ef4        0x0 ../Fractal_cpu1_bsp//libhal_bsp.a(alt_irq_entry.o)
 .bss           0x00b64ef4        0x0 ../Fractal_cpu1_bsp//libhal_bsp.a(alt_irq_handler.o)
 .bss           0x00b64ef4        0x0 ../Fractal_cpu1_bsp//libhal_bsp.a(alt_irq_vars.o)
 .bss           0x00b64ef4        0x0 ../Fractal_cpu1_bsp//libhal_bsp.a(alt_open.o)
 .bss           0x00b64ef4        0x0 ../Fractal_cpu1_bsp//libhal_bsp.a(alt_tick.o)
 .bss           0x00b64ef4        0x0 ../Fractal_cpu1_bsp//libhal_bsp.a(altera_nios2_irq.o)
 .bss           0x00b64ef4        0x0 ../Fractal_cpu1_bsp//libhal_bsp.a(alt_exception_entry.o)
 .bss           0x00b64ef4        0x0 ../Fractal_cpu1_bsp//libhal_bsp.a(alt_find_file.o)
 .bss           0x00b64ef4        0x0 ../Fractal_cpu1_bsp//libhal_bsp.a(alt_get_fd.o)
 .bss           0x00b64ef4        0x0 ../Fractal_cpu1_bsp//libhal_bsp.a(alt_icache_flush.o)
 .bss           0x00b64ef4        0x0 /usr/local/3rdparty/altera/quartus12/nios2eds/bin/gnu/H-i686-pc-linux-gnu/bin/../lib/gcc/nios2-elf/4.1.2/../../../../nios2-elf/lib/libc.a(lib_a-atexit.o)
 .bss           0x00b64ef4        0x0 /usr/local/3rdparty/altera/quartus12/nios2eds/bin/gnu/H-i686-pc-linux-gnu/bin/../lib/gcc/nios2-elf/4.1.2/../../../../nios2-elf/lib/libc.a(lib_a-exit.o)
 .bss           0x00b64ef4        0x0 /usr/local/3rdparty/altera/quartus12/nios2eds/bin/gnu/H-i686-pc-linux-gnu/bin/../lib/gcc/nios2-elf/4.1.2/../../../../nios2-elf/lib/libc.a(lib_a-memcmp.o)
 .bss           0x00b64ef4        0x0 /usr/local/3rdparty/altera/quartus12/nios2eds/bin/gnu/H-i686-pc-linux-gnu/bin/../lib/gcc/nios2-elf/4.1.2/../../../../nios2-elf/lib/libc.a(lib_a-__atexit.o)
 .bss           0x00b64ef4        0x0 /usr/local/3rdparty/altera/quartus12/nios2eds/bin/gnu/H-i686-pc-linux-gnu/bin/../lib/gcc/nios2-elf/4.1.2/../../../../nios2-elf/lib/libc.a(lib_a-__call_atexit.o)
 .bss           0x00b64ef4        0x0 ../Fractal_cpu1_bsp//libhal_bsp.a(alt_exit.o)
 *(COMMON)
 COMMON         0x00b64ef4      0x100 ../Fractal_cpu1_bsp//libhal_bsp.a(alt_irq_handler.o)
                0x00b64ef4                alt_irq
 COMMON         0x00b64ff4      0x190 /usr/local/3rdparty/altera/quartus12/nios2eds/bin/gnu/H-i686-pc-linux-gnu/bin/../lib/gcc/nios2-elf/4.1.2/../../../../nios2-elf/lib/libc.a(lib_a-atexit.o)
                0x00b64ff4                _atexit0
                0x00b65184                . = ALIGN (0x4)
                0x00b65184                __bss_end = ABSOLUTE (.)

.onchip_memory2_0
                0x00003000        0x0 load address 0x00b65184
                0x00003000                PROVIDE (_alt_partition_onchip_memory2_0_start, ABSOLUTE (.))
 *(.onchip_memory2_0. onchip_memory2_0.*)
                0x00003000                . = ALIGN (0x4)
                0x00003000                PROVIDE (_alt_partition_onchip_memory2_0_end, ABSOLUTE (.))
                0x00b65184                PROVIDE (_alt_partition_onchip_memory2_0_load_addr, LOADADDR (.onchip_memory2_0))

.onchip_memory2_1
                0x00004000        0x0 load address 0x00b65184
                0x00004000                PROVIDE (_alt_partition_onchip_memory2_1_start, ABSOLUTE (.))
 *(.onchip_memory2_1. onchip_memory2_1.*)