Archive member included because of file (symbol)

/usr/local/3rdparty/altera/quartus12/nios2eds/bin/gnu/H-i686-pc-linux-gnu/bin/../lib/gcc/nios2-elf/4.1.2/../../../../nios2-elf/lib/libm.a(lib_a-wf_pow.o)
                              obj/default/Fractal.o (powf)
/usr/local/3rdparty/altera/quartus12/nios2eds/bin/gnu/H-i686-pc-linux-gnu/bin/../lib/gcc/nios2-elf/4.1.2/../../../../nios2-elf/lib/libm.a(lib_a-ef_pow.o)
                              /usr/local/3rdparty/altera/quartus12/nios2eds/bin/gnu/H-i686-pc-linux-gnu/bin/../lib/gcc/nios2-elf/4.1.2/../../../../nios2-elf/lib/libm.a(lib_a-wf_pow.o) (__ieee754_powf)
/usr/local/3rdparty/altera/quartus12/nios2eds/bin/gnu/H-i686-pc-linux-gnu/bin/../lib/gcc/nios2-elf/4.1.2/../../../../nios2-elf/lib/libm.a(lib_a-ef_sqrt.o)
                              /usr/local/3rdparty/altera/quartus12/nios2eds/bin/gnu/H-i686-pc-linux-gnu/bin/../lib/gcc/nios2-elf/4.1.2/../../../../nios2-elf/lib/libm.a(lib_a-ef_pow.o) (__ieee754_sqrtf)
/usr/local/3rdparty/altera/quartus12/nios2eds/bin/gnu/H-i686-pc-linux-gnu/bin/../lib/gcc/nios2-elf/4.1.2/../../../../nios2-elf/lib/libm.a(lib_a-s_lib_ver.o)
                              /usr/local/3rdparty/altera/quartus12/nios2eds/bin/gnu/H-i686-pc-linux-gnu/bin/../lib/gcc/nios2-elf/4.1.2/../../../../nios2-elf/lib/libm.a(lib_a-wf_pow.o) (__fdlib_version)
/usr/local/3rdparty/altera/quartus12/nios2eds/bin/gnu/H-i686-pc-linux-gnu/bin/../lib/gcc/nios2-elf/4.1.2/../../../../nios2-elf/lib/libm.a(lib_a-s_matherr.o)
                              /usr/local/3rdparty/altera/quartus12/nios2eds/bin/gnu/H-i686-pc-linux-gnu/bin/../lib/gcc/nios2-elf/4.1.2/../../../../nios2-elf/lib/libm.a(lib_a-wf_pow.o) (matherr)
/usr/local/3rdparty/altera/quartus12/nios2eds/bin/gnu/H-i686-pc-linux-gnu/bin/../lib/gcc/nios2-elf/4.1.2/../../../../nios2-elf/lib/libm.a(lib_a-s_rint.o)
                              /usr/local/3rdparty/altera/quartus12/nios2eds/bin/gnu/H-i686-pc-linux-gnu/bin/../lib/gcc/nios2-elf/4.1.2/../../../../nios2-elf/lib/libm.a(lib_a-wf_pow.o) (rint)
/usr/local/3rdparty/altera/quartus12/nios2eds/bin/gnu/H-i686-pc-linux-gnu/bin/../lib/gcc/nios2-elf/4.1.2/../../../../nios2-elf/lib/libm.a(lib_a-sf_fabs.o)
                              /usr/local/3rdparty/altera/quartus12/nios2eds/bin/gnu/H-i686-pc-linux-gnu/bin/../lib/gcc/nios2-elf/4.1.2/../../../../nios2-elf/lib/libm.a(lib_a-ef_pow.o) (fabsf)
/usr/local/3rdparty/altera/quartus12/nios2eds/bin/gnu/H-i686-pc-linux-gnu/bin/../lib/gcc/nios2-elf/4.1.2/../../../../nios2-elf/lib/libm.a(lib_a-sf_finite.o)
                              /usr/local/3rdparty/altera/quartus12/nios2eds/bin/gnu/H-i686-pc-linux-gnu/bin/../lib/gcc/nios2-elf/4.1.2/../../../../nios2-elf/lib/libm.a(lib_a-wf_pow.o) (finitef)
/usr/local/3rdparty/altera/quartus12/nios2eds/bin/gnu/H-i686-pc-linux-gnu/bin/../lib/gcc/nios2-elf/4.1.2/../../../../nios2-elf/lib/libm.a(lib_a-sf_isnan.o)
                              /usr/local/3rdparty/altera/quartus12/nios2eds/bin/gnu/H-i686-pc-linux-gnu/bin/../lib/gcc/nios2-elf/4.1.2/../../../../nios2-elf/lib/libm.a(lib_a-wf_pow.o) (isnanf)
/usr/local/3rdparty/altera/quartus12/nios2eds/bin/gnu/H-i686-pc-linux-gnu/bin/../lib/gcc/nios2-elf/4.1.2/../../../../nios2-elf/lib/libm.a(lib_a-sf_nan.o)
                              /usr/local/3rdparty/altera/quartus12/nios2eds/bin/gnu/H-i686-pc-linux-gnu/bin/../lib/gcc/nios2-elf/4.1.2/../../../../nios2-elf/lib/libm.a(lib_a-ef_pow.o) (nanf)
/usr/local/3rdparty/altera/quartus12/nios2eds/bin/gnu/H-i686-pc-linux-gnu/bin/../lib/gcc/nios2-elf/4.1.2/../../../../nios2-elf/lib/libm.a(lib_a-sf_scalbn.o)
                              /usr/local/3rdparty/altera/quartus12/nios2eds/bin/gnu/H-i686-pc-linux-gnu/bin/../lib/gcc/nios2-elf/4.1.2/../../../../nios2-elf/lib/libm.a(lib_a-ef_pow.o) (scalbnf)
/usr/local/3rdparty/altera/quartus12/nios2eds/bin/gnu/H-i686-pc-linux-gnu/bin/../lib/gcc/nios2-elf/4.1.2/../../../../nios2-elf/lib/libm.a(lib_a-sf_copysign.o)
                              /usr/local/3rdparty/altera/quartus12/nios2eds/bin/gnu/H-i686-pc-linux-gnu/bin/../lib/gcc/nios2-elf/4.1.2/../../../../nios2-elf/lib/libm.a(lib_a-sf_scalbn.o) (copysignf)
/usr/local/3rdparty/altera/quartus12/nios2eds/bin/gnu/H-i686-pc-linux-gnu/bin/../lib/gcc/nios2-elf/4.1.2/libgcc.a(_muldi3.o)
                              obj/default/Fractal.o (__muldi3)
/usr/local/3rdparty/altera/quartus12/nios2eds/bin/gnu/H-i686-pc-linux-gnu/bin/../lib/gcc/nios2-elf/4.1.2/libgcc.a(_addsub_sf.o)
                              /usr/local/3rdparty/altera/quartus12/nios2eds/bin/gnu/H-i686-pc-linux-gnu/bin/../lib/gcc/nios2-elf/4.1.2/../../../../nios2-elf/lib/libm.a(lib_a-ef_pow.o) (__subsf3)
/usr/local/3rdparty/altera/quartus12/nios2eds/bin/gnu/H-i686-pc-linux-gnu/bin/../lib/gcc/nios2-elf/4.1.2/libgcc.a(_mul_sf.o)
                              /usr/local/3rdparty/altera/quartus12/nios2eds/bin/gnu/H-i686-pc-linux-gnu/bin/../lib/gcc/nios2-elf/4.1.2/../../../../nios2-elf/lib/libm.a(lib_a-wf_pow.o) (__mulsf3)
[...]
Memory Configuration

Name             Origin             Length             Attributes
onchip_memory2_0 0x00003000         0x00000200
onchip_memory2_1 0x00004000         0x00000200
onchip_memory2_2 0x00006000         0x00000200
onchip_memory2_3 0x00007000         0x00000200
sdram_0_BEFORE_RESET 0x00800000         0x00350000
reset            0x00b50000         0x00000020
sdram_0          0x00b50020         0x001affe0
*default*        0x00000000         0xffffffff

Linker script and memory map

LOAD ../Fractal_cpu1_bsp//obj/HAL/src/crt0.o
LOAD obj/default/Fractal.o
LOAD obj/default/Project.o
LOAD /usr/local/3rdparty/altera/quartus12/nios2eds/bin/gnu/H-i686-pc-linux-gnu/bin/../lib/gcc/nios2-elf/4.1.2/../../../../nios2-elf/lib/libstdc++.a
LOAD /usr/local/3rdparty/altera/quartus12/nios2eds/bin/gnu/H-i686-pc-linux-gnu/bin/../lib/gcc/nios2-elf/4.1.2/../../../../nios2-elf/lib/libm.a
LOAD /usr/local/3rdparty/altera/quartus12/nios2eds/bin/gnu/H-i686-pc-linux-gnu/bin/../lib/gcc/nios2-elf/4.1.2/libgcc.a
START GROUP
LOAD /usr/local/3rdparty/altera/quartus12/nios2eds/bin/gnu/H-i686-pc-linux-gnu/bin/../lib/gcc/nios2-elf/4.1.2/../../../../nios2-elf/lib/libc.a
LOAD /usr/local/3rdparty/altera/quartus12/nios2eds/bin/gnu/H-i686-pc-linux-gnu/bin/../lib/gcc/nios2-elf/4.1.2/libgcc.a
LOAD ../Fractal_cpu1_bsp//libhal_bsp.a
END GROUP
LOAD /usr/local/3rdparty/altera/quartus12/nios2eds/bin/gnu/H-i686-pc-linux-gnu/bin/../lib/gcc/nios2-elf/4.1.2/libgcc.a
                0x00003000                __alt_mem_onchip_memory2_0 = 0x3000
                0x00004000                __alt_mem_onchip_memory2_1 = 0x4000
                0x00006000                __alt_mem_onchip_memory2_2 = 0x6000
                0x00007000                __alt_mem_onchip_memory2_3 = 0x7000
                0x00800000                __alt_mem_sdram_0 = 0x800000

.entry          0x00b50000       0x20
 *(.entry)
 .entry         0x00b50000       0x20 ../Fractal_cpu1_bsp//obj/HAL/src/crt0.o
                0x00b50000                __reset

.exceptions     0x00b50020      0x194
                0x00b50020                PROVIDE (__ram_exceptions_start, ABSOLUTE (.))
                0x00b50020                . = ALIGN (0x20)
 *(.irq)
 *(.exceptions.entry.label)
 .exceptions.entry.label
                0x00b50020        0x0 ../Fractal_cpu1_bsp//libhal_bsp.a(alt_irq_entry.o)
                0x00b50020                alt_irq_entry
 .exceptions.entry.label
                0x00b50020        0x0 ../Fractal_cpu1_bsp//libhal_bsp.a(alt_exception_entry.o)
                0x00b50020                alt_exception
 *(.exceptions.entry.user)
 *(.exceptions.entry)
 .exceptions.entry
                0x00b50020       0x54 ../Fractal_cpu1_bsp//libhal_bsp.a(alt_exception_entry.o)
 *(.exceptions.irqtest.user)
 *(.exceptions.irqtest)
 .exceptions.irqtest
                0x00b50074       0x10 ../Fractal_cpu1_bsp//libhal_bsp.a(alt_irq_entry.o)
 *(.exceptions.irqhandler.user)
 *(.exceptions.irqhandler)
 .exceptions.irqhandler
                0x00b50084        0x4 ../Fractal_cpu1_bsp//libhal_bsp.a(alt_irq_entry.o)
 *(.exceptions.irqreturn.user)
 *(.exceptions.irqreturn)
 .exceptions.irqreturn
                0x00b50088        0x4 ../Fractal_cpu1_bsp//libhal_bsp.a(alt_irq_entry.o)
 *(.exceptions.notirq.label)
 .exceptions.notirq.label
                0x00b5008c        0x0 ../Fractal_cpu1_bsp//libhal_bsp.a(alt_irq_entry.o)
 *(.exceptions.notirq.user)
 *(.exceptions.notirq)
 .exceptions.notirq
                0x00b5008c        0x8 ../Fractal_cpu1_bsp//libhal_bsp.a(alt_exception_entry.o)
 *(.exceptions.soft.user)
 *(.exceptions.soft)
 *(.exceptions.unknown.user)
 *(.exceptions.unknown)
 .exceptions.unknown
                0x00b50094        0x4 ../Fractal_cpu1_bsp//libhal_bsp.a(alt_exception_entry.o)
 *(.exceptions.exit.label)
 .exceptions.exit.label
                0x00b50098        0x0 ../Fractal_cpu1_bsp//libhal_bsp.a(alt_irq_entry.o)
 .exceptions.exit.label
                0x00b50098        0x0 ../Fractal_cpu1_bsp//libhal_bsp.a(alt_exception_entry.o)
 *(.exceptions.exit.user)
 *(.exceptions.exit)
 .exceptions.exit
                0x00b50098       0x54 ../Fractal_cpu1_bsp//libhal_bsp.a(alt_exception_entry.o)
 *(.exceptions)
 .exceptions    0x00b500ec       0xc8 ../Fractal_cpu1_bsp//libhal_bsp.a(alt_irq_handler.o)
                0x00b500ec                alt_irq_handler
                0x00b501b4                PROVIDE (__ram_exceptions_end, ABSOLUTE (.))
                0x00b50020                PROVIDE (__flash_exceptions_start, LOADADDR (.exceptions))

.text           0x00b501b4    0x10edc
                0x00b501b4                PROVIDE (stext, ABSOLUTE (.))
 *(.interp)
 *(.hash)
 *(.dynsym)
 *(.dynstr)
 *(.gnu.version)
 *(.gnu.version_d)
 *(.gnu.version_r)
 *(.rel.init)
 *(.rela.init)
 *(.rel.text .rel.text.* .rel.gnu.linkonce.t.*)
 *(.rela.text .rela.text.* .rela.gnu.linkonce.t.*)
 *(.rel.fini)
 *(.rela.fini)
 *(.rel.rodata .rel.rodata.* .rel.gnu.linkonce.r.*)
 *(.rela.rodata .rela.rodata.* .rela.gnu.linkonce.r.*)
 *(.rel.data .rel.data.* .rel.gnu.linkonce.d.*)
 *(.rela.data .rela.data.* .rela.gnu.linkonce.d.*)
 *(.rel.tdata .rel.tdata.* .rel.gnu.linkonce.td.*)
 *(.rela.tdata .rela.tdata.* .rela.gnu.linkonce.td.*)
 *(.rel.tbss .rel.tbss.* .rel.gnu.linkonce.tb.*)
 *(.rela.tbss .rela.tbss.* .rela.gnu.linkonce.tb.*)
 *(.rel.ctors)
 *(.rela.ctors)
 *(.rel.dtors)
 *(.rela.dtors)
 *(.rel.got)
 *(.rela.got)
 *(.rel.sdata .rel.sdata.* .rel.gnu.linkonce.s.*)
 *(.rela.sdata .rela.sdata.* .rela.gnu.linkonce.s.*)
 *(.rel.sbss .rel.sbss.* .rel.gnu.linkonce.sb.*)
 *(.rela.sbss .rela.sbss.* .rela.gnu.linkonce.sb.*)
 *(.rel.sdata2 .rel.sdata2.* .rel.gnu.linkonce.s2.*)
 *(.rela.sdata2 .rela.sdata2.* .rela.gnu.linkonce.s2.*)
 *(.rel.sbss2 .rel.sbss2.* .rel.gnu.linkonce.sb2.*)
 *(.rela.sbss2 .rela.sbss2.* .rela.gnu.linkonce.sb2.*)
 *(.rel.bss .rel.bss.* .rel.gnu.linkonce.b.*)
 *(.rela.bss .rela.bss.* .rela.gnu.linkonce.b.*)
 *(.rel.plt)
 *(.rela.plt)
 *(.rel.dyn)
 *(.init)
 *(.plt)
 *(.text .stub .text.* .gnu.linkonce.t.*)
 .text          0x00b501b4       0x4c ../Fractal_cpu1_bsp//obj/HAL/src/crt0.o
                0x00b501b4                _start
 .text          0x00b50200      0x8fc obj/default/Fractal.o
                0x00b50200                genColor
                0x00b50270                mandelbrot
                0x00b503d0                FloatToFixed
                0x00b503f0                fixedPointMultiply32
                0x00b503f8                fixedPointMultiply64
                0x00b50434                startTimer
                0x00b50454                endTimeAndPrint
                0x00b50494                clearScreen
                0x00b504a0                barrier
                0x00b5064c                setup
                0x00b50690                drawFrame
 .text          0x00b50afc       0x80 obj/default/Project.o
                0x00b50afc                main
 .text          0x00b50b7c      0x458 /usr/local/3rdparty/altera/quartus12/nios2eds/bin/gnu/H-i686-pc-linux-gnu/bin/../lib/gcc/nios2-elf/4.1.2/../../../../nios2-elf/lib/libm.a(lib_a-wf_pow.o)
                0x00b50b7c                powf
 .text          0x00b50fd4      0xb14 /usr/local/3rdparty/altera/quartus12/nios2eds/bin/gnu/H-i686-pc-linux-gnu/bin/../lib/gcc/nios2-elf/4.1.2/../../../../nios2-elf/lib/libm.a(lib_a-ef_pow.o)
                0x00b50fd4                __ieee754_powf
 .text          0x00b51ae8      0x16c /usr/local/3rdparty/altera/quartus12/nios2eds/bin/gnu/H-i686-pc-linux-gnu/bin/../lib/gcc/nios2-elf/4.1.2/../../../../nios2-elf/lib/libm.a(lib_a-ef_sqrt.o)
                0x00b51ae8                __ieee754_sqrtf
 .text          0x00b51c54        0x0 /usr/local/3rdparty/altera/quartus12/nios2eds/bin/gnu/H-i686-pc-linux-gnu/bin/../lib/gcc/nios2-elf/4.1.2/../../../../nios2-elf/lib/libm.a(lib_a-s_lib_ver.o)
 .text          0x00b51c54        0x8 /usr/local/3rdparty/altera/quartus12/nios2eds/bin/gnu/H-i686-pc-linux-gnu/bin/../lib/gcc/nios2-elf/4.1.2/../../../../nios2-elf/lib/libm.a(lib_a-s_matherr.o)
                0x00b51c54                matherr
 .text          0x00b51c5c      0x210 /usr/local/3rdparty/altera/quartus12/nios2eds/bin/gnu/H-i686-pc-linux-gnu/bin/../lib/gcc/nios2-elf/4.1.2/../../../../nios2-elf/lib/libm.a(lib_a-s_rint.o)
                0x00b51c5c                rint
 .text          0x00b51e6c       0x10 /usr/local/3rdparty/altera/quartus12/nios2eds/bin/gnu/H-i686-pc-linux-gnu/bin/../lib/gcc/nios2-elf/4.1.2/../../../../nios2-elf/lib/libm.a(lib_a-sf_fabs.o)
                0x00b51e6c                fabsf
 .text          0x00b51e7c       0x1c /usr/local/3rdparty/altera/quartus12/nios2eds/bin/gnu/H-i686-pc-linux-gnu/bin/../lib/gcc/nios2-elf/4.1.2/../../../../nios2-elf/lib/libm.a(lib_a-sf_finite.o)
                0x00b51e7c                finitef
 .text          0x00b51e98       0x18 /usr/local/3rdparty/altera/quartus12/nios2eds/bin/gnu/H-i686-pc-linux-gnu/bin/../lib/gcc/nios2-elf/4.1.2/../../../../nios2-elf/lib/libm.a(lib_a-sf_isnan.o)
                0x00b51e98                isnanf
 .text          0x00b51eb0        0x8 /usr/local/3rdparty/altera/quartus12/nios2eds/bin/gnu/H-i686-pc-linux-gnu/bin/../lib/gcc/nios2-elf/4.1.2/../../../../nios2-elf/lib/libm.a(lib_a-sf_nan.o)
                0x00b51eb0                nanf
 .text          0x00b51eb8      0x14c /usr/local/3rdparty/altera/quartus12/nios2eds/bin/gnu/H-i686-pc-linux-gnu/bin/../lib/gcc/nios2-elf/4.1.2/../../../../nios2-elf/lib/libm.a(lib_a-sf_scalbn.o)
                0x00b51eb8                scalbnf
 .text          0x00b52004       0x18 /usr/local/3rdparty/altera/quartus12/nios2eds/bin/gnu/H-i686-pc-linux-gnu/bin/../lib/gcc/nios2-elf/4.1.2/../../../../nios2-elf/lib/libm.a(lib_a-sf_copysign.o)
                0x00b52004                copysignf
 .text          0x00b5201c       0x98 /usr/local/3rdparty/altera/quartus12/nios2eds/bin/gnu/H-i686-pc-linux-gnu/bin/../lib/gcc/nios2-elf/4.1.2/libgcc.a(_muldi3.o)
                0x00b5201c                __muldi3
 .text          0x00b520b4      0x2b8 /usr/local/3rdparty/altera/quartus12/nios2eds/bin/gnu/H-i686-pc-linux-gnu/bin/../lib/gcc/nios2-elf/4.1.2/libgcc.a(_addsub_sf.o)
                0x00b52298                __subsf3
                0x00b52308                __addsf3
 .text          0x00b5236c      0x1e0 /usr/local/3rdparty/altera/quartus12/nios2eds/bin/gnu/H-i686-pc-linux-gnu/bin/../lib/gcc/nios2-elf/4.1.2/libgcc.a(_mul_sf.o)
                0x00b5236c                __mulsf3
 .text          0x00b5254c      0x174 /usr/local/3rdparty/altera/quartus12/nios2eds/bin/gnu/H-i686-pc-linux-gnu/bin/../lib/gcc/nios2-elf/4.1.2/libgcc.a(_div_sf.o)
                0x00b5254c                __divsf3
 .text          0x00b526c0       0x78 /usr/local/3rdparty/altera/quartus12/nios2eds/bin/gnu/H-i686-pc-linux-gnu/bin/../lib/gcc/nios2-elf/4.1.2/libgcc.a(_eq_sf.o)
                0x00b526c0                __eqsf2
 .text          0x00b52738       0x78 /usr/local/3rdparty/altera/quartus12/nios2eds/bin/gnu/H-i686-pc-linux-gnu/bin/../lib/gcc/nios2-elf/4.1.2/libgcc.a(_gt_sf.o)
                0x00b52738                __gtsf2
 .text          0x00b527b0       0x78 /usr/local/3rdparty/altera/quartus12/nios2eds/bin/gnu/H-i686-pc-linux-gnu/bin/../lib/gcc/nios2-elf/4.1.2/libgcc.a(_lt_sf.o)
                0x00b527b0                __ltsf2
 .text          0x00b52828       0x78 /usr/local/3rdparty/altera/quartus12/nios2eds/bin/gnu/H-i686-pc-linux-gnu/bin/../lib/gcc/nios2-elf/4.1.2/libgcc.a(_le_sf.o)
                0x00b52828                __lesf2
 .text          0x00b528a0       0x98 /usr/local/3rdparty/altera/quartus12/nios2eds/bin/gnu/H-i686-pc-linux-gnu/bin/../lib/gcc/nios2-elf/4.1.2/libgcc.a(_si_to_sf.o)
                0x00b528a0                __floatsisf
 .text          0x00b52938       0x94 /usr/local/3rdparty/altera/quartus12/nios2eds/bin/gnu/H-i686-pc-linux-gnu/bin/../lib/gcc/nios2-elf/4.1.2/libgcc.a(_sf_to_si.o)
                0x00b52938                __fixsfsi
 .text          0x00b529cc       0x54 /usr/local/3rdparty/altera/quartus12/nios2eds/bin/gnu/H-i686-pc-linux-gnu/bin/../lib/gcc/nios2-elf/4.1.2/libgcc.a(_sf_to_df.o)
                0x00b529cc                __extendsfdf2
 .text          0x00b52a20        0x0 /usr/local/3rdparty/altera/quartus12/nios2eds/bin/gnu/H-i686-pc-linux-gnu/bin/../lib/gcc/nios2-elf/4.1.2/libgcc.a(_thenan_sf.o)
 .text          0x00b52a20      0x504 /usr/local/3rdparty/altera/quartus12/nios2eds/bin/gnu/H-i686-pc-linux-gnu/bin/../lib/gcc/nios2-elf/4.1.2/libgcc.a(_addsub_df.o)
                0x00b52e30                __subdf3
                0x00b52eb0                __adddf3
 .text          0x00b52f24      0x258 /usr/local/3rdparty/altera/quartus12/nios2eds/bin/gnu/H-i686-pc-linux-gnu/bin/../lib/gcc/nios2-elf/4.1.2/libgcc.a(_div_df.o)
                0x00b52f24                __divdf3
 .text          0x00b5317c       0x88 /usr/local/3rdparty/altera/quartus12/nios2eds/bin/gnu/H-i686-pc-linux-gnu/bin/../lib/gcc/nios2-elf/4.1.2/libgcc.a(_ne_df.o)
                0x00b5317c                __nedf2
 .text          0x00b53204       0x38 /usr/local/3rdparty/altera/quartus12/nios2eds/bin/gnu/H-i686-pc-linux-gnu/bin/../lib/gcc/nios2-elf/4.1.2/libgcc.a(_make_df.o)
                0x00b53204                __make_dp
 .text          0x00b5323c       0x74 /usr/local/3rdparty/altera/quartus12/nios2eds/bin/gnu/H-i686-pc-linux-gnu/bin/../lib/gcc/nios2-elf/4.1.2/libgcc.a(_df_to_sf.o)
                0x00b5323c                __truncdfsf2
 .text          0x00b532b0        0x0 /usr/local/3rdparty/altera/quartus12/nios2eds/bin/gnu/H-i686-pc-linux-gnu/bin/../lib/gcc/nios2-elf/4.1.2/libgcc.a(_thenan_df.o)
 .text          0x00b532b0       0x80 /usr/local/3rdparty/altera/quartus12/nios2eds/bin/gnu/H-i686-pc-linux-gnu/bin/../lib/gcc/nios2-elf/4.1.2/libgcc.a(_clzsi2.o)
                0x00b532b0                __clzsi2
 .text          0x00b53330      0x160 /usr/local/3rdparty/altera/quartus12/nios2eds/bin/gnu/H-i686-pc-linux-gnu/bin/../lib/gcc/nios2-elf/4.1.2/libgcc.a(_pack_sf.o)
                0x00b53330                __pack_f
 .text          0x00b53490       0xc8 /usr/local/3rdparty/altera/quartus12/nios2eds/bin/gnu/H-i686-pc-linux-gnu/bin/../lib/gcc/nios2-elf/4.1.2/libgcc.a(_unpack_sf.o)
                0x00b53490                __unpack_f
 .text          0x00b53558       0xa8 /usr/local/3rdparty/altera/quartus12/nios2eds/bin/gnu/H-i686-pc-linux-gnu/bin/../lib/gcc/nios2-elf/4.1.2/libgcc.a(_fpcmp_parts_sf.o)
                0x00b53558                __fpcmp_parts_f
 .text          0x00b53600       0x2c /usr/local/3rdparty/altera/quartus12/nios2eds/bin/gnu/H-i686-pc-linux-gnu/bin/../lib/gcc/nios2-elf/4.1.2/libgcc.a(_make_sf.o)
                0x00b53600                __make_fp
 .text          0x00b5362c      0x314 /usr/local/3rdparty/altera/quartus12/nios2eds/bin/gnu/H-i686-pc-linux-gnu/bin/../lib/gcc/nios2-elf/4.1.2/libgcc.a(_pack_df.o)
                0x00b5362c                __pack_d
 .text          0x00b53940      0x138 /usr/local/3rdparty/altera/quartus12/nios2eds/bin/gnu/H-i686-pc-linux-gnu/bin/../lib/gcc/nios2-elf/4.1.2/libgcc.a(_unpack_df.o)
                0x00b53940                __unpack_d
 .text          0x00b53a78       0xc8 /usr/local/3rdparty/altera/quartus12/nios2eds/bin/gnu/H-i686-pc-linux-gnu/bin/../lib/gcc/nios2-elf/4.1.2/libgcc.a(_fpcmp_parts_df.o)
                0x00b53a78                __fpcmp_parts_d
 .text          0x00b53b40        0x0 /usr/local/3rdparty/altera/quartus12/nios2eds/bin/gnu/H-i686-pc-linux-gnu/bin/../lib/gcc/nios2-elf/4.1.2/libgcc.a(_clz.o)
 .text          0x00b53b40       0x10 /usr/local/3rdparty/altera/quartus12/nios2eds/bin/gnu/H-i686-pc-linux-gnu/bin/../lib/gcc/nios2-elf/4.1.2/../../../../nios2-elf/lib/libc.a(lib_a-errno.o)
                0x00b53b40                __errno
 .text          0x00b53b50        0x0 /usr/local/3rdparty/altera/quartus12/nios2eds/bin/gnu/H-i686-pc-linux-gnu/bin/../lib/gcc/nios2-elf/4.1.2/../../../../nios2-elf/lib/libc.a(lib_a-impure.o)
 .text          0x00b53b50       0x78 /usr/local/3rdparty/altera/quartus12/nios2eds/bin/gnu/H-i686-pc-linux-gnu/bin/../lib/gcc/nios2-elf/4.1.2/../../../../nios2-elf/lib/libc.a(lib_a-printf.o)
                0x00b53b50                printf
                0x00b53b94                _printf_r
 .text          0x00b53bc8       0xb4 /usr/local/3rdparty/altera/quartus12/nios2eds/bin/gnu/H-i686-pc-linux-gnu/bin/../lib/gcc/nios2-elf/4.1.2/../../../../nios2-elf/lib/libc.a(lib_a-puts.o)
                0x00b53bc8                _puts_r
                0x00b53c68                puts
 .text          0x00b53c7c       0xd4 /usr/local/3rdparty/altera/quartus12/nios2eds/bin/gnu/H-i686-pc-linux-gnu/bin/../lib/gcc/nios2-elf/4.1.2/../../../../nios2-elf/lib/libc.a(lib_a-sprintf.o)
                0x00b53c7c                sprintf
                0x00b53cf0                _sprintf_r
 .text          0x00b53d50       0x74 /usr/local/3rdparty/altera/quartus12/nios2eds/bin/gnu/H-i686-pc-linux-gnu/bin/../lib/gcc/nios2-elf/4.1.2/../../../../nios2-elf/lib/libc.a(lib_a-strlen.o)
                0x00b53d50                strlen
 .text          0x00b53dc4     0x1f28 /usr/local/3rdparty/altera/quartus12/nios2eds/bin/gnu/H-i686-pc-linux-gnu/bin/../lib/gcc/nios2-elf/4.1.2/../../../../nios2-elf/lib/libc.a(lib_a-vfprintf.o)
                0x00b53e1c                ___vfprintf_internal_r
                0x00b55cc8                __vfprintf_internal
 .text          0x00b55cec      0x13c /usr/local/3rdparty/altera/quartus12/nios2eds/bin/gnu/H-i686-pc-linux-gnu/bin/../lib/gcc/nios2-elf/4.1.2/../../../../nios2-elf/lib/libc.a(lib_a-wsetup.o)
                0x00b55cec                __swsetup_r
 .text          0x00b55e28     0x17cc /usr/local/3rdparty/altera/quartus12/nios2eds/bin/gnu/H-i686-pc-linux-gnu/bin/../lib/gcc/nios2-elf/4.1.2/../../../../nios2-elf/lib/libc.a(lib_a-dtoa.o)
                0x00b56040                _dtoa_r
 .text          0x00b575f4      0x230 /usr/local/3rdparty/altera/quartus12/nios2eds/bin/gnu/H-i686-pc-linux-gnu/bin/../lib/gcc/nios2-elf/4.1.2/../../../../nios2-elf/lib/libc.a(lib_a-fflush.o)
                0x00b575f4                _fflush_r
                0x00b577f0                fflush
 .text          0x00b57824      0x2c0 /usr/local/3rdparty/altera/quartus12/nios2eds/bin/gnu/H-i686-pc-linux-gnu/bin/../lib/gcc/nios2-elf/4.1.2/../../../../nios2-elf/lib/libc.a(lib_a-findfp.o)
                0x00b5787c                __sfp_lock_acquire
                0x00b57880                __sfp_lock_release
                0x00b57884                __sinit_lock_acquire
                0x00b57888                __sinit_lock_release
                0x00b5788c                __sinit
                0x00b57940                __fp_unlock_all
                0x00b57958                __fp_lock_all
                0x00b57970                _cleanup_r
                0x00b5797c                _cleanup
                0x00b5798c                __sfmoreglue
                0x00b579f4                __sfp
 .text          0x00b57ae4      0x440 /usr/local/3rdparty/altera/quartus12/nios2eds/bin/gnu/H-i686-pc-linux-gnu/bin/../lib/gcc/nios2-elf/4.1.2/../../../../nios2-elf/lib/libc.a(lib_a-freer.o)
                0x00b57ae4                _malloc_trim_r
                0x00b57c10                _free_r
 .text          0x00b57f24      0x49c /usr/local/3rdparty/altera/quartus12/nios2eds/bin/gnu/H-i686-pc-linux-gnu/bin/../lib/gcc/nios2-elf/4.1.2/../../../../nios2-elf/lib/libc.a(lib_a-fvwrite.o)
                0x00b57f24                __sfvwrite_r
 .text          0x00b583c0      0x180 /usr/local/3rdparty/altera/quartus12/nios2eds/bin/gnu/H-i686-pc-linux-gnu/bin/../lib/gcc/nios2-elf/4.1.2/../../../../nios2-elf/lib/libc.a(lib_a-fwalk.o)
                0x00b583c0                _fwalk_reent
                0x00b58488                _fwalk
 .text          0x00b58540       0xc4 /usr/local/3rdparty/altera/quartus12/nios2eds/bin/gnu/H-i686-pc-linux-gnu/bin/../lib/gcc/nios2-elf/4.1.2/../../../../nios2-elf/lib/libc.a(lib_a-locale.o)
                0x00b58540                __locale_charset
                0x00b58548                _localeconv_r
                0x00b58554                localeconv
                0x00b58564                _setlocale_r
                0x00b585e8                setlocale
 .text          0x00b58604      0x194 /usr/local/3rdparty/altera/quartus12/nios2eds/bin/gnu/H-i686-pc-linux-gnu/bin/../lib/gcc/nios2-elf/4.1.2/../../../../nios2-elf/lib/libc.a(lib_a-makebuf.o)
                0x00b58604                __smakebuf_r
 .text          0x00b58798      0x740 /usr/local/3rdparty/altera/quartus12/nios2eds/bin/gnu/H-i686-pc-linux-gnu/bin/../lib/gcc/nios2-elf/4.1.2/../../../../nios2-elf/lib/libc.a(lib_a-mallocr.o)
                0x00b58798                _malloc_r
 .text          0x00b58ed8       0xe4 /usr/local/3rdparty/altera/quartus12/nios2eds/bin/gnu/H-i686-pc-linux-gnu/bin/../lib/gcc/nios2-elf/4.1.2/../../../../nios2-elf/lib/libc.a(lib_a-memchr.o)
                0x00b58ed8                memchr
 .text          0x00b58fbc       0xa0 /usr/local/3rdparty/altera/quartus12/nios2eds/bin/gnu/H-i686-pc-linux-gnu/bin/../lib/gcc/nios2-elf/4.1.2/../../../../nios2-elf/lib/libc.a(lib_a-memcpy.o)
                0x00b58fbc                memcpy
 .text          0x00b5905c       0xe0 /usr/local/3rdparty/altera/quartus12/nios2eds/bin/gnu/H-i686-pc-linux-gnu/bin/../lib/gcc/nios2-elf/4.1.2/../../../../nios2-elf/lib/libc.a(lib_a-memmove.o)
                0x00b5905c                memmove
 .text          0x00b5913c       0x98 /usr/local/3rdparty/altera/quartus12/nios2eds/bin/gnu/H-i686-pc-linux-gnu/bin/../lib/gcc/nios2-elf/4.1.2/../../../../nios2-elf/lib/libc.a(lib_a-memset.o)
                0x00b5913c                memset
 .text          0x00b591d4      0xff4 /usr/local/3rdparty/altera/quartus12/nios2eds/bin/gnu/H-i686-pc-linux-gnu/bin/../lib/gcc/nios2-elf/4.1.2/../../../../nios2-elf/lib/libc.a(lib_a-mprec.o)
                0x00b591d4                _Bfree
                0x00b591fc                __hi0bits
                0x00b5926c                __lo0bits
                0x00b59330                __mcmp
                0x00b59390                __ulp
                0x00b59410                __b2d
                0x00b59530                __ratio
                0x00b595e0                _mprec_log10
                0x00b59674                __copybits
                0x00b596cc                __any_on
                0x00b59754                _Balloc
                0x00b59810                __d2b
                0x00b5998c                __mdiff
                0x00b59b18                __lshift
                0x00b59c64                __multiply
                0x00b59e4c                __i2b
                0x00b59e88                __multadd
                0x00b59f88                __pow5mult
                0x00b5a0a8                __s2b
 .text          0x00b5a1c8      0x5f4 /usr/local/3rdparty/altera/quartus12/nios2eds/bin/gnu/H-i686-pc-linux-gnu/bin/../lib/gcc/nios2-elf/4.1.2/../../../../nios2-elf/lib/libc.a(lib_a-reallocr.o)
                0x00b5a1c8                _realloc_r
 .text          0x00b5a7bc       0x40 /usr/local/3rdparty/altera/quartus12/nios2eds/bin/gnu/H-i686-pc-linux-gnu/bin/../lib/gcc/nios2-elf/4.1.2/../../../../nios2-elf/lib/libc.a(lib_a-s_isinfd.o)
                0x00b5a7bc                __isinfd
 .text          0x00b5a7fc       0x30 /usr/local/3rdparty/altera/quartus12/nios2eds/bin/gnu/H-i686-pc-linux-gnu/bin/../lib/gcc/nios2-elf/4.1.2/../../../../nios2-elf/lib/libc.a(lib_a-s_isnand.o)
                0x00b5a7fc                __isnand
 .text          0x00b5a82c       0x70 /usr/local/3rdparty/altera/quartus12/nios2eds/bin/gnu/H-i686-pc-linux-gnu/bin/../lib/gcc/nios2-elf/4.1.2/../../../../nios2-elf/lib/libc.a(lib_a-sbrkr.o)
                0x00b5a82c                _sbrk_r
 .text          0x00b5a89c      0x14c /usr/local/3rdparty/altera/quartus12/nios2eds/bin/gnu/H-i686-pc-linux-gnu/bin/../lib/gcc/nios2-elf/4.1.2/../../../../nios2-elf/lib/libc.a(lib_a-stdio.o)
                0x00b5a89c                __sclose
                0x00b5a8a4                __sseek
                0x00b5a90c                __swrite
                0x00b5a988                __sread
 .text          0x00b5a9e8       0xbc /usr/local/3rdparty/altera/quartus12/nios2eds/bin/gnu/H-i686-pc-linux-gnu/bin/../lib/gcc/nios2-elf/4.1.2/../../../../nios2-elf/lib/libc.a(lib_a-strcmp.o)
                0x00b5a9e8                strcmp
 .text          0x00b5aaa4       0x78 /usr/local/3rdparty/altera/quartus12/nios2eds/bin/gnu/H-i686-pc-linux-gnu/bin/../lib/gcc/nios2-elf/4.1.2/../../../../nios2-elf/lib/libc.a(lib_a-writer.o)
                0x00b5aaa4                _write_r
 .text          0x00b5ab1c       0xb4 /usr/local/3rdparty/altera/quartus12/nios2eds/bin/gnu/H-i686-pc-linux-gnu/bin/../lib/gcc/nios2-elf/4.1.2/../../../../nios2-elf/lib/libc.a(lib_a-callocr.o)
                0x00b5ab1c                _calloc_r
 .text          0x00b5abd0       0x70 /usr/local/3rdparty/altera/quartus12/nios2eds/bin/gnu/H-i686-pc-linux-gnu/bin/../lib/gcc/nios2-elf/4.1.2/../../../../nios2-elf/lib/libc.a(lib_a-closer.o)
                0x00b5abd0                _close_r
 .text          0x00b5ac40      0x124 /usr/local/3rdparty/altera/quartus12/nios2eds/bin/gnu/H-i686-pc-linux-gnu/bin/../lib/gcc/nios2-elf/4.1.2/../../../../nios2-elf/lib/libc.a(lib_a-fclose.o)
                0x00b5ac40                _fclose_r
                0x00b5ad50                fclose
 .text          0x00b5ad64       0x74 /usr/local/3rdparty/altera/quartus12/nios2eds/bin/gnu/H-i686-pc-linux-gnu/bin/../lib/gcc/nios2-elf/4.1.2/../../../../nios2-elf/lib/libc.a(lib_a-fstatr.o)
                0x00b5ad64                _fstat_r
 .text          0x00b5add8        0x0 /usr/local/3rdparty/altera/quartus12/nios2eds/bin/gnu/H-i686-pc-linux-gnu/bin/../lib/gcc/nios2-elf/4.1.2/../../../../nios2-elf/lib/libc.a(lib_a-int_errno.o)
 .text          0x00b5add8       0x70 /usr/local/3rdparty/altera/quartus12/nios2eds/bin/gnu/H-i686-pc-linux-gnu/bin/../lib/gcc/nios2-elf/4.1.2/../../../../nios2-elf/lib/libc.a(lib_a-isattyr.o)
                0x00b5add8                _isatty_r
 .text          0x00b5ae48       0x78 /usr/local/3rdparty/altera/quartus12/nios2eds/bin/gnu/H-i686-pc-linux-gnu/bin/../lib/gcc/nios2-elf/4.1.2/../../../../nios2-elf/lib/libc.a(lib_a-lseekr.o)
                0x00b5ae48                _lseek_r
 .text          0x00b5aec0       0x78 /usr/local/3rdparty/altera/quartus12/nios2eds/bin/gnu/H-i686-pc-linux-gnu/bin/../lib/gcc/nios2-elf/4.1.2/../../../../nios2-elf/lib/libc.a(lib_a-readr.o)
                0x00b5aec0                _read_r
 .text          0x00b5af38      0x5dc /usr/local/3rdparty/altera/quartus12/nios2eds/bin/gnu/H-i686-pc-linux-gnu/bin/../lib/gcc/nios2-elf/4.1.2/libgcc.a(_udivdi3.o)
                0x00b5af38                __udivdi3
 .text          0x00b5b514      0x5b0 /usr/local/3rdparty/altera/quartus12/nios2eds/bin/gnu/H-i686-pc-linux-gnu/bin/../lib/gcc/nios2-elf/4.1.2/libgcc.a(_umoddi3.o)
                0x00b5b514                __umoddi3
 .text          0x00b5bac4      0x3c4 /usr/local/3rdparty/altera/quartus12/nios2eds/bin/gnu/H-i686-pc-linux-gnu/bin/../lib/gcc/nios2-elf/4.1.2/libgcc.a(_mul_df.o)
                0x00b5bac4                __muldf3
 .text          0x00b5be88       0x88 /usr/local/3rdparty/altera/quartus12/nios2eds/bin/gnu/H-i686-pc-linux-gnu/bin/../lib/gcc/nios2-elf/4.1.2/libgcc.a(_eq_df.o)
                0x00b5be88                __eqdf2
 .text          0x00b5bf10       0x88 /usr/local/3rdparty/altera/quartus12/nios2eds/bin/gnu/H-i686-pc-linux-gnu/bin/../lib/gcc/nios2-elf/4.1.2/libgcc.a(_gt_df.o)
                0x00b5bf10                __gtdf2
 .text          0x00b5bf98       0x88 /usr/local/3rdparty/altera/quartus12/nios2eds/bin/gnu/H-i686-pc-linux-gnu/bin/../lib/gcc/nios2-elf/4.1.2/libgcc.a(_ge_df.o)
                0x00b5bf98                __gedf2
 .text          0x00b5c020       0x88 /usr/local/3rdparty/altera/quartus12/nios2eds/bin/gnu/H-i686-pc-linux-gnu/bin/../lib/gcc/nios2-elf/4.1.2/libgcc.a(_lt_df.o)
                0x00b5c020                __ltdf2
 .text          0x00b5c0a8       0xf8 /usr/local/3rdparty/altera/quartus12/nios2eds/bin/gnu/H-i686-pc-linux-gnu/bin/../lib/gcc/nios2-elf/4.1.2/libgcc.a(_si_to_df.o)
                0x00b5c0a8                __floatsidf
 .text          0x00b5c1a0       0xd8 /usr/local/3rdparty/altera/quartus12/nios2eds/bin/gnu/H-i686-pc-linux-gnu/bin/../lib/gcc/nios2-elf/4.1.2/libgcc.a(_df_to_si.o)
                0x00b5c1a0                __fixdfsi
 .text          0x00b5c278      0x194 /usr/local/3rdparty/altera/quartus12/nios2eds/bin/gnu/H-i686-pc-linux-gnu/bin/../lib/gcc/nios2-elf/4.1.2/libgcc.a(_usi_to_df.o)
                0x00b5c278                __floatunsidf
 .text          0x00b5c40c      0x14c /usr/local/3rdparty/altera/quartus12/nios2eds/bin/gnu/H-i686-pc-linux-gnu/bin/../lib/gcc/nios2-elf/4.1.2/libgcc.a(lib2-divmod.o)
                0x00b5c488                __divsi3
                0x00b5c4e8                __modsi3
                0x00b5c548                __udivsi3
                0x00b5c550                __umodsi3
 .text          0x00b5c558      0x15c ../Fractal_cpu1_bsp//libhal_bsp.a(alt_close.o)
                0x00b5c558                close
 .text          0x00b5c6b4       0x2c ../Fractal_cpu1_bsp//libhal_bsp.a(alt_dev.o)
 .text          0x00b5c6e0        0x0 ../Fractal_cpu1_bsp//libhal_bsp.a(alt_errno.o)
 .text          0x00b5c6e0      0x134 ../Fractal_cpu1_bsp//libhal_bsp.a(alt_fstat.o)
                0x00b5c6e0                fstat
 .text          0x00b5c814      0x120 ../Fractal_cpu1_bsp//libhal_bsp.a(alt_isatty.o)
                0x00b5c814                isatty
 .text          0x00b5c934       0xec ../Fractal_cpu1_bsp//libhal_bsp.a(alt_load.o)
                0x00b5c934                alt_load
 .text          0x00b5ca20      0x150 ../Fractal_cpu1_bsp//libhal_bsp.a(alt_lseek.o)
                0x00b5ca20                lseek
 .text          0x00b5cb70       0x6c ../Fractal_cpu1_bsp//libhal_bsp.a(alt_main.o)
                0x00b5cb70                alt_main
 .text          0x00b5cbdc       0x40 ../Fractal_cpu1_bsp//libhal_bsp.a(alt_malloc_lock.o)
                0x00b5cbdc                __malloc_lock
                0x00b5cbfc                __malloc_unlock
 .text          0x00b5cc1c      0x180 ../Fractal_cpu1_bsp//libhal_bsp.a(alt_read.o)
                0x00b5cc1c                read
 .text          0x00b5cd9c       0x60 ../Fractal_cpu1_bsp//libhal_bsp.a(alt_release_fd.o)
                0x00b5cd9c                alt_release_fd
 .text          0x00b5cdfc       0xbc ../Fractal_cpu1_bsp//libhal_bsp.a(alt_sbrk.o)
                0x00b5cdfc                sbrk
 .text          0x00b5ceb8      0x180 ../Fractal_cpu1_bsp//libhal_bsp.a(alt_write.o)
                0x00b5ceb8                write
 .text          0x00b5d038      0x2e4 ../Fractal_cpu1_bsp//libhal_bsp.a(alt_sys_init.o)
                0x00b5d038                alt_irq_init
                0x00b5d06c                alt_sys_init
 .text          0x00b5d31c      0x148 ../Fractal_cpu1_bsp//libhal_bsp.a(altera_avalon_jtag_uart_fd.o)
                0x00b5d31c                altera_avalon_jtag_uart_read_fd
                0x00b5d374                altera_avalon_jtag_uart_write_fd
                0x00b5d3cc                altera_avalon_jtag_uart_close_fd
                0x00b5d414                altera_avalon_jtag_uart_ioctl_fd
 .text          0x00b5d464      0x40c ../Fractal_cpu1_bsp//libhal_bsp.a(altera_avalon_jtag_uart_init.o)
                0x00b5d464                altera_avalon_jtag_uart_init
                0x00b5d7fc                altera_avalon_jtag_uart_close
 .text          0x00b5d870       0xf4 ../Fractal_cpu1_bsp//libhal_bsp.a(altera_avalon_jtag_uart_ioctl.o)
                0x00b5d870                altera_avalon_jtag_uart_ioctl
 .text          0x00b5d964      0x224 ../Fractal_cpu1_bsp//libhal_bsp.a(altera_avalon_jtag_uart_read.o)
                0x00b5d964                altera_avalon_jtag_uart_read
 .text          0x00b5db88      0x240 ../Fractal_cpu1_bsp//libhal_bsp.a(altera_avalon_jtag_uart_write.o)
                0x00b5db88                altera_avalon_jtag_uart_write
 .text          0x00b5ddc8      0x528 ../Fractal_cpu1_bsp//libhal_bsp.a(altera_avalon_mailbox.o)
                0x00b5ddc8                alt_avalon_mailbox_init
                0x00b5dfec                altera_avalon_mailbox_open
                0x00b5e044                altera_avalon_mailbox_close
                0x00b5e064                altera_avalon_mailbox_post
                0x00b5e170                altera_avalon_mailbox_pend
                0x00b5e218                altera_avalon_mailbox_get
 .text          0x00b5e2f0      0x304 ../Fractal_cpu1_bsp//libhal_bsp.a(altera_avalon_mutex.o)
                0x00b5e36c                altera_avalon_mutex_open
                0x00b5e424                altera_avalon_mutex_close
                0x00b5e444                altera_avalon_mutex_lock
                0x00b5e484                altera_avalon_mutex_trylock
                0x00b5e4c4                altera_avalon_mutex_unlock
                0x00b5e520                altera_avalon_mutex_is_mine
                0x00b5e59c                altera_avalon_mutex_first_lock
 .text          0x00b5e5f4      0x188 ../Fractal_cpu1_bsp//libhal_bsp.a(altera_avalon_performance_counter.o)
                0x00b5e5f4                perf_get_section_time
                0x00b5e6a4                perf_get_total_time
                0x00b5e6f8                perf_get_num_starts
                0x00b5e738                alt_get_performance_counter_base
                0x00b5e758                alt_get_cpu_freq
 .text          0x00b5e77c     0x156c ../Fractal_cpu1_bsp//libhal_bsp.a(altera_up_avalon_video_pixel_buffer_dma.o)
                0x00b5e77c                alt_up_pixel_buffer_dma_open_dev
                0x00b5e7bc                alt_up_pixel_buffer_dma_draw
                0x00b5e95c                alt_up_pixel_buffer_dma_change_back_buffer_address
                0x00b5e9b4                alt_up_pixel_buffer_dma_swap_buffers
                0x00b5ea0c                alt_up_pixel_buffer_dma_check_swap_buffers_status
                0x00b5ea40                alt_up_pixel_buffer_dma_clear_screen
                0x00b5eba4                alt_up_pixel_buffer_dma_draw_box
                0x00b5f098                alt_up_pixel_buffer_dma_draw_hline
                0x00b5f3e8                alt_up_pixel_buffer_dma_draw_vline
                0x00b5f7b8                alt_up_pixel_buffer_dma_draw_rectangle
                0x00b5f87c                helper_plot_pixel
                0x00b5f94c                alt_up_pixel_buffer_dma_draw_line
 .text          0x00b5fce8      0x154 ../Fractal_cpu1_bsp//libhal_bsp.a(alt_alarm_start.o)
                0x00b5fce8                alt_alarm_start
 .text          0x00b5fe3c       0x44 ../Fractal_cpu1_bsp//libhal_bsp.a(alt_dcache_flush_all.o)
                0x00b5fe3c                alt_dcache_flush_all
 .text          0x00b5fe80      0x114 ../Fractal_cpu1_bsp//libhal_bsp.a(alt_dev_llist_insert.o)
                0x00b5fe80                alt_dev_llist_insert
 .text          0x00b5ff94       0x64 ../Fractal_cpu1_bsp//libhal_bsp.a(alt_do_ctors.o)
                0x00b5ff94                _do_ctors
 .text          0x00b5fff8       0x64 ../Fractal_cpu1_bsp//libhal_bsp.a(alt_do_dtors.o)
                0x00b5fff8                _do_dtors
 .text          0x00b6005c       0x94 ../Fractal_cpu1_bsp//libhal_bsp.a(alt_find_dev.o)
                0x00b6005c                alt_find_dev
 .text          0x00b600f0       0x30 ../Fractal_cpu1_bsp//libhal_bsp.a(alt_icache_flush_all.o)
                0x00b600f0                alt_icache_flush_all
 .text          0x00b60120      0x1d4 ../Fractal_cpu1_bsp//libhal_bsp.a(alt_iic.o)
                0x00b60120                alt_ic_isr_register
                0x00b60170                alt_ic_irq_enable
                0x00b6020c                alt_ic_irq_disable
                0x00b602ac                alt_ic_irq_enabled
 .text          0x00b602f4       0xf8 ../Fractal_cpu1_bsp//libhal_bsp.a(alt_iic_isr_register.o)
                0x00b602f4                alt_iic_isr_register
 .text          0x00b603ec      0x13c ../Fractal_cpu1_bsp//libhal_bsp.a(alt_io_redirect.o)
                0x00b604b0                alt_io_redirect
 .text          0x00b60528        0x0 ../Fractal_cpu1_bsp//libhal_bsp.a(alt_irq_entry.o)
 .text          0x00b60528        0x0 ../Fractal_cpu1_bsp//libhal_bsp.a(alt_irq_handler.o)
 .text          0x00b60528        0x0 ../Fractal_cpu1_bsp//libhal_bsp.a(alt_irq_vars.o)
 .text          0x00b60528      0x2c4 ../Fractal_cpu1_bsp//libhal_bsp.a(alt_open.o)
                0x00b60604                open
 .text          0x00b607ec      0x1a4 ../Fractal_cpu1_bsp//libhal_bsp.a(alt_tick.o)
                0x00b607ec                alt_alarm_stop
                0x00b60884                alt_tick
 .text          0x00b60990       0x20 ../Fractal_cpu1_bsp//libhal_bsp.a(altera_nios2_irq.o)
                0x00b60990                altera_nios2_irq_init
 .text          0x00b609b0        0x0 ../Fractal_cpu1_bsp//libhal_bsp.a(alt_exception_entry.o)
 .text          0x00b609b0      0x120 ../Fractal_cpu1_bsp//libhal_bsp.a(alt_find_file.o)
                0x00b609b0                alt_find_file
 .text          0x00b60ad0       0xb8 ../Fractal_cpu1_bsp//libhal_bsp.a(alt_get_fd.o)
                0x00b60ad0                alt_get_fd
 .text          0x00b60b88       0x90 ../Fractal_cpu1_bsp//libhal_bsp.a(alt_icache_flush.o)
                0x00b60b88                alt_icache_flush
 .text          0x00b60c18       0x14 /usr/local/3rdparty/altera/quartus12/nios2eds/bin/gnu/H-i686-pc-linux-gnu/bin/../lib/gcc/nios2-elf/4.1.2/../../../../nios2-elf/lib/libc.a(lib_a-atexit.o)
                0x00b60c18                atexit
 .text          0x00b60c2c       0x38 /usr/local/3rdparty/altera/quartus12/nios2eds/bin/gnu/H-i686-pc-linux-gnu/bin/../lib/gcc/nios2-elf/4.1.2/../../../../nios2-elf/lib/libc.a(lib_a-exit.o)
                0x00b60c2c                exit
 .text          0x00b60c64       0x74 /usr/local/3rdparty/altera/quartus12/nios2eds/bin/gnu/H-i686-pc-linux-gnu/bin/../lib/gcc/nios2-elf/4.1.2/../../../../nios2-elf/lib/libc.a(lib_a-memcmp.o)
                0x00b60c64                memcmp
 .text          0x00b60cd8      0x134 /usr/local/3rdparty/altera/quartus12/nios2eds/bin/gnu/H-i686-pc-linux-gnu/bin/../lib/gcc/nios2-elf/4.1.2/../../../../nios2-elf/lib/libc.a(lib_a-__atexit.o)
                0x00b60cd8                __register_exitproc
 .text          0x00b60e0c      0x1b4 /usr/local/3rdparty/altera/quartus12/nios2eds/bin/gnu/H-i686-pc-linux-gnu/bin/../lib/gcc/nios2-elf/4.1.2/../../../../nios2-elf/lib/libc.a(lib_a-__call_atexit.o)
                0x00b60e10                __call_exitprocs
 .text          0x00b60fc0       0x60 ../Fractal_cpu1_bsp//libhal_bsp.a(alt_exit.o)
                0x00b61000                _exit
 *(.gnu.warning.*)
 *(.fini)
                0x00b61020                PROVIDE (__etext, ABSOLUTE (.))
                0x00b61020                PROVIDE (_etext, ABSOLUTE (.))
                0x00b61020                PROVIDE (etext, ABSOLUTE (.))
 *(.eh_frame_hdr)
                0x00b61020                . = ALIGN (0x4)
                0x00b61020                PROVIDE (__preinit_array_start, ABSOLUTE (.))
 *(.preinit_array)
                0x00b61020                PROVIDE (__preinit_array_end, ABSOLUTE (.))
                0x00b61020                PROVIDE (__init_array_start, ABSOLUTE (.))
 *(.init_array)
                0x00b61020                PROVIDE (__init_array_end, ABSOLUTE (.))
                0x00b61020                PROVIDE (__fini_array_start, ABSOLUTE (.))
 *(.fini_array)
                0x00b61020                PROVIDE (__fini_array_end, ABSOLUTE (.))
 *(.eh_frame)
 .eh_frame      0x00b61020       0x40 /usr/local/3rdparty/altera/quartus12/nios2eds/bin/gnu/H-i686-pc-linux-gnu/bin/../lib/gcc/nios2-elf/4.1.2/libgcc.a(_udivdi3.o)
 .eh_frame      0x00b61060       0x2c /usr/local/3rdparty/altera/quartus12/nios2eds/bin/gnu/H-i686-pc-linux-gnu/bin/../lib/gcc/nios2-elf/4.1.2/libgcc.a(_umoddi3.o)
                                 0x40 (size before relaxing)
 *(.gcc_except_table)
 *(.dynamic)
                0x00b6108c                PROVIDE (__CTOR_LIST__, ABSOLUTE (.))
 *(.ctors)
 *(SORT(.ctors.*))
 .ctors.65535   0x00b6108c        0x4 /usr/local/3rdparty/altera/quartus12/nios2eds/bin/gnu/H-i686-pc-linux-gnu/bin/../lib/gcc/nios2-elf/4.1.2/../../../../nios2-elf/lib/libc.a(lib_a-__call_atexit.o)
                0x00b61090                PROVIDE (__CTOR_END__, ABSOLUTE (.))
                0x00b61090                PROVIDE (__DTOR_LIST__, ABSOLUTE (.))
 *(.dtors)
 *(SORT(.dtors.*))
                0x00b61090                PROVIDE (__DTOR_END__, ABSOLUTE (.))
 *(.jcr)
                0x00b61090                . = ALIGN (0x4)

.rodata         0x00b61090      0x518
                0x00b61090                PROVIDE (__ram_rodata_start, ABSOLUTE (.))
                0x00b61090                . = ALIGN (0x4)
 *(.rodata .rodata.* .gnu.linkonce.r.*)
 .rodata.str1.4
                0x00b61090       0x42 obj/default/Fractal.o
                                 0x44 (size before relaxing)
 *fill*         0x00b610d2        0x2 00
 .rodata.str1.4
                0x00b610d4       0x50 obj/default/Project.o
 .rodata.str1.4
                0x00b61124        0x5 /usr/local/3rdparty/altera/quartus12/nios2eds/bin/gnu/H-i686-pc-linux-gnu/bin/../lib/gcc/nios2-elf/4.1.2/../../../../nios2-elf/lib/libm.a(lib_a-wf_pow.o)
                                  0x8 (size before relaxing)
 .rodata.str1.4
                0x00000000        0x5 /usr/local/3rdparty/altera/quartus12/nios2eds/bin/gnu/H-i686-pc-linux-gnu/bin/../lib/gcc/nios2-elf/4.1.2/../../../../nios2-elf/lib/libm.a(lib_a-ef_pow.o)
                                  0x4 (size before relaxing)
 *fill*         0x00b61129        0x3 00
 .rodata        0x00b6112c       0x10 /usr/local/3rdparty/altera/quartus12/nios2eds/bin/gnu/H-i686-pc-linux-gnu/bin/../lib/gcc/nios2-elf/4.1.2/../../../../nios2-elf/lib/libm.a(lib_a-s_rint.o)
 .rodata        0x00b6113c       0x10 /usr/local/3rdparty/altera/quartus12/nios2eds/bin/gnu/H-i686-pc-linux-gnu/bin/../lib/gcc/nios2-elf/4.1.2/libgcc.a(_thenan_sf.o)
                0x00b6113c                __thenan_sf
 .rodata        0x00b6114c       0x14 /usr/local/3rdparty/altera/quartus12/nios2eds/bin/gnu/H-i686-pc-linux-gnu/bin/../lib/gcc/nios2-elf/4.1.2/libgcc.a(_thenan_df.o)
                0x00b6114c                __thenan_df
 .rodata        0x00b61160      0x100 /usr/local/3rdparty/altera/quartus12/nios2eds/bin/gnu/H-i686-pc-linux-gnu/bin/../lib/gcc/nios2-elf/4.1.2/libgcc.a(_clz.o)
                0x00b61160                __clz_tab
 .rodata.str1.4
                0x00b61260        0x2 /usr/local/3rdparty/altera/quartus12/nios2eds/bin/gnu/H-i686-pc-linux-gnu/bin/../lib/gcc/nios2-elf/4.1.2/../../../../nios2-elf/lib/libc.a(lib_a-impure.o)
                                  0x4 (size before relaxing)
 *fill*         0x00b61262        0x2 00
 .rodata.str1.4
                0x00b61264        0x2 /usr/local/3rdparty/altera/quartus12/nios2eds/bin/gnu/H-i686-pc-linux-gnu/bin/../lib/gcc/nios2-elf/4.1.2/../../../../nios2-elf/lib/libc.a(lib_a-puts.o)
                                  0x4 (size before relaxing)
 *fill*         0x00b61266        0x2 00
 .rodata.str1.4
                0x00b61268       0x5a /usr/local/3rdparty/altera/quartus12/nios2eds/bin/gnu/H-i686-pc-linux-gnu/bin/../lib/gcc/nios2-elf/4.1.2/../../../../nios2-elf/lib/libc.a(lib_a-vfprintf.o)
                                 0x60 (size before relaxing)
 .rodata        0x00b612c2       0x20 /usr/local/3rdparty/altera/quartus12/nios2eds/bin/gnu/H-i686-pc-linux-gnu/bin/../lib/gcc/nios2-elf/4.1.2/../../../../nios2-elf/lib/libc.a(lib_a-vfprintf.o)
 *fill*         0x00b612e2        0x2 00
 .rodata.str1.4
                0x00b612e4       0x10 /usr/local/3rdparty/altera/quartus12/nios2eds/bin/gnu/H-i686-pc-linux-gnu/bin/../lib/gcc/nios2-elf/4.1.2/../../../../nios2-elf/lib/libc.a(lib_a-dtoa.o)
                                 0x14 (size before relaxing)
 .rodata.str1.4
                0x00b612f4        0xc /usr/local/3rdparty/altera/quartus12/nios2eds/bin/gnu/H-i686-pc-linux-gnu/bin/../lib/gcc/nios2-elf/4.1.2/../../../../nios2-elf/lib/libc.a(lib_a-locale.o)
                                 0x18 (size before relaxing)
 .rodata        0x00b61300       0x30 /usr/local/3rdparty/altera/quartus12/nios2eds/bin/gnu/H-i686-pc-linux-gnu/bin/../lib/gcc/nios2-elf/4.1.2/../../../../nios2-elf/lib/libc.a(lib_a-locale.o)
 .rodata        0x00b61330      0x124 /usr/local/3rdparty/altera/quartus12/nios2eds/bin/gnu/H-i686-pc-linux-gnu/bin/../lib/gcc/nios2-elf/4.1.2/../../../../nios2-elf/lib/libc.a(lib_a-mprec.o)
                0x00b61330                __mprec_tens
                0x00b613f8                __mprec_bigtens
                0x00b61420                __mprec_tinytens
 .rodata        0x00b61454        0xc ../Fractal_cpu1_bsp//libhal_bsp.a(alt_dev.o)
 .rodata        0x00b61460       0x14 ../Fractal_cpu1_bsp//libhal_bsp.a(alt_main.o)
 .rodata        0x00b61474      0x134 ../Fractal_cpu1_bsp//libhal_bsp.a(alt_sys_init.o)
 *(.rodata1)
                0x00b615a8                . = ALIGN (0x4)
                0x00b615a8                PROVIDE (__ram_rodata_end, ABSOLUTE (.))
                0x00b61090                PROVIDE (__flash_rodata_start, LOADADDR (.rodata))

.rwdata         0x00b615a8     0x1bd0 load address 0x00b63178
                0x00b615a8                PROVIDE (__ram_rwdata_start, ABSOLUTE (.))
                0x00b615a8                . = ALIGN (0x4)
 *(.got.plt)
 *(.got)
 *(.data1)
 *(.data .data.* .gnu.linkonce.d.*)
 .data          0x00b615a8        0x0 ../Fractal_cpu1_bsp//obj/HAL/src/crt0.o
 .data          0x00b615a8        0x0 obj/default/Fractal.o
 .data          0x00b615a8        0x0 obj/default/Project.o
 .data          0x00b615a8        0x0 /usr/local/3rdparty/altera/quartus12/nios2eds/bin/gnu/H-i686-pc-linux-gnu/bin/../lib/gcc/nios2-elf/4.1.2/../../../../nios2-elf/lib/libm.a(lib_a-wf_pow.o)
 .data          0x00b615a8        0x0 /usr/local/3rdparty/altera/quartus12/nios2eds/bin/gnu/H-i686-pc-linux-gnu/bin/../lib/gcc/nios2-elf/4.1.2/../../../../nios2-elf/lib/libm.a(lib_a-ef_pow.o)
 .data          0x00b615a8        0x0 /usr/local/3rdparty/altera/quartus12/nios2eds/bin/gnu/H-i686-pc-linux-gnu/bin/../lib/gcc/nios2-elf/4.1.2/../../../../nios2-elf/lib/libm.a(lib_a-ef_sqrt.o)
 .data          0x00b615a8        0x0 /usr/local/3rdparty/altera/quartus12/nios2eds/bin/gnu/H-i686-pc-linux-gnu/bin/../lib/gcc/nios2-elf/4.1.2/../../../../nios2-elf/lib/libm.a(lib_a-s_lib_ver.o)
 .data          0x00b615a8        0x0 /usr/local/3rdparty/altera/quartus12/nios2eds/bin/gnu/H-i686-pc-linux-gnu/bin/../lib/gcc/nios2-elf/4.1.2/../../../../nios2-elf/lib/libm.a(lib_a-s_matherr.o)
 .data          0x00b615a8        0x0 /usr/local/3rdparty/altera/quartus12/nios2eds/bin/gnu/H-i686-pc-linux-gnu/bin/../lib/gcc/nios2-elf/4.1.2/../../../../nios2-elf/lib/libm.a(lib_a-s_rint.o)
 .data          0x00b615a8        0x0 /usr/local/3rdparty/altera/quartus12/nios2eds/bin/gnu/H-i686-pc-linux-gnu/bin/../lib/gcc/nios2-elf/4.1.2/../../../../nios2-elf/lib/libm.a(lib_a-sf_fabs.o)
 .data          0x00b615a8        0x0 /usr/local/3rdparty/altera/quartus12/nios2eds/bin/gnu/H-i686-pc-linux-gnu/bin/../lib/gcc/nios2-elf/4.1.2/../../../../nios2-elf/lib/libm.a(lib_a-sf_finite.o)
 .data          0x00b615a8        0x0 /usr/local/3rdparty/altera/quartus12/nios2eds/bin/gnu/H-i686-pc-linux-gnu/bin/../lib/gcc/nios2-elf/4.1.2/../../../../nios2-elf/lib/libm.a(lib_a-sf_isnan.o)
 .data          0x00b615a8        0x0 /usr/local/3rdparty/altera/quartus12/nios2eds/bin/gnu/H-i686-pc-linux-gnu/bin/../lib/gcc/nios2-elf/4.1.2/../../../../nios2-elf/lib/libm.a(lib_a-sf_nan.o)
 .data          0x00b615a8        0x0 /usr/local/3rdparty/altera/quartus12/nios2eds/bin/gnu/H-i686-pc-linux-gnu/bin/../lib/gcc/nios2-elf/4.1.2/../../../../nios2-elf/lib/libm.a(lib_a-sf_scalbn.o)
 .data          0x00b615a8        0x0 /usr/local/3rdparty/altera/quartus12/nios2eds/bin/gnu/H-i686-pc-linux-gnu/bin/../lib/gcc/nios2-elf/4.1.2/../../../../nios2-elf/lib/libm.a(lib_a-sf_copysign.o)
 .data          0x00b615a8        0x0 /usr/local/3rdparty/altera/quartus12/nios2eds/bin/gnu/H-i686-pc-linux-gnu/bin/../lib/gcc/nios2-elf/4.1.2/libgcc.a(_muldi3.o)
 .data          0x00b615a8        0x0 /usr/local/3rdparty/altera/quartus12/nios2eds/bin/gnu/H-i686-pc-linux-gnu/bin/../lib/gcc/nios2-elf/4.1.2/libgcc.a(_addsub_sf.o)
 .data          0x00b615a8        0x0 /usr/local/3rdparty/altera/quartus12/nios2eds/bin/gnu/H-i686-pc-linux-gnu/bin/../lib/gcc/nios2-elf/4.1.2/libgcc.a(_mul_sf.o)
 .data          0x00b615a8        0x0 /usr/local/3rdparty/altera/quartus12/nios2eds/bin/gnu/H-i686-pc-linux-gnu/bin/../lib/gcc/nios2-elf/4.1.2/libgcc.a(_div_sf.o)
 .data          0x00b615a8        0x0 /usr/local/3rdparty/altera/quartus12/nios2eds/bin/gnu/H-i686-pc-linux-gnu/bin/../lib/gcc/nios2-elf/4.1.2/libgcc.a(_eq_sf.o)
 .data          0x00b615a8        0x0 /usr/local/3rdparty/altera/quartus12/nios2eds/bin/gnu/H-i686-pc-linux-gnu/bin/../lib/gcc/nios2-elf/4.1.2/libgcc.a(_gt_sf.o)
 .data          0x00b615a8        0x0 /usr/local/3rdparty/altera/quartus12/nios2eds/bin/gnu/H-i686-pc-linux-gnu/bin/../lib/gcc/nios2-elf/4.1.2/libgcc.a(_lt_sf.o)
 .data          0x00b615a8        0x0 /usr/local/3rdparty/altera/quartus12/nios2eds/bin/gnu/H-i686-pc-linux-gnu/bin/../lib/gcc/nios2-elf/4.1.2/libgcc.a(_le_sf.o)
 .data          0x00b615a8        0x0 /usr/local/3rdparty/altera/quartus12/nios2eds/bin/gnu/H-i686-pc-linux-gnu/bin/../lib/gcc/nios2-elf/4.1.2/libgcc.a(_si_to_sf.o)
 .data          0x00b615a8        0x0 /usr/local/3rdparty/altera/quartus12/nios2eds/bin/gnu/H-i686-pc-linux-gnu/bin/../lib/gcc/nios2-elf/4.1.2/libgcc.a(_sf_to_si.o)
 .data          0x00b615a8        0x0 /usr/local/3rdparty/altera/quartus12/nios2eds/bin/gnu/H-i686-pc-linux-gnu/bin/../lib/gcc/nios2-elf/4.1.2/libgcc.a(_sf_to_df.o)
 .data          0x00b615a8        0x0 /usr/local/3rdparty/altera/quartus12/nios2eds/bin/gnu/H-i686-pc-linux-gnu/bin/../lib/gcc/nios2-elf/4.1.2/libgcc.a(_thenan_sf.o)
 .data          0x00b615a8        0x0 /usr/local/3rdparty/altera/quartus12/nios2eds/bin/gnu/H-i686-pc-linux-gnu/bin/../lib/gcc/nios2-elf/4.1.2/libgcc.a(_addsub_df.o)
 .data          0x00b615a8        0x0 /usr/local/3rdparty/altera/quartus12/nios2eds/bin/gnu/H-i686-pc-linux-gnu/bin/../lib/gcc/nios2-elf/4.1.2/libgcc.a(_div_df.o)
 .data          0x00b615a8        0x0 /usr/local/3rdparty/altera/quartus12/nios2eds/bin/gnu/H-i686-pc-linux-gnu/bin/../lib/gcc/nios2-elf/4.1.2/libgcc.a(_ne_df.o)
 .data          0x00b615a8        0x0 /usr/local/3rdparty/altera/quartus12/nios2eds/bin/gnu/H-i686-pc-linux-gnu/bin/../lib/gcc/nios2-elf/4.1.2/libgcc.a(_make_df.o)
 .data          0x00b615a8        0x0 /usr/local/3rdparty/altera/quartus12/nios2eds/bin/gnu/H-i686-pc-linux-gnu/bin/../lib/gcc/nios2-elf/4.1.2/libgcc.a(_df_to_sf.o)
 .data          0x00b615a8        0x0 /usr/local/3rdparty/altera/quartus12/nios2eds/bin/gnu/H-i686-pc-linux-gnu/bin/../lib/gcc/nios2-elf/4.1.2/libgcc.a(_thenan_df.o)
 .data          0x00b615a8        0x0 /usr/local/3rdparty/altera/quartus12/nios2eds/bin/gnu/H-i686-pc-linux-gnu/bin/../lib/gcc/nios2-elf/4.1.2/libgcc.a(_clzsi2.o)
 .data          0x00b615a8        0x0 /usr/local/3rdparty/altera/quartus12/nios2eds/bin/gnu/H-i686-pc-linux-gnu/bin/../lib/gcc/nios2-elf/4.1.2/libgcc.a(_pack_sf.o)
 .data          0x00b615a8        0x0 /usr/local/3rdparty/altera/quartus12/nios2eds/bin/gnu/H-i686-pc-linux-gnu/bin/../lib/gcc/nios2-elf/4.1.2/libgcc.a(_unpack_sf.o)
 .data          0x00b615a8        0x0 /usr/local/3rdparty/altera/quartus12/nios2eds/bin/gnu/H-i686-pc-linux-gnu/bin/../lib/gcc/nios2-elf/4.1.2/libgcc.a(_fpcmp_parts_sf.o)
 .data          0x00b615a8        0x0 /usr/local/3rdparty/altera/quartus12/nios2eds/bin/gnu/H-i686-pc-linux-gnu/bin/../lib/gcc/nios2-elf/4.1.2/libgcc.a(_make_sf.o)
 .data          0x00b615a8        0x0 /usr/local/3rdparty/altera/quartus12/nios2eds/bin/gnu/H-i686-pc-linux-gnu/bin/../lib/gcc/nios2-elf/4.1.2/libgcc.a(_pack_df.o)
 .data          0x00b615a8        0x0 /usr/local/3rdparty/altera/quartus12/nios2eds/bin/gnu/H-i686-pc-linux-gnu/bin/../lib/gcc/nios2-elf/4.1.2/libgcc.a(_unpack_df.o)
 .data          0x00b615a8        0x0 /usr/local/3rdparty/altera/quartus12/nios2eds/bin/gnu/H-i686-pc-linux-gnu/bin/../lib/gcc/nios2-elf/4.1.2/libgcc.a(_fpcmp_parts_df.o)
 .data          0x00b615a8        0x0 /usr/local/3rdparty/altera/quartus12/nios2eds/bin/gnu/H-i686-pc-linux-gnu/bin/../lib/gcc/nios2-elf/4.1.2/libgcc.a(_clz.o)
 .data          0x00b615a8        0x0 /usr/local/3rdparty/altera/quartus12/nios2eds/bin/gnu/H-i686-pc-linux-gnu/bin/../lib/gcc/nios2-elf/4.1.2/../../../../nios2-elf/lib/libc.a(lib_a-errno.o)
 .data          0x00b615a8      0x400 /usr/local/3rdparty/altera/quartus12/nios2eds/bin/gnu/H-i686-pc-linux-gnu/bin/../lib/gcc/nios2-elf/4.1.2/../../../../nios2-elf/lib/libc.a(lib_a-impure.o)
 .data          0x00b619a8        0x0 /usr/local/3rdparty/altera/quartus12/nios2eds/bin/gnu/H-i686-pc-linux-gnu/bin/../lib/gcc/nios2-elf/4.1.2/../../../../nios2-elf/lib/libc.a(lib_a-printf.o)
 .data          0x00b619a8        0x0 /usr/local/3rdparty/altera/quartus12/nios2eds/bin/gnu/H-i686-pc-linux-gnu/bin/../lib/gcc/nios2-elf/4.1.2/../../../../nios2-elf/lib/libc.a(lib_a-puts.o)
 .data          0x00b619a8        0x0 /usr/local/3rdparty/altera/quartus12/nios2eds/bin/gnu/H-i686-pc-linux-gnu/bin/../lib/gcc/nios2-elf/4.1.2/../../../../nios2-elf/lib/libc.a(lib_a-sprintf.o)
 .data          0x00b619a8        0x0 /usr/local/3rdparty/altera/quartus12/nios2eds/bin/gnu/H-i686-pc-linux-gnu/bin/../lib/gcc/nios2-elf/4.1.2/../../../../nios2-elf/lib/libc.a(lib_a-strlen.o)
 .data          0x00b619a8        0x0 /usr/local/3rdparty/altera/quartus12/nios2eds/bin/gnu/H-i686-pc-linux-gnu/bin/../lib/gcc/nios2-elf/4.1.2/../../../../nios2-elf/lib/libc.a(lib_a-vfprintf.o)
 .data          0x00b619a8        0x0 /usr/local/3rdparty/altera/quartus12/nios2eds/bin/gnu/H-i686-pc-linux-gnu/bin/../lib/gcc/nios2-elf/4.1.2/../../../../nios2-elf/lib/libc.a(lib_a-wsetup.o)
 .data          0x00b619a8        0x0 /usr/local/3rdparty/altera/quartus12/nios2eds/bin/gnu/H-i686-pc-linux-gnu/bin/../lib/gcc/nios2-elf/4.1.2/../../../../nios2-elf/lib/libc.a(lib_a-dtoa.o)
 .data          0x00b619a8        0x0 /usr/local/3rdparty/altera/quartus12/nios2eds/bin/gnu/H-i686-pc-linux-gnu/bin/../lib/gcc/nios2-elf/4.1.2/../../../../nios2-elf/lib/libc.a(lib_a-fflush.o)
 .data          0x00b619a8        0x0 /usr/local/3rdparty/altera/quartus12/nios2eds/bin/gnu/H-i686-pc-linux-gnu/bin/../lib/gcc/nios2-elf/4.1.2/../../../../nios2-elf/lib/libc.a(lib_a-findfp.o)
 .data          0x00b619a8        0x0 /usr/local/3rdparty/altera/quartus12/nios2eds/bin/gnu/H-i686-pc-linux-gnu/bin/../lib/gcc/nios2-elf/4.1.2/../../../../nios2-elf/lib/libc.a(lib_a-freer.o)
 .data          0x00b619a8        0x0 /usr/local/3rdparty/altera/quartus12/nios2eds/bin/gnu/H-i686-pc-linux-gnu/bin/../lib/gcc/nios2-elf/4.1.2/../../../../nios2-elf/lib/libc.a(lib_a-fvwrite.o)
 .data          0x00b619a8        0x0 /usr/local/3rdparty/altera/quartus12/nios2eds/bin/gnu/H-i686-pc-linux-gnu/bin/../lib/gcc/nios2-elf/4.1.2/../../../../nios2-elf/lib/libc.a(lib_a-fwalk.o)
 .data          0x00b619a8        0xc /usr/local/3rdparty/altera/quartus12/nios2eds/bin/gnu/H-i686-pc-linux-gnu/bin/../lib/gcc/nios2-elf/4.1.2/../../../../nios2-elf/lib/libc.a(lib_a-locale.o)
                0x00b619a8                __lc_ctype
 .data          0x00b619b4        0x0 /usr/local/3rdparty/altera/quartus12/nios2eds/bin/gnu/H-i686-pc-linux-gnu/bin/../lib/gcc/nios2-elf/4.1.2/../../../../nios2-elf/lib/libc.a(lib_a-makebuf.o)
 .data          0x00b619b4      0x408 /usr/local/3rdparty/altera/quartus12/nios2eds/bin/gnu/H-i686-pc-linux-gnu/bin/../lib/gcc/nios2-elf/4.1.2/../../../../nios2-elf/lib/libc.a(lib_a-mallocr.o)
                0x00b619b4                __malloc_av_
 .data          0x00b61dbc        0x0 /usr/local/3rdparty/altera/quartus12/nios2eds/bin/gnu/H-i686-pc-linux-gnu/bin/../lib/gcc/nios2-elf/4.1.2/../../../../nios2-elf/lib/libc.a(lib_a-memchr.o)
 .data          0x00b61dbc        0x0 /usr/local/3rdparty/altera/quartus12/nios2eds/bin/gnu/H-i686-pc-linux-gnu/bin/../lib/gcc/nios2-elf/4.1.2/../../../../nios2-elf/lib/libc.a(lib_a-memcpy.o)
 .data          0x00b61dbc        0x0 /usr/local/3rdparty/altera/quartus12/nios2eds/bin/gnu/H-i686-pc-linux-gnu/bin/../lib/gcc/nios2-elf/4.1.2/../../../../nios2-elf/lib/libc.a(lib_a-memmove.o)
 .data          0x00b61dbc        0x0 /usr/local/3rdparty/altera/quartus12/nios2eds/bin/gnu/H-i686-pc-linux-gnu/bin/../lib/gcc/nios2-elf/4.1.2/../../../../nios2-elf/lib/libc.a(lib_a-memset.o)
 .data          0x00b61dbc        0x0 /usr/local/3rdparty/altera/quartus12/nios2eds/bin/gnu/H-i686-pc-linux-gnu/bin/../lib/gcc/nios2-elf/4.1.2/../../../../nios2-elf/lib/libc.a(lib_a-mprec.o)
 .data          0x00b61dbc        0x0 /usr/local/3rdparty/altera/quartus12/nios2eds/bin/gnu/H-i686-pc-linux-gnu/bin/../lib/gcc/nios2-elf/4.1.2/../../../../nios2-elf/lib/libc.a(lib_a-reallocr.o)
 .data          0x00b61dbc        0x0 /usr/local/3rdparty/altera/quartus12/nios2eds/bin/gnu/H-i686-pc-linux-gnu/bin/../lib/gcc/nios2-elf/4.1.2/../../../../nios2-elf/lib/libc.a(lib_a-s_isinfd.o)
 .data          0x00b61dbc        0x0 /usr/local/3rdparty/altera/quartus12/nios2eds/bin/gnu/H-i686-pc-linux-gnu/bin/../lib/gcc/nios2-elf/4.1.2/../../../../nios2-elf/lib/libc.a(lib_a-s_isnand.o)
 .data          0x00b61dbc        0x0 /usr/local/3rdparty/altera/quartus12/nios2eds/bin/gnu/H-i686-pc-linux-gnu/bin/../lib/gcc/nios2-elf/4.1.2/../../../../nios2-elf/lib/libc.a(lib_a-sbrkr.o)
 .data          0x00b61dbc        0x0 /usr/local/3rdparty/altera/quartus12/nios2eds/bin/gnu/H-i686-pc-linux-gnu/bin/../lib/gcc/nios2-elf/4.1.2/../../../../nios2-elf/lib/libc.a(lib_a-stdio.o)
 .data          0x00b61dbc        0x0 /usr/local/3rdparty/altera/quartus12/nios2eds/bin/gnu/H-i686-pc-linux-gnu/bin/../lib/gcc/nios2-elf/4.1.2/../../../../nios2-elf/lib/libc.a(lib_a-strcmp.o)
 .data          0x00b61dbc        0x0 /usr/local/3rdparty/altera/quartus12/nios2eds/bin/gnu/H-i686-pc-linux-gnu/bin/../lib/gcc/nios2-elf/4.1.2/../../../../nios2-elf/lib/libc.a(lib_a-writer.o)
 .data          0x00b61dbc        0x0 /usr/local/3rdparty/altera/quartus12/nios2eds/bin/gnu/H-i686-pc-linux-gnu/bin/../lib/gcc/nios2-elf/4.1.2/../../../../nios2-elf/lib/libc.a(lib_a-callocr.o)
 .data          0x00b61dbc        0x0 /usr/local/3rdparty/altera/quartus12/nios2eds/bin/gnu/H-i686-pc-linux-gnu/bin/../lib/gcc/nios2-elf/4.1.2/../../../../nios2-elf/lib/libc.a(lib_a-closer.o)
 .data          0x00b61dbc        0x0 /usr/local/3rdparty/altera/quartus12/nios2eds/bin/gnu/H-i686-pc-linux-gnu/bin/../lib/gcc/nios2-elf/4.1.2/../../../../nios2-elf/lib/libc.a(lib_a-fclose.o)
 .data          0x00b61dbc        0x0 /usr/local/3rdparty/altera/quartus12/nios2eds/bin/gnu/H-i686-pc-linux-gnu/bin/../lib/gcc/nios2-elf/4.1.2/../../../../nios2-elf/lib/libc.a(lib_a-fstatr.o)
 .data          0x00b61dbc        0x0 /usr/local/3rdparty/altera/quartus12/nios2eds/bin/gnu/H-i686-pc-linux-gnu/bin/../lib/gcc/nios2-elf/4.1.2/../../../../nios2-elf/lib/libc.a(lib_a-int_errno.o)
 .data          0x00b61dbc        0x0 /usr/local/3rdparty/altera/quartus12/nios2eds/bin/gnu/H-i686-pc-linux-gnu/bin/../lib/gcc/nios2-elf/4.1.2/../../../../nios2-elf/lib/libc.a(lib_a-isattyr.o)
 .data          0x00b61dbc        0x0 /usr/local/3rdparty/altera/quartus12/nios2eds/bin/gnu/H-i686-pc-linux-gnu/bin/../lib/gcc/nios2-elf/4.1.2/../../../../nios2-elf/lib/libc.a(lib_a-lseekr.o)
 .data          0x00b61dbc        0x0 /usr/local/3rdparty/altera/quartus12/nios2eds/bin/gnu/H-i686-pc-linux-gnu/bin/../lib/gcc/nios2-elf/4.1.2/../../../../nios2-elf/lib/libc.a(lib_a-readr.o)
 .data          0x00b61dbc        0x0 /usr/local/3rdparty/altera/quartus12/nios2eds/bin/gnu/H-i686-pc-linux-gnu/bin/../lib/gcc/nios2-elf/4.1.2/libgcc.a(_udivdi3.o)
 .data          0x00b61dbc        0x0 /usr/local/3rdparty/altera/quartus12/nios2eds/bin/gnu/H-i686-pc-linux-gnu/bin/../lib/gcc/nios2-elf/4.1.2/libgcc.a(_umoddi3.o)
 .data          0x00b61dbc        0x0 /usr/local/3rdparty/altera/quartus12/nios2eds/bin/gnu/H-i686-pc-linux-gnu/bin/../lib/gcc/nios2-elf/4.1.2/libgcc.a(_mul_df.o)
 .data          0x00b61dbc        0x0 /usr/local/3rdparty/altera/quartus12/nios2eds/bin/gnu/H-i686-pc-linux-gnu/bin/../lib/gcc/nios2-elf/4.1.2/libgcc.a(_eq_df.o)
 .data          0x00b61dbc        0x0 /usr/local/3rdparty/altera/quartus12/nios2eds/bin/gnu/H-i686-pc-linux-gnu/bin/../lib/gcc/nios2-elf/4.1.2/libgcc.a(_gt_df.o)
 .data          0x00b61dbc        0x0 /usr/local/3rdparty/altera/quartus12/nios2eds/bin/gnu/H-i686-pc-linux-gnu/bin/../lib/gcc/nios2-elf/4.1.2/libgcc.a(_ge_df.o)
 .data          0x00b61dbc        0x0 /usr/local/3rdparty/altera/quartus12/nios2eds/bin/gnu/H-i686-pc-linux-gnu/bin/../lib/gcc/nios2-elf/4.1.2/libgcc.a(_lt_df.o)
 .data          0x00b61dbc        0x0 /usr/local/3rdparty/altera/quartus12/nios2eds/bin/gnu/H-i686-pc-linux-gnu/bin/../lib/gcc/nios2-elf/4.1.2/libgcc.a(_si_to_df.o)
 .data          0x00b61dbc        0x0 /usr/local/3rdparty/altera/quartus12/nios2eds/bin/gnu/H-i686-pc-linux-gnu/bin/../lib/gcc/nios2-elf/4.1.2/libgcc.a(_df_to_si.o)
 .data          0x00b61dbc        0x0 /usr/local/3rdparty/altera/quartus12/nios2eds/bin/gnu/H-i686-pc-linux-gnu/bin/../lib/gcc/nios2-elf/4.1.2/libgcc.a(_usi_to_df.o)
 .data          0x00b61dbc        0x0 /usr/local/3rdparty/altera/quartus12/nios2eds/bin/gnu/H-i686-pc-linux-gnu/bin/../lib/gcc/nios2-elf/4.1.2/libgcc.a(lib2-divmod.o)
 .data          0x00b61dbc        0x0 ../Fractal_cpu1_bsp//libhal_bsp.a(alt_close.o)
 .data          0x00b61dbc      0x1a8 ../Fractal_cpu1_bsp//libhal_bsp.a(alt_dev.o)
                0x00b61dbc                alt_dev_null
                0x00b61de4                alt_fd_list
 .data          0x00b61f64        0x0 ../Fractal_cpu1_bsp//libhal_bsp.a(alt_errno.o)
 .data          0x00b61f64        0x0 ../Fractal_cpu1_bsp//libhal_bsp.a(alt_fstat.o)
 .data          0x00b61f64        0x0 ../Fractal_cpu1_bsp//libhal_bsp.a(alt_isatty.o)
 .data          0x00b61f64        0x0 ../Fractal_cpu1_bsp//libhal_bsp.a(alt_load.o)
 .data          0x00b61f64        0x0 ../Fractal_cpu1_bsp//libhal_bsp.a(alt_lseek.o)
 .data          0x00b61f64        0x0 ../Fractal_cpu1_bsp//libhal_bsp.a(alt_main.o)
 .data          0x00b61f64        0x0 ../Fractal_cpu1_bsp//libhal_bsp.a(alt_malloc_lock.o)
 .data          0x00b61f64        0x0 ../Fractal_cpu1_bsp//libhal_bsp.a(alt_read.o)
 .data          0x00b61f64        0x0 ../Fractal_cpu1_bsp//libhal_bsp.a(alt_release_fd.o)
 .data          0x00b61f64        0x0 ../Fractal_cpu1_bsp//libhal_bsp.a(alt_sbrk.o)
 .data          0x00b61f64        0x0 ../Fractal_cpu1_bsp//libhal_bsp.a(alt_write.o)
 .data          0x00b61f64     0x11a4 ../Fractal_cpu1_bsp//libhal_bsp.a(alt_sys_init.o)
 .data          0x00b63108        0x0 ../Fractal_cpu1_bsp//libhal_bsp.a(altera_avalon_jtag_uart_fd.o)
 .data          0x00b63108        0x0 ../Fractal_cpu1_bsp//libhal_bsp.a(altera_avalon_jtag_uart_init.o)
 .data          0x00b63108        0x0 ../Fractal_cpu1_bsp//libhal_bsp.a(altera_avalon_jtag_uart_ioctl.o)
 .data          0x00b63108        0x0 ../Fractal_cpu1_bsp//libhal_bsp.a(altera_avalon_jtag_uart_read.o)
 .data          0x00b63108        0x0 ../Fractal_cpu1_bsp//libhal_bsp.a(altera_avalon_jtag_uart_write.o)
 .data          0x00b63108        0x0 ../Fractal_cpu1_bsp//libhal_bsp.a(altera_avalon_mailbox.o)
 .data          0x00b63108        0x0 ../Fractal_cpu1_bsp//libhal_bsp.a(altera_avalon_mutex.o)
 .data          0x00b63108        0x0 ../Fractal_cpu1_bsp//libhal_bsp.a(altera_avalon_performance_counter.o)
 .data          0x00b63108        0x0 ../Fractal_cpu1_bsp//libhal_bsp.a(altera_up_avalon_video_pixel_buffer_dma.o)
 .data          0x00b63108        0x0 ../Fractal_cpu1_bsp//libhal_bsp.a(alt_alarm_start.o)
 .data          0x00b63108        0x0 ../Fractal_cpu1_bsp//libhal_bsp.a(alt_dcache_flush_all.o)
 .data          0x00b63108        0x0 ../Fractal_cpu1_bsp//libhal_bsp.a(alt_dev_llist_insert.o)
 .data          0x00b63108        0x0 ../Fractal_cpu1_bsp//libhal_bsp.a(alt_do_ctors.o)
 .data          0x00b63108        0x0 ../Fractal_cpu1_bsp//libhal_bsp.a(alt_do_dtors.o)
 .data          0x00b63108        0x0 ../Fractal_cpu1_bsp//libhal_bsp.a(alt_find_dev.o)
 .data          0x00b63108        0x0 ../Fractal_cpu1_bsp//libhal_bsp.a(alt_icache_flush_all.o)
 .data          0x00b63108        0x0 ../Fractal_cpu1_bsp//libhal_bsp.a(alt_iic.o)
 .data          0x00b63108        0x0 ../Fractal_cpu1_bsp//libhal_bsp.a(alt_iic_isr_register.o)
 .data          0x00b63108        0x0 ../Fractal_cpu1_bsp//libhal_bsp.a(alt_io_redirect.o)
 .data          0x00b63108        0x0 ../Fractal_cpu1_bsp//libhal_bsp.a(alt_irq_entry.o)
 .data          0x00b63108        0x0 ../Fractal_cpu1_bsp//libhal_bsp.a(alt_irq_handler.o)
 .data          0x00b63108        0x0 ../Fractal_cpu1_bsp//libhal_bsp.a(alt_irq_vars.o)
 .data          0x00b63108        0x0 ../Fractal_cpu1_bsp//libhal_bsp.a(alt_open.o)
 .data          0x00b63108        0x0 ../Fractal_cpu1_bsp//libhal_bsp.a(alt_tick.o)
 .data          0x00b63108        0x0 ../Fractal_cpu1_bsp//libhal_bsp.a(altera_nios2_irq.o)
 .data          0x00b63108        0x0 ../Fractal_cpu1_bsp//libhal_bsp.a(alt_exception_entry.o)
 .data          0x00b63108        0x0 ../Fractal_cpu1_bsp//libhal_bsp.a(alt_find_file.o)
 .data          0x00b63108        0x0 ../Fractal_cpu1_bsp//libhal_bsp.a(alt_get_fd.o)
 .data          0x00b63108        0x0 ../Fractal_cpu1_bsp//libhal_bsp.a(alt_icache_flush.o)
 .data          0x00b63108        0x0 /usr/local/3rdparty/altera/quartus12/nios2eds/bin/gnu/H-i686-pc-linux-gnu/bin/../lib/gcc/nios2-elf/4.1.2/../../../../nios2-elf/lib/libc.a(lib_a-atexit.o)
 .data          0x00b63108        0x0 /usr/local/3rdparty/altera/quartus12/nios2eds/bin/gnu/H-i686-pc-linux-gnu/bin/../lib/gcc/nios2-elf/4.1.2/../../../../nios2-elf/lib/libc.a(lib_a-exit.o)
 .data          0x00b63108        0x0 /usr/local/3rdparty/altera/quartus12/nios2eds/bin/gnu/H-i686-pc-linux-gnu/bin/../lib/gcc/nios2-elf/4.1.2/../../../../nios2-elf/lib/libc.a(lib_a-memcmp.o)
 .data          0x00b63108        0x0 /usr/local/3rdparty/altera/quartus12/nios2eds/bin/gnu/H-i686-pc-linux-gnu/bin/../lib/gcc/nios2-elf/4.1.2/../../../../nios2-elf/lib/libc.a(lib_a-__atexit.o)
 .data          0x00b63108        0x0 /usr/local/3rdparty/altera/quartus12/nios2eds/bin/gnu/H-i686-pc-linux-gnu/bin/../lib/gcc/nios2-elf/4.1.2/../../../../nios2-elf/lib/libc.a(lib_a-__call_atexit.o)
 .data          0x00b63108        0x0 ../Fractal_cpu1_bsp//libhal_bsp.a(alt_exit.o)
                0x00b6b108                _gp = ABSOLUTE ((. + 0x8000))
                0x00b6b108                PROVIDE (gp, _gp)
 *(.rwdata .rwdata.*)
 *(.sdata .sdata.* .gnu.linkonce.s.*)
 .sdata         0x00b63108        0x4 obj/default/Fractal.o
                0x00b63108                targetArrayXY
 .sdata         0x00b6310c       0x18 /usr/local/3rdparty/altera/quartus12/nios2eds/bin/gnu/H-i686-pc-linux-gnu/bin/../lib/gcc/nios2-elf/4.1.2/../../../../nios2-elf/lib/libm.a(lib_a-ef_pow.o)
 .sdata         0x00b63124        0x4 /usr/local/3rdparty/altera/quartus12/nios2eds/bin/gnu/H-i686-pc-linux-gnu/bin/../lib/gcc/nios2-elf/4.1.2/../../../../nios2-elf/lib/libm.a(lib_a-s_lib_ver.o)
                0x00b63124                __fdlib_version
 .sdata         0x00b63128        0x8 /usr/local/3rdparty/altera/quartus12/nios2eds/bin/gnu/H-i686-pc-linux-gnu/bin/../lib/gcc/nios2-elf/4.1.2/../../../../nios2-elf/lib/libc.a(lib_a-impure.o)
                0x00b63128                _impure_ptr
                0x00b6312c                _global_impure_ptr
 .sdata         0x00b63130        0x8 /usr/local/3rdparty/altera/quartus12/nios2eds/bin/gnu/H-i686-pc-linux-gnu/bin/../lib/gcc/nios2-elf/4.1.2/../../../../nios2-elf/lib/libc.a(lib_a-locale.o)
                0x00b63130                __mb_cur_max
 .sdata         0x00b63138        0x8 /usr/local/3rdparty/altera/quartus12/nios2eds/bin/gnu/H-i686-pc-linux-gnu/bin/../lib/gcc/nios2-elf/4.1.2/../../../../nios2-elf/lib/libc.a(lib_a-mallocr.o)
                0x00b63138                __malloc_trim_threshold
                0x00b6313c                __malloc_sbrk_base
 .sdata         0x00b63140       0x14 ../Fractal_cpu1_bsp//libhal_bsp.a(alt_dev.o)
                0x00b63140                alt_fs_list
                0x00b63148                alt_dev_list
                0x00b63150                alt_max_fd
 .sdata         0x00b63154        0x4 ../Fractal_cpu1_bsp//libhal_bsp.a(alt_errno.o)
                0x00b63154                alt_errno
 .sdata         0x00b63158        0x4 ../Fractal_cpu1_bsp//libhal_bsp.a(alt_sbrk.o)
 .sdata         0x00b6315c        0x8 ../Fractal_cpu1_bsp//libhal_bsp.a(altera_avalon_mailbox.o)
                0x00b6315c                alt_mailbox_list
 .sdata         0x00b63164        0x8 ../Fractal_cpu1_bsp//libhal_bsp.a(altera_avalon_mutex.o)
                0x00b63164                alt_mutex_list
 .sdata         0x00b6316c        0x4 ../Fractal_cpu1_bsp//libhal_bsp.a(alt_irq_vars.o)
                0x00b6316c                alt_priority_mask
 .sdata         0x00b63170        0x8 ../Fractal_cpu1_bsp//libhal_bsp.a(alt_tick.o)
                0x00b63170                alt_alarm_list
 *(.sdata2 .sdata2.* .gnu.linkonce.s2.*)
                0x00b63178                . = ALIGN (0x4)
                0x00b63178                _edata = ABSOLUTE (.)
                0x00b63178                PROVIDE (edata, ABSOLUTE (.))
                0x00b63178                PROVIDE (__ram_rwdata_end, ABSOLUTE (.))
                0x00b63178                PROVIDE (__flash_rwdata_start, LOADADDR (.rwdata))

.bss            0x00b64d48      0x2f8
                0x00b64d48                __bss_start = ABSOLUTE (.)
                0x00b64d48                PROVIDE (__sbss_start, ABSOLUTE (.))
                0x00b64d48                PROVIDE (___sbss_start, ABSOLUTE (.))
 *(.dynsbss)
 *(.sbss .sbss.* .gnu.linkonce.sb.*)
 .sbss          0x00b64d48        0x8 obj/default/Fractal.o
                0x00b64d48                targetArrayXYMaster
 .sbss          0x00b64d50        0x4 obj/default/Fractal.o
                0x00b64d50                myPixelBuffer
 .sbss          0x00b64d54        0xc /usr/local/3rdparty/altera/quartus12/nios2eds/bin/gnu/H-i686-pc-linux-gnu/bin/../lib/gcc/nios2-elf/4.1.2/../../../../nios2-elf/lib/libc.a(lib_a-locale.o)
                0x00b64d54                __nlocale_changed
                0x00b64d58                __mlocale_changed
                0x00b64d5c                _PathLocale
 .sbss          0x00b64d60        0xc /usr/local/3rdparty/altera/quartus12/nios2eds/bin/gnu/H-i686-pc-linux-gnu/bin/../lib/gcc/nios2-elf/4.1.2/../../../../nios2-elf/lib/libc.a(lib_a-mallocr.o)
                0x00b64d60                __malloc_top_pad
                0x00b64d64                __malloc_max_sbrked_mem
                0x00b64d68                __malloc_max_total_mem
 .sbss          0x00b64d6c        0x4 /usr/local/3rdparty/altera/quartus12/nios2eds/bin/gnu/H-i686-pc-linux-gnu/bin/../lib/gcc/nios2-elf/4.1.2/../../../../nios2-elf/lib/libc.a(lib_a-int_errno.o)
                0x00b64d6c                errno
 .sbss          0x00b64d70        0xc ../Fractal_cpu1_bsp//libhal_bsp.a(alt_main.o)
                0x00b64d70                alt_argc
                0x00b64d74                alt_argv
                0x00b64d78                alt_envp
 .sbss          0x00b64d7c        0x4 ../Fractal_cpu1_bsp//libhal_bsp.a(alt_irq_vars.o)
                0x00b64d7c                alt_irq_active
 .sbss          0x00b64d80        0x8 ../Fractal_cpu1_bsp//libhal_bsp.a(alt_tick.o)
                0x00b64d80                _alt_tick_rate
                0x00b64d84                _alt_nticks
 *(.sbss2 .sbss2.* .gnu.linkonce.sb2.*)
 *(.scommon)
                0x00b64d88                PROVIDE (__sbss_end, ABSOLUTE (.))
                0x00b64d88                PROVIDE (___sbss_end, ABSOLUTE (.))
 *(.dynbss)
 *(.bss .bss.* .gnu.linkonce.b.*)
 .bss           0x00b64d88        0x0 ../Fractal_cpu1_bsp//obj/HAL/src/crt0.o
 .bss           0x00b64d88        0x0 obj/default/Fractal.o
 .bss           0x00b64d88        0x0 obj/default/Project.o
 .bss           0x00b64d88        0x0 /usr/local/3rdparty/altera/quartus12/nios2eds/bin/gnu/H-i686-pc-linux-gnu/bin/../lib/gcc/nios2-elf/4.1.2/../../../../nios2-elf/lib/libm.a(lib_a-wf_pow.o)
 .bss           0x00b64d88        0x0 /usr/local/3rdparty/altera/quartus12/nios2eds/bin/gnu/H-i686-pc-linux-gnu/bin/../lib/gcc/nios2-elf/4.1.2/../../../../nios2-elf/lib/libm.a(lib_a-ef_pow.o)
 .bss           0x00b64d88        0x0 /usr/local/3rdparty/altera/quartus12/nios2eds/bin/gnu/H-i686-pc-linux-gnu/bin/../lib/gcc/nios2-elf/4.1.2/../../../../nios2-elf/lib/libm.a(lib_a-ef_sqrt.o)
 .bss           0x00b64d88        0x0 /usr/local/3rdparty/altera/quartus12/nios2eds/bin/gnu/H-i686-pc-linux-gnu/bin/../lib/gcc/nios2-elf/4.1.2/../../../../nios2-elf/lib/libm.a(lib_a-s_lib_ver.o)
 .bss           0x00b64d88        0x0 /usr/local/3rdparty/altera/quartus12/nios2eds/bin/gnu/H-i686-pc-linux-gnu/bin/../lib/gcc/nios2-elf/4.1.2/../../../../nios2-elf/lib/libm.a(lib_a-s_matherr.o)
 .bss           0x00b64d88        0x0 /usr/local/3rdparty/altera/quartus12/nios2eds/bin/gnu/H-i686-pc-linux-gnu/bin/../lib/gcc/nios2-elf/4.1.2/../../../../nios2-elf/lib/libm.a(lib_a-s_rint.o)
 .bss           0x00b64d88        0x0 /usr/local/3rdparty/altera/quartus12/nios2eds/bin/gnu/H-i686-pc-linux-gnu/bin/../lib/gcc/nios2-elf/4.1.2/../../../../nios2-elf/lib/libm.a(lib_a-sf_fabs.o)
 .bss           0x00b64d88        0x0 /usr/local/3rdparty/altera/quartus12/nios2eds/bin/gnu/H-i686-pc-linux-gnu/bin/../lib/gcc/nios2-elf/4.1.2/../../../../nios2-elf/lib/libm.a(lib_a-sf_finite.o)
 .bss           0x00b64d88        0x0 /usr/local/3rdparty/altera/quartus12/nios2eds/bin/gnu/H-i686-pc-linux-gnu/bin/../lib/gcc/nios2-elf/4.1.2/../../../../nios2-elf/lib/libm.a(lib_a-sf_isnan.o)
 .bss           0x00b64d88        0x0 /usr/local/3rdparty/altera/quartus12/nios2eds/bin/gnu/H-i686-pc-linux-gnu/bin/../lib/gcc/nios2-elf/4.1.2/../../../../nios2-elf/lib/libm.a(lib_a-sf_nan.o)
 .bss           0x00b64d88        0x0 /usr/local/3rdparty/altera/quartus12/nios2eds/bin/gnu/H-i686-pc-linux-gnu/bin/../lib/gcc/nios2-elf/4.1.2/../../../../nios2-elf/lib/libm.a(lib_a-sf_scalbn.o)
 .bss           0x00b64d88        0x0 /usr/local/3rdparty/altera/quartus12/nios2eds/bin/gnu/H-i686-pc-linux-gnu/bin/../lib/gcc/nios2-elf/4.1.2/../../../../nios2-elf/lib/libm.a(lib_a-sf_copysign.o)
 .bss           0x00b64d88        0x0 /usr/local/3rdparty/altera/quartus12/nios2eds/bin/gnu/H-i686-pc-linux-gnu/bin/../lib/gcc/nios2-elf/4.1.2/libgcc.a(_muldi3.o)
 .bss           0x00b64d88        0x0 /usr/local/3rdparty/altera/quartus12/nios2eds/bin/gnu/H-i686-pc-linux-gnu/bin/../lib/gcc/nios2-elf/4.1.2/libgcc.a(_addsub_sf.o)
 .bss           0x00b64d88        0x0 /usr/local/3rdparty/altera/quartus12/nios2eds/bin/gnu/H-i686-pc-linux-gnu/bin/../lib/gcc/nios2-elf/4.1.2/libgcc.a(_mul_sf.o)
 .bss           0x00b64d88        0x0 /usr/local/3rdparty/altera/quartus12/nios2eds/bin/gnu/H-i686-pc-linux-gnu/bin/../lib/gcc/nios2-elf/4.1.2/libgcc.a(_div_sf.o)
 .bss           0x00b64d88        0x0 /usr/local/3rdparty/altera/quartus12/nios2eds/bin/gnu/H-i686-pc-linux-gnu/bin/../lib/gcc/nios2-elf/4.1.2/libgcc.a(_eq_sf.o)
 .bss           0x00b64d88        0x0 /usr/local/3rdparty/altera/quartus12/nios2eds/bin/gnu/H-i686-pc-linux-gnu/bin/../lib/gcc/nios2-elf/4.1.2/libgcc.a(_gt_sf.o)
 .bss           0x00b64d88        0x0 /usr/local/3rdparty/altera/quartus12/nios2eds/bin/gnu/H-i686-pc-linux-gnu/bin/../lib/gcc/nios2-elf/4.1.2/libgcc.a(_lt_sf.o)
 .bss           0x00b64d88        0x0 /usr/local/3rdparty/altera/quartus12/nios2eds/bin/gnu/H-i686-pc-linux-gnu/bin/../lib/gcc/nios2-elf/4.1.2/libgcc.a(_le_sf.o)
 .bss           0x00b64d88        0x0 /usr/local/3rdparty/altera/quartus12/nios2eds/bin/gnu/H-i686-pc-linux-gnu/bin/../lib/gcc/nios2-elf/4.1.2/libgcc.a(_si_to_sf.o)
 .bss           0x00b64d88        0x0 /usr/local/3rdparty/altera/quartus12/nios2eds/bin/gnu/H-i686-pc-linux-gnu/bin/../lib/gcc/nios2-elf/4.1.2/libgcc.a(_sf_to_si.o)
 .bss           0x00b64d88        0x0 /usr/local/3rdparty/altera/quartus12/nios2eds/bin/gnu/H-i686-pc-linux-gnu/bin/../lib/gcc/nios2-elf/4.1.2/libgcc.a(_sf_to_df.o)
 .bss           0x00b64d88        0x0 /usr/local/3rdparty/altera/quartus12/nios2eds/bin/gnu/H-i686-pc-linux-gnu/bin/../lib/gcc/nios2-elf/4.1.2/libgcc.a(_thenan_sf.o)
 .bss           0x00b64d88        0x0 /usr/local/3rdparty/altera/quartus12/nios2eds/bin/gnu/H-i686-pc-linux-gnu/bin/../lib/gcc/nios2-elf/4.1.2/libgcc.a(_addsub_df.o)
 .bss           0x00b64d88        0x0 /usr/local/3rdparty/altera/quartus12/nios2eds/bin/gnu/H-i686-pc-linux-gnu/bin/../lib/gcc/nios2-elf/4.1.2/libgcc.a(_div_df.o)
 .bss           0x00b64d88        0x0 /usr/local/3rdparty/altera/quartus12/nios2eds/bin/gnu/H-i686-pc-linux-gnu/bin/../lib/gcc/nios2-elf/4.1.2/libgcc.a(_ne_df.o)
 .bss           0x00b64d88        0x0 /usr/local/3rdparty/altera/quartus12/nios2eds/bin/gnu/H-i686-pc-linux-gnu/bin/../lib/gcc/nios2-elf/4.1.2/libgcc.a(_make_df.o)
 .bss           0x00b64d88        0x0 /usr/local/3rdparty/altera/quartus12/nios2eds/bin/gnu/H-i686-pc-linux-gnu/bin/../lib/gcc/nios2-elf/4.1.2/libgcc.a(_df_to_sf.o)
 .bss           0x00b64d88        0x0 /usr/local/3rdparty/altera/quartus12/nios2eds/bin/gnu/H-i686-pc-linux-gnu/bin/../lib/gcc/nios2-elf/4.1.2/libgcc.a(_thenan_df.o)
 .bss           0x00b64d88        0x0 /usr/local/3rdparty/altera/quartus12/nios2eds/bin/gnu/H-i686-pc-linux-gnu/bin/../lib/gcc/nios2-elf/4.1.2/libgcc.a(_clzsi2.o)
 .bss           0x00b64d88        0x0 /usr/local/3rdparty/altera/quartus12/nios2eds/bin/gnu/H-i686-pc-linux-gnu/bin/../lib/gcc/nios2-elf/4.1.2/libgcc.a(_pack_sf.o)
 .bss           0x00b64d88        0x0 /usr/local/3rdparty/altera/quartus12/nios2eds/bin/gnu/H-i686-pc-linux-gnu/bin/../lib/gcc/nios2-elf/4.1.2/libgcc.a(_unpack_sf.o)
 .bss           0x00b64d88        0x0 /usr/local/3rdparty/altera/quartus12/nios2eds/bin/gnu/H-i686-pc-linux-gnu/bin/../lib/gcc/nios2-elf/4.1.2/libgcc.a(_fpcmp_parts_sf.o)
 .bss           0x00b64d88        0x0 /usr/local/3rdparty/altera/quartus12/nios2eds/bin/gnu/H-i686-pc-linux-gnu/bin/../lib/gcc/nios2-elf/4.1.2/libgcc.a(_make_sf.o)
 .bss           0x00b64d88        0x0 /usr/local/3rdparty/altera/quartus12/nios2eds/bin/gnu/H-i686-pc-linux-gnu/bin/../lib/gcc/nios2-elf/4.1.2/libgcc.a(_pack_df.o)
 .bss           0x00b64d88        0x0 /usr/local/3rdparty/altera/quartus12/nios2eds/bin/gnu/H-i686-pc-linux-gnu/bin/../lib/gcc/nios2-elf/4.1.2/libgcc.a(_unpack_df.o)
 .bss           0x00b64d88        0x0 /usr/local/3rdparty/altera/quartus12/nios2eds/bin/gnu/H-i686-pc-linux-gnu/bin/../lib/gcc/nios2-elf/4.1.2/libgcc.a(_fpcmp_parts_df.o)
 .bss           0x00b64d88        0x0 /usr/local/3rdparty/altera/quartus12/nios2eds/bin/gnu/H-i686-pc-linux-gnu/bin/../lib/gcc/nios2-elf/4.1.2/libgcc.a(_clz.o)
 .bss           0x00b64d88        0x0 /usr/local/3rdparty/altera/quartus12/nios2eds/bin/gnu/H-i686-pc-linux-gnu/bin/../lib/gcc/nios2-elf/4.1.2/../../../../nios2-elf/lib/libc.a(lib_a-errno.o)
 .bss           0x00b64d88        0x0 /usr/local/3rdparty/altera/quartus12/nios2eds/bin/gnu/H-i686-pc-linux-gnu/bin/../lib/gcc/nios2-elf/4.1.2/../../../../nios2-elf/lib/libc.a(lib_a-impure.o)
 .bss           0x00b64d88        0x0 /usr/local/3rdparty/altera/quartus12/nios2eds/bin/gnu/H-i686-pc-linux-gnu/bin/../lib/gcc/nios2-elf/4.1.2/../../../../nios2-elf/lib/libc.a(lib_a-printf.o)
 .bss           0x00b64d88        0x0 /usr/local/3rdparty/altera/quartus12/nios2eds/bin/gnu/H-i686-pc-linux-gnu/bin/../lib/gcc/nios2-elf/4.1.2/../../../../nios2-elf/lib/libc.a(lib_a-puts.o)
 .bss           0x00b64d88        0x0 /usr/local/3rdparty/altera/quartus12/nios2eds/bin/gnu/H-i686-pc-linux-gnu/bin/../lib/gcc/nios2-elf/4.1.2/../../../../nios2-elf/lib/libc.a(lib_a-sprintf.o)
 .bss           0x00b64d88        0x0 /usr/local/3rdparty/altera/quartus12/nios2eds/bin/gnu/H-i686-pc-linux-gnu/bin/../lib/gcc/nios2-elf/4.1.2/../../../../nios2-elf/lib/libc.a(lib_a-strlen.o)
 .bss           0x00b64d88        0x0 /usr/local/3rdparty/altera/quartus12/nios2eds/bin/gnu/H-i686-pc-linux-gnu/bin/../lib/gcc/nios2-elf/4.1.2/../../../../nios2-elf/lib/libc.a(lib_a-vfprintf.o)
 .bss           0x00b64d88        0x0 /usr/local/3rdparty/altera/quartus12/nios2eds/bin/gnu/H-i686-pc-linux-gnu/bin/../lib/gcc/nios2-elf/4.1.2/../../../../nios2-elf/lib/libc.a(lib_a-wsetup.o)
 .bss           0x00b64d88        0x0 /usr/local/3rdparty/altera/quartus12/nios2eds/bin/gnu/H-i686-pc-linux-gnu/bin/../lib/gcc/nios2-elf/4.1.2/../../../../nios2-elf/lib/libc.a(lib_a-dtoa.o)
 .bss           0x00b64d88        0x0 /usr/local/3rdparty/altera/quartus12/nios2eds/bin/gnu/H-i686-pc-linux-gnu/bin/../lib/gcc/nios2-elf/4.1.2/../../../../nios2-elf/lib/libc.a(lib_a-fflush.o)
 .bss           0x00b64d88        0x0 /usr/local/3rdparty/altera/quartus12/nios2eds/bin/gnu/H-i686-pc-linux-gnu/bin/../lib/gcc/nios2-elf/4.1.2/../../../../nios2-elf/lib/libc.a(lib_a-findfp.o)
 .bss           0x00b64d88        0x0 /usr/local/3rdparty/altera/quartus12/nios2eds/bin/gnu/H-i686-pc-linux-gnu/bin/../lib/gcc/nios2-elf/4.1.2/../../../../nios2-elf/lib/libc.a(lib_a-freer.o)
 .bss           0x00b64d88        0x0 /usr/local/3rdparty/altera/quartus12/nios2eds/bin/gnu/H-i686-pc-linux-gnu/bin/../lib/gcc/nios2-elf/4.1.2/../../../../nios2-elf/lib/libc.a(lib_a-fvwrite.o)
 .bss           0x00b64d88        0x0 /usr/local/3rdparty/altera/quartus12/nios2eds/bin/gnu/H-i686-pc-linux-gnu/bin/../lib/gcc/nios2-elf/4.1.2/../../../../nios2-elf/lib/libc.a(lib_a-fwalk.o)
 .bss           0x00b64d88        0x0 /usr/local/3rdparty/altera/quartus12/nios2eds/bin/gnu/H-i686-pc-linux-gnu/bin/../lib/gcc/nios2-elf/4.1.2/../../../../nios2-elf/lib/libc.a(lib_a-locale.o)
 .bss           0x00b64d88        0x0 /usr/local/3rdparty/altera/quartus12/nios2eds/bin/gnu/H-i686-pc-linux-gnu/bin/../lib/gcc/nios2-elf/4.1.2/../../../../nios2-elf/lib/libc.a(lib_a-makebuf.o)
 .bss           0x00b64d88       0x28 /usr/local/3rdparty/altera/quartus12/nios2eds/bin/gnu/H-i686-pc-linux-gnu/bin/../lib/gcc/nios2-elf/4.1.2/../../../../nios2-elf/lib/libc.a(lib_a-mallocr.o)
                0x00b64d88                __malloc_current_mallinfo
 .bss           0x00b64db0        0x0 /usr/local/3rdparty/altera/quartus12/nios2eds/bin/gnu/H-i686-pc-linux-gnu/bin/../lib/gcc/nios2-elf/4.1.2/../../../../nios2-elf/lib/libc.a(lib_a-memchr.o)
 .bss           0x00b64db0        0x0 /usr/local/3rdparty/altera/quartus12/nios2eds/bin/gnu/H-i686-pc-linux-gnu/bin/../lib/gcc/nios2-elf/4.1.2/../../../../nios2-elf/lib/libc.a(lib_a-memcpy.o)
 .bss           0x00b64db0        0x0 /usr/local/3rdparty/altera/quartus12/nios2eds/bin/gnu/H-i686-pc-linux-gnu/bin/../lib/gcc/nios2-elf/4.1.2/../../../../nios2-elf/lib/libc.a(lib_a-memmove.o)
 .bss           0x00b64db0        0x0 /usr/local/3rdparty/altera/quartus12/nios2eds/bin/gnu/H-i686-pc-linux-gnu/bin/../lib/gcc/nios2-elf/4.1.2/../../../../nios2-elf/lib/libc.a(lib_a-memset.o)
 .bss           0x00b64db0        0x0 /usr/local/3rdparty/altera/quartus12/nios2eds/bin/gnu/H-i686-pc-linux-gnu/bin/../lib/gcc/nios2-elf/4.1.2/../../../../nios2-elf/lib/libc.a(lib_a-mprec.o)
 .bss           0x00b64db0        0x0 /usr/local/3rdparty/altera/quartus12/nios2eds/bin/gnu/H-i686-pc-linux-gnu/bin/../lib/gcc/nios2-elf/4.1.2/../../../../nios2-elf/lib/libc.a(lib_a-reallocr.o)
 .bss           0x00b64db0        0x0 /usr/local/3rdparty/altera/quartus12/nios2eds/bin/gnu/H-i686-pc-linux-gnu/bin/../lib/gcc/nios2-elf/4.1.2/../../../../nios2-elf/lib/libc.a(lib_a-s_isinfd.o)
 .bss           0x00b64db0        0x0 /usr/local/3rdparty/altera/quartus12/nios2eds/bin/gnu/H-i686-pc-linux-gnu/bin/../lib/gcc/nios2-elf/4.1.2/../../../../nios2-elf/lib/libc.a(lib_a-s_isnand.o)
 .bss           0x00b64db0        0x0 /usr/local/3rdparty/altera/quartus12/nios2eds/bin/gnu/H-i686-pc-linux-gnu/bin/../lib/gcc/nios2-elf/4.1.2/../../../../nios2-elf/lib/libc.a(lib_a-sbrkr.o)
 .bss           0x00b64db0        0x0 /usr/local/3rdparty/altera/quartus12/nios2eds/bin/gnu/H-i686-pc-linux-gnu/bin/../lib/gcc/nios2-elf/4.1.2/../../../../nios2-elf/lib/libc.a(lib_a-stdio.o)
 .bss           0x00b64db0        0x0 /usr/local/3rdparty/altera/quartus12/nios2eds/bin/gnu/H-i686-pc-linux-gnu/bin/../lib/gcc/nios2-elf/4.1.2/../../../../nios2-elf/lib/libc.a(lib_a-strcmp.o)
 .bss           0x00b64db0        0x0 /usr/local/3rdparty/altera/quartus12/nios2eds/bin/gnu/H-i686-pc-linux-gnu/bin/../lib/gcc/nios2-elf/4.1.2/../../../../nios2-elf/lib/libc.a(lib_a-writer.o)
 .bss           0x00b64db0        0x0 /usr/local/3rdparty/altera/quartus12/nios2eds/bin/gnu/H-i686-pc-linux-gnu/bin/../lib/gcc/nios2-elf/4.1.2/../../../../nios2-elf/lib/libc.a(lib_a-callocr.o)
 .bss           0x00b64db0        0x0 /usr/local/3rdparty/altera/quartus12/nios2eds/bin/gnu/H-i686-pc-linux-gnu/bin/../lib/gcc/nios2-elf/4.1.2/../../../../nios2-elf/lib/libc.a(lib_a-closer.o)
 .bss           0x00b64db0        0x0 /usr/local/3rdparty/altera/quartus12/nios2eds/bin/gnu/H-i686-pc-linux-gnu/bin/../lib/gcc/nios2-elf/4.1.2/../../../../nios2-elf/lib/libc.a(lib_a-fclose.o)
 .bss           0x00b64db0        0x0 /usr/local/3rdparty/altera/quartus12/nios2eds/bin/gnu/H-i686-pc-linux-gnu/bin/../lib/gcc/nios2-elf/4.1.2/../../../../nios2-elf/lib/libc.a(lib_a-fstatr.o)
 .bss           0x00b64db0        0x0 /usr/local/3rdparty/altera/quartus12/nios2eds/bin/gnu/H-i686-pc-linux-gnu/bin/../lib/gcc/nios2-elf/4.1.2/../../../../nios2-elf/lib/libc.a(lib_a-int_errno.o)
 .bss           0x00b64db0        0x0 /usr/local/3rdparty/altera/quartus12/nios2eds/bin/gnu/H-i686-pc-linux-gnu/bin/../lib/gcc/nios2-elf/4.1.2/../../../../nios2-elf/lib/libc.a(lib_a-isattyr.o)
 .bss           0x00b64db0        0x0 /usr/local/3rdparty/altera/quartus12/nios2eds/bin/gnu/H-i686-pc-linux-gnu/bin/../lib/gcc/nios2-elf/4.1.2/../../../../nios2-elf/lib/libc.a(lib_a-lseekr.o)
 .bss           0x00b64db0        0x0 /usr/local/3rdparty/altera/quartus12/nios2eds/bin/gnu/H-i686-pc-linux-gnu/bin/../lib/gcc/nios2-elf/4.1.2/../../../../nios2-elf/lib/libc.a(lib_a-readr.o)
 .bss           0x00b64db0        0x0 /usr/local/3rdparty/altera/quartus12/nios2eds/bin/gnu/H-i686-pc-linux-gnu/bin/../lib/gcc/nios2-elf/4.1.2/libgcc.a(_udivdi3.o)
 .bss           0x00b64db0        0x0 /usr/local/3rdparty/altera/quartus12/nios2eds/bin/gnu/H-i686-pc-linux-gnu/bin/../lib/gcc/nios2-elf/4.1.2/libgcc.a(_umoddi3.o)
 .bss           0x00b64db0        0x0 /usr/local/3rdparty/altera/quartus12/nios2eds/bin/gnu/H-i686-pc-linux-gnu/bin/../lib/gcc/nios2-elf/4.1.2/libgcc.a(_mul_df.o)
 .bss           0x00b64db0        0x0 /usr/local/3rdparty/altera/quartus12/nios2eds/bin/gnu/H-i686-pc-linux-gnu/bin/../lib/gcc/nios2-elf/4.1.2/libgcc.a(_eq_df.o)
 .bss           0x00b64db0        0x0 /usr/local/3rdparty/altera/quartus12/nios2eds/bin/gnu/H-i686-pc-linux-gnu/bin/../lib/gcc/nios2-elf/4.1.2/libgcc.a(_gt_df.o)
 .bss           0x00b64db0        0x0 /usr/local/3rdparty/altera/quartus12/nios2eds/bin/gnu/H-i686-pc-linux-gnu/bin/../lib/gcc/nios2-elf/4.1.2/libgcc.a(_ge_df.o)
 .bss           0x00b64db0        0x0 /usr/local/3rdparty/altera/quartus12/nios2eds/bin/gnu/H-i686-pc-linux-gnu/bin/../lib/gcc/nios2-elf/4.1.2/libgcc.a(_lt_df.o)
 .bss           0x00b64db0        0x0 /usr/local/3rdparty/altera/quartus12/nios2eds/bin/gnu/H-i686-pc-linux-gnu/bin/../lib/gcc/nios2-elf/4.1.2/libgcc.a(_si_to_df.o)
 .bss           0x00b64db0        0x0 /usr/local/3rdparty/altera/quartus12/nios2eds/bin/gnu/H-i686-pc-linux-gnu/bin/../lib/gcc/nios2-elf/4.1.2/libgcc.a(_df_to_si.o)
 .bss           0x00b64db0        0x0 /usr/local/3rdparty/altera/quartus12/nios2eds/bin/gnu/H-i686-pc-linux-gnu/bin/../lib/gcc/nios2-elf/4.1.2/libgcc.a(_usi_to_df.o)
 .bss           0x00b64db0        0x0 /usr/local/3rdparty/altera/quartus12/nios2eds/bin/gnu/H-i686-pc-linux-gnu/bin/../lib/gcc/nios2-elf/4.1.2/libgcc.a(lib2-divmod.o)
 .bss           0x00b64db0        0x0 ../Fractal_cpu1_bsp//libhal_bsp.a(alt_close.o)
 .bss           0x00b64db0        0x0 ../Fractal_cpu1_bsp//libhal_bsp.a(alt_dev.o)
 .bss           0x00b64db0        0x0 ../Fractal_cpu1_bsp//libhal_bsp.a(alt_errno.o)
 .bss           0x00b64db0        0x0 ../Fractal_cpu1_bsp//libhal_bsp.a(alt_fstat.o)
 .bss           0x00b64db0        0x0 ../Fractal_cpu1_bsp//libhal_bsp.a(alt_isatty.o)
 .bss           0x00b64db0        0x0 ../Fractal_cpu1_bsp//libhal_bsp.a(alt_load.o)
 .bss           0x00b64db0        0x0 ../Fractal_cpu1_bsp//libhal_bsp.a(alt_lseek.o)
 .bss           0x00b64db0        0x0 ../Fractal_cpu1_bsp//libhal_bsp.a(alt_main.o)
 .bss           0x00b64db0        0x0 ../Fractal_cpu1_bsp//libhal_bsp.a(alt_malloc_lock.o)
 .bss           0x00b64db0        0x0 ../Fractal_cpu1_bsp//libhal_bsp.a(alt_read.o)
 .bss           0x00b64db0        0x0 ../Fractal_cpu1_bsp//libhal_bsp.a(alt_release_fd.o)
 .bss           0x00b64db0        0x0 ../Fractal_cpu1_bsp//libhal_bsp.a(alt_sbrk.o)
 .bss           0x00b64db0        0x0 ../Fractal_cpu1_bsp//libhal_bsp.a(alt_write.o)
 .bss           0x00b64db0        0x0 ../Fractal_cpu1_bsp//libhal_bsp.a(alt_sys_init.o)
 .bss           0x00b64db0        0x0 ../Fractal_cpu1_bsp//libhal_bsp.a(altera_avalon_jtag_uart_fd.o)
 .bss           0x00b64db0        0x0 ../Fractal_cpu1_bsp//libhal_bsp.a(altera_avalon_jtag_uart_init.o)
 .bss           0x00b64db0        0x0 ../Fractal_cpu1_bsp//libhal_bsp.a(altera_avalon_jtag_uart_ioctl.o)
 .bss           0x00b64db0        0x0 ../Fractal_cpu1_bsp//libhal_bsp.a(altera_avalon_jtag_uart_read.o)
 .bss           0x00b64db0        0x0 ../Fractal_cpu1_bsp//libhal_bsp.a(altera_avalon_jtag_uart_write.o)
 .bss           0x00b64db0        0x0 ../Fractal_cpu1_bsp//libhal_bsp.a(altera_avalon_mailbox.o)
 .bss           0x00b64db0        0x0 ../Fractal_cpu1_bsp//libhal_bsp.a(altera_avalon_mutex.o)
 .bss           0x00b64db0        0x0 ../Fractal_cpu1_bsp//libhal_bsp.a(altera_avalon_performance_counter.o)
 .bss           0x00b64db0        0x0 ../Fractal_cpu1_bsp//libhal_bsp.a(altera_up_avalon_video_pixel_buffer_dma.o)
 .bss           0x00b64db0        0x0 ../Fractal_cpu1_bsp//libhal_bsp.a(alt_alarm_start.o)
 .bss           0x00b64db0        0x0 ../Fractal_cpu1_bsp//libhal_bsp.a(alt_dcache_flush_all.o)
 .bss           0x00b64db0        0x0 ../Fractal_cpu1_bsp//libhal_bsp.a(alt_dev_llist_insert.o)
 .bss           0x00b64db0        0x0 ../Fractal_cpu1_bsp//libhal_bsp.a(alt_do_ctors.o)
 .bss           0x00b64db0        0x0 ../Fractal_cpu1_bsp//libhal_bsp.a(alt_do_dtors.o)
 .bss           0x00b64db0        0x0 ../Fractal_cpu1_bsp//libhal_bsp.a(alt_find_dev.o)
 .bss           0x00b64db0        0x0 ../Fractal_cpu1_bsp//libhal_bsp.a(alt_icache_flush_all.o)
 .bss           0x00b64db0        0x0 ../Fractal_cpu1_bsp//libhal_bsp.a(alt_iic.o)
 .bss           0x00b64db0        0x0 ../Fractal_cpu1_bsp//libhal_bsp.a(alt_iic_isr_register.o)
 .bss           0x00b64db0        0x0 ../Fractal_cpu1_bsp//libhal_bsp.a(alt_io_redirect.o)
 .bss           0x00b64db0        0x0 ../Fractal_cpu1_bsp//libhal_bsp.a(alt_irq_entry.o)
 .bss           0x00b64db0        0x0 ../Fractal_cpu1_bsp//libhal_bsp.a(alt_irq_handler.o)
 .bss           0x00b64db0        0x0 ../Fractal_cpu1_bsp//libhal_bsp.a(alt_irq_vars.o)
 .bss           0x00b64db0        0x0 ../Fractal_cpu1_bsp//libhal_bsp.a(alt_open.o)
 .bss           0x00b64db0        0x0 ../Fractal_cpu1_bsp//libhal_bsp.a(alt_tick.o)
 .bss           0x00b64db0        0x0 ../Fractal_cpu1_bsp//libhal_bsp.a(altera_nios2_irq.o)
 .bss           0x00b64db0        0x0 ../Fractal_cpu1_bsp//libhal_bsp.a(alt_exception_entry.o)
 .bss           0x00b64db0        0x0 ../Fractal_cpu1_bsp//libhal_bsp.a(alt_find_file.o)
 .bss           0x00b64db0        0x0 ../Fractal_cpu1_bsp//libhal_bsp.a(alt_get_fd.o)
 .bss           0x00b64db0        0x0 ../Fractal_cpu1_bsp//libhal_bsp.a(alt_icache_flush.o)
 .bss           0x00b64db0        0x0 /usr/local/3rdparty/altera/quartus12/nios2eds/bin/gnu/H-i686-pc-linux-gnu/bin/../lib/gcc/nios2-elf/4.1.2/../../../../nios2-elf/lib/libc.a(lib_a-atexit.o)
 .bss           0x00b64db0        0x0 /usr/local/3rdparty/altera/quartus12/nios2eds/bin/gnu/H-i686-pc-linux-gnu/bin/../lib/gcc/nios2-elf/4.1.2/../../../../nios2-elf/lib/libc.a(lib_a-exit.o)
 .bss           0x00b64db0        0x0 /usr/local/3rdparty/altera/quartus12/nios2eds/bin/gnu/H-i686-pc-linux-gnu/bin/../lib/gcc/nios2-elf/4.1.2/../../../../nios2-elf/lib/libc.a(lib_a-memcmp.o)
 .bss           0x00b64db0        0x0 /usr/local/3rdparty/altera/quartus12/nios2eds/bin/gnu/H-i686-pc-linux-gnu/bin/../lib/gcc/nios2-elf/4.1.2/../../../../nios2-elf/lib/libc.a(lib_a-__atexit.o)
 .bss           0x00b64db0        0x0 /usr/local/3rdparty/altera/quartus12/nios2eds/bin/gnu/H-i686-pc-linux-gnu/bin/../lib/gcc/nios2-elf/4.1.2/../../../../nios2-elf/lib/libc.a(lib_a-__call_atexit.o)
 .bss           0x00b64db0        0x0 ../Fractal_cpu1_bsp//libhal_bsp.a(alt_exit.o)
 *(COMMON)
 COMMON         0x00b64db0      0x100 ../Fractal_cpu1_bsp//libhal_bsp.a(alt_irq_handler.o)
                0x00b64db0                alt_irq
 COMMON         0x00b64eb0      0x190 /usr/local/3rdparty/altera/quartus12/nios2eds/bin/gnu/H-i686-pc-linux-gnu/bin/../lib/gcc/nios2-elf/4.1.2/../../../../nios2-elf/lib/libc.a(lib_a-atexit.o)
                0x00b64eb0                _atexit0
                0x00b65040                . = ALIGN (0x4)
                0x00b65040                __bss_end = ABSOLUTE (.)

.onchip_memory2_0
                0x00003000        0x0 load address 0x00b65040
                0x00003000                PROVIDE (_alt_partition_onchip_memory2_0_start, ABSOLUTE (.))
 *(.onchip_memory2_0. onchip_memory2_0.*)
                0x00003000                . = ALIGN (0x4)
                0x00003000                PROVIDE (_alt_partition_onchip_memory2_0_end, ABSOLUTE (.))
                0x00b65040                PROVIDE (_alt_partition_onchip_memory2_0_load_addr, LOADADDR (.onchip_memory2_0))

.onchip_memory2_1
                0x00004000        0x0 load address 0x00b65040
                0x00004000                PROVIDE (_alt_partition_onchip_memory2_1_start, ABSOLUTE (.))
 *(.onchip_memory2_1. onchip_memory2_1.*)
                0x00004000                . = ALIGN (0x4)