------------------------------------------------------------
TimeQuest Timing Analyzer Summary
------------------------------------------------------------

Type  : Slow Model Setup 'DUT|the_clocks_0|DE_Clock_Generator_System|pll|clk[0]'
Slack : -2.242
TNS   : -1025.161

Type  : Slow Model Setup 'DUT|the_clocks_0|DE_Clock_Generator_System|pll|clk[2]'
Slack : 8.684
TNS   : 0.000

Type  : Slow Model Setup 'CLOCK_50'
Slack : 10.636
TNS   : 0.000

Type  : Slow Model Hold 'CLOCK_50'
Slack : 0.391
TNS   : 0.000

Type  : Slow Model Hold 'DUT|the_clocks_0|DE_Clock_Generator_System|pll|clk[0]'
Slack : 0.391
TNS   : 0.000

Type  : Slow Model Hold 'DUT|the_clocks_0|DE_Clock_Generator_System|pll|clk[2]'
Slack : 0.391
TNS   : 0.000

Type  : Slow Model Recovery 'DUT|the_clocks_0|DE_Clock_Generator_System|pll|clk[2]'
Slack : -1.081
TNS   : -2.162

Type  : Slow Model Recovery 'DUT|the_clocks_0|DE_Clock_Generator_System|pll|clk[0]'
Slack : 1.317
TNS   : 0.000

Type  : Slow Model Recovery 'CLOCK_50'
Slack : 9.186
TNS   : 0.000

Type  : Slow Model Removal 'CLOCK_50'
Slack : 0.336
TNS   : 0.000

Type  : Slow Model Removal 'DUT|the_clocks_0|DE_Clock_Generator_System|pll|clk[2]'
Slack : 1.713
TNS   : 0.000

Type  : Slow Model Removal 'DUT|the_clocks_0|DE_Clock_Generator_System|pll|clk[0]'
Slack : 3.431
TNS   : 0.000

Type  : Slow Model Minimum Pulse Width 'DUT|the_clocks_0|DE_Clock_Generator_System|pll|clk[0]'
Slack : 2.873
TNS   : 0.000

Type  : Slow Model Minimum Pulse Width 'DUT|the_clocks_0|DE_Clock_Generator_System|pll|clk[2]'
Slack : 5.650
TNS   : 0.000

Type  : Slow Model Minimum Pulse Width 'CLOCK_50'
Slack : 9.000
TNS   : 0.000

Type  : Slow Model Minimum Pulse Width 'altera_reserved_tck'
Slack : 97.778
TNS   : 0.000

Type  : Fast Model Setup 'DUT|the_clocks_0|DE_Clock_Generator_System|pll|clk[0]'
Slack : 3.455
TNS   : 0.000

Type  : Fast Model Setup 'DUT|the_clocks_0|DE_Clock_Generator_System|pll|clk[2]'
Slack : 11.894
TNS   : 0.000

Type  : Fast Model Setup 'CLOCK_50'
Slack : 15.610
TNS   : 0.000

Type  : Fast Model Hold 'CLOCK_50'
Slack : 0.215
TNS   : 0.000

Type  : Fast Model Hold 'DUT|the_clocks_0|DE_Clock_Generator_System|pll|clk[0]'
Slack : 0.215
TNS   : 0.000

Type  : Fast Model Hold 'DUT|the_clocks_0|DE_Clock_Generator_System|pll|clk[2]'
Slack : 0.215
TNS   : 0.000

Type  : Fast Model Recovery 'DUT|the_clocks_0|DE_Clock_Generator_System|pll|clk[2]'
Slack : 0.012
TNS   : 0.000

Type  : Fast Model Recovery 'DUT|the_clocks_0|DE_Clock_Generator_System|pll|clk[0]'
Slack : 2.869
TNS   : 0.000

Type  : Fast Model Recovery 'CLOCK_50'
Slack : 10.024
TNS   : 0.000

Type  : Fast Model Removal 'CLOCK_50'
Slack : -0.254
TNS   : -0.508

Type  : Fast Model Removal 'DUT|the_clocks_0|DE_Clock_Generator_System|pll|clk[2]'
Slack : 0.868
TNS   : 0.000

Type  : Fast Model Removal 'DUT|the_clocks_0|DE_Clock_Generator_System|pll|clk[0]'
Slack : 1.989
TNS   : 0.000

Type  : Fast Model Minimum Pulse Width 'DUT|the_clocks_0|DE_Clock_Generator_System|pll|clk[0]'
Slack : 2.873
TNS   : 0.000

Type  : Fast Model Minimum Pulse Width 'DUT|the_clocks_0|DE_Clock_Generator_System|pll|clk[2]'
Slack : 5.650
TNS   : 0.000

Type  : Fast Model Minimum Pulse Width 'CLOCK_50'
Slack : 9.000
TNS   : 0.000

Type  : Fast Model Minimum Pulse Width 'altera_reserved_tck'
Slack : 97.778
TNS   : 0.000

------------------------------------------------------------
