Archive member included because of file (symbol)

/usr/local/3rdparty/altera/quartus12/nios2eds/bin/gnu/H-i686-pc-linux-gnu/bin/../lib/gcc/nios2-elf/4.1.2/../../../../nios2-elf/lib/libm.a(lib_a-wf_pow.o)
                              obj/default/Fractal.o (powf)
/usr/local/3rdparty/altera/quartus12/nios2eds/bin/gnu/H-i686-pc-linux-gnu/bin/../lib/gcc/nios2-elf/4.1.2/../../../../nios2-elf/lib/libm.a(lib_a-ef_pow.o)
                              /usr/local/3rdparty/altera/quartus12/nios2eds/bin/gnu/H-i686-pc-linux-gnu/bin/../lib/gcc/nios2-elf/4.1.2/../../../../nios2-elf/lib/libm.a(lib_a-wf_pow.o) (__ieee754_powf)
/usr/local/3rdparty/altera/quartus12/nios2eds/bin/gnu/H-i686-pc-linux-gnu/bin/../lib/gcc/nios2-elf/4.1.2/../../../../nios2-elf/lib/libm.a(lib_a-ef_sqrt.o)
                              /usr/local/3rdparty/altera/quartus12/nios2eds/bin/gnu/H-i686-pc-linux-gnu/bin/../lib/gcc/nios2-elf/4.1.2/../../../../nios2-elf/lib/libm.a(lib_a-ef_pow.o) (__ieee754_sqrtf)
/usr/local/3rdparty/altera/quartus12/nios2eds/bin/gnu/H-i686-pc-linux-gnu/bin/../lib/gcc/nios2-elf/4.1.2/../../../../nios2-elf/lib/libm.a(lib_a-s_lib_ver.o)
                              /usr/local/3rdparty/altera/quartus12/nios2eds/bin/gnu/H-i686-pc-linux-gnu/bin/../lib/gcc/nios2-elf/4.1.2/../../../../nios2-elf/lib/libm.a(lib_a-wf_pow.o) (__fdlib_version)
/usr/local/3rdparty/altera/quartus12/nios2eds/bin/gnu/H-i686-pc-linux-gnu/bin/../lib/gcc/nios2-elf/4.1.2/../../../../nios2-elf/lib/libm.a(lib_a-s_matherr.o)
                              /usr/local/3rdparty/altera/quartus12/nios2eds/bin/gnu/H-i686-pc-linux-gnu/bin/../lib/gcc/nios2-elf/4.1.2/../../../../nios2-elf/lib/libm.a(lib_a-wf_pow.o) (matherr)
/usr/local/3rdparty/altera/quartus12/nios2eds/bin/gnu/H-i686-pc-linux-gnu/bin/../lib/gcc/nios2-elf/4.1.2/../../../../nios2-elf/lib/libm.a(lib_a-s_rint.o)
                              /usr/local/3rdparty/altera/quartus12/nios2eds/bin/gnu/H-i686-pc-linux-gnu/bin/../lib/gcc/nios2-elf/4.1.2/../../../../nios2-elf/lib/libm.a(lib_a-wf_pow.o) (rint)
/usr/local/3rdparty/altera/quartus12/nios2eds/bin/gnu/H-i686-pc-linux-gnu/bin/../lib/gcc/nios2-elf/4.1.2/../../../../nios2-elf/lib/libm.a(lib_a-sf_fabs.o)
                              /usr/local/3rdparty/altera/quartus12/nios2eds/bin/gnu/H-i686-pc-linux-gnu/bin/../lib/gcc/nios2-elf/4.1.2/../../../../nios2-elf/lib/libm.a(lib_a-ef_pow.o) (fabsf)
/usr/local/3rdparty/altera/quartus12/nios2eds/bin/gnu/H-i686-pc-linux-gnu/bin/../lib/gcc/nios2-elf/4.1.2/../../../../nios2-elf/lib/libm.a(lib_a-sf_finite.o)
                              /usr/local/3rdparty/altera/quartus12/nios2eds/bin/gnu/H-i686-pc-linux-gnu/bin/../lib/gcc/nios2-elf/4.1.2/../../../../nios2-elf/lib/libm.a(lib_a-wf_pow.o) (finitef)
/usr/local/3rdparty/altera/quartus12/nios2eds/bin/gnu/H-i686-pc-linux-gnu/bin/../lib/gcc/nios2-elf/4.1.2/../../../../nios2-elf/lib/libm.a(lib_a-sf_isnan.o)
                              /usr/local/3rdparty/altera/quartus12/nios2eds/bin/gnu/H-i686-pc-linux-gnu/bin/../lib/gcc/nios2-elf/4.1.2/../../../../nios2-elf/lib/libm.a(lib_a-wf_pow.o) (isnanf)
/usr/local/3rdparty/altera/quartus12/nios2eds/bin/gnu/H-i686-pc-linux-gnu/bin/../lib/gcc/nios2-elf/4.1.2/../../../../nios2-elf/lib/libm.a(lib_a-sf_nan.o)
                              /usr/local/3rdparty/altera/quartus12/nios2eds/bin/gnu/H-i686-pc-linux-gnu/bin/../lib/gcc/nios2-elf/4.1.2/../../../../nios2-elf/lib/libm.a(lib_a-ef_pow.o) (nanf)
/usr/local/3rdparty/altera/quartus12/nios2eds/bin/gnu/H-i686-pc-linux-gnu/bin/../lib/gcc/nios2-elf/4.1.2/../../../../nios2-elf/lib/libm.a(lib_a-sf_scalbn.o)
                              /usr/local/3rdparty/altera/quartus12/nios2eds/bin/gnu/H-i686-pc-linux-gnu/bin/../lib/gcc/nios2-elf/4.1.2/../../../../nios2-elf/lib/libm.a(lib_a-ef_pow.o) (scalbnf)
/usr/local/3rdparty/altera/quartus12/nios2eds/bin/gnu/H-i686-pc-linux-gnu/bin/../lib/gcc/nios2-elf/4.1.2/../../../../nios2-elf/lib/libm.a(lib_a-sf_copysign.o)
                              /usr/local/3rdparty/altera/quartus12/nios2eds/bin/gnu/H-i686-pc-linux-gnu/bin/../lib/gcc/nios2-elf/4.1.2/../../../../nios2-elf/lib/libm.a(lib_a-sf_scalbn.o) (copysignf)
/usr/local/3rdparty/altera/quartus12/nios2eds/bin/gnu/H-i686-pc-linux-gnu/bin/../lib/gcc/nios2-elf/4.1.2/libgcc.a(_addsub_sf.o)
                              /usr/local/3rdparty/altera/quartus12/nios2eds/bin/gnu/H-i686-pc-linux-gnu/bin/../lib/gcc/nios2-elf/4.1.2/../../../../nios2-elf/lib/libm.a(lib_a-ef_pow.o) (__subsf3)
/usr/local/3rdparty/altera/quartus12/nios2eds/bin/gnu/H-i686-pc-linux-gnu/bin/../lib/gcc/nios2-elf/4.1.2/libgcc.a(_mul_sf.o)
                              /usr/local/3rdparty/altera/quartus12/nios2eds/bin/gnu/H-i686-pc-linux-gnu/bin/../lib/gcc/nios2-elf/4.1.2/../../../../nios2-elf/lib/libm.a(lib_a-wf_pow.o) (__mulsf3)
/usr/local/3rdparty/altera/quartus12/nios2eds/bin/gnu/H-i686-pc-linux-gnu/bin/../lib/gcc/nios2-elf/4.1.2/libgcc.a(_div_sf.o)
                              obj/default/Fractal.o (__divsf3)
[...]
Memory Configuration

Name             Origin             Length             Attributes
onchip_memory2_0 0x00003000         0x00000200
onchip_memory2_1 0x00004000         0x00000200
onchip_memory2_2 0x00006000         0x00000200
onchip_memory2_3 0x00007000         0x00000200
sdram_0_BEFORE_RESET 0x00800000         0x00200000
reset            0x00c00000         0x00000020
sdram_0          0x00c00020         0x001fffe0
sram_0           0x01880000         0x00080000
*default*        0x00000000         0xffffffff

Linker script and memory map

LOAD ../Fractal_cpu2_bsp//obj/HAL/src/crt0.o
LOAD obj/default/Fractal.o
LOAD obj/default/Project.o
LOAD /usr/local/3rdparty/altera/quartus12/nios2eds/bin/gnu/H-i686-pc-linux-gnu/bin/../lib/gcc/nios2-elf/4.1.2/../../../../nios2-elf/lib/libstdc++.a
LOAD /usr/local/3rdparty/altera/quartus12/nios2eds/bin/gnu/H-i686-pc-linux-gnu/bin/../lib/gcc/nios2-elf/4.1.2/../../../../nios2-elf/lib/libm.a
LOAD /usr/local/3rdparty/altera/quartus12/nios2eds/bin/gnu/H-i686-pc-linux-gnu/bin/../lib/gcc/nios2-elf/4.1.2/libgcc.a
START GROUP
LOAD /usr/local/3rdparty/altera/quartus12/nios2eds/bin/gnu/H-i686-pc-linux-gnu/bin/../lib/gcc/nios2-elf/4.1.2/../../../../nios2-elf/lib/libc.a
LOAD /usr/local/3rdparty/altera/quartus12/nios2eds/bin/gnu/H-i686-pc-linux-gnu/bin/../lib/gcc/nios2-elf/4.1.2/libgcc.a
LOAD ../Fractal_cpu2_bsp//libhal_bsp.a
END GROUP
LOAD /usr/local/3rdparty/altera/quartus12/nios2eds/bin/gnu/H-i686-pc-linux-gnu/bin/../lib/gcc/nios2-elf/4.1.2/libgcc.a
                0x00003000                __alt_mem_onchip_memory2_0 = 0x3000
                0x00004000                __alt_mem_onchip_memory2_1 = 0x4000
                0x00006000                __alt_mem_onchip_memory2_2 = 0x6000
                0x00007000                __alt_mem_onchip_memory2_3 = 0x7000
                0x00800000                __alt_mem_sdram_0 = 0x800000
                0x01880000                __alt_mem_sram_0 = 0x1880000

.entry          0x00c00000       0x20
 *(.entry)
 .entry         0x00c00000       0x20 ../Fractal_cpu2_bsp//obj/HAL/src/crt0.o
                0x00c00000                __reset

.exceptions     0x00c00020      0x194
                0x00c00020                PROVIDE (__ram_exceptions_start, ABSOLUTE (.))
                0x00c00020                . = ALIGN (0x20)
 *(.irq)
 *(.exceptions.entry.label)
 .exceptions.entry.label
                0x00c00020        0x0 ../Fractal_cpu2_bsp//libhal_bsp.a(alt_irq_entry.o)
                0x00c00020                alt_irq_entry
 .exceptions.entry.label
                0x00c00020        0x0 ../Fractal_cpu2_bsp//libhal_bsp.a(alt_exception_entry.o)
                0x00c00020                alt_exception
 *(.exceptions.entry.user)
 *(.exceptions.entry)
 .exceptions.entry
                0x00c00020       0x54 ../Fractal_cpu2_bsp//libhal_bsp.a(alt_exception_entry.o)
 *(.exceptions.irqtest.user)
 *(.exceptions.irqtest)
 .exceptions.irqtest
                0x00c00074       0x10 ../Fractal_cpu2_bsp//libhal_bsp.a(alt_irq_entry.o)
 *(.exceptions.irqhandler.user)
 *(.exceptions.irqhandler)
 .exceptions.irqhandler
                0x00c00084        0x4 ../Fractal_cpu2_bsp//libhal_bsp.a(alt_irq_entry.o)
 *(.exceptions.irqreturn.user)
 *(.exceptions.irqreturn)
 .exceptions.irqreturn
                0x00c00088        0x4 ../Fractal_cpu2_bsp//libhal_bsp.a(alt_irq_entry.o)
 *(.exceptions.notirq.label)
 .exceptions.notirq.label
                0x00c0008c        0x0 ../Fractal_cpu2_bsp//libhal_bsp.a(alt_irq_entry.o)
 *(.exceptions.notirq.user)
 *(.exceptions.notirq)
 .exceptions.notirq
                0x00c0008c        0x8 ../Fractal_cpu2_bsp//libhal_bsp.a(alt_exception_entry.o)
 *(.exceptions.soft.user)
 *(.exceptions.soft)
 *(.exceptions.unknown.user)
 *(.exceptions.unknown)
 .exceptions.unknown
                0x00c00094        0x4 ../Fractal_cpu2_bsp//libhal_bsp.a(alt_exception_entry.o)
 *(.exceptions.exit.label)
 .exceptions.exit.label
                0x00c00098        0x0 ../Fractal_cpu2_bsp//libhal_bsp.a(alt_irq_entry.o)
 .exceptions.exit.label
                0x00c00098        0x0 ../Fractal_cpu2_bsp//libhal_bsp.a(alt_exception_entry.o)
 *(.exceptions.exit.user)
 *(.exceptions.exit)
 .exceptions.exit
                0x00c00098       0x54 ../Fractal_cpu2_bsp//libhal_bsp.a(alt_exception_entry.o)
 *(.exceptions)
 .exceptions    0x00c000ec       0xc8 ../Fractal_cpu2_bsp//libhal_bsp.a(alt_irq_handler.o)
                0x00c000ec                alt_irq_handler
                0x00c001b4                PROVIDE (__ram_exceptions_end, ABSOLUTE (.))
                0x00c00020                PROVIDE (__flash_exceptions_start, LOADADDR (.exceptions))

.text           0x00c001b4    0x1093c
                0x00c001b4                PROVIDE (stext, ABSOLUTE (.))
 *(.interp)
 *(.hash)
 *(.dynsym)
 *(.dynstr)
 *(.gnu.version)
 *(.gnu.version_d)
 *(.gnu.version_r)
 *(.rel.init)
 *(.rela.init)
 *(.rel.text .rel.text.* .rel.gnu.linkonce.t.*)
 *(.rela.text .rela.text.* .rela.gnu.linkonce.t.*)
 *(.rel.fini)
 *(.rela.fini)
 *(.rel.rodata .rel.rodata.* .rel.gnu.linkonce.r.*)
 *(.rela.rodata .rela.rodata.* .rela.gnu.linkonce.r.*)
 *(.rel.data .rel.data.* .rel.gnu.linkonce.d.*)
 *(.rela.data .rela.data.* .rela.gnu.linkonce.d.*)
 *(.rel.tdata .rel.tdata.* .rel.gnu.linkonce.td.*)
 *(.rela.tdata .rela.tdata.* .rela.gnu.linkonce.td.*)
 *(.rel.tbss .rel.tbss.* .rel.gnu.linkonce.tb.*)
 *(.rela.tbss .rela.tbss.* .rela.gnu.linkonce.tb.*)
 *(.rel.ctors)
 *(.rela.ctors)
 *(.rel.dtors)
 *(.rela.dtors)
 *(.rel.got)
 *(.rela.got)
 *(.rel.sdata .rel.sdata.* .rel.gnu.linkonce.s.*)
 *(.rela.sdata .rela.sdata.* .rela.gnu.linkonce.s.*)
 *(.rel.sbss .rel.sbss.* .rel.gnu.linkonce.sb.*)
 *(.rela.sbss .rela.sbss.* .rela.gnu.linkonce.sb.*)
 *(.rel.sdata2 .rel.sdata2.* .rel.gnu.linkonce.s2.*)
 *(.rela.sdata2 .rela.sdata2.* .rela.gnu.linkonce.s2.*)
 *(.rel.sbss2 .rel.sbss2.* .rel.gnu.linkonce.sb2.*)
 *(.rela.sbss2 .rela.sbss2.* .rela.gnu.linkonce.sb2.*)
 *(.rel.bss .rel.bss.* .rel.gnu.linkonce.b.*)
 *(.rela.bss .rela.bss.* .rela.gnu.linkonce.b.*)
 *(.rel.plt)
 *(.rela.plt)
 *(.rel.dyn)
 *(.init)
 *(.plt)
 *(.text .stub .text.* .gnu.linkonce.t.*)
 .text          0x00c001b4       0x4c ../Fractal_cpu2_bsp//obj/HAL/src/crt0.o
                0x00c001b4                _start
 .text          0x00c00200      0x580 obj/default/Fractal.o
                0x00c00200                genColor
                0x00c0026c                clearScreen
                0x00c00278                mandelbrot
                0x00c00350                barrier
                0x00c004c8                setup
                0x00c004f8                drawFrame
 .text          0x00c00780       0x78 obj/default/Project.o
                0x00c00780                main
 .text          0x00c007f8      0x458 /usr/local/3rdparty/altera/quartus12/nios2eds/bin/gnu/H-i686-pc-linux-gnu/bin/../lib/gcc/nios2-elf/4.1.2/../../../../nios2-elf/lib/libm.a(lib_a-wf_pow.o)
                0x00c007f8                powf
 .text          0x00c00c50      0xb14 /usr/local/3rdparty/altera/quartus12/nios2eds/bin/gnu/H-i686-pc-linux-gnu/bin/../lib/gcc/nios2-elf/4.1.2/../../../../nios2-elf/lib/libm.a(lib_a-ef_pow.o)
                0x00c00c50                __ieee754_powf
 .text          0x00c01764      0x16c /usr/local/3rdparty/altera/quartus12/nios2eds/bin/gnu/H-i686-pc-linux-gnu/bin/../lib/gcc/nios2-elf/4.1.2/../../../../nios2-elf/lib/libm.a(lib_a-ef_sqrt.o)
                0x00c01764                __ieee754_sqrtf
 .text          0x00c018d0        0x0 /usr/local/3rdparty/altera/quartus12/nios2eds/bin/gnu/H-i686-pc-linux-gnu/bin/../lib/gcc/nios2-elf/4.1.2/../../../../nios2-elf/lib/libm.a(lib_a-s_lib_ver.o)
 .text          0x00c018d0        0x8 /usr/local/3rdparty/altera/quartus12/nios2eds/bin/gnu/H-i686-pc-linux-gnu/bin/../lib/gcc/nios2-elf/4.1.2/../../../../nios2-elf/lib/libm.a(lib_a-s_matherr.o)
                0x00c018d0                matherr
 .text          0x00c018d8      0x210 /usr/local/3rdparty/altera/quartus12/nios2eds/bin/gnu/H-i686-pc-linux-gnu/bin/../lib/gcc/nios2-elf/4.1.2/../../../../nios2-elf/lib/libm.a(lib_a-s_rint.o)
                0x00c018d8                rint
 .text          0x00c01ae8       0x10 /usr/local/3rdparty/altera/quartus12/nios2eds/bin/gnu/H-i686-pc-linux-gnu/bin/../lib/gcc/nios2-elf/4.1.2/../../../../nios2-elf/lib/libm.a(lib_a-sf_fabs.o)
                0x00c01ae8                fabsf
 .text          0x00c01af8       0x1c /usr/local/3rdparty/altera/quartus12/nios2eds/bin/gnu/H-i686-pc-linux-gnu/bin/../lib/gcc/nios2-elf/4.1.2/../../../../nios2-elf/lib/libm.a(lib_a-sf_finite.o)
                0x00c01af8                finitef
 .text          0x00c01b14       0x18 /usr/local/3rdparty/altera/quartus12/nios2eds/bin/gnu/H-i686-pc-linux-gnu/bin/../lib/gcc/nios2-elf/4.1.2/../../../../nios2-elf/lib/libm.a(lib_a-sf_isnan.o)
                0x00c01b14                isnanf
 .text          0x00c01b2c        0x8 /usr/local/3rdparty/altera/quartus12/nios2eds/bin/gnu/H-i686-pc-linux-gnu/bin/../lib/gcc/nios2-elf/4.1.2/../../../../nios2-elf/lib/libm.a(lib_a-sf_nan.o)
                0x00c01b2c                nanf
 .text          0x00c01b34      0x14c /usr/local/3rdparty/altera/quartus12/nios2eds/bin/gnu/H-i686-pc-linux-gnu/bin/../lib/gcc/nios2-elf/4.1.2/../../../../nios2-elf/lib/libm.a(lib_a-sf_scalbn.o)
                0x00c01b34                scalbnf
 .text          0x00c01c80       0x18 /usr/local/3rdparty/altera/quartus12/nios2eds/bin/gnu/H-i686-pc-linux-gnu/bin/../lib/gcc/nios2-elf/4.1.2/../../../../nios2-elf/lib/libm.a(lib_a-sf_copysign.o)
                0x00c01c80                copysignf
 .text          0x00c01c98      0x2b8 /usr/local/3rdparty/altera/quartus12/nios2eds/bin/gnu/H-i686-pc-linux-gnu/bin/../lib/gcc/nios2-elf/4.1.2/libgcc.a(_addsub_sf.o)
                0x00c01e7c                __subsf3
                0x00c01eec                __addsf3
 .text          0x00c01f50      0x1e0 /usr/local/3rdparty/altera/quartus12/nios2eds/bin/gnu/H-i686-pc-linux-gnu/bin/../lib/gcc/nios2-elf/4.1.2/libgcc.a(_mul_sf.o)
                0x00c01f50                __mulsf3
 .text          0x00c02130      0x174 /usr/local/3rdparty/altera/quartus12/nios2eds/bin/gnu/H-i686-pc-linux-gnu/bin/../lib/gcc/nios2-elf/4.1.2/libgcc.a(_div_sf.o)
                0x00c02130                __divsf3
 .text          0x00c022a4       0x78 /usr/local/3rdparty/altera/quartus12/nios2eds/bin/gnu/H-i686-pc-linux-gnu/bin/../lib/gcc/nios2-elf/4.1.2/libgcc.a(_eq_sf.o)
                0x00c022a4                __eqsf2
 .text          0x00c0231c       0x78 /usr/local/3rdparty/altera/quartus12/nios2eds/bin/gnu/H-i686-pc-linux-gnu/bin/../lib/gcc/nios2-elf/4.1.2/libgcc.a(_gt_sf.o)
                0x00c0231c                __gtsf2
 .text          0x00c02394       0x78 /usr/local/3rdparty/altera/quartus12/nios2eds/bin/gnu/H-i686-pc-linux-gnu/bin/../lib/gcc/nios2-elf/4.1.2/libgcc.a(_lt_sf.o)
                0x00c02394                __ltsf2
 .text          0x00c0240c       0x78 /usr/local/3rdparty/altera/quartus12/nios2eds/bin/gnu/H-i686-pc-linux-gnu/bin/../lib/gcc/nios2-elf/4.1.2/libgcc.a(_le_sf.o)
                0x00c0240c                __lesf2
 .text          0x00c02484       0x98 /usr/local/3rdparty/altera/quartus12/nios2eds/bin/gnu/H-i686-pc-linux-gnu/bin/../lib/gcc/nios2-elf/4.1.2/libgcc.a(_si_to_sf.o)
                0x00c02484                __floatsisf
 .text          0x00c0251c       0x54 /usr/local/3rdparty/altera/quartus12/nios2eds/bin/gnu/H-i686-pc-linux-gnu/bin/../lib/gcc/nios2-elf/4.1.2/libgcc.a(_sf_to_df.o)
                0x00c0251c                __extendsfdf2
 .text          0x00c02570        0x0 /usr/local/3rdparty/altera/quartus12/nios2eds/bin/gnu/H-i686-pc-linux-gnu/bin/../lib/gcc/nios2-elf/4.1.2/libgcc.a(_thenan_sf.o)
 .text          0x00c02570      0x504 /usr/local/3rdparty/altera/quartus12/nios2eds/bin/gnu/H-i686-pc-linux-gnu/bin/../lib/gcc/nios2-elf/4.1.2/libgcc.a(_addsub_df.o)
                0x00c02980                __subdf3
                0x00c02a00                __adddf3
 .text          0x00c02a74      0x258 /usr/local/3rdparty/altera/quartus12/nios2eds/bin/gnu/H-i686-pc-linux-gnu/bin/../lib/gcc/nios2-elf/4.1.2/libgcc.a(_div_df.o)
                0x00c02a74                __divdf3
 .text          0x00c02ccc       0x88 /usr/local/3rdparty/altera/quartus12/nios2eds/bin/gnu/H-i686-pc-linux-gnu/bin/../lib/gcc/nios2-elf/4.1.2/libgcc.a(_ne_df.o)
                0x00c02ccc                __nedf2
 .text          0x00c02d54       0x38 /usr/local/3rdparty/altera/quartus12/nios2eds/bin/gnu/H-i686-pc-linux-gnu/bin/../lib/gcc/nios2-elf/4.1.2/libgcc.a(_make_df.o)
                0x00c02d54                __make_dp
 .text          0x00c02d8c       0x74 /usr/local/3rdparty/altera/quartus12/nios2eds/bin/gnu/H-i686-pc-linux-gnu/bin/../lib/gcc/nios2-elf/4.1.2/libgcc.a(_df_to_sf.o)
                0x00c02d8c                __truncdfsf2
 .text          0x00c02e00        0x0 /usr/local/3rdparty/altera/quartus12/nios2eds/bin/gnu/H-i686-pc-linux-gnu/bin/../lib/gcc/nios2-elf/4.1.2/libgcc.a(_thenan_df.o)
 .text          0x00c02e00       0x98 /usr/local/3rdparty/altera/quartus12/nios2eds/bin/gnu/H-i686-pc-linux-gnu/bin/../lib/gcc/nios2-elf/4.1.2/libgcc.a(_muldi3.o)
                0x00c02e00                __muldi3
 .text          0x00c02e98       0x80 /usr/local/3rdparty/altera/quartus12/nios2eds/bin/gnu/H-i686-pc-linux-gnu/bin/../lib/gcc/nios2-elf/4.1.2/libgcc.a(_clzsi2.o)
                0x00c02e98                __clzsi2
 .text          0x00c02f18      0x160 /usr/local/3rdparty/altera/quartus12/nios2eds/bin/gnu/H-i686-pc-linux-gnu/bin/../lib/gcc/nios2-elf/4.1.2/libgcc.a(_pack_sf.o)
                0x00c02f18                __pack_f
 .text          0x00c03078       0xc8 /usr/local/3rdparty/altera/quartus12/nios2eds/bin/gnu/H-i686-pc-linux-gnu/bin/../lib/gcc/nios2-elf/4.1.2/libgcc.a(_unpack_sf.o)
                0x00c03078                __unpack_f
 .text          0x00c03140       0xa8 /usr/local/3rdparty/altera/quartus12/nios2eds/bin/gnu/H-i686-pc-linux-gnu/bin/../lib/gcc/nios2-elf/4.1.2/libgcc.a(_fpcmp_parts_sf.o)
                0x00c03140                __fpcmp_parts_f
 .text          0x00c031e8       0x2c /usr/local/3rdparty/altera/quartus12/nios2eds/bin/gnu/H-i686-pc-linux-gnu/bin/../lib/gcc/nios2-elf/4.1.2/libgcc.a(_make_sf.o)
                0x00c031e8                __make_fp
 .text          0x00c03214      0x314 /usr/local/3rdparty/altera/quartus12/nios2eds/bin/gnu/H-i686-pc-linux-gnu/bin/../lib/gcc/nios2-elf/4.1.2/libgcc.a(_pack_df.o)
                0x00c03214                __pack_d
 .text          0x00c03528      0x138 /usr/local/3rdparty/altera/quartus12/nios2eds/bin/gnu/H-i686-pc-linux-gnu/bin/../lib/gcc/nios2-elf/4.1.2/libgcc.a(_unpack_df.o)
                0x00c03528                __unpack_d
 .text          0x00c03660       0xc8 /usr/local/3rdparty/altera/quartus12/nios2eds/bin/gnu/H-i686-pc-linux-gnu/bin/../lib/gcc/nios2-elf/4.1.2/libgcc.a(_fpcmp_parts_df.o)
                0x00c03660                __fpcmp_parts_d
 .text          0x00c03728        0x0 /usr/local/3rdparty/altera/quartus12/nios2eds/bin/gnu/H-i686-pc-linux-gnu/bin/../lib/gcc/nios2-elf/4.1.2/libgcc.a(_clz.o)
 .text          0x00c03728       0x10 /usr/local/3rdparty/altera/quartus12/nios2eds/bin/gnu/H-i686-pc-linux-gnu/bin/../lib/gcc/nios2-elf/4.1.2/../../../../nios2-elf/lib/libc.a(lib_a-errno.o)
                0x00c03728                __errno
 .text          0x00c03738        0x0 /usr/local/3rdparty/altera/quartus12/nios2eds/bin/gnu/H-i686-pc-linux-gnu/bin/../lib/gcc/nios2-elf/4.1.2/../../../../nios2-elf/lib/libc.a(lib_a-impure.o)
 .text          0x00c03738       0x78 /usr/local/3rdparty/altera/quartus12/nios2eds/bin/gnu/H-i686-pc-linux-gnu/bin/../lib/gcc/nios2-elf/4.1.2/../../../../nios2-elf/lib/libc.a(lib_a-printf.o)
                0x00c03738                printf
                0x00c0377c                _printf_r
 .text          0x00c037b0       0xb4 /usr/local/3rdparty/altera/quartus12/nios2eds/bin/gnu/H-i686-pc-linux-gnu/bin/../lib/gcc/nios2-elf/4.1.2/../../../../nios2-elf/lib/libc.a(lib_a-puts.o)
                0x00c037b0                _puts_r
                0x00c03850                puts
 .text          0x00c03864       0xd4 /usr/local/3rdparty/altera/quartus12/nios2eds/bin/gnu/H-i686-pc-linux-gnu/bin/../lib/gcc/nios2-elf/4.1.2/../../../../nios2-elf/lib/libc.a(lib_a-sprintf.o)
                0x00c03864                sprintf
                0x00c038d8                _sprintf_r
 .text          0x00c03938       0x74 /usr/local/3rdparty/altera/quartus12/nios2eds/bin/gnu/H-i686-pc-linux-gnu/bin/../lib/gcc/nios2-elf/4.1.2/../../../../nios2-elf/lib/libc.a(lib_a-strlen.o)
                0x00c03938                strlen
 .text          0x00c039ac     0x1f28 /usr/local/3rdparty/altera/quartus12/nios2eds/bin/gnu/H-i686-pc-linux-gnu/bin/../lib/gcc/nios2-elf/4.1.2/../../../../nios2-elf/lib/libc.a(lib_a-vfprintf.o)
                0x00c03a04                ___vfprintf_internal_r
                0x00c058b0                __vfprintf_internal
 .text          0x00c058d4      0x13c /usr/local/3rdparty/altera/quartus12/nios2eds/bin/gnu/H-i686-pc-linux-gnu/bin/../lib/gcc/nios2-elf/4.1.2/../../../../nios2-elf/lib/libc.a(lib_a-wsetup.o)
                0x00c058d4                __swsetup_r
 .text          0x00c05a10     0x17cc /usr/local/3rdparty/altera/quartus12/nios2eds/bin/gnu/H-i686-pc-linux-gnu/bin/../lib/gcc/nios2-elf/4.1.2/../../../../nios2-elf/lib/libc.a(lib_a-dtoa.o)
                0x00c05c28                _dtoa_r
 .text          0x00c071dc      0x230 /usr/local/3rdparty/altera/quartus12/nios2eds/bin/gnu/H-i686-pc-linux-gnu/bin/../lib/gcc/nios2-elf/4.1.2/../../../../nios2-elf/lib/libc.a(lib_a-fflush.o)
                0x00c071dc                _fflush_r
                0x00c073d8                fflush
 .text          0x00c0740c      0x2c0 /usr/local/3rdparty/altera/quartus12/nios2eds/bin/gnu/H-i686-pc-linux-gnu/bin/../lib/gcc/nios2-elf/4.1.2/../../../../nios2-elf/lib/libc.a(lib_a-findfp.o)
                0x00c07464                __sfp_lock_acquire
                0x00c07468                __sfp_lock_release
                0x00c0746c                __sinit_lock_acquire
                0x00c07470                __sinit_lock_release
                0x00c07474                __sinit
                0x00c07528                __fp_unlock_all
                0x00c07540                __fp_lock_all
                0x00c07558                _cleanup_r
                0x00c07564                _cleanup
                0x00c07574                __sfmoreglue
                0x00c075dc                __sfp
 .text          0x00c076cc      0x440 /usr/local/3rdparty/altera/quartus12/nios2eds/bin/gnu/H-i686-pc-linux-gnu/bin/../lib/gcc/nios2-elf/4.1.2/../../../../nios2-elf/lib/libc.a(lib_a-freer.o)
                0x00c076cc                _malloc_trim_r
                0x00c077f8                _free_r
 .text          0x00c07b0c      0x49c /usr/local/3rdparty/altera/quartus12/nios2eds/bin/gnu/H-i686-pc-linux-gnu/bin/../lib/gcc/nios2-elf/4.1.2/../../../../nios2-elf/lib/libc.a(lib_a-fvwrite.o)
                0x00c07b0c                __sfvwrite_r
 .text          0x00c07fa8      0x180 /usr/local/3rdparty/altera/quartus12/nios2eds/bin/gnu/H-i686-pc-linux-gnu/bin/../lib/gcc/nios2-elf/4.1.2/../../../../nios2-elf/lib/libc.a(lib_a-fwalk.o)
                0x00c07fa8                _fwalk_reent
                0x00c08070                _fwalk
 .text          0x00c08128       0xc4 /usr/local/3rdparty/altera/quartus12/nios2eds/bin/gnu/H-i686-pc-linux-gnu/bin/../lib/gcc/nios2-elf/4.1.2/../../../../nios2-elf/lib/libc.a(lib_a-locale.o)
                0x00c08128                __locale_charset
                0x00c08130                _localeconv_r
                0x00c0813c                localeconv
                0x00c0814c                _setlocale_r
                0x00c081d0                setlocale
 .text          0x00c081ec      0x194 /usr/local/3rdparty/altera/quartus12/nios2eds/bin/gnu/H-i686-pc-linux-gnu/bin/../lib/gcc/nios2-elf/4.1.2/../../../../nios2-elf/lib/libc.a(lib_a-makebuf.o)
                0x00c081ec                __smakebuf_r
 .text          0x00c08380      0x740 /usr/local/3rdparty/altera/quartus12/nios2eds/bin/gnu/H-i686-pc-linux-gnu/bin/../lib/gcc/nios2-elf/4.1.2/../../../../nios2-elf/lib/libc.a(lib_a-mallocr.o)
                0x00c08380                _malloc_r
 .text          0x00c08ac0       0xe4 /usr/local/3rdparty/altera/quartus12/nios2eds/bin/gnu/H-i686-pc-linux-gnu/bin/../lib/gcc/nios2-elf/4.1.2/../../../../nios2-elf/lib/libc.a(lib_a-memchr.o)
                0x00c08ac0                memchr
 .text          0x00c08ba4       0xa0 /usr/local/3rdparty/altera/quartus12/nios2eds/bin/gnu/H-i686-pc-linux-gnu/bin/../lib/gcc/nios2-elf/4.1.2/../../../../nios2-elf/lib/libc.a(lib_a-memcpy.o)
                0x00c08ba4                memcpy
 .text          0x00c08c44       0xe0 /usr/local/3rdparty/altera/quartus12/nios2eds/bin/gnu/H-i686-pc-linux-gnu/bin/../lib/gcc/nios2-elf/4.1.2/../../../../nios2-elf/lib/libc.a(lib_a-memmove.o)
                0x00c08c44                memmove
 .text          0x00c08d24       0x98 /usr/local/3rdparty/altera/quartus12/nios2eds/bin/gnu/H-i686-pc-linux-gnu/bin/../lib/gcc/nios2-elf/4.1.2/../../../../nios2-elf/lib/libc.a(lib_a-memset.o)
                0x00c08d24                memset
 .text          0x00c08dbc      0xff4 /usr/local/3rdparty/altera/quartus12/nios2eds/bin/gnu/H-i686-pc-linux-gnu/bin/../lib/gcc/nios2-elf/4.1.2/../../../../nios2-elf/lib/libc.a(lib_a-mprec.o)
                0x00c08dbc                _Bfree
                0x00c08de4                __hi0bits
                0x00c08e54                __lo0bits
                0x00c08f18                __mcmp
                0x00c08f78                __ulp
                0x00c08ff8                __b2d
                0x00c09118                __ratio
                0x00c091c8                _mprec_log10
                0x00c0925c                __copybits
                0x00c092b4                __any_on
                0x00c0933c                _Balloc
                0x00c093f8                __d2b
                0x00c09574                __mdiff
                0x00c09700                __lshift
                0x00c0984c                __multiply
                0x00c09a34                __i2b
                0x00c09a70                __multadd
                0x00c09b70                __pow5mult
                0x00c09c90                __s2b
 .text          0x00c09db0      0x5f4 /usr/local/3rdparty/altera/quartus12/nios2eds/bin/gnu/H-i686-pc-linux-gnu/bin/../lib/gcc/nios2-elf/4.1.2/../../../../nios2-elf/lib/libc.a(lib_a-reallocr.o)
                0x00c09db0                _realloc_r
 .text          0x00c0a3a4       0x40 /usr/local/3rdparty/altera/quartus12/nios2eds/bin/gnu/H-i686-pc-linux-gnu/bin/../lib/gcc/nios2-elf/4.1.2/../../../../nios2-elf/lib/libc.a(lib_a-s_isinfd.o)
                0x00c0a3a4                __isinfd
 .text          0x00c0a3e4       0x30 /usr/local/3rdparty/altera/quartus12/nios2eds/bin/gnu/H-i686-pc-linux-gnu/bin/../lib/gcc/nios2-elf/4.1.2/../../../../nios2-elf/lib/libc.a(lib_a-s_isnand.o)
                0x00c0a3e4                __isnand
 .text          0x00c0a414       0x70 /usr/local/3rdparty/altera/quartus12/nios2eds/bin/gnu/H-i686-pc-linux-gnu/bin/../lib/gcc/nios2-elf/4.1.2/../../../../nios2-elf/lib/libc.a(lib_a-sbrkr.o)
                0x00c0a414                _sbrk_r
 .text          0x00c0a484      0x14c /usr/local/3rdparty/altera/quartus12/nios2eds/bin/gnu/H-i686-pc-linux-gnu/bin/../lib/gcc/nios2-elf/4.1.2/../../../../nios2-elf/lib/libc.a(lib_a-stdio.o)
                0x00c0a484                __sclose
                0x00c0a48c                __sseek
                0x00c0a4f4                __swrite
                0x00c0a570                __sread
 .text          0x00c0a5d0       0xbc /usr/local/3rdparty/altera/quartus12/nios2eds/bin/gnu/H-i686-pc-linux-gnu/bin/../lib/gcc/nios2-elf/4.1.2/../../../../nios2-elf/lib/libc.a(lib_a-strcmp.o)
                0x00c0a5d0                strcmp
 .text          0x00c0a68c       0x78 /usr/local/3rdparty/altera/quartus12/nios2eds/bin/gnu/H-i686-pc-linux-gnu/bin/../lib/gcc/nios2-elf/4.1.2/../../../../nios2-elf/lib/libc.a(lib_a-writer.o)
                0x00c0a68c                _write_r
 .text          0x00c0a704       0xb4 /usr/local/3rdparty/altera/quartus12/nios2eds/bin/gnu/H-i686-pc-linux-gnu/bin/../lib/gcc/nios2-elf/4.1.2/../../../../nios2-elf/lib/libc.a(lib_a-callocr.o)
                0x00c0a704                _calloc_r
 .text          0x00c0a7b8       0x70 /usr/local/3rdparty/altera/quartus12/nios2eds/bin/gnu/H-i686-pc-linux-gnu/bin/../lib/gcc/nios2-elf/4.1.2/../../../../nios2-elf/lib/libc.a(lib_a-closer.o)
                0x00c0a7b8                _close_r
 .text          0x00c0a828      0x124 /usr/local/3rdparty/altera/quartus12/nios2eds/bin/gnu/H-i686-pc-linux-gnu/bin/../lib/gcc/nios2-elf/4.1.2/../../../../nios2-elf/lib/libc.a(lib_a-fclose.o)
                0x00c0a828                _fclose_r
                0x00c0a938                fclose
 .text          0x00c0a94c       0x74 /usr/local/3rdparty/altera/quartus12/nios2eds/bin/gnu/H-i686-pc-linux-gnu/bin/../lib/gcc/nios2-elf/4.1.2/../../../../nios2-elf/lib/libc.a(lib_a-fstatr.o)
                0x00c0a94c                _fstat_r
 .text          0x00c0a9c0        0x0 /usr/local/3rdparty/altera/quartus12/nios2eds/bin/gnu/H-i686-pc-linux-gnu/bin/../lib/gcc/nios2-elf/4.1.2/../../../../nios2-elf/lib/libc.a(lib_a-int_errno.o)
 .text          0x00c0a9c0       0x70 /usr/local/3rdparty/altera/quartus12/nios2eds/bin/gnu/H-i686-pc-linux-gnu/bin/../lib/gcc/nios2-elf/4.1.2/../../../../nios2-elf/lib/libc.a(lib_a-isattyr.o)
                0x00c0a9c0                _isatty_r
 .text          0x00c0aa30       0x78 /usr/local/3rdparty/altera/quartus12/nios2eds/bin/gnu/H-i686-pc-linux-gnu/bin/../lib/gcc/nios2-elf/4.1.2/../../../../nios2-elf/lib/libc.a(lib_a-lseekr.o)
                0x00c0aa30                _lseek_r
 .text          0x00c0aaa8       0x78 /usr/local/3rdparty/altera/quartus12/nios2eds/bin/gnu/H-i686-pc-linux-gnu/bin/../lib/gcc/nios2-elf/4.1.2/../../../../nios2-elf/lib/libc.a(lib_a-readr.o)
                0x00c0aaa8                _read_r
 .text          0x00c0ab20      0x5dc /usr/local/3rdparty/altera/quartus12/nios2eds/bin/gnu/H-i686-pc-linux-gnu/bin/../lib/gcc/nios2-elf/4.1.2/libgcc.a(_udivdi3.o)
                0x00c0ab20                __udivdi3
 .text          0x00c0b0fc      0x5b0 /usr/local/3rdparty/altera/quartus12/nios2eds/bin/gnu/H-i686-pc-linux-gnu/bin/../lib/gcc/nios2-elf/4.1.2/libgcc.a(_umoddi3.o)
                0x00c0b0fc                __umoddi3
 .text          0x00c0b6ac      0x3c4 /usr/local/3rdparty/altera/quartus12/nios2eds/bin/gnu/H-i686-pc-linux-gnu/bin/../lib/gcc/nios2-elf/4.1.2/libgcc.a(_mul_df.o)
                0x00c0b6ac                __muldf3
 .text          0x00c0ba70       0x88 /usr/local/3rdparty/altera/quartus12/nios2eds/bin/gnu/H-i686-pc-linux-gnu/bin/../lib/gcc/nios2-elf/4.1.2/libgcc.a(_eq_df.o)
                0x00c0ba70                __eqdf2
 .text          0x00c0baf8       0x88 /usr/local/3rdparty/altera/quartus12/nios2eds/bin/gnu/H-i686-pc-linux-gnu/bin/../lib/gcc/nios2-elf/4.1.2/libgcc.a(_gt_df.o)
                0x00c0baf8                __gtdf2
 .text          0x00c0bb80       0x88 /usr/local/3rdparty/altera/quartus12/nios2eds/bin/gnu/H-i686-pc-linux-gnu/bin/../lib/gcc/nios2-elf/4.1.2/libgcc.a(_ge_df.o)
                0x00c0bb80                __gedf2
 .text          0x00c0bc08       0x88 /usr/local/3rdparty/altera/quartus12/nios2eds/bin/gnu/H-i686-pc-linux-gnu/bin/../lib/gcc/nios2-elf/4.1.2/libgcc.a(_lt_df.o)
                0x00c0bc08                __ltdf2
 .text          0x00c0bc90       0xf8 /usr/local/3rdparty/altera/quartus12/nios2eds/bin/gnu/H-i686-pc-linux-gnu/bin/../lib/gcc/nios2-elf/4.1.2/libgcc.a(_si_to_df.o)
                0x00c0bc90                __floatsidf
 .text          0x00c0bd88       0xd8 /usr/local/3rdparty/altera/quartus12/nios2eds/bin/gnu/H-i686-pc-linux-gnu/bin/../lib/gcc/nios2-elf/4.1.2/libgcc.a(_df_to_si.o)
                0x00c0bd88                __fixdfsi
 .text          0x00c0be60      0x194 /usr/local/3rdparty/altera/quartus12/nios2eds/bin/gnu/H-i686-pc-linux-gnu/bin/../lib/gcc/nios2-elf/4.1.2/libgcc.a(_usi_to_df.o)
                0x00c0be60                __floatunsidf
 .text          0x00c0bff4      0x14c /usr/local/3rdparty/altera/quartus12/nios2eds/bin/gnu/H-i686-pc-linux-gnu/bin/../lib/gcc/nios2-elf/4.1.2/libgcc.a(lib2-divmod.o)
                0x00c0c070                __divsi3
                0x00c0c0d0                __modsi3
                0x00c0c130                __udivsi3
                0x00c0c138                __umodsi3
 .text          0x00c0c140      0x15c ../Fractal_cpu2_bsp//libhal_bsp.a(alt_close.o)
                0x00c0c140                close
 .text          0x00c0c29c       0x2c ../Fractal_cpu2_bsp//libhal_bsp.a(alt_dev.o)
 .text          0x00c0c2c8        0x0 ../Fractal_cpu2_bsp//libhal_bsp.a(alt_errno.o)
 .text          0x00c0c2c8      0x134 ../Fractal_cpu2_bsp//libhal_bsp.a(alt_fstat.o)
                0x00c0c2c8                fstat
 .text          0x00c0c3fc      0x120 ../Fractal_cpu2_bsp//libhal_bsp.a(alt_isatty.o)
                0x00c0c3fc                isatty
 .text          0x00c0c51c       0xec ../Fractal_cpu2_bsp//libhal_bsp.a(alt_load.o)
                0x00c0c51c                alt_load
 .text          0x00c0c608      0x150 ../Fractal_cpu2_bsp//libhal_bsp.a(alt_lseek.o)
                0x00c0c608                lseek
 .text          0x00c0c758       0x6c ../Fractal_cpu2_bsp//libhal_bsp.a(alt_main.o)
                0x00c0c758                alt_main
 .text          0x00c0c7c4       0x40 ../Fractal_cpu2_bsp//libhal_bsp.a(alt_malloc_lock.o)
                0x00c0c7c4                __malloc_lock
                0x00c0c7e4                __malloc_unlock
 .text          0x00c0c804      0x180 ../Fractal_cpu2_bsp//libhal_bsp.a(alt_read.o)
                0x00c0c804                read
 .text          0x00c0c984       0x60 ../Fractal_cpu2_bsp//libhal_bsp.a(alt_release_fd.o)
                0x00c0c984                alt_release_fd
 .text          0x00c0c9e4       0xbc ../Fractal_cpu2_bsp//libhal_bsp.a(alt_sbrk.o)
                0x00c0c9e4                sbrk
 .text          0x00c0caa0      0x180 ../Fractal_cpu2_bsp//libhal_bsp.a(alt_write.o)
                0x00c0caa0                write
 .text          0x00c0cc20      0x2e4 ../Fractal_cpu2_bsp//libhal_bsp.a(alt_sys_init.o)
                0x00c0cc20                alt_irq_init
                0x00c0cc54                alt_sys_init
 .text          0x00c0cf04      0x148 ../Fractal_cpu2_bsp//libhal_bsp.a(altera_avalon_jtag_uart_fd.o)
                0x00c0cf04                altera_avalon_jtag_uart_read_fd
                0x00c0cf5c                altera_avalon_jtag_uart_write_fd
                0x00c0cfb4                altera_avalon_jtag_uart_close_fd
                0x00c0cffc                altera_avalon_jtag_uart_ioctl_fd
 .text          0x00c0d04c      0x40c ../Fractal_cpu2_bsp//libhal_bsp.a(altera_avalon_jtag_uart_init.o)
                0x00c0d04c                altera_avalon_jtag_uart_init
                0x00c0d3e4                altera_avalon_jtag_uart_close
 .text          0x00c0d458       0xf4 ../Fractal_cpu2_bsp//libhal_bsp.a(altera_avalon_jtag_uart_ioctl.o)
                0x00c0d458                altera_avalon_jtag_uart_ioctl
 .text          0x00c0d54c      0x224 ../Fractal_cpu2_bsp//libhal_bsp.a(altera_avalon_jtag_uart_read.o)
                0x00c0d54c                altera_avalon_jtag_uart_read
 .text          0x00c0d770      0x240 ../Fractal_cpu2_bsp//libhal_bsp.a(altera_avalon_jtag_uart_write.o)
                0x00c0d770                altera_avalon_jtag_uart_write
 .text          0x00c0d9b0      0x528 ../Fractal_cpu2_bsp//libhal_bsp.a(altera_avalon_mailbox.o)
                0x00c0d9b0                alt_avalon_mailbox_init
                0x00c0dbd4                altera_avalon_mailbox_open
                0x00c0dc2c                altera_avalon_mailbox_close
                0x00c0dc4c                altera_avalon_mailbox_post
                0x00c0dd58                altera_avalon_mailbox_pend
                0x00c0de00                altera_avalon_mailbox_get
 .text          0x00c0ded8      0x304 ../Fractal_cpu2_bsp//libhal_bsp.a(altera_avalon_mutex.o)
                0x00c0df54                altera_avalon_mutex_open
                0x00c0e00c                altera_avalon_mutex_close
                0x00c0e02c                altera_avalon_mutex_lock
                0x00c0e06c                altera_avalon_mutex_trylock
                0x00c0e0ac                altera_avalon_mutex_unlock
                0x00c0e108                altera_avalon_mutex_is_mine
                0x00c0e184                altera_avalon_mutex_first_lock
 .text          0x00c0e1dc     0x156c ../Fractal_cpu2_bsp//libhal_bsp.a(altera_up_avalon_video_pixel_buffer_dma.o)
                0x00c0e1dc                alt_up_pixel_buffer_dma_open_dev
                0x00c0e21c                alt_up_pixel_buffer_dma_draw
                0x00c0e3bc                alt_up_pixel_buffer_dma_change_back_buffer_address
                0x00c0e414                alt_up_pixel_buffer_dma_swap_buffers
                0x00c0e46c                alt_up_pixel_buffer_dma_check_swap_buffers_status
                0x00c0e4a0                alt_up_pixel_buffer_dma_clear_screen
                0x00c0e604                alt_up_pixel_buffer_dma_draw_box
                0x00c0eaf8                alt_up_pixel_buffer_dma_draw_hline
                0x00c0ee48                alt_up_pixel_buffer_dma_draw_vline
                0x00c0f218                alt_up_pixel_buffer_dma_draw_rectangle
                0x00c0f2dc                helper_plot_pixel
                0x00c0f3ac                alt_up_pixel_buffer_dma_draw_line
 .text          0x00c0f748      0x154 ../Fractal_cpu2_bsp//libhal_bsp.a(alt_alarm_start.o)
                0x00c0f748                alt_alarm_start
 .text          0x00c0f89c       0x44 ../Fractal_cpu2_bsp//libhal_bsp.a(alt_dcache_flush_all.o)
                0x00c0f89c                alt_dcache_flush_all
 .text          0x00c0f8e0      0x114 ../Fractal_cpu2_bsp//libhal_bsp.a(alt_dev_llist_insert.o)
                0x00c0f8e0                alt_dev_llist_insert
 .text          0x00c0f9f4       0x64 ../Fractal_cpu2_bsp//libhal_bsp.a(alt_do_ctors.o)
                0x00c0f9f4                _do_ctors
 .text          0x00c0fa58       0x64 ../Fractal_cpu2_bsp//libhal_bsp.a(alt_do_dtors.o)
                0x00c0fa58                _do_dtors
 .text          0x00c0fabc       0x94 ../Fractal_cpu2_bsp//libhal_bsp.a(alt_find_dev.o)
                0x00c0fabc                alt_find_dev
 .text          0x00c0fb50       0x30 ../Fractal_cpu2_bsp//libhal_bsp.a(alt_icache_flush_all.o)
                0x00c0fb50                alt_icache_flush_all
 .text          0x00c0fb80      0x1d4 ../Fractal_cpu2_bsp//libhal_bsp.a(alt_iic.o)
                0x00c0fb80                alt_ic_isr_register
                0x00c0fbd0                alt_ic_irq_enable
                0x00c0fc6c                alt_ic_irq_disable
                0x00c0fd0c                alt_ic_irq_enabled
 .text          0x00c0fd54       0xf8 ../Fractal_cpu2_bsp//libhal_bsp.a(alt_iic_isr_register.o)
                0x00c0fd54                alt_iic_isr_register
 .text          0x00c0fe4c      0x13c ../Fractal_cpu2_bsp//libhal_bsp.a(alt_io_redirect.o)
                0x00c0ff10                alt_io_redirect
 .text          0x00c0ff88        0x0 ../Fractal_cpu2_bsp//libhal_bsp.a(alt_irq_entry.o)
 .text          0x00c0ff88        0x0 ../Fractal_cpu2_bsp//libhal_bsp.a(alt_irq_handler.o)
 .text          0x00c0ff88        0x0 ../Fractal_cpu2_bsp//libhal_bsp.a(alt_irq_vars.o)
 .text          0x00c0ff88      0x2c4 ../Fractal_cpu2_bsp//libhal_bsp.a(alt_open.o)
                0x00c10064                open
 .text          0x00c1024c      0x1a4 ../Fractal_cpu2_bsp//libhal_bsp.a(alt_tick.o)
                0x00c1024c                alt_alarm_stop
                0x00c102e4                alt_tick
 .text          0x00c103f0       0x20 ../Fractal_cpu2_bsp//libhal_bsp.a(altera_nios2_irq.o)
                0x00c103f0                altera_nios2_irq_init
 .text          0x00c10410        0x0 ../Fractal_cpu2_bsp//libhal_bsp.a(alt_exception_entry.o)
 .text          0x00c10410      0x120 ../Fractal_cpu2_bsp//libhal_bsp.a(alt_find_file.o)
                0x00c10410                alt_find_file
 .text          0x00c10530       0xb8 ../Fractal_cpu2_bsp//libhal_bsp.a(alt_get_fd.o)
                0x00c10530                alt_get_fd
 .text          0x00c105e8       0x90 ../Fractal_cpu2_bsp//libhal_bsp.a(alt_icache_flush.o)
                0x00c105e8                alt_icache_flush
 .text          0x00c10678       0x14 /usr/local/3rdparty/altera/quartus12/nios2eds/bin/gnu/H-i686-pc-linux-gnu/bin/../lib/gcc/nios2-elf/4.1.2/../../../../nios2-elf/lib/libc.a(lib_a-atexit.o)
                0x00c10678                atexit
 .text          0x00c1068c       0x38 /usr/local/3rdparty/altera/quartus12/nios2eds/bin/gnu/H-i686-pc-linux-gnu/bin/../lib/gcc/nios2-elf/4.1.2/../../../../nios2-elf/lib/libc.a(lib_a-exit.o)
                0x00c1068c                exit
 .text          0x00c106c4       0x74 /usr/local/3rdparty/altera/quartus12/nios2eds/bin/gnu/H-i686-pc-linux-gnu/bin/../lib/gcc/nios2-elf/4.1.2/../../../../nios2-elf/lib/libc.a(lib_a-memcmp.o)
                0x00c106c4                memcmp
 .text          0x00c10738      0x134 /usr/local/3rdparty/altera/quartus12/nios2eds/bin/gnu/H-i686-pc-linux-gnu/bin/../lib/gcc/nios2-elf/4.1.2/../../../../nios2-elf/lib/libc.a(lib_a-__atexit.o)
                0x00c10738                __register_exitproc
 .text          0x00c1086c      0x1b4 /usr/local/3rdparty/altera/quartus12/nios2eds/bin/gnu/H-i686-pc-linux-gnu/bin/../lib/gcc/nios2-elf/4.1.2/../../../../nios2-elf/lib/libc.a(lib_a-__call_atexit.o)
                0x00c10870                __call_exitprocs
 .text          0x00c10a20       0x60 ../Fractal_cpu2_bsp//libhal_bsp.a(alt_exit.o)
                0x00c10a60                _exit
 *(.gnu.warning.*)
 *(.fini)
                0x00c10a80                PROVIDE (__etext, ABSOLUTE (.))
                0x00c10a80                PROVIDE (_etext, ABSOLUTE (.))
                0x00c10a80                PROVIDE (etext, ABSOLUTE (.))
 *(.eh_frame_hdr)
                0x00c10a80                . = ALIGN (0x4)
                0x00c10a80                PROVIDE (__preinit_array_start, ABSOLUTE (.))
 *(.preinit_array)
                0x00c10a80                PROVIDE (__preinit_array_end, ABSOLUTE (.))
                0x00c10a80                PROVIDE (__init_array_start, ABSOLUTE (.))
 *(.init_array)
                0x00c10a80                PROVIDE (__init_array_end, ABSOLUTE (.))
                0x00c10a80                PROVIDE (__fini_array_start, ABSOLUTE (.))
 *(.fini_array)
                0x00c10a80                PROVIDE (__fini_array_end, ABSOLUTE (.))
 *(.eh_frame)
 .eh_frame      0x00c10a80       0x40 /usr/local/3rdparty/altera/quartus12/nios2eds/bin/gnu/H-i686-pc-linux-gnu/bin/../lib/gcc/nios2-elf/4.1.2/libgcc.a(_udivdi3.o)
 .eh_frame      0x00c10ac0       0x2c /usr/local/3rdparty/altera/quartus12/nios2eds/bin/gnu/H-i686-pc-linux-gnu/bin/../lib/gcc/nios2-elf/4.1.2/libgcc.a(_umoddi3.o)
                                 0x40 (size before relaxing)
 *(.gcc_except_table)
 *(.dynamic)
                0x00c10aec                PROVIDE (__CTOR_LIST__, ABSOLUTE (.))
 *(.ctors)
 *(SORT(.ctors.*))
 .ctors.65535   0x00c10aec        0x4 /usr/local/3rdparty/altera/quartus12/nios2eds/bin/gnu/H-i686-pc-linux-gnu/bin/../lib/gcc/nios2-elf/4.1.2/../../../../nios2-elf/lib/libc.a(lib_a-__call_atexit.o)
                0x00c10af0                PROVIDE (__CTOR_END__, ABSOLUTE (.))
                0x00c10af0                PROVIDE (__DTOR_LIST__, ABSOLUTE (.))
 *(.dtors)
 *(SORT(.dtors.*))
                0x00c10af0                PROVIDE (__DTOR_END__, ABSOLUTE (.))
 *(.jcr)
                0x00c10af0                . = ALIGN (0x4)

.rodata         0x00c10af0      0x4d8
                0x00c10af0                PROVIDE (__ram_rodata_start, ABSOLUTE (.))
                0x00c10af0                . = ALIGN (0x4)
 *(.rodata .rodata.* .gnu.linkonce.r.*)
 .rodata.str1.4
                0x00c10af0       0x2e obj/default/Fractal.o
                                 0x30 (size before relaxing)
 *fill*         0x00c10b1e        0x2 00
 .rodata.str1.4
                0x00c10b20       0x24 obj/default/Project.o
 .rodata.str1.4
                0x00c10b44        0x5 /usr/local/3rdparty/altera/quartus12/nios2eds/bin/gnu/H-i686-pc-linux-gnu/bin/../lib/gcc/nios2-elf/4.1.2/../../../../nios2-elf/lib/libm.a(lib_a-wf_pow.o)
                                  0x8 (size before relaxing)
 .rodata.str1.4
                0x00000000        0x5 /usr/local/3rdparty/altera/quartus12/nios2eds/bin/gnu/H-i686-pc-linux-gnu/bin/../lib/gcc/nios2-elf/4.1.2/../../../../nios2-elf/lib/libm.a(lib_a-ef_pow.o)
                                  0x4 (size before relaxing)
 *fill*         0x00c10b49        0x3 00
 .rodata        0x00c10b4c       0x10 /usr/local/3rdparty/altera/quartus12/nios2eds/bin/gnu/H-i686-pc-linux-gnu/bin/../lib/gcc/nios2-elf/4.1.2/../../../../nios2-elf/lib/libm.a(lib_a-s_rint.o)
 .rodata        0x00c10b5c       0x10 /usr/local/3rdparty/altera/quartus12/nios2eds/bin/gnu/H-i686-pc-linux-gnu/bin/../lib/gcc/nios2-elf/4.1.2/libgcc.a(_thenan_sf.o)
                0x00c10b5c                __thenan_sf
 .rodata        0x00c10b6c       0x14 /usr/local/3rdparty/altera/quartus12/nios2eds/bin/gnu/H-i686-pc-linux-gnu/bin/../lib/gcc/nios2-elf/4.1.2/libgcc.a(_thenan_df.o)
                0x00c10b6c                __thenan_df
 .rodata        0x00c10b80      0x100 /usr/local/3rdparty/altera/quartus12/nios2eds/bin/gnu/H-i686-pc-linux-gnu/bin/../lib/gcc/nios2-elf/4.1.2/libgcc.a(_clz.o)
                0x00c10b80                __clz_tab
 .rodata.str1.4
                0x00c10c80        0x2 /usr/local/3rdparty/altera/quartus12/nios2eds/bin/gnu/H-i686-pc-linux-gnu/bin/../lib/gcc/nios2-elf/4.1.2/../../../../nios2-elf/lib/libc.a(lib_a-impure.o)
                                  0x4 (size before relaxing)
 *fill*         0x00c10c82        0x2 00
 .rodata.str1.4
                0x00c10c84        0x2 /usr/local/3rdparty/altera/quartus12/nios2eds/bin/gnu/H-i686-pc-linux-gnu/bin/../lib/gcc/nios2-elf/4.1.2/../../../../nios2-elf/lib/libc.a(lib_a-puts.o)
                                  0x4 (size before relaxing)
 *fill*         0x00c10c86        0x2 00
 .rodata.str1.4
                0x00c10c88       0x5a /usr/local/3rdparty/altera/quartus12/nios2eds/bin/gnu/H-i686-pc-linux-gnu/bin/../lib/gcc/nios2-elf/4.1.2/../../../../nios2-elf/lib/libc.a(lib_a-vfprintf.o)
                                 0x60 (size before relaxing)
 .rodata        0x00c10ce2       0x20 /usr/local/3rdparty/altera/quartus12/nios2eds/bin/gnu/H-i686-pc-linux-gnu/bin/../lib/gcc/nios2-elf/4.1.2/../../../../nios2-elf/lib/libc.a(lib_a-vfprintf.o)
 *fill*         0x00c10d02        0x2 00
 .rodata.str1.4
                0x00c10d04       0x10 /usr/local/3rdparty/altera/quartus12/nios2eds/bin/gnu/H-i686-pc-linux-gnu/bin/../lib/gcc/nios2-elf/4.1.2/../../../../nios2-elf/lib/libc.a(lib_a-dtoa.o)
                                 0x14 (size before relaxing)
 .rodata.str1.4
                0x00c10d14        0xc /usr/local/3rdparty/altera/quartus12/nios2eds/bin/gnu/H-i686-pc-linux-gnu/bin/../lib/gcc/nios2-elf/4.1.2/../../../../nios2-elf/lib/libc.a(lib_a-locale.o)
                                 0x18 (size before relaxing)
 .rodata        0x00c10d20       0x30 /usr/local/3rdparty/altera/quartus12/nios2eds/bin/gnu/H-i686-pc-linux-gnu/bin/../lib/gcc/nios2-elf/4.1.2/../../../../nios2-elf/lib/libc.a(lib_a-locale.o)
 .rodata        0x00c10d50      0x124 /usr/local/3rdparty/altera/quartus12/nios2eds/bin/gnu/H-i686-pc-linux-gnu/bin/../lib/gcc/nios2-elf/4.1.2/../../../../nios2-elf/lib/libc.a(lib_a-mprec.o)
                0x00c10d50                __mprec_tens
                0x00c10e18                __mprec_bigtens
                0x00c10e40                __mprec_tinytens
 .rodata        0x00c10e74        0xc ../Fractal_cpu2_bsp//libhal_bsp.a(alt_dev.o)
 .rodata        0x00c10e80       0x14 ../Fractal_cpu2_bsp//libhal_bsp.a(alt_main.o)
 .rodata        0x00c10e94      0x134 ../Fractal_cpu2_bsp//libhal_bsp.a(alt_sys_init.o)
 *(.rodata1)
                0x00c10fc8                . = ALIGN (0x4)
                0x00c10fc8                PROVIDE (__ram_rodata_end, ABSOLUTE (.))
                0x00c10af0                PROVIDE (__flash_rodata_start, LOADADDR (.rodata))

.rwdata         0x00c10fc8     0x1bd4 load address 0x00c12b9c
                0x00c10fc8                PROVIDE (__ram_rwdata_start, ABSOLUTE (.))
                0x00c10fc8                . = ALIGN (0x4)
 *(.got.plt)
 *(.got)
 *(.data1)
 *(.data .data.* .gnu.linkonce.d.*)
 .data          0x00c10fc8        0x0 ../Fractal_cpu2_bsp//obj/HAL/src/crt0.o
 .data          0x00c10fc8        0x0 obj/default/Fractal.o
 .data          0x00c10fc8        0x0 obj/default/Project.o
 .data          0x00c10fc8        0x0 /usr/local/3rdparty/altera/quartus12/nios2eds/bin/gnu/H-i686-pc-linux-gnu/bin/../lib/gcc/nios2-elf/4.1.2/../../../../nios2-elf/lib/libm.a(lib_a-wf_pow.o)
 .data          0x00c10fc8        0x0 /usr/local/3rdparty/altera/quartus12/nios2eds/bin/gnu/H-i686-pc-linux-gnu/bin/../lib/gcc/nios2-elf/4.1.2/../../../../nios2-elf/lib/libm.a(lib_a-ef_pow.o)
 .data          0x00c10fc8        0x0 /usr/local/3rdparty/altera/quartus12/nios2eds/bin/gnu/H-i686-pc-linux-gnu/bin/../lib/gcc/nios2-elf/4.1.2/../../../../nios2-elf/lib/libm.a(lib_a-ef_sqrt.o)
 .data          0x00c10fc8        0x0 /usr/local/3rdparty/altera/quartus12/nios2eds/bin/gnu/H-i686-pc-linux-gnu/bin/../lib/gcc/nios2-elf/4.1.2/../../../../nios2-elf/lib/libm.a(lib_a-s_lib_ver.o)
 .data          0x00c10fc8        0x0 /usr/local/3rdparty/altera/quartus12/nios2eds/bin/gnu/H-i686-pc-linux-gnu/bin/../lib/gcc/nios2-elf/4.1.2/../../../../nios2-elf/lib/libm.a(lib_a-s_matherr.o)
 .data          0x00c10fc8        0x0 /usr/local/3rdparty/altera/quartus12/nios2eds/bin/gnu/H-i686-pc-linux-gnu/bin/../lib/gcc/nios2-elf/4.1.2/../../../../nios2-elf/lib/libm.a(lib_a-s_rint.o)
 .data          0x00c10fc8        0x0 /usr/local/3rdparty/altera/quartus12/nios2eds/bin/gnu/H-i686-pc-linux-gnu/bin/../lib/gcc/nios2-elf/4.1.2/../../../../nios2-elf/lib/libm.a(lib_a-sf_fabs.o)
 .data          0x00c10fc8        0x0 /usr/local/3rdparty/altera/quartus12/nios2eds/bin/gnu/H-i686-pc-linux-gnu/bin/../lib/gcc/nios2-elf/4.1.2/../../../../nios2-elf/lib/libm.a(lib_a-sf_finite.o)
 .data          0x00c10fc8        0x0 /usr/local/3rdparty/altera/quartus12/nios2eds/bin/gnu/H-i686-pc-linux-gnu/bin/../lib/gcc/nios2-elf/4.1.2/../../../../nios2-elf/lib/libm.a(lib_a-sf_isnan.o)
 .data          0x00c10fc8        0x0 /usr/local/3rdparty/altera/quartus12/nios2eds/bin/gnu/H-i686-pc-linux-gnu/bin/../lib/gcc/nios2-elf/4.1.2/../../../../nios2-elf/lib/libm.a(lib_a-sf_nan.o)
 .data          0x00c10fc8        0x0 /usr/local/3rdparty/altera/quartus12/nios2eds/bin/gnu/H-i686-pc-linux-gnu/bin/../lib/gcc/nios2-elf/4.1.2/../../../../nios2-elf/lib/libm.a(lib_a-sf_scalbn.o)
 .data          0x00c10fc8        0x0 /usr/local/3rdparty/altera/quartus12/nios2eds/bin/gnu/H-i686-pc-linux-gnu/bin/../lib/gcc/nios2-elf/4.1.2/../../../../nios2-elf/lib/libm.a(lib_a-sf_copysign.o)
 .data          0x00c10fc8        0x0 /usr/local/3rdparty/altera/quartus12/nios2eds/bin/gnu/H-i686-pc-linux-gnu/bin/../lib/gcc/nios2-elf/4.1.2/libgcc.a(_addsub_sf.o)
 .data          0x00c10fc8        0x0 /usr/local/3rdparty/altera/quartus12/nios2eds/bin/gnu/H-i686-pc-linux-gnu/bin/../lib/gcc/nios2-elf/4.1.2/libgcc.a(_mul_sf.o)
 .data          0x00c10fc8        0x0 /usr/local/3rdparty/altera/quartus12/nios2eds/bin/gnu/H-i686-pc-linux-gnu/bin/../lib/gcc/nios2-elf/4.1.2/libgcc.a(_div_sf.o)
 .data          0x00c10fc8        0x0 /usr/local/3rdparty/altera/quartus12/nios2eds/bin/gnu/H-i686-pc-linux-gnu/bin/../lib/gcc/nios2-elf/4.1.2/libgcc.a(_eq_sf.o)
 .data          0x00c10fc8        0x0 /usr/local/3rdparty/altera/quartus12/nios2eds/bin/gnu/H-i686-pc-linux-gnu/bin/../lib/gcc/nios2-elf/4.1.2/libgcc.a(_gt_sf.o)
 .data          0x00c10fc8        0x0 /usr/local/3rdparty/altera/quartus12/nios2eds/bin/gnu/H-i686-pc-linux-gnu/bin/../lib/gcc/nios2-elf/4.1.2/libgcc.a(_lt_sf.o)
 .data          0x00c10fc8        0x0 /usr/local/3rdparty/altera/quartus12/nios2eds/bin/gnu/H-i686-pc-linux-gnu/bin/../lib/gcc/nios2-elf/4.1.2/libgcc.a(_le_sf.o)
 .data          0x00c10fc8        0x0 /usr/local/3rdparty/altera/quartus12/nios2eds/bin/gnu/H-i686-pc-linux-gnu/bin/../lib/gcc/nios2-elf/4.1.2/libgcc.a(_si_to_sf.o)
 .data          0x00c10fc8        0x0 /usr/local/3rdparty/altera/quartus12/nios2eds/bin/gnu/H-i686-pc-linux-gnu/bin/../lib/gcc/nios2-elf/4.1.2/libgcc.a(_sf_to_df.o)
 .data          0x00c10fc8        0x0 /usr/local/3rdparty/altera/quartus12/nios2eds/bin/gnu/H-i686-pc-linux-gnu/bin/../lib/gcc/nios2-elf/4.1.2/libgcc.a(_thenan_sf.o)
 .data          0x00c10fc8        0x0 /usr/local/3rdparty/altera/quartus12/nios2eds/bin/gnu/H-i686-pc-linux-gnu/bin/../lib/gcc/nios2-elf/4.1.2/libgcc.a(_addsub_df.o)
 .data          0x00c10fc8        0x0 /usr/local/3rdparty/altera/quartus12/nios2eds/bin/gnu/H-i686-pc-linux-gnu/bin/../lib/gcc/nios2-elf/4.1.2/libgcc.a(_div_df.o)
 .data          0x00c10fc8        0x0 /usr/local/3rdparty/altera/quartus12/nios2eds/bin/gnu/H-i686-pc-linux-gnu/bin/../lib/gcc/nios2-elf/4.1.2/libgcc.a(_ne_df.o)
 .data          0x00c10fc8        0x0 /usr/local/3rdparty/altera/quartus12/nios2eds/bin/gnu/H-i686-pc-linux-gnu/bin/../lib/gcc/nios2-elf/4.1.2/libgcc.a(_make_df.o)
 .data          0x00c10fc8        0x0 /usr/local/3rdparty/altera/quartus12/nios2eds/bin/gnu/H-i686-pc-linux-gnu/bin/../lib/gcc/nios2-elf/4.1.2/libgcc.a(_df_to_sf.o)
 .data          0x00c10fc8        0x0 /usr/local/3rdparty/altera/quartus12/nios2eds/bin/gnu/H-i686-pc-linux-gnu/bin/../lib/gcc/nios2-elf/4.1.2/libgcc.a(_thenan_df.o)
 .data          0x00c10fc8        0x0 /usr/local/3rdparty/altera/quartus12/nios2eds/bin/gnu/H-i686-pc-linux-gnu/bin/../lib/gcc/nios2-elf/4.1.2/libgcc.a(_muldi3.o)
 .data          0x00c10fc8        0x0 /usr/local/3rdparty/altera/quartus12/nios2eds/bin/gnu/H-i686-pc-linux-gnu/bin/../lib/gcc/nios2-elf/4.1.2/libgcc.a(_clzsi2.o)
 .data          0x00c10fc8        0x0 /usr/local/3rdparty/altera/quartus12/nios2eds/bin/gnu/H-i686-pc-linux-gnu/bin/../lib/gcc/nios2-elf/4.1.2/libgcc.a(_pack_sf.o)
 .data          0x00c10fc8        0x0 /usr/local/3rdparty/altera/quartus12/nios2eds/bin/gnu/H-i686-pc-linux-gnu/bin/../lib/gcc/nios2-elf/4.1.2/libgcc.a(_unpack_sf.o)
 .data          0x00c10fc8        0x0 /usr/local/3rdparty/altera/quartus12/nios2eds/bin/gnu/H-i686-pc-linux-gnu/bin/../lib/gcc/nios2-elf/4.1.2/libgcc.a(_fpcmp_parts_sf.o)
 .data          0x00c10fc8        0x0 /usr/local/3rdparty/altera/quartus12/nios2eds/bin/gnu/H-i686-pc-linux-gnu/bin/../lib/gcc/nios2-elf/4.1.2/libgcc.a(_make_sf.o)
 .data          0x00c10fc8        0x0 /usr/local/3rdparty/altera/quartus12/nios2eds/bin/gnu/H-i686-pc-linux-gnu/bin/../lib/gcc/nios2-elf/4.1.2/libgcc.a(_pack_df.o)
 .data          0x00c10fc8        0x0 /usr/local/3rdparty/altera/quartus12/nios2eds/bin/gnu/H-i686-pc-linux-gnu/bin/../lib/gcc/nios2-elf/4.1.2/libgcc.a(_unpack_df.o)
 .data          0x00c10fc8        0x0 /usr/local/3rdparty/altera/quartus12/nios2eds/bin/gnu/H-i686-pc-linux-gnu/bin/../lib/gcc/nios2-elf/4.1.2/libgcc.a(_fpcmp_parts_df.o)
 .data          0x00c10fc8        0x0 /usr/local/3rdparty/altera/quartus12/nios2eds/bin/gnu/H-i686-pc-linux-gnu/bin/../lib/gcc/nios2-elf/4.1.2/libgcc.a(_clz.o)
 .data          0x00c10fc8        0x0 /usr/local/3rdparty/altera/quartus12/nios2eds/bin/gnu/H-i686-pc-linux-gnu/bin/../lib/gcc/nios2-elf/4.1.2/../../../../nios2-elf/lib/libc.a(lib_a-errno.o)
 .data          0x00c10fc8      0x400 /usr/local/3rdparty/altera/quartus12/nios2eds/bin/gnu/H-i686-pc-linux-gnu/bin/../lib/gcc/nios2-elf/4.1.2/../../../../nios2-elf/lib/libc.a(lib_a-impure.o)
 .data          0x00c113c8        0x0 /usr/local/3rdparty/altera/quartus12/nios2eds/bin/gnu/H-i686-pc-linux-gnu/bin/../lib/gcc/nios2-elf/4.1.2/../../../../nios2-elf/lib/libc.a(lib_a-printf.o)
 .data          0x00c113c8        0x0 /usr/local/3rdparty/altera/quartus12/nios2eds/bin/gnu/H-i686-pc-linux-gnu/bin/../lib/gcc/nios2-elf/4.1.2/../../../../nios2-elf/lib/libc.a(lib_a-puts.o)
 .data          0x00c113c8        0x0 /usr/local/3rdparty/altera/quartus12/nios2eds/bin/gnu/H-i686-pc-linux-gnu/bin/../lib/gcc/nios2-elf/4.1.2/../../../../nios2-elf/lib/libc.a(lib_a-sprintf.o)
 .data          0x00c113c8        0x0 /usr/local/3rdparty/altera/quartus12/nios2eds/bin/gnu/H-i686-pc-linux-gnu/bin/../lib/gcc/nios2-elf/4.1.2/../../../../nios2-elf/lib/libc.a(lib_a-strlen.o)
 .data          0x00c113c8        0x0 /usr/local/3rdparty/altera/quartus12/nios2eds/bin/gnu/H-i686-pc-linux-gnu/bin/../lib/gcc/nios2-elf/4.1.2/../../../../nios2-elf/lib/libc.a(lib_a-vfprintf.o)
 .data          0x00c113c8        0x0 /usr/local/3rdparty/altera/quartus12/nios2eds/bin/gnu/H-i686-pc-linux-gnu/bin/../lib/gcc/nios2-elf/4.1.2/../../../../nios2-elf/lib/libc.a(lib_a-wsetup.o)
 .data          0x00c113c8        0x0 /usr/local/3rdparty/altera/quartus12/nios2eds/bin/gnu/H-i686-pc-linux-gnu/bin/../lib/gcc/nios2-elf/4.1.2/../../../../nios2-elf/lib/libc.a(lib_a-dtoa.o)
 .data          0x00c113c8        0x0 /usr/local/3rdparty/altera/quartus12/nios2eds/bin/gnu/H-i686-pc-linux-gnu/bin/../lib/gcc/nios2-elf/4.1.2/../../../../nios2-elf/lib/libc.a(lib_a-fflush.o)
 .data          0x00c113c8        0x0 /usr/local/3rdparty/altera/quartus12/nios2eds/bin/gnu/H-i686-pc-linux-gnu/bin/../lib/gcc/nios2-elf/4.1.2/../../../../nios2-elf/lib/libc.a(lib_a-findfp.o)
 .data          0x00c113c8        0x0 /usr/local/3rdparty/altera/quartus12/nios2eds/bin/gnu/H-i686-pc-linux-gnu/bin/../lib/gcc/nios2-elf/4.1.2/../../../../nios2-elf/lib/libc.a(lib_a-freer.o)
 .data          0x00c113c8        0x0 /usr/local/3rdparty/altera/quartus12/nios2eds/bin/gnu/H-i686-pc-linux-gnu/bin/../lib/gcc/nios2-elf/4.1.2/../../../../nios2-elf/lib/libc.a(lib_a-fvwrite.o)
 .data          0x00c113c8        0x0 /usr/local/3rdparty/altera/quartus12/nios2eds/bin/gnu/H-i686-pc-linux-gnu/bin/../lib/gcc/nios2-elf/4.1.2/../../../../nios2-elf/lib/libc.a(lib_a-fwalk.o)
 .data          0x00c113c8        0xc /usr/local/3rdparty/altera/quartus12/nios2eds/bin/gnu/H-i686-pc-linux-gnu/bin/../lib/gcc/nios2-elf/4.1.2/../../../../nios2-elf/lib/libc.a(lib_a-locale.o)
                0x00c113c8                __lc_ctype
 .data          0x00c113d4        0x0 /usr/local/3rdparty/altera/quartus12/nios2eds/bin/gnu/H-i686-pc-linux-gnu/bin/../lib/gcc/nios2-elf/4.1.2/../../../../nios2-elf/lib/libc.a(lib_a-makebuf.o)
 .data          0x00c113d4      0x408 /usr/local/3rdparty/altera/quartus12/nios2eds/bin/gnu/H-i686-pc-linux-gnu/bin/../lib/gcc/nios2-elf/4.1.2/../../../../nios2-elf/lib/libc.a(lib_a-mallocr.o)
                0x00c113d4                __malloc_av_
 .data          0x00c117dc        0x0 /usr/local/3rdparty/altera/quartus12/nios2eds/bin/gnu/H-i686-pc-linux-gnu/bin/../lib/gcc/nios2-elf/4.1.2/../../../../nios2-elf/lib/libc.a(lib_a-memchr.o)
 .data          0x00c117dc        0x0 /usr/local/3rdparty/altera/quartus12/nios2eds/bin/gnu/H-i686-pc-linux-gnu/bin/../lib/gcc/nios2-elf/4.1.2/../../../../nios2-elf/lib/libc.a(lib_a-memcpy.o)
 .data          0x00c117dc        0x0 /usr/local/3rdparty/altera/quartus12/nios2eds/bin/gnu/H-i686-pc-linux-gnu/bin/../lib/gcc/nios2-elf/4.1.2/../../../../nios2-elf/lib/libc.a(lib_a-memmove.o)
 .data          0x00c117dc        0x0 /usr/local/3rdparty/altera/quartus12/nios2eds/bin/gnu/H-i686-pc-linux-gnu/bin/../lib/gcc/nios2-elf/4.1.2/../../../../nios2-elf/lib/libc.a(lib_a-memset.o)
 .data          0x00c117dc        0x0 /usr/local/3rdparty/altera/quartus12/nios2eds/bin/gnu/H-i686-pc-linux-gnu/bin/../lib/gcc/nios2-elf/4.1.2/../../../../nios2-elf/lib/libc.a(lib_a-mprec.o)
 .data          0x00c117dc        0x0 /usr/local/3rdparty/altera/quartus12/nios2eds/bin/gnu/H-i686-pc-linux-gnu/bin/../lib/gcc/nios2-elf/4.1.2/../../../../nios2-elf/lib/libc.a(lib_a-reallocr.o)
 .data          0x00c117dc        0x0 /usr/local/3rdparty/altera/quartus12/nios2eds/bin/gnu/H-i686-pc-linux-gnu/bin/../lib/gcc/nios2-elf/4.1.2/../../../../nios2-elf/lib/libc.a(lib_a-s_isinfd.o)
 .data          0x00c117dc        0x0 /usr/local/3rdparty/altera/quartus12/nios2eds/bin/gnu/H-i686-pc-linux-gnu/bin/../lib/gcc/nios2-elf/4.1.2/../../../../nios2-elf/lib/libc.a(lib_a-s_isnand.o)
 .data          0x00c117dc        0x0 /usr/local/3rdparty/altera/quartus12/nios2eds/bin/gnu/H-i686-pc-linux-gnu/bin/../lib/gcc/nios2-elf/4.1.2/../../../../nios2-elf/lib/libc.a(lib_a-sbrkr.o)
 .data          0x00c117dc        0x0 /usr/local/3rdparty/altera/quartus12/nios2eds/bin/gnu/H-i686-pc-linux-gnu/bin/../lib/gcc/nios2-elf/4.1.2/../../../../nios2-elf/lib/libc.a(lib_a-stdio.o)
 .data          0x00c117dc        0x0 /usr/local/3rdparty/altera/quartus12/nios2eds/bin/gnu/H-i686-pc-linux-gnu/bin/../lib/gcc/nios2-elf/4.1.2/../../../../nios2-elf/lib/libc.a(lib_a-strcmp.o)
 .data          0x00c117dc        0x0 /usr/local/3rdparty/altera/quartus12/nios2eds/bin/gnu/H-i686-pc-linux-gnu/bin/../lib/gcc/nios2-elf/4.1.2/../../../../nios2-elf/lib/libc.a(lib_a-writer.o)
 .data          0x00c117dc        0x0 /usr/local/3rdparty/altera/quartus12/nios2eds/bin/gnu/H-i686-pc-linux-gnu/bin/../lib/gcc/nios2-elf/4.1.2/../../../../nios2-elf/lib/libc.a(lib_a-callocr.o)
 .data          0x00c117dc        0x0 /usr/local/3rdparty/altera/quartus12/nios2eds/bin/gnu/H-i686-pc-linux-gnu/bin/../lib/gcc/nios2-elf/4.1.2/../../../../nios2-elf/lib/libc.a(lib_a-closer.o)
 .data          0x00c117dc        0x0 /usr/local/3rdparty/altera/quartus12/nios2eds/bin/gnu/H-i686-pc-linux-gnu/bin/../lib/gcc/nios2-elf/4.1.2/../../../../nios2-elf/lib/libc.a(lib_a-fclose.o)
 .data          0x00c117dc        0x0 /usr/local/3rdparty/altera/quartus12/nios2eds/bin/gnu/H-i686-pc-linux-gnu/bin/../lib/gcc/nios2-elf/4.1.2/../../../../nios2-elf/lib/libc.a(lib_a-fstatr.o)
 .data          0x00c117dc        0x0 /usr/local/3rdparty/altera/quartus12/nios2eds/bin/gnu/H-i686-pc-linux-gnu/bin/../lib/gcc/nios2-elf/4.1.2/../../../../nios2-elf/lib/libc.a(lib_a-int_errno.o)
 .data          0x00c117dc        0x0 /usr/local/3rdparty/altera/quartus12/nios2eds/bin/gnu/H-i686-pc-linux-gnu/bin/../lib/gcc/nios2-elf/4.1.2/../../../../nios2-elf/lib/libc.a(lib_a-isattyr.o)
 .data          0x00c117dc        0x0 /usr/local/3rdparty/altera/quartus12/nios2eds/bin/gnu/H-i686-pc-linux-gnu/bin/../lib/gcc/nios2-elf/4.1.2/../../../../nios2-elf/lib/libc.a(lib_a-lseekr.o)
 .data          0x00c117dc        0x0 /usr/local/3rdparty/altera/quartus12/nios2eds/bin/gnu/H-i686-pc-linux-gnu/bin/../lib/gcc/nios2-elf/4.1.2/../../../../nios2-elf/lib/libc.a(lib_a-readr.o)
 .data          0x00c117dc        0x0 /usr/local/3rdparty/altera/quartus12/nios2eds/bin/gnu/H-i686-pc-linux-gnu/bin/../lib/gcc/nios2-elf/4.1.2/libgcc.a(_udivdi3.o)
 .data          0x00c117dc        0x0 /usr/local/3rdparty/altera/quartus12/nios2eds/bin/gnu/H-i686-pc-linux-gnu/bin/../lib/gcc/nios2-elf/4.1.2/libgcc.a(_umoddi3.o)
 .data          0x00c117dc        0x0 /usr/local/3rdparty/altera/quartus12/nios2eds/bin/gnu/H-i686-pc-linux-gnu/bin/../lib/gcc/nios2-elf/4.1.2/libgcc.a(_mul_df.o)
 .data          0x00c117dc        0x0 /usr/local/3rdparty/altera/quartus12/nios2eds/bin/gnu/H-i686-pc-linux-gnu/bin/../lib/gcc/nios2-elf/4.1.2/libgcc.a(_eq_df.o)
 .data          0x00c117dc        0x0 /usr/local/3rdparty/altera/quartus12/nios2eds/bin/gnu/H-i686-pc-linux-gnu/bin/../lib/gcc/nios2-elf/4.1.2/libgcc.a(_gt_df.o)
 .data          0x00c117dc        0x0 /usr/local/3rdparty/altera/quartus12/nios2eds/bin/gnu/H-i686-pc-linux-gnu/bin/../lib/gcc/nios2-elf/4.1.2/libgcc.a(_ge_df.o)
 .data          0x00c117dc        0x0 /usr/local/3rdparty/altera/quartus12/nios2eds/bin/gnu/H-i686-pc-linux-gnu/bin/../lib/gcc/nios2-elf/4.1.2/libgcc.a(_lt_df.o)
 .data          0x00c117dc        0x0 /usr/local/3rdparty/altera/quartus12/nios2eds/bin/gnu/H-i686-pc-linux-gnu/bin/../lib/gcc/nios2-elf/4.1.2/libgcc.a(_si_to_df.o)
 .data          0x00c117dc        0x0 /usr/local/3rdparty/altera/quartus12/nios2eds/bin/gnu/H-i686-pc-linux-gnu/bin/../lib/gcc/nios2-elf/4.1.2/libgcc.a(_df_to_si.o)
 .data          0x00c117dc        0x0 /usr/local/3rdparty/altera/quartus12/nios2eds/bin/gnu/H-i686-pc-linux-gnu/bin/../lib/gcc/nios2-elf/4.1.2/libgcc.a(_usi_to_df.o)
 .data          0x00c117dc        0x0 /usr/local/3rdparty/altera/quartus12/nios2eds/bin/gnu/H-i686-pc-linux-gnu/bin/../lib/gcc/nios2-elf/4.1.2/libgcc.a(lib2-divmod.o)
 .data          0x00c117dc        0x0 ../Fractal_cpu2_bsp//libhal_bsp.a(alt_close.o)
 .data          0x00c117dc      0x1a8 ../Fractal_cpu2_bsp//libhal_bsp.a(alt_dev.o)
                0x00c117dc                alt_dev_null
                0x00c11804                alt_fd_list
 .data          0x00c11984        0x0 ../Fractal_cpu2_bsp//libhal_bsp.a(alt_errno.o)
 .data          0x00c11984        0x0 ../Fractal_cpu2_bsp//libhal_bsp.a(alt_fstat.o)
 .data          0x00c11984        0x0 ../Fractal_cpu2_bsp//libhal_bsp.a(alt_isatty.o)
 .data          0x00c11984        0x0 ../Fractal_cpu2_bsp//libhal_bsp.a(alt_load.o)
 .data          0x00c11984        0x0 ../Fractal_cpu2_bsp//libhal_bsp.a(alt_lseek.o)
 .data          0x00c11984        0x0 ../Fractal_cpu2_bsp//libhal_bsp.a(alt_main.o)
 .data          0x00c11984        0x0 ../Fractal_cpu2_bsp//libhal_bsp.a(alt_malloc_lock.o)
 .data          0x00c11984        0x0 ../Fractal_cpu2_bsp//libhal_bsp.a(alt_read.o)
 .data          0x00c11984        0x0 ../Fractal_cpu2_bsp//libhal_bsp.a(alt_release_fd.o)
 .data          0x00c11984        0x0 ../Fractal_cpu2_bsp//libhal_bsp.a(alt_sbrk.o)
 .data          0x00c11984        0x0 ../Fractal_cpu2_bsp//libhal_bsp.a(alt_write.o)
 .data          0x00c11984     0x11a4 ../Fractal_cpu2_bsp//libhal_bsp.a(alt_sys_init.o)
 .data          0x00c12b28        0x0 ../Fractal_cpu2_bsp//libhal_bsp.a(altera_avalon_jtag_uart_fd.o)
 .data          0x00c12b28        0x0 ../Fractal_cpu2_bsp//libhal_bsp.a(altera_avalon_jtag_uart_init.o)
 .data          0x00c12b28        0x0 ../Fractal_cpu2_bsp//libhal_bsp.a(altera_avalon_jtag_uart_ioctl.o)
 .data          0x00c12b28        0x0 ../Fractal_cpu2_bsp//libhal_bsp.a(altera_avalon_jtag_uart_read.o)
 .data          0x00c12b28        0x0 ../Fractal_cpu2_bsp//libhal_bsp.a(altera_avalon_jtag_uart_write.o)
 .data          0x00c12b28        0x0 ../Fractal_cpu2_bsp//libhal_bsp.a(altera_avalon_mailbox.o)
 .data          0x00c12b28        0x0 ../Fractal_cpu2_bsp//libhal_bsp.a(altera_avalon_mutex.o)
 .data          0x00c12b28        0x0 ../Fractal_cpu2_bsp//libhal_bsp.a(altera_up_avalon_video_pixel_buffer_dma.o)
 .data          0x00c12b28        0x0 ../Fractal_cpu2_bsp//libhal_bsp.a(alt_alarm_start.o)
 .data          0x00c12b28        0x0 ../Fractal_cpu2_bsp//libhal_bsp.a(alt_dcache_flush_all.o)
 .data          0x00c12b28        0x0 ../Fractal_cpu2_bsp//libhal_bsp.a(alt_dev_llist_insert.o)
 .data          0x00c12b28        0x0 ../Fractal_cpu2_bsp//libhal_bsp.a(alt_do_ctors.o)
 .data          0x00c12b28        0x0 ../Fractal_cpu2_bsp//libhal_bsp.a(alt_do_dtors.o)
 .data          0x00c12b28        0x0 ../Fractal_cpu2_bsp//libhal_bsp.a(alt_find_dev.o)
 .data          0x00c12b28        0x0 ../Fractal_cpu2_bsp//libhal_bsp.a(alt_icache_flush_all.o)
 .data          0x00c12b28        0x0 ../Fractal_cpu2_bsp//libhal_bsp.a(alt_iic.o)
 .data          0x00c12b28        0x0 ../Fractal_cpu2_bsp//libhal_bsp.a(alt_iic_isr_register.o)
 .data          0x00c12b28        0x0 ../Fractal_cpu2_bsp//libhal_bsp.a(alt_io_redirect.o)
 .data          0x00c12b28        0x0 ../Fractal_cpu2_bsp//libhal_bsp.a(alt_irq_entry.o)
 .data          0x00c12b28        0x0 ../Fractal_cpu2_bsp//libhal_bsp.a(alt_irq_handler.o)
 .data          0x00c12b28        0x0 ../Fractal_cpu2_bsp//libhal_bsp.a(alt_irq_vars.o)
 .data          0x00c12b28        0x0 ../Fractal_cpu2_bsp//libhal_bsp.a(alt_open.o)
 .data          0x00c12b28        0x0 ../Fractal_cpu2_bsp//libhal_bsp.a(alt_tick.o)
 .data          0x00c12b28        0x0 ../Fractal_cpu2_bsp//libhal_bsp.a(altera_nios2_irq.o)
 .data          0x00c12b28        0x0 ../Fractal_cpu2_bsp//libhal_bsp.a(alt_exception_entry.o)
 .data          0x00c12b28        0x0 ../Fractal_cpu2_bsp//libhal_bsp.a(alt_find_file.o)
 .data          0x00c12b28        0x0 ../Fractal_cpu2_bsp//libhal_bsp.a(alt_get_fd.o)
 .data          0x00c12b28        0x0 ../Fractal_cpu2_bsp//libhal_bsp.a(alt_icache_flush.o)
 .data          0x00c12b28        0x0 /usr/local/3rdparty/altera/quartus12/nios2eds/bin/gnu/H-i686-pc-linux-gnu/bin/../lib/gcc/nios2-elf/4.1.2/../../../../nios2-elf/lib/libc.a(lib_a-atexit.o)
 .data          0x00c12b28        0x0 /usr/local/3rdparty/altera/quartus12/nios2eds/bin/gnu/H-i686-pc-linux-gnu/bin/../lib/gcc/nios2-elf/4.1.2/../../../../nios2-elf/lib/libc.a(lib_a-exit.o)
 .data          0x00c12b28        0x0 /usr/local/3rdparty/altera/quartus12/nios2eds/bin/gnu/H-i686-pc-linux-gnu/bin/../lib/gcc/nios2-elf/4.1.2/../../../../nios2-elf/lib/libc.a(lib_a-memcmp.o)
 .data          0x00c12b28        0x0 /usr/local/3rdparty/altera/quartus12/nios2eds/bin/gnu/H-i686-pc-linux-gnu/bin/../lib/gcc/nios2-elf/4.1.2/../../../../nios2-elf/lib/libc.a(lib_a-__atexit.o)
 .data          0x00c12b28        0x0 /usr/local/3rdparty/altera/quartus12/nios2eds/bin/gnu/H-i686-pc-linux-gnu/bin/../lib/gcc/nios2-elf/4.1.2/../../../../nios2-elf/lib/libc.a(lib_a-__call_atexit.o)
 .data          0x00c12b28        0x0 ../Fractal_cpu2_bsp//libhal_bsp.a(alt_exit.o)
                0x00c1ab28                _gp = ABSOLUTE ((. + 0x8000))
                0x00c1ab28                PROVIDE (gp, _gp)
 *(.rwdata .rwdata.*)
 *(.sdata .sdata.* .gnu.linkonce.s.*)
 .sdata         0x00c12b28        0x8 obj/default/Fractal.o
                0x00c12b28                targetX
                0x00c12b2c                targetY
 .sdata         0x00c12b30       0x18 /usr/local/3rdparty/altera/quartus12/nios2eds/bin/gnu/H-i686-pc-linux-gnu/bin/../lib/gcc/nios2-elf/4.1.2/../../../../nios2-elf/lib/libm.a(lib_a-ef_pow.o)
 .sdata         0x00c12b48        0x4 /usr/local/3rdparty/altera/quartus12/nios2eds/bin/gnu/H-i686-pc-linux-gnu/bin/../lib/gcc/nios2-elf/4.1.2/../../../../nios2-elf/lib/libm.a(lib_a-s_lib_ver.o)
                0x00c12b48                __fdlib_version
 .sdata         0x00c12b4c        0x8 /usr/local/3rdparty/altera/quartus12/nios2eds/bin/gnu/H-i686-pc-linux-gnu/bin/../lib/gcc/nios2-elf/4.1.2/../../../../nios2-elf/lib/libc.a(lib_a-impure.o)
                0x00c12b4c                _impure_ptr
                0x00c12b50                _global_impure_ptr
 .sdata         0x00c12b54        0x8 /usr/local/3rdparty/altera/quartus12/nios2eds/bin/gnu/H-i686-pc-linux-gnu/bin/../lib/gcc/nios2-elf/4.1.2/../../../../nios2-elf/lib/libc.a(lib_a-locale.o)
                0x00c12b54                __mb_cur_max
 .sdata         0x00c12b5c        0x8 /usr/local/3rdparty/altera/quartus12/nios2eds/bin/gnu/H-i686-pc-linux-gnu/bin/../lib/gcc/nios2-elf/4.1.2/../../../../nios2-elf/lib/libc.a(lib_a-mallocr.o)
                0x00c12b5c                __malloc_trim_threshold
                0x00c12b60                __malloc_sbrk_base
 .sdata         0x00c12b64       0x14 ../Fractal_cpu2_bsp//libhal_bsp.a(alt_dev.o)
                0x00c12b64                alt_fs_list
                0x00c12b6c                alt_dev_list
                0x00c12b74                alt_max_fd
 .sdata         0x00c12b78        0x4 ../Fractal_cpu2_bsp//libhal_bsp.a(alt_errno.o)
                0x00c12b78                alt_errno
 .sdata         0x00c12b7c        0x4 ../Fractal_cpu2_bsp//libhal_bsp.a(alt_sbrk.o)
 .sdata         0x00c12b80        0x8 ../Fractal_cpu2_bsp//libhal_bsp.a(altera_avalon_mailbox.o)
                0x00c12b80                alt_mailbox_list
 .sdata         0x00c12b88        0x8 ../Fractal_cpu2_bsp//libhal_bsp.a(altera_avalon_mutex.o)
                0x00c12b88                alt_mutex_list
 .sdata         0x00c12b90        0x4 ../Fractal_cpu2_bsp//libhal_bsp.a(alt_irq_vars.o)
                0x00c12b90                alt_priority_mask
 .sdata         0x00c12b94        0x8 ../Fractal_cpu2_bsp//libhal_bsp.a(alt_tick.o)
                0x00c12b94                alt_alarm_list
 *(.sdata2 .sdata2.* .gnu.linkonce.s2.*)
                0x00c12b9c                . = ALIGN (0x4)
                0x00c12b9c                _edata = ABSOLUTE (.)
                0x00c12b9c                PROVIDE (edata, ABSOLUTE (.))
                0x00c12b9c                PROVIDE (__ram_rwdata_end, ABSOLUTE (.))
                0x00c12b9c                PROVIDE (__flash_rwdata_start, LOADADDR (.rwdata))

.bss            0x00c14770      0x2f0
                0x00c14770                __bss_start = ABSOLUTE (.)
                0x00c14770                PROVIDE (__sbss_start, ABSOLUTE (.))
                0x00c14770                PROVIDE (___sbss_start, ABSOLUTE (.))
 *(.dynsbss)
 *(.sbss .sbss.* .gnu.linkonce.sb.*)
 .sbss          0x00c14770        0x4 obj/default/Fractal.o
                0x00c14770                myPixelBuffer
 .sbss          0x00c14774        0xc /usr/local/3rdparty/altera/quartus12/nios2eds/bin/gnu/H-i686-pc-linux-gnu/bin/../lib/gcc/nios2-elf/4.1.2/../../../../nios2-elf/lib/libc.a(lib_a-locale.o)
                0x00c14774                __nlocale_changed
                0x00c14778                __mlocale_changed
                0x00c1477c                _PathLocale
 .sbss          0x00c14780        0xc /usr/local/3rdparty/altera/quartus12/nios2eds/bin/gnu/H-i686-pc-linux-gnu/bin/../lib/gcc/nios2-elf/4.1.2/../../../../nios2-elf/lib/libc.a(lib_a-mallocr.o)
                0x00c14780                __malloc_top_pad
                0x00c14784                __malloc_max_sbrked_mem
                0x00c14788                __malloc_max_total_mem
 .sbss          0x00c1478c        0x4 /usr/local/3rdparty/altera/quartus12/nios2eds/bin/gnu/H-i686-pc-linux-gnu/bin/../lib/gcc/nios2-elf/4.1.2/../../../../nios2-elf/lib/libc.a(lib_a-int_errno.o)
                0x00c1478c                errno
 .sbss          0x00c14790        0xc ../Fractal_cpu2_bsp//libhal_bsp.a(alt_main.o)
                0x00c14790                alt_argc
                0x00c14794                alt_argv
                0x00c14798                alt_envp
 .sbss          0x00c1479c        0x4 ../Fractal_cpu2_bsp//libhal_bsp.a(alt_irq_vars.o)
                0x00c1479c                alt_irq_active
 .sbss          0x00c147a0        0x8 ../Fractal_cpu2_bsp//libhal_bsp.a(alt_tick.o)
                0x00c147a0                _alt_tick_rate
                0x00c147a4                _alt_nticks
 *(.sbss2 .sbss2.* .gnu.linkonce.sb2.*)
 *(.scommon)
                0x00c147a8                PROVIDE (__sbss_end, ABSOLUTE (.))
                0x00c147a8                PROVIDE (___sbss_end, ABSOLUTE (.))
 *(.dynbss)
 *(.bss .bss.* .gnu.linkonce.b.*)
 .bss           0x00c147a8        0x0 ../Fractal_cpu2_bsp//obj/HAL/src/crt0.o
 .bss           0x00c147a8        0x0 obj/default/Fractal.o
 .bss           0x00c147a8        0x0 obj/default/Project.o
 .bss           0x00c147a8        0x0 /usr/local/3rdparty/altera/quartus12/nios2eds/bin/gnu/H-i686-pc-linux-gnu/bin/../lib/gcc/nios2-elf/4.1.2/../../../../nios2-elf/lib/libm.a(lib_a-wf_pow.o)
 .bss           0x00c147a8        0x0 /usr/local/3rdparty/altera/quartus12/nios2eds/bin/gnu/H-i686-pc-linux-gnu/bin/../lib/gcc/nios2-elf/4.1.2/../../../../nios2-elf/lib/libm.a(lib_a-ef_pow.o)
 .bss           0x00c147a8        0x0 /usr/local/3rdparty/altera/quartus12/nios2eds/bin/gnu/H-i686-pc-linux-gnu/bin/../lib/gcc/nios2-elf/4.1.2/../../../../nios2-elf/lib/libm.a(lib_a-ef_sqrt.o)
 .bss           0x00c147a8        0x0 /usr/local/3rdparty/altera/quartus12/nios2eds/bin/gnu/H-i686-pc-linux-gnu/bin/../lib/gcc/nios2-elf/4.1.2/../../../../nios2-elf/lib/libm.a(lib_a-s_lib_ver.o)
 .bss           0x00c147a8        0x0 /usr/local/3rdparty/altera/quartus12/nios2eds/bin/gnu/H-i686-pc-linux-gnu/bin/../lib/gcc/nios2-elf/4.1.2/../../../../nios2-elf/lib/libm.a(lib_a-s_matherr.o)
 .bss           0x00c147a8        0x0 /usr/local/3rdparty/altera/quartus12/nios2eds/bin/gnu/H-i686-pc-linux-gnu/bin/../lib/gcc/nios2-elf/4.1.2/../../../../nios2-elf/lib/libm.a(lib_a-s_rint.o)
 .bss           0x00c147a8        0x0 /usr/local/3rdparty/altera/quartus12/nios2eds/bin/gnu/H-i686-pc-linux-gnu/bin/../lib/gcc/nios2-elf/4.1.2/../../../../nios2-elf/lib/libm.a(lib_a-sf_fabs.o)
 .bss           0x00c147a8        0x0 /usr/local/3rdparty/altera/quartus12/nios2eds/bin/gnu/H-i686-pc-linux-gnu/bin/../lib/gcc/nios2-elf/4.1.2/../../../../nios2-elf/lib/libm.a(lib_a-sf_finite.o)
 .bss           0x00c147a8        0x0 /usr/local/3rdparty/altera/quartus12/nios2eds/bin/gnu/H-i686-pc-linux-gnu/bin/../lib/gcc/nios2-elf/4.1.2/../../../../nios2-elf/lib/libm.a(lib_a-sf_isnan.o)
 .bss           0x00c147a8        0x0 /usr/local/3rdparty/altera/quartus12/nios2eds/bin/gnu/H-i686-pc-linux-gnu/bin/../lib/gcc/nios2-elf/4.1.2/../../../../nios2-elf/lib/libm.a(lib_a-sf_nan.o)
 .bss           0x00c147a8        0x0 /usr/local/3rdparty/altera/quartus12/nios2eds/bin/gnu/H-i686-pc-linux-gnu/bin/../lib/gcc/nios2-elf/4.1.2/../../../../nios2-elf/lib/libm.a(lib_a-sf_scalbn.o)
 .bss           0x00c147a8        0x0 /usr/local/3rdparty/altera/quartus12/nios2eds/bin/gnu/H-i686-pc-linux-gnu/bin/../lib/gcc/nios2-elf/4.1.2/../../../../nios2-elf/lib/libm.a(lib_a-sf_copysign.o)
 .bss           0x00c147a8        0x0 /usr/local/3rdparty/altera/quartus12/nios2eds/bin/gnu/H-i686-pc-linux-gnu/bin/../lib/gcc/nios2-elf/4.1.2/libgcc.a(_addsub_sf.o)
 .bss           0x00c147a8        0x0 /usr/local/3rdparty/altera/quartus12/nios2eds/bin/gnu/H-i686-pc-linux-gnu/bin/../lib/gcc/nios2-elf/4.1.2/libgcc.a(_mul_sf.o)
 .bss           0x00c147a8        0x0 /usr/local/3rdparty/altera/quartus12/nios2eds/bin/gnu/H-i686-pc-linux-gnu/bin/../lib/gcc/nios2-elf/4.1.2/libgcc.a(_div_sf.o)
 .bss           0x00c147a8        0x0 /usr/local/3rdparty/altera/quartus12/nios2eds/bin/gnu/H-i686-pc-linux-gnu/bin/../lib/gcc/nios2-elf/4.1.2/libgcc.a(_eq_sf.o)
 .bss           0x00c147a8        0x0 /usr/local/3rdparty/altera/quartus12/nios2eds/bin/gnu/H-i686-pc-linux-gnu/bin/../lib/gcc/nios2-elf/4.1.2/libgcc.a(_gt_sf.o)
 .bss           0x00c147a8        0x0 /usr/local/3rdparty/altera/quartus12/nios2eds/bin/gnu/H-i686-pc-linux-gnu/bin/../lib/gcc/nios2-elf/4.1.2/libgcc.a(_lt_sf.o)
 .bss           0x00c147a8        0x0 /usr/local/3rdparty/altera/quartus12/nios2eds/bin/gnu/H-i686-pc-linux-gnu/bin/../lib/gcc/nios2-elf/4.1.2/libgcc.a(_le_sf.o)
 .bss           0x00c147a8        0x0 /usr/local/3rdparty/altera/quartus12/nios2eds/bin/gnu/H-i686-pc-linux-gnu/bin/../lib/gcc/nios2-elf/4.1.2/libgcc.a(_si_to_sf.o)
 .bss           0x00c147a8        0x0 /usr/local/3rdparty/altera/quartus12/nios2eds/bin/gnu/H-i686-pc-linux-gnu/bin/../lib/gcc/nios2-elf/4.1.2/libgcc.a(_sf_to_df.o)
 .bss           0x00c147a8        0x0 /usr/local/3rdparty/altera/quartus12/nios2eds/bin/gnu/H-i686-pc-linux-gnu/bin/../lib/gcc/nios2-elf/4.1.2/libgcc.a(_thenan_sf.o)
 .bss           0x00c147a8        0x0 /usr/local/3rdparty/altera/quartus12/nios2eds/bin/gnu/H-i686-pc-linux-gnu/bin/../lib/gcc/nios2-elf/4.1.2/libgcc.a(_addsub_df.o)
 .bss           0x00c147a8        0x0 /usr/local/3rdparty/altera/quartus12/nios2eds/bin/gnu/H-i686-pc-linux-gnu/bin/../lib/gcc/nios2-elf/4.1.2/libgcc.a(_div_df.o)
 .bss           0x00c147a8        0x0 /usr/local/3rdparty/altera/quartus12/nios2eds/bin/gnu/H-i686-pc-linux-gnu/bin/../lib/gcc/nios2-elf/4.1.2/libgcc.a(_ne_df.o)
 .bss           0x00c147a8        0x0 /usr/local/3rdparty/altera/quartus12/nios2eds/bin/gnu/H-i686-pc-linux-gnu/bin/../lib/gcc/nios2-elf/4.1.2/libgcc.a(_make_df.o)
 .bss           0x00c147a8        0x0 /usr/local/3rdparty/altera/quartus12/nios2eds/bin/gnu/H-i686-pc-linux-gnu/bin/../lib/gcc/nios2-elf/4.1.2/libgcc.a(_df_to_sf.o)
 .bss           0x00c147a8        0x0 /usr/local/3rdparty/altera/quartus12/nios2eds/bin/gnu/H-i686-pc-linux-gnu/bin/../lib/gcc/nios2-elf/4.1.2/libgcc.a(_thenan_df.o)
 .bss           0x00c147a8        0x0 /usr/local/3rdparty/altera/quartus12/nios2eds/bin/gnu/H-i686-pc-linux-gnu/bin/../lib/gcc/nios2-elf/4.1.2/libgcc.a(_muldi3.o)
 .bss           0x00c147a8        0x0 /usr/local/3rdparty/altera/quartus12/nios2eds/bin/gnu/H-i686-pc-linux-gnu/bin/../lib/gcc/nios2-elf/4.1.2/libgcc.a(_clzsi2.o)
 .bss           0x00c147a8        0x0 /usr/local/3rdparty/altera/quartus12/nios2eds/bin/gnu/H-i686-pc-linux-gnu/bin/../lib/gcc/nios2-elf/4.1.2/libgcc.a(_pack_sf.o)
 .bss           0x00c147a8        0x0 /usr/local/3rdparty/altera/quartus12/nios2eds/bin/gnu/H-i686-pc-linux-gnu/bin/../lib/gcc/nios2-elf/4.1.2/libgcc.a(_unpack_sf.o)
 .bss           0x00c147a8        0x0 /usr/local/3rdparty/altera/quartus12/nios2eds/bin/gnu/H-i686-pc-linux-gnu/bin/../lib/gcc/nios2-elf/4.1.2/libgcc.a(_fpcmp_parts_sf.o)
 .bss           0x00c147a8        0x0 /usr/local/3rdparty/altera/quartus12/nios2eds/bin/gnu/H-i686-pc-linux-gnu/bin/../lib/gcc/nios2-elf/4.1.2/libgcc.a(_make_sf.o)
 .bss           0x00c147a8        0x0 /usr/local/3rdparty/altera/quartus12/nios2eds/bin/gnu/H-i686-pc-linux-gnu/bin/../lib/gcc/nios2-elf/4.1.2/libgcc.a(_pack_df.o)
 .bss           0x00c147a8        0x0 /usr/local/3rdparty/altera/quartus12/nios2eds/bin/gnu/H-i686-pc-linux-gnu/bin/../lib/gcc/nios2-elf/4.1.2/libgcc.a(_unpack_df.o)
 .bss           0x00c147a8        0x0 /usr/local/3rdparty/altera/quartus12/nios2eds/bin/gnu/H-i686-pc-linux-gnu/bin/../lib/gcc/nios2-elf/4.1.2/libgcc.a(_fpcmp_parts_df.o)
 .bss           0x00c147a8        0x0 /usr/local/3rdparty/altera/quartus12/nios2eds/bin/gnu/H-i686-pc-linux-gnu/bin/../lib/gcc/nios2-elf/4.1.2/libgcc.a(_clz.o)
 .bss           0x00c147a8        0x0 /usr/local/3rdparty/altera/quartus12/nios2eds/bin/gnu/H-i686-pc-linux-gnu/bin/../lib/gcc/nios2-elf/4.1.2/../../../../nios2-elf/lib/libc.a(lib_a-errno.o)
 .bss           0x00c147a8        0x0 /usr/local/3rdparty/altera/quartus12/nios2eds/bin/gnu/H-i686-pc-linux-gnu/bin/../lib/gcc/nios2-elf/4.1.2/../../../../nios2-elf/lib/libc.a(lib_a-impure.o)
 .bss           0x00c147a8        0x0 /usr/local/3rdparty/altera/quartus12/nios2eds/bin/gnu/H-i686-pc-linux-gnu/bin/../lib/gcc/nios2-elf/4.1.2/../../../../nios2-elf/lib/libc.a(lib_a-printf.o)
 .bss           0x00c147a8        0x0 /usr/local/3rdparty/altera/quartus12/nios2eds/bin/gnu/H-i686-pc-linux-gnu/bin/../lib/gcc/nios2-elf/4.1.2/../../../../nios2-elf/lib/libc.a(lib_a-puts.o)
 .bss           0x00c147a8        0x0 /usr/local/3rdparty/altera/quartus12/nios2eds/bin/gnu/H-i686-pc-linux-gnu/bin/../lib/gcc/nios2-elf/4.1.2/../../../../nios2-elf/lib/libc.a(lib_a-sprintf.o)
 .bss           0x00c147a8        0x0 /usr/local/3rdparty/altera/quartus12/nios2eds/bin/gnu/H-i686-pc-linux-gnu/bin/../lib/gcc/nios2-elf/4.1.2/../../../../nios2-elf/lib/libc.a(lib_a-strlen.o)
 .bss           0x00c147a8        0x0 /usr/local/3rdparty/altera/quartus12/nios2eds/bin/gnu/H-i686-pc-linux-gnu/bin/../lib/gcc/nios2-elf/4.1.2/../../../../nios2-elf/lib/libc.a(lib_a-vfprintf.o)
 .bss           0x00c147a8        0x0 /usr/local/3rdparty/altera/quartus12/nios2eds/bin/gnu/H-i686-pc-linux-gnu/bin/../lib/gcc/nios2-elf/4.1.2/../../../../nios2-elf/lib/libc.a(lib_a-wsetup.o)
 .bss           0x00c147a8        0x0 /usr/local/3rdparty/altera/quartus12/nios2eds/bin/gnu/H-i686-pc-linux-gnu/bin/../lib/gcc/nios2-elf/4.1.2/../../../../nios2-elf/lib/libc.a(lib_a-dtoa.o)
 .bss           0x00c147a8        0x0 /usr/local/3rdparty/altera/quartus12/nios2eds/bin/gnu/H-i686-pc-linux-gnu/bin/../lib/gcc/nios2-elf/4.1.2/../../../../nios2-elf/lib/libc.a(lib_a-fflush.o)
 .bss           0x00c147a8        0x0 /usr/local/3rdparty/altera/quartus12/nios2eds/bin/gnu/H-i686-pc-linux-gnu/bin/../lib/gcc/nios2-elf/4.1.2/../../../../nios2-elf/lib/libc.a(lib_a-findfp.o)
 .bss           0x00c147a8        0x0 /usr/local/3rdparty/altera/quartus12/nios2eds/bin/gnu/H-i686-pc-linux-gnu/bin/../lib/gcc/nios2-elf/4.1.2/../../../../nios2-elf/lib/libc.a(lib_a-freer.o)
 .bss           0x00c147a8        0x0 /usr/local/3rdparty/altera/quartus12/nios2eds/bin/gnu/H-i686-pc-linux-gnu/bin/../lib/gcc/nios2-elf/4.1.2/../../../../nios2-elf/lib/libc.a(lib_a-fvwrite.o)
 .bss           0x00c147a8        0x0 /usr/local/3rdparty/altera/quartus12/nios2eds/bin/gnu/H-i686-pc-linux-gnu/bin/../lib/gcc/nios2-elf/4.1.2/../../../../nios2-elf/lib/libc.a(lib_a-fwalk.o)
 .bss           0x00c147a8        0x0 /usr/local/3rdparty/altera/quartus12/nios2eds/bin/gnu/H-i686-pc-linux-gnu/bin/../lib/gcc/nios2-elf/4.1.2/../../../../nios2-elf/lib/libc.a(lib_a-locale.o)
 .bss           0x00c147a8        0x0 /usr/local/3rdparty/altera/quartus12/nios2eds/bin/gnu/H-i686-pc-linux-gnu/bin/../lib/gcc/nios2-elf/4.1.2/../../../../nios2-elf/lib/libc.a(lib_a-makebuf.o)
 .bss           0x00c147a8       0x28 /usr/local/3rdparty/altera/quartus12/nios2eds/bin/gnu/H-i686-pc-linux-gnu/bin/../lib/gcc/nios2-elf/4.1.2/../../../../nios2-elf/lib/libc.a(lib_a-mallocr.o)
                0x00c147a8                __malloc_current_mallinfo
 .bss           0x00c147d0        0x0 /usr/local/3rdparty/altera/quartus12/nios2eds/bin/gnu/H-i686-pc-linux-gnu/bin/../lib/gcc/nios2-elf/4.1.2/../../../../nios2-elf/lib/libc.a(lib_a-memchr.o)
 .bss           0x00c147d0        0x0 /usr/local/3rdparty/altera/quartus12/nios2eds/bin/gnu/H-i686-pc-linux-gnu/bin/../lib/gcc/nios2-elf/4.1.2/../../../../nios2-elf/lib/libc.a(lib_a-memcpy.o)
 .bss           0x00c147d0        0x0 /usr/local/3rdparty/altera/quartus12/nios2eds/bin/gnu/H-i686-pc-linux-gnu/bin/../lib/gcc/nios2-elf/4.1.2/../../../../nios2-elf/lib/libc.a(lib_a-memmove.o)
 .bss           0x00c147d0        0x0 /usr/local/3rdparty/altera/quartus12/nios2eds/bin/gnu/H-i686-pc-linux-gnu/bin/../lib/gcc/nios2-elf/4.1.2/../../../../nios2-elf/lib/libc.a(lib_a-memset.o)
 .bss           0x00c147d0        0x0 /usr/local/3rdparty/altera/quartus12/nios2eds/bin/gnu/H-i686-pc-linux-gnu/bin/../lib/gcc/nios2-elf/4.1.2/../../../../nios2-elf/lib/libc.a(lib_a-mprec.o)
 .bss           0x00c147d0        0x0 /usr/local/3rdparty/altera/quartus12/nios2eds/bin/gnu/H-i686-pc-linux-gnu/bin/../lib/gcc/nios2-elf/4.1.2/../../../../nios2-elf/lib/libc.a(lib_a-reallocr.o)
 .bss           0x00c147d0        0x0 /usr/local/3rdparty/altera/quartus12/nios2eds/bin/gnu/H-i686-pc-linux-gnu/bin/../lib/gcc/nios2-elf/4.1.2/../../../../nios2-elf/lib/libc.a(lib_a-s_isinfd.o)
 .bss           0x00c147d0        0x0 /usr/local/3rdparty/altera/quartus12/nios2eds/bin/gnu/H-i686-pc-linux-gnu/bin/../lib/gcc/nios2-elf/4.1.2/../../../../nios2-elf/lib/libc.a(lib_a-s_isnand.o)
 .bss           0x00c147d0        0x0 /usr/local/3rdparty/altera/quartus12/nios2eds/bin/gnu/H-i686-pc-linux-gnu/bin/../lib/gcc/nios2-elf/4.1.2/../../../../nios2-elf/lib/libc.a(lib_a-sbrkr.o)
 .bss           0x00c147d0        0x0 /usr/local/3rdparty/altera/quartus12/nios2eds/bin/gnu/H-i686-pc-linux-gnu/bin/../lib/gcc/nios2-elf/4.1.2/../../../../nios2-elf/lib/libc.a(lib_a-stdio.o)
 .bss           0x00c147d0        0x0 /usr/local/3rdparty/altera/quartus12/nios2eds/bin/gnu/H-i686-pc-linux-gnu/bin/../lib/gcc/nios2-elf/4.1.2/../../../../nios2-elf/lib/libc.a(lib_a-strcmp.o)
 .bss           0x00c147d0        0x0 /usr/local/3rdparty/altera/quartus12/nios2eds/bin/gnu/H-i686-pc-linux-gnu/bin/../lib/gcc/nios2-elf/4.1.2/../../../../nios2-elf/lib/libc.a(lib_a-writer.o)
 .bss           0x00c147d0        0x0 /usr/local/3rdparty/altera/quartus12/nios2eds/bin/gnu/H-i686-pc-linux-gnu/bin/../lib/gcc/nios2-elf/4.1.2/../../../../nios2-elf/lib/libc.a(lib_a-callocr.o)
 .bss           0x00c147d0        0x0 /usr/local/3rdparty/altera/quartus12/nios2eds/bin/gnu/H-i686-pc-linux-gnu/bin/../lib/gcc/nios2-elf/4.1.2/../../../../nios2-elf/lib/libc.a(lib_a-closer.o)
 .bss           0x00c147d0        0x0 /usr/local/3rdparty/altera/quartus12/nios2eds/bin/gnu/H-i686-pc-linux-gnu/bin/../lib/gcc/nios2-elf/4.1.2/../../../../nios2-elf/lib/libc.a(lib_a-fclose.o)
 .bss           0x00c147d0        0x0 /usr/local/3rdparty/altera/quartus12/nios2eds/bin/gnu/H-i686-pc-linux-gnu/bin/../lib/gcc/nios2-elf/4.1.2/../../../../nios2-elf/lib/libc.a(lib_a-fstatr.o)
 .bss           0x00c147d0        0x0 /usr/local/3rdparty/altera/quartus12/nios2eds/bin/gnu/H-i686-pc-linux-gnu/bin/../lib/gcc/nios2-elf/4.1.2/../../../../nios2-elf/lib/libc.a(lib_a-int_errno.o)
 .bss           0x00c147d0        0x0 /usr/local/3rdparty/altera/quartus12/nios2eds/bin/gnu/H-i686-pc-linux-gnu/bin/../lib/gcc/nios2-elf/4.1.2/../../../../nios2-elf/lib/libc.a(lib_a-isattyr.o)
 .bss           0x00c147d0        0x0 /usr/local/3rdparty/altera/quartus12/nios2eds/bin/gnu/H-i686-pc-linux-gnu/bin/../lib/gcc/nios2-elf/4.1.2/../../../../nios2-elf/lib/libc.a(lib_a-lseekr.o)
 .bss           0x00c147d0        0x0 /usr/local/3rdparty/altera/quartus12/nios2eds/bin/gnu/H-i686-pc-linux-gnu/bin/../lib/gcc/nios2-elf/4.1.2/../../../../nios2-elf/lib/libc.a(lib_a-readr.o)
 .bss           0x00c147d0        0x0 /usr/local/3rdparty/altera/quartus12/nios2eds/bin/gnu/H-i686-pc-linux-gnu/bin/../lib/gcc/nios2-elf/4.1.2/libgcc.a(_udivdi3.o)
 .bss           0x00c147d0        0x0 /usr/local/3rdparty/altera/quartus12/nios2eds/bin/gnu/H-i686-pc-linux-gnu/bin/../lib/gcc/nios2-elf/4.1.2/libgcc.a(_umoddi3.o)
 .bss           0x00c147d0        0x0 /usr/local/3rdparty/altera/quartus12/nios2eds/bin/gnu/H-i686-pc-linux-gnu/bin/../lib/gcc/nios2-elf/4.1.2/libgcc.a(_mul_df.o)
 .bss           0x00c147d0        0x0 /usr/local/3rdparty/altera/quartus12/nios2eds/bin/gnu/H-i686-pc-linux-gnu/bin/../lib/gcc/nios2-elf/4.1.2/libgcc.a(_eq_df.o)
 .bss           0x00c147d0        0x0 /usr/local/3rdparty/altera/quartus12/nios2eds/bin/gnu/H-i686-pc-linux-gnu/bin/../lib/gcc/nios2-elf/4.1.2/libgcc.a(_gt_df.o)
 .bss           0x00c147d0        0x0 /usr/local/3rdparty/altera/quartus12/nios2eds/bin/gnu/H-i686-pc-linux-gnu/bin/../lib/gcc/nios2-elf/4.1.2/libgcc.a(_ge_df.o)
 .bss           0x00c147d0        0x0 /usr/local/3rdparty/altera/quartus12/nios2eds/bin/gnu/H-i686-pc-linux-gnu/bin/../lib/gcc/nios2-elf/4.1.2/libgcc.a(_lt_df.o)
 .bss           0x00c147d0        0x0 /usr/local/3rdparty/altera/quartus12/nios2eds/bin/gnu/H-i686-pc-linux-gnu/bin/../lib/gcc/nios2-elf/4.1.2/libgcc.a(_si_to_df.o)
 .bss           0x00c147d0        0x0 /usr/local/3rdparty/altera/quartus12/nios2eds/bin/gnu/H-i686-pc-linux-gnu/bin/../lib/gcc/nios2-elf/4.1.2/libgcc.a(_df_to_si.o)
 .bss           0x00c147d0        0x0 /usr/local/3rdparty/altera/quartus12/nios2eds/bin/gnu/H-i686-pc-linux-gnu/bin/../lib/gcc/nios2-elf/4.1.2/libgcc.a(_usi_to_df.o)
 .bss           0x00c147d0        0x0 /usr/local/3rdparty/altera/quartus12/nios2eds/bin/gnu/H-i686-pc-linux-gnu/bin/../lib/gcc/nios2-elf/4.1.2/libgcc.a(lib2-divmod.o)
 .bss           0x00c147d0        0x0 ../Fractal_cpu2_bsp//libhal_bsp.a(alt_close.o)
 .bss           0x00c147d0        0x0 ../Fractal_cpu2_bsp//libhal_bsp.a(alt_dev.o)
 .bss           0x00c147d0        0x0 ../Fractal_cpu2_bsp//libhal_bsp.a(alt_errno.o)
 .bss           0x00c147d0        0x0 ../Fractal_cpu2_bsp//libhal_bsp.a(alt_fstat.o)
 .bss           0x00c147d0        0x0 ../Fractal_cpu2_bsp//libhal_bsp.a(alt_isatty.o)
 .bss           0x00c147d0        0x0 ../Fractal_cpu2_bsp//libhal_bsp.a(alt_load.o)
 .bss           0x00c147d0        0x0 ../Fractal_cpu2_bsp//libhal_bsp.a(alt_lseek.o)
 .bss           0x00c147d0        0x0 ../Fractal_cpu2_bsp//libhal_bsp.a(alt_main.o)
 .bss           0x00c147d0        0x0 ../Fractal_cpu2_bsp//libhal_bsp.a(alt_malloc_lock.o)
 .bss           0x00c147d0        0x0 ../Fractal_cpu2_bsp//libhal_bsp.a(alt_read.o)
 .bss           0x00c147d0        0x0 ../Fractal_cpu2_bsp//libhal_bsp.a(alt_release_fd.o)
 .bss           0x00c147d0        0x0 ../Fractal_cpu2_bsp//libhal_bsp.a(alt_sbrk.o)
 .bss           0x00c147d0        0x0 ../Fractal_cpu2_bsp//libhal_bsp.a(alt_write.o)
 .bss           0x00c147d0        0x0 ../Fractal_cpu2_bsp//libhal_bsp.a(alt_sys_init.o)
 .bss           0x00c147d0        0x0 ../Fractal_cpu2_bsp//libhal_bsp.a(altera_avalon_jtag_uart_fd.o)
 .bss           0x00c147d0        0x0 ../Fractal_cpu2_bsp//libhal_bsp.a(altera_avalon_jtag_uart_init.o)
 .bss           0x00c147d0        0x0 ../Fractal_cpu2_bsp//libhal_bsp.a(altera_avalon_jtag_uart_ioctl.o)
 .bss           0x00c147d0        0x0 ../Fractal_cpu2_bsp//libhal_bsp.a(altera_avalon_jtag_uart_read.o)
 .bss           0x00c147d0        0x0 ../Fractal_cpu2_bsp//libhal_bsp.a(altera_avalon_jtag_uart_write.o)
 .bss           0x00c147d0        0x0 ../Fractal_cpu2_bsp//libhal_bsp.a(altera_avalon_mailbox.o)
 .bss           0x00c147d0        0x0 ../Fractal_cpu2_bsp//libhal_bsp.a(altera_avalon_mutex.o)
 .bss           0x00c147d0        0x0 ../Fractal_cpu2_bsp//libhal_bsp.a(altera_up_avalon_video_pixel_buffer_dma.o)
 .bss           0x00c147d0        0x0 ../Fractal_cpu2_bsp//libhal_bsp.a(alt_alarm_start.o)
 .bss           0x00c147d0        0x0 ../Fractal_cpu2_bsp//libhal_bsp.a(alt_dcache_flush_all.o)
 .bss           0x00c147d0        0x0 ../Fractal_cpu2_bsp//libhal_bsp.a(alt_dev_llist_insert.o)
 .bss           0x00c147d0        0x0 ../Fractal_cpu2_bsp//libhal_bsp.a(alt_do_ctors.o)
 .bss           0x00c147d0        0x0 ../Fractal_cpu2_bsp//libhal_bsp.a(alt_do_dtors.o)
 .bss           0x00c147d0        0x0 ../Fractal_cpu2_bsp//libhal_bsp.a(alt_find_dev.o)
 .bss           0x00c147d0        0x0 ../Fractal_cpu2_bsp//libhal_bsp.a(alt_icache_flush_all.o)
 .bss           0x00c147d0        0x0 ../Fractal_cpu2_bsp//libhal_bsp.a(alt_iic.o)
 .bss           0x00c147d0        0x0 ../Fractal_cpu2_bsp//libhal_bsp.a(alt_iic_isr_register.o)
 .bss           0x00c147d0        0x0 ../Fractal_cpu2_bsp//libhal_bsp.a(alt_io_redirect.o)
 .bss           0x00c147d0        0x0 ../Fractal_cpu2_bsp//libhal_bsp.a(alt_irq_entry.o)
 .bss           0x00c147d0        0x0 ../Fractal_cpu2_bsp//libhal_bsp.a(alt_irq_handler.o)
 .bss           0x00c147d0        0x0 ../Fractal_cpu2_bsp//libhal_bsp.a(alt_irq_vars.o)
 .bss           0x00c147d0        0x0 ../Fractal_cpu2_bsp//libhal_bsp.a(alt_open.o)
 .bss           0x00c147d0        0x0 ../Fractal_cpu2_bsp//libhal_bsp.a(alt_tick.o)
 .bss           0x00c147d0        0x0 ../Fractal_cpu2_bsp//libhal_bsp.a(altera_nios2_irq.o)
 .bss           0x00c147d0        0x0 ../Fractal_cpu2_bsp//libhal_bsp.a(alt_exception_entry.o)
 .bss           0x00c147d0        0x0 ../Fractal_cpu2_bsp//libhal_bsp.a(alt_find_file.o)
 .bss           0x00c147d0        0x0 ../Fractal_cpu2_bsp//libhal_bsp.a(alt_get_fd.o)
 .bss           0x00c147d0        0x0 ../Fractal_cpu2_bsp//libhal_bsp.a(alt_icache_flush.o)
 .bss           0x00c147d0        0x0 /usr/local/3rdparty/altera/quartus12/nios2eds/bin/gnu/H-i686-pc-linux-gnu/bin/../lib/gcc/nios2-elf/4.1.2/../../../../nios2-elf/lib/libc.a(lib_a-atexit.o)
 .bss           0x00c147d0        0x0 /usr/local/3rdparty/altera/quartus12/nios2eds/bin/gnu/H-i686-pc-linux-gnu/bin/../lib/gcc/nios2-elf/4.1.2/../../../../nios2-elf/lib/libc.a(lib_a-exit.o)
 .bss           0x00c147d0        0x0 /usr/local/3rdparty/altera/quartus12/nios2eds/bin/gnu/H-i686-pc-linux-gnu/bin/../lib/gcc/nios2-elf/4.1.2/../../../../nios2-elf/lib/libc.a(lib_a-memcmp.o)
 .bss           0x00c147d0        0x0 /usr/local/3rdparty/altera/quartus12/nios2eds/bin/gnu/H-i686-pc-linux-gnu/bin/../lib/gcc/nios2-elf/4.1.2/../../../../nios2-elf/lib/libc.a(lib_a-__atexit.o)
 .bss           0x00c147d0        0x0 /usr/local/3rdparty/altera/quartus12/nios2eds/bin/gnu/H-i686-pc-linux-gnu/bin/../lib/gcc/nios2-elf/4.1.2/../../../../nios2-elf/lib/libc.a(lib_a-__call_atexit.o)
 .bss           0x00c147d0        0x0 ../Fractal_cpu2_bsp//libhal_bsp.a(alt_exit.o)
 *(COMMON)
 COMMON         0x00c147d0      0x100 ../Fractal_cpu2_bsp//libhal_bsp.a(alt_irq_handler.o)
                0x00c147d0                alt_irq
 COMMON         0x00c148d0      0x190 /usr/local/3rdparty/altera/quartus12/nios2eds/bin/gnu/H-i686-pc-linux-gnu/bin/../lib/gcc/nios2-elf/4.1.2/../../../../nios2-elf/lib/libc.a(lib_a-atexit.o)
                0x00c148d0                _atexit0
                0x00c14a60                . = ALIGN (0x4)
                0x00c14a60                __bss_end = ABSOLUTE (.)

.onchip_memory2_0
                0x00003000        0x0 load address 0x00c14a60
                0x00003000                PROVIDE (_alt_partition_onchip_memory2_0_start, ABSOLUTE (.))
 *(.onchip_memory2_0. onchip_memory2_0.*)
                0x00003000                . = ALIGN (0x4)
                0x00003000                PROVIDE (_alt_partition_onchip_memory2_0_end, ABSOLUTE (.))
                0x00c14a60                PROVIDE (_alt_partition_onchip_memory2_0_load_addr, LOADADDR (.onchip_memory2_0))

.onchip_memory2_1
                0x00004000        0x0 load address 0x00c14a60
                0x00004000                PROVIDE (_alt_partition_onchip_memory2_1_start, ABSOLUTE (.))
 *(.onchip_memory2_1. onchip_memory2_1.*)
                0x00004000                . = ALIGN (0x4)
                0x00004000                PROVIDE (_alt_partition_onchip_memory2_1_end, ABSOLUTE (.))
                0x00c14a60                PROVIDE (_alt_partition_onchip_memory2_1_load_addr, LOADADDR (.onchip_memory2_1))

.onchip_memory2_2
                0x00006000        0x0 load address 0x00c14a60
                0x00006000                PROVIDE (_alt_partition_onchip_memory2_2_start, ABSOLUTE (.))
 *(.onchip_memory2_2. onchip_memory2_2.*)
                0x00006000                . = ALIGN (0x4)
                0x00006000                PROVIDE (_alt_partition_onchip_memory2_2_end, ABSOLUTE (.))
                0x00c14a60                PROVIDE (_alt_partition_onchip_memory2_2_load_addr, LOADADDR (.onchip_memory2_2))

.onchip_memory2_3
                0x00007000        0x0 load address 0x00c14a60
                0x00007000                PROVIDE (_alt_partition_onchip_memory2_3_start, ABSOLUTE (.))
 *(.onchip_memory2_3. onchip_memory2_3.*)
                0x00007000                . = ALIGN (0x4)
                0x00007000                PROVIDE (_alt_partition_onchip_memory2_3_end, ABSOLUTE (.))
                0x00c14a60                PROVIDE (_alt_partition_onchip_memory2_3_load_addr, LOADADDR (.onchip_memory2_3))

.sdram_0        0x00c14a60        0x0
                0x00c14a60                PROVIDE (_alt_partition_sdram_0_start, ABSOLUTE (.))
 *(.sdram_0. sdram_0.*)
                0x00c14a60                . = ALIGN (0x4)